15:40:08.553 T:139943195969280   DEBUG: CPythonInvoker(21, /storage/.kodi/addons/script.skin.helper.service/plugin.py): setting the Python path to /storage/.kodi/addons/script.skin.helper.service:/storage/.kodi/addons/script.module.arrow/lib:/storage/.kodi/addons/script.module.backports.functools_lru_cache/lib:/storage/.kodi/addons/script.module.beautifulsoup/lib:/storage/.kodi/addons/script.module.certifi/lib:/storage/.kodi/addons/script.module.chardet/lib:/storage/.kodi/addons/script.module.dateutil/lib:/storage/.kodi/addons/script.module.idna/lib:/storage/.kodi/addons/script.module.metadatautils/lib:/storage/.kodi/addons/script.module.musicbrainz/lib:/storage/.kodi/addons/script.module.requests/lib:/storage/.kodi/addons/script.module.simplecache/lib:/storage/.kodi/addons/script.module.simplejson/lib:/storage/.kodi/addons/script.module.six/lib:/storage/.kodi/addons/script.module.thetvdb/lib:/storage/.kodi/addons/script.module.urllib3/lib:/usr/lib/python27.zip:/usr/lib/python2.7:/usr/lib/python2.7/plat-linux2:/usr/lib/python2.7/lib-tk:/usr/lib/python2.7/lib-old:/usr/lib/python2.7/lib-dynload:/usr/lib/python2.7/site-packages:/usr/lib/python2.7/site-packages/gtk-2.0
15:40:08.553 T:139943195969280   DEBUG: CPythonInvoker(21, /storage/.kodi/addons/script.skin.helper.service/plugin.py): entering source directory /storage/.kodi/addons/script.skin.helper.service
15:40:08.553 T:139943195969280   DEBUG: CPythonInvoker(21, /storage/.kodi/addons/script.skin.helper.service/plugin.py): instantiating addon using automatically obtained id of "script.skin.helper.service" dependent on version 2.13.0 of the xbmc.python api
15:40:08.553 T:139943169218304   DEBUG: -->Python Interpreter Initialized<--
15:40:08.553 T:139943169218304   DEBUG: CPythonInvoker(20, /storage/.kodi/addons/script.skin.helper.service/plugin.py): the source file to load is "/storage/.kodi/addons/script.skin.helper.service/plugin.py"
15:40:08.670 T:139943186003712   DEBUG: CWebServer[8080]: request received for /jsonrpc
15:40:08.695 T:139943169218304   DEBUG: Previous line repeats 2 times.
15:40:08.695 T:139943169218304   DEBUG: CPythonInvoker(20, /storage/.kodi/addons/script.skin.helper.service/plugin.py): setting the Python path to /storage/.kodi/addons/script.skin.helper.service:/storage/.kodi/addons/script.module.arrow/lib:/storage/.kodi/addons/script.module.backports.functools_lru_cache/lib:/storage/.kodi/addons/script.module.beautifulsoup/lib:/storage/.kodi/addons/script.module.certifi/lib:/storage/.kodi/addons/script.module.chardet/lib:/storage/.kodi/addons/script.module.dateutil/lib:/storage/.kodi/addons/script.module.idna/lib:/storage/.kodi/addons/script.module.metadatautils/lib:/storage/.kodi/addons/script.module.musicbrainz/lib:/storage/.kodi/addons/script.module.requests/lib:/storage/.kodi/addons/script.module.simplecache/lib:/storage/.kodi/addons/script.module.simplejson/lib:/storage/.kodi/addons/script.module.six/lib:/storage/.kodi/addons/script.module.thetvdb/lib:/storage/.kodi/addons/script.module.urllib3/lib:/usr/lib/python27.zip:/usr/lib/python2.7:/usr/lib/python2.7/plat-linux2:/usr/lib/python2.7/lib-tk:/usr/lib/python2.7/lib-old:/usr/lib/python2.7/lib-dynload:/usr/lib/python2.7/site-packages:/usr/lib/python2.7/site-packages/gtk-2.0
15:40:08.695 T:139943169218304   DEBUG: CPythonInvoker(20, /storage/.kodi/addons/script.skin.helper.service/plugin.py): entering source directory /storage/.kodi/addons/script.skin.helper.service
15:40:08.695 T:139943195969280   DEBUG: Skin Helper Simplecache --> Initialized
15:40:08.695 T:139943195969280   DEBUG: Skin Helper Service --> plugin called with parameters: {u'action': u'alphabet', u'reload': u'14'}
15:40:08.695 T:139943169218304   DEBUG: CPythonInvoker(20, /storage/.kodi/addons/script.skin.helper.service/plugin.py): instantiating addon using automatically obtained id of "script.skin.helper.service" dependent on version 2.13.0 of the xbmc.python api
15:40:08.696 T:139944114513664   DEBUG: CWebServer[8080]: request received for /jsonrpc
15:40:08.829 T:139943169218304   DEBUG: Skin Helper Simplecache --> Initialized
15:40:08.829 T:139943169218304   DEBUG: Skin Helper Service --> plugin called with parameters: {u'action': u'alphabet', u'reload': u'14'}
15:40:08.880 T:139943169218304   DEBUG: Skin Helper Simplecache --> Closed
15:40:08.880 T:139943169218304    INFO: CPythonInvoker(20, /storage/.kodi/addons/script.skin.helper.service/plugin.py): script successfully run
15:40:08.888 T:139943169218304    INFO: Python script stopped
15:40:08.888 T:139943195969280   DEBUG: Skin Helper Simplecache --> Closed
15:40:08.888 T:139943169218304   DEBUG: Thread LanguageInvoker 139943169218304 terminating
15:40:08.888 T:139943195969280    INFO: CPythonInvoker(21, /storage/.kodi/addons/script.skin.helper.service/plugin.py): script successfully run
15:40:08.895 T:139943195969280    INFO: Python script stopped
15:40:08.895 T:139943195969280   DEBUG: Thread LanguageInvoker 139943195969280 terminating
15:40:09.118 T:139943195969280   DEBUG: CWebServer[8080]: request received for /jsonrpc
15:40:09.376 T:139946411292800   DEBUG: Previous line repeats 1 times.
15:40:09.376 T:139946411292800   DEBUG: Keyboard: scancode: 0x6f, sym: 0x0111, unicode: 0x0000, modifier: 0x0
15:40:09.376 T:139946411292800   DEBUG: OnKey: up (0xf080) pressed, action is Up
15:40:09.516 T:139946411292800   DEBUG: Keyboard: scancode: 0x6f, sym: 0x0111, unicode: 0x0000, modifier: 0x0
15:40:09.917 T:139946411292800   DEBUG: Previous line repeats 1 times.
15:40:09.917 T:139946411292800   DEBUG: OnKey: up (0xf080) pressed, action is Up
15:40:10.048 T:139946411292800   DEBUG: Keyboard: scancode: 0x6f, sym: 0x0111, unicode: 0x0000, modifier: 0x0
15:40:10.149 T:139946411292800   DEBUG: Previous line repeats 1 times.
15:40:10.149 T:139946411292800   DEBUG: OnKey: up (0xf080) pressed, action is Up
15:40:10.215 T:139946411292800   DEBUG: Keyboard: scancode: 0x6f, sym: 0x0111, unicode: 0x0000, modifier: 0x0
15:40:10.478 T:139943269615360   ERROR: [PTV Shutdown Timer] Checking schedule 'Bedtime'
15:40:10.478 T:139943269615360   ERROR: [PTV Shutdown Timer] Current time: 15:40
15:40:10.478 T:139943269615360   ERROR: [PTV Shutdown Timer] Shutdown time: 0:15
15:40:10.478 T:139943269615360   ERROR: [PTV Shutdown Timer] Minutes from midnight - Current: 940, Shutdown: 15
15:40:10.478 T:139943269615360   ERROR: [PTV Shutdown Timer] Time match (within window): False
15:40:10.478 T:139943269615360   ERROR: [PTV Shutdown Timer] Current day index: 3
15:40:10.478 T:139943269615360   ERROR: [PTV Shutdown Timer] Day match: False
15:40:10.478 T:139943269615360   ERROR: [PTV Shutdown Timer] Shutdown should trigger: False (Action: 1)
15:40:10.478 T:139943269615360   ERROR: [PTV Shutdown Timer] Checking schedule 'Late Night'
15:40:10.479 T:139943269615360   ERROR: [PTV Shutdown Timer] Current time: 15:40
15:40:10.479 T:139943269615360   ERROR: [PTV Shutdown Timer] Shutdown time: 3:30
15:40:10.479 T:139943269615360   ERROR: [PTV Shutdown Timer] Minutes from midnight - Current: 940, Shutdown: 210
15:40:10.479 T:139943269615360   ERROR: [PTV Shutdown Timer] Time match (within window): False
15:40:10.479 T:139943269615360   ERROR: [PTV Shutdown Timer] Current day index: 3
15:40:10.479 T:139943269615360   ERROR: [PTV Shutdown Timer] Day match: True
15:40:10.479 T:139943269615360   ERROR: [PTV Shutdown Timer] Shutdown should trigger: False (Action: 1)
15:40:10.673 T:139943195969280   DEBUG: CWebServer[8080]: request received for /jsonrpc
15:40:10.907 T:139946411292800   DEBUG: Previous line repeats 3 times.
15:40:10.907 T:139946411292800   DEBUG: Keyboard: scancode: 0x6f, sym: 0x0111, unicode: 0x0000, modifier: 0x0
15:40:10.907 T:139946411292800   DEBUG: OnKey: up (0xf080) pressed, action is Up
15:40:11.048 T:139946411292800   DEBUG: Keyboard: scancode: 0x6f, sym: 0x0111, unicode: 0x0000, modifier: 0x0
15:40:11.149 T:139943195969280   DEBUG: CWebServer[8080]: request received for /jsonrpc
15:40:11.216 T:139946411292800   DEBUG: Previous line repeats 1 times.
15:40:11.216 T:139946411292800   DEBUG: Keyboard: scancode: 0x6f, sym: 0x0111, unicode: 0x0000, modifier: 0x0
15:40:11.216 T:139946411292800   DEBUG: OnKey: up (0xf080) pressed, action is Up
15:40:11.249 T:139946411292800   DEBUG: Keyboard: scancode: 0x6f, sym: 0x0111, unicode: 0x0000, modifier: 0x0
15:40:11.976 T:139946411292800   DEBUG: Keyboard: scancode: 0x8c, sym: 0x1005ff71, unicode: 0x0000, modifier: 0x0
15:40:11.977 T:139946411292800   DEBUG: OnKey: 0 (0xf200, obc-61697) pressed, action is select
15:40:11.978 T:139946411292800   DEBUG: CGUIMediaWindow::GetDirectory (addons://user/xbmc.addon.executable)
15:40:11.978 T:139946411292800   DEBUG:   ParentPath = [addons://user/]
15:40:12.025 T:139944462907136   DEBUG: CAddonMgr::GetAvailableUpdates took 23 ms
15:40:12.027 T:139943195969280   DEBUG: Thread BackgroundLoader start, auto delete: false
15:40:12.027 T:139946411292800   DEBUG: CDirectoryProvider[plugin://script.skin.helper.service/?action=alphabet&reload=6]: refreshing..
15:40:12.028 T:139946392360704   DEBUG: Previous line repeats 1 times.
15:40:12.028 T:139946392360704   DEBUG: StartScript - calling plugin Skin Helper Service('plugin://script.skin.helper.service/','7','?action=alphabet&reload=6')
15:40:12.028 T:139943218833152   DEBUG: StartScript - calling plugin Skin Helper Service('plugin://script.skin.helper.service/','8','?action=alphabet&reload=6')
15:40:12.028 T:139943177611008   DEBUG: Thread LanguageInvoker start, auto delete: false
15:40:12.028 T:139943177611008    INFO: initializing python engine.
15:40:12.028 T:139943177611008   DEBUG: CPythonInvoker(22, /storage/.kodi/addons/script.skin.helper.service/plugin.py): start processing
15:40:12.029 T:139943160825600   DEBUG: Thread LanguageInvoker start, auto delete: false
15:40:12.029 T:139943160825600    INFO: initializing python engine.
15:40:12.029 T:139943160825600   DEBUG: CPythonInvoker(23, /storage/.kodi/addons/script.skin.helper.service/plugin.py): start processing
15:40:12.030 T:139943195969280   DEBUG: Thread BackgroundLoader 139943195969280 terminating
15:40:12.035 T:139943177611008   DEBUG: -->Python Interpreter Initialized<--
15:40:12.035 T:139943177611008   DEBUG: CPythonInvoker(22, /storage/.kodi/addons/script.skin.helper.service/plugin.py): the source file to load is "/storage/.kodi/addons/script.skin.helper.service/plugin.py"
15:40:12.035 T:139943177611008   DEBUG: CPythonInvoker(22, /storage/.kodi/addons/script.skin.helper.service/plugin.py): setting the Python path to /storage/.kodi/addons/script.skin.helper.service:/storage/.kodi/addons/script.module.arrow/lib:/storage/.kodi/addons/script.module.backports.functools_lru_cache/lib:/storage/.kodi/addons/script.module.beautifulsoup/lib:/storage/.kodi/addons/script.module.certifi/lib:/storage/.kodi/addons/script.module.chardet/lib:/storage/.kodi/addons/script.module.dateutil/lib:/storage/.kodi/addons/script.module.idna/lib:/storage/.kodi/addons/script.module.metadatautils/lib:/storage/.kodi/addons/script.module.musicbrainz/lib:/storage/.kodi/addons/script.module.requests/lib:/storage/.kodi/addons/script.module.simplecache/lib:/storage/.kodi/addons/script.module.simplejson/lib:/storage/.kodi/addons/script.module.six/lib:/storage/.kodi/addons/script.module.thetvdb/lib:/storage/.kodi/addons/script.module.urllib3/lib:/usr/lib/python27.zip:/usr/lib/python2.7:/usr/lib/python2.7/plat-linux2:/usr/lib/python2.7/lib-tk:/usr/lib/python2.7/lib-old:/usr/lib/python2.7/lib-dynload:/usr/lib/python2.7/site-packages:/usr/lib/python2.7/site-packages/gtk-2.0
15:40:12.035 T:139943177611008   DEBUG: CPythonInvoker(22, /storage/.kodi/addons/script.skin.helper.service/plugin.py): entering source directory /storage/.kodi/addons/script.skin.helper.service
15:40:12.041 T:139943177611008   DEBUG: CPythonInvoker(22, /storage/.kodi/addons/script.skin.helper.service/plugin.py): instantiating addon using automatically obtained id of "script.skin.helper.service" dependent on version 2.13.0 of the xbmc.python api
15:40:12.113 T:139946411292800   DEBUG: Keyboard: scancode: 0x8c, sym: 0x1005ff71, unicode: 0x0000, modifier: 0x0
15:40:12.172 T:139943160825600   DEBUG: -->Python Interpreter Initialized<--
15:40:12.172 T:139943160825600   DEBUG: CPythonInvoker(23, /storage/.kodi/addons/script.skin.helper.service/plugin.py): the source file to load is "/storage/.kodi/addons/script.skin.helper.service/plugin.py"
15:40:12.172 T:139943160825600   DEBUG: CPythonInvoker(23, /storage/.kodi/addons/script.skin.helper.service/plugin.py): setting the Python path to /storage/.kodi/addons/script.skin.helper.service:/storage/.kodi/addons/script.module.arrow/lib:/storage/.kodi/addons/script.module.backports.functools_lru_cache/lib:/storage/.kodi/addons/script.module.beautifulsoup/lib:/storage/.kodi/addons/script.module.certifi/lib:/storage/.kodi/addons/script.module.chardet/lib:/storage/.kodi/addons/script.module.dateutil/lib:/storage/.kodi/addons/script.module.idna/lib:/storage/.kodi/addons/script.module.metadatautils/lib:/storage/.kodi/addons/script.module.musicbrainz/lib:/storage/.kodi/addons/script.module.requests/lib:/storage/.kodi/addons/script.module.simplecache/lib:/storage/.kodi/addons/script.module.simplejson/lib:/storage/.kodi/addons/script.module.six/lib:/storage/.kodi/addons/script.module.thetvdb/lib:/storage/.kodi/addons/script.module.urllib3/lib:/usr/lib/python27.zip:/usr/lib/python2.7:/usr/lib/python2.7/plat-linux2:/usr/lib/python2.7/lib-tk:/usr/lib/python2.7/lib-old:/usr/lib/python2.7/lib-dynload:/usr/lib/python2.7/site-packages:/usr/lib/python2.7/site-packages/gtk-2.0
15:40:12.172 T:139943160825600   DEBUG: CPythonInvoker(23, /storage/.kodi/addons/script.skin.helper.service/plugin.py): entering source directory /storage/.kodi/addons/script.skin.helper.service
15:40:12.172 T:139943160825600   DEBUG: CPythonInvoker(23, /storage/.kodi/addons/script.skin.helper.service/plugin.py): instantiating addon using automatically obtained id of "script.skin.helper.service" dependent on version 2.13.0 of the xbmc.python api
15:40:12.187 T:139943177611008   DEBUG: Skin Helper Simplecache --> Initialized
15:40:12.187 T:139943177611008   DEBUG: Skin Helper Service --> plugin called with parameters: {u'action': u'alphabet', u'reload': u'6'}
15:40:12.308 T:139943160825600   DEBUG: Skin Helper Simplecache --> Initialized
15:40:12.308 T:139943160825600   DEBUG: Skin Helper Service --> plugin called with parameters: {u'action': u'alphabet', u'reload': u'6'}
15:40:12.313 T:139943160825600   DEBUG: Skin Helper Simplecache --> Closed
15:40:12.313 T:139943160825600    INFO: CPythonInvoker(23, /storage/.kodi/addons/script.skin.helper.service/plugin.py): script successfully run
15:40:12.319 T:139943160825600    INFO: Python script stopped
15:40:12.319 T:139943160825600   DEBUG: Thread LanguageInvoker 139943160825600 terminating
15:40:12.346 T:139943177611008   DEBUG: Skin Helper Simplecache --> Closed
15:40:12.346 T:139943177611008    INFO: CPythonInvoker(22, /storage/.kodi/addons/script.skin.helper.service/plugin.py): script successfully run
15:40:12.351 T:139943177611008    INFO: Python script stopped
15:40:12.351 T:139943177611008   DEBUG: Thread LanguageInvoker 139943177611008 terminating
15:40:12.678 T:139943177611008   DEBUG: CWebServer[8080]: request received for /jsonrpc
15:40:12.717 T:139946411292800   DEBUG: Previous line repeats 1 times.
15:40:12.717 T:139946411292800   DEBUG: Keyboard: scancode: 0x6f, sym: 0x0111, unicode: 0x0000, modifier: 0x0
15:40:12.717 T:139946411292800   DEBUG: OnKey: up (0xf080) pressed, action is Up
15:40:12.718 T:139943177611008   DEBUG: CWebServer[8080]: request received for /jsonrpc
15:40:12.850 T:139946411292800   DEBUG: Previous line repeats 1 times.
15:40:12.850 T:139946411292800   DEBUG: Keyboard: scancode: 0x6f, sym: 0x0111, unicode: 0x0000, modifier: 0x0
15:40:13.163 T:139943177611008   DEBUG: CWebServer[8080]: request received for /jsonrpc
15:40:13.316 T:139946411292800   DEBUG: Previous line repeats 1 times.
15:40:13.316 T:139946411292800   DEBUG: Keyboard: scancode: 0x6f, sym: 0x0111, unicode: 0x0000, modifier: 0x0
15:40:13.316 T:139946411292800   DEBUG: OnKey: up (0xf080) pressed, action is Up
15:40:13.482 T:139946411292800   DEBUG: Keyboard: scancode: 0x6f, sym: 0x0111, unicode: 0x0000, modifier: 0x0
15:40:13.750 T:139946411292800   DEBUG: Keyboard: scancode: 0x8c, sym: 0x1005ff71, unicode: 0x0000, modifier: 0x0
15:40:13.750 T:139946411292800   DEBUG: OnKey: 0 (0xf200, obc-61697) pressed, action is select
15:40:13.750 T:139946411292800   DEBUG: ------ Window Init (DialogAddonInfo.xml) ------
15:40:13.751 T:139946411292800    INFO: Loading skin file: DialogAddonInfo.xml, load type: KEEP_IN_MEMORY
15:40:13.777 T:139946411292800   DEBUG: [Warning] CGUITextureManager::GetTexturePath: could not find texture 'buttons/catbullet_nf.png'
15:40:13.795 T:139943261222656   DEBUG: Previous line repeats 1 times.
15:40:13.795 T:139943261222656  NOTICE: [PTV Preset Timer] DEBUG: Today is Thursday (weekday=3)
15:40:13.795 T:139943261222656  NOTICE: [PTV Preset Timer] DEBUG: Setting name: ThursdayPreset
15:40:13.795 T:139943261222656  NOTICE: [PTV Preset Timer] DEBUG: Raw preset value: '2' (int: 2)
15:40:13.795 T:139943261222656  NOTICE: [PTV Preset Timer] DEBUG: Available presets: ['Alpha', 'Omega', 'Delta', 'Epsilon', 'Gamma', 'Sigma', 'Omicron', 'Theta', 'Lambda']
15:40:13.795 T:139943261222656  NOTICE: [PTV Preset Timer] Today's preset for Thursday: Omega (index=1)
15:40:13.835 T:139946411292800   DEBUG: [Warning] CGUITextureManager::GetTexturePath: could not find texture 'video_overlay.png'
15:40:13.880 T:139946411292800   DEBUG: Previous line repeats 1 times.
15:40:13.880 T:139946411292800   DEBUG: Keyboard: scancode: 0x8c, sym: 0x1005ff71, unicode: 0x0000, modifier: 0x0
15:40:14.684 T:139943177611008   DEBUG: CWebServer[8080]: request received for /jsonrpc
15:40:14.801 T:139946411292800   DEBUG: Previous line repeats 3 times.
15:40:14.801 T:139946411292800   DEBUG: Keyboard: scancode: 0x8c, sym: 0x1005ff71, unicode: 0x0000, modifier: 0x0
15:40:14.801 T:139946411292800   DEBUG: GetActionCode: Trying Hardy keycode for 0xf200
15:40:14.801 T:139946411292800   DEBUG: Previous line repeats 1 times.
15:40:14.801 T:139946411292800   DEBUG: OnKey: 0 (0xf200, obc-61697) pressed, action is select
15:40:14.801 T:139946411292800   DEBUG: ------ Window Init (DialogAddonSettings.xml) ------
15:40:14.801 T:139946411292800    INFO: Loading skin file: DialogAddonSettings.xml, load type: KEEP_IN_MEMORY
15:40:14.810 T:139946411292800 WARNING: Label Formating: $VAR[SettingsCategoryHeadLabels] is not defined
15:40:14.826 T:139946411292800   DEBUG: [Warning] CGUITextureManager::GetTexturePath: could not find texture 'buttons/radio_button_off_nf.png'
15:40:14.956 T:139946411292800   DEBUG: Previous line repeats 2 times.
15:40:14.956 T:139946411292800   DEBUG: Keyboard: scancode: 0x8c, sym: 0x1005ff71, unicode: 0x0000, modifier: 0x0
15:40:15.171 T:139943177611008   DEBUG: CWebServer[8080]: request received for /jsonrpc
15:40:15.387 T:139946411292800   DEBUG: Previous line repeats 1 times.
15:40:15.388 T:139946411292800   DEBUG: Keyboard: scancode: 0x6f, sym: 0x0111, unicode: 0x0000, modifier: 0x0
15:40:15.388 T:139946411292800   DEBUG: OnKey: up (0xf080) pressed, action is Up
15:40:15.389 T:139946411292800   DEBUG: [Warning] CGUITextureManager::GetTexturePath: could not find texture 'buttons/radio_button_off_nf.png'
15:40:15.621 T:139946411292800   DEBUG: Keyboard: scancode: 0x6f, sym: 0x0111, unicode: 0x0000, modifier: 0x0
15:40:15.963 T:139946411292800   DEBUG: Previous line repeats 1 times.
15:40:15.963 T:139946411292800   DEBUG: OnKey: up (0xf080) pressed, action is Up
15:40:15.965 T:139946411292800   DEBUG: [Warning] CGUITextureManager::GetTexturePath: could not find texture 'buttons/radio_button_off_nf.png'
15:40:16.021 T:139946411292800   DEBUG: Previous line repeats 1 times.
15:40:16.021 T:139946411292800   DEBUG: Keyboard: scancode: 0x6f, sym: 0x0111, unicode: 0x0000, modifier: 0x0
15:40:16.138 T:139946411292800   DEBUG: Previous line repeats 1 times.
15:40:16.138 T:139946411292800   DEBUG: OnKey: up (0xf080) pressed, action is Up
15:40:16.140 T:139946411292800   DEBUG: [Warning] CGUITextureManager::GetTexturePath: could not find texture 'buttons/radio_button_off_nf.png'
15:40:16.453 T:139946411292800   DEBUG: Keyboard: scancode: 0x6f, sym: 0x0111, unicode: 0x0000, modifier: 0x0
15:40:16.538 T:139946411292800   DEBUG: Previous line repeats 1 times.
15:40:16.538 T:139946411292800   DEBUG: OnKey: up (0xf080) pressed, action is Up
15:40:16.539 T:139946411292800   DEBUG: [Warning] CGUITextureManager::GetTexturePath: could not find texture 'buttons/radio_button_off_nf.png'
15:40:16.623 T:139946411292800   DEBUG: Previous line repeats 2 times.
15:40:16.623 T:139946411292800   DEBUG: Keyboard: scancode: 0x6f, sym: 0x0111, unicode: 0x0000, modifier: 0x0
15:40:16.690 T:139943177611008   DEBUG: CWebServer[8080]: request received for /jsonrpc
15:40:16.921 T:139946411292800   DEBUG: Previous line repeats 3 times.
15:40:16.921 T:139946411292800   DEBUG: Keyboard: scancode: 0x6f, sym: 0x0111, unicode: 0x0000, modifier: 0x0
15:40:16.922 T:139946411292800   DEBUG: OnKey: up (0xf080) pressed, action is Up
15:40:16.925 T:139946411292800   DEBUG: [Warning] CGUITextureManager::GetTexturePath: could not find texture 'buttons/radio_button_off_nf.png'
15:40:17.056 T:139946411292800   DEBUG: Keyboard: scancode: 0x6f, sym: 0x0111, unicode: 0x0000, modifier: 0x0
15:40:17.181 T:139943177611008   DEBUG: CWebServer[8080]: request received for /jsonrpc
15:40:17.797 T:139946411292800   DEBUG: Previous line repeats 1 times.
15:40:17.797 T:139946411292800   DEBUG: Keyboard: scancode: 0x72, sym: 0x0113, unicode: 0x0000, modifier: 0x0
15:40:17.797 T:139946411292800   DEBUG: OnKey: right (0xf083) pressed, action is Right
15:40:17.855 T:139946411292800   DEBUG: Keyboard: scancode: 0x72, sym: 0x0113, unicode: 0x0000, modifier: 0x0
15:40:18.388 T:139946411292800   DEBUG: Keyboard: scancode: 0x74, sym: 0x0112, unicode: 0x0000, modifier: 0x0
15:40:18.389 T:139946411292800   DEBUG: OnKey: down (0xf081) pressed, action is Down
15:40:18.421 T:139946411292800   DEBUG: Keyboard: scancode: 0x74, sym: 0x0112, unicode: 0x0000, modifier: 0x0
15:40:18.655 T:139946411292800   DEBUG: Previous line repeats 1 times.
15:40:18.655 T:139946411292800   DEBUG: OnKey: down (0xf081) pressed, action is Down
15:40:18.655 T:139946411292800   DEBUG: Keyboard: scancode: 0x74, sym: 0x0112, unicode: 0x0000, modifier: 0x0
15:40:18.694 T:139943177611008   DEBUG: CWebServer[8080]: request received for /jsonrpc
15:40:18.722 T:139946411292800   DEBUG: Previous line repeats 1 times.
15:40:18.722 T:139946411292800   DEBUG: Keyboard: scancode: 0x74, sym: 0x0112, unicode: 0x0000, modifier: 0x0
15:40:18.722 T:139946411292800   DEBUG: OnKey: down (0xf081) pressed, action is Down
15:40:18.744 T:139943177611008   DEBUG: CWebServer[8080]: request received for /jsonrpc
15:40:18.821 T:139946411292800   DEBUG: Previous line repeats 1 times.
15:40:18.822 T:139946411292800   DEBUG: Keyboard: scancode: 0x74, sym: 0x0112, unicode: 0x0000, modifier: 0x0
15:40:19.188 T:139946411292800   DEBUG: Previous line repeats 1 times.
15:40:19.188 T:139946411292800   DEBUG: OnKey: down (0xf081) pressed, action is Down
15:40:19.189 T:139943177611008   DEBUG: CWebServer[8080]: request received for /jsonrpc
15:40:19.322 T:139946411292800   DEBUG: Previous line repeats 1 times.
15:40:19.322 T:139946411292800   DEBUG: Keyboard: scancode: 0x74, sym: 0x0112, unicode: 0x0000, modifier: 0x0
15:40:19.722 T:139946411292800   DEBUG: Keyboard: scancode: 0x8c, sym: 0x1005ff71, unicode: 0x0000, modifier: 0x0
15:40:19.722 T:139946411292800   DEBUG: GetActionCode: Trying Hardy keycode for 0xf200
15:40:19.722 T:139946411292800   DEBUG: Previous line repeats 1 times.
15:40:19.722 T:139946411292800   DEBUG: OnKey: 0 (0xf200, obc-61697) pressed, action is select
15:40:19.723 T:139943177611008   DEBUG: Thread LanguageInvoker start, auto delete: false
15:40:19.723 T:139943177611008    INFO: initializing python engine.
15:40:19.723 T:139943177611008   DEBUG: CPythonInvoker(24, /storage/.kodi/addons/script.paragontv/resources/lib/nfo_renamer_television.py): start processing
15:40:19.754 T:139943177611008   DEBUG: -->Python Interpreter Initialized<--
15:40:19.754 T:139943177611008   DEBUG: CPythonInvoker(24, /storage/.kodi/addons/script.paragontv/resources/lib/nfo_renamer_television.py): the source file to load is "/storage/.kodi/addons/script.paragontv/resources/lib/nfo_renamer_television.py"
15:40:19.755 T:139943177611008 WARNING: CPythonInvoker(24): Script invoked without an addon. Adding all addon modules installed to python path as fallback. This behaviour will be removed in future version.
15:40:19.759 T:139943177611008   DEBUG: CPythonInvoker(24, /storage/.kodi/addons/script.paragontv/resources/lib/nfo_renamer_television.py): setting the Python path to /storage/.kodi/addons/script.paragontv/resources/lib:/usr/share/kodi/addons/script.module.pil/lib:/storage/.kodi/addons/script.module.simplejson/lib:/storage/.kodi/addons/script.module.autocompletion/lib:/storage/.kodi/addons/script.module.certifi/lib:/storage/.kodi/addons/script.module.chardet/lib:/storage/.kodi/addons/script.module.idna/lib:/storage/.kodi/addons/script.module.urllib3/lib:/storage/.kodi/addons/script.module.requests/lib:/storage/.kodi/addons/script.module.addon.signals/lib:/storage/.kodi/addons/script.module.youtube.dl/lib:/storage/.kodi/addons/script.module.kodi65/lib:/storage/.kodi/addons/script.module.routing/lib:/storage/.kodi/addons/script.module.backports.functools_lru_cache/lib:/storage/.kodi/addons/script.module.six/lib:/storage/.kodi/addons/script.module.dateutil/lib:/storage/.kodi/addons/script.module.arrow/lib:/storage/.kodi/addons/script.module.beautifulsoup/lib:/storage/.kodi/addons/script.module.musicbrainz/lib:/storage/.kodi/addons/script.module.simplecache/lib:/storage/.kodi/addons/script.module.thetvdb/lib:/storage/.kodi/addons/script.module.metadatautils/lib:/storage/.kodi/addons/script.module.unidecode/lib:/storage/.kodi/addons/script.common.plugin.cache/resources/lib/storage_server/:/storage/.kodi/addons/script.module.future/libs:/storage/.kodi/addons/plugin.video.youtube/resources/lib/:/storage/.kodi/addons/script.module.buggalo/lib:/storage/.kodi/addons/script.module.feedparser/lib:/storage/.kodi/addons/script.module.addon.common/lib:/storage/.kodi/addons/script.module.myconnpy/lib:/storage/.kodi/addons/script.module.metahandler/lib:/storage/.kodi/addons/script.module.pyfscache/lib:/storage/.kodi/addons/script.module.parsedom/lib:/storage/.kodi/addons/script.module.simple.downloader/lib:/storage/.kodi/addons/script.module.t0mm0.common/lib:/storage/.kodi/addons/script.module.urlresolver/lib:/storage/.kodi/addons/script.module.simpleplugin3/libs:/usr/lib/python27.zip:/usr/lib/python2.7:/usr/lib/python2.7/plat-linux2:/usr/lib/python2.7/lib-tk:/usr/lib/python2.7/lib-old:/usr/lib/python2.7/lib-dynload:/usr/lib/python2.7/site-packages:/usr/lib/python2.7/site-packages/gtk-2.0
15:40:19.759 T:139943177611008   DEBUG: CPythonInvoker(24, /storage/.kodi/addons/script.paragontv/resources/lib/nfo_renamer_television.py): entering source directory /storage/.kodi/addons/script.paragontv/resources/lib
15:40:19.797 T:139943177611008   DEBUG: DialogProgress::Open called
15:40:19.797 T:139943177611008   DEBUG: ------ Window Init (DialogConfirm.xml) ------
15:40:19.797 T:139943177611008    INFO: Loading skin file: DialogConfirm.xml, load type: KEEP_IN_MEMORY
15:40:19.798 T:139943177611008 WARNING: Skin has invalid include: dialogeffect
15:40:19.798 T:139943177611008 WARNING: Skin has invalid include: DialogBackgroundCommons
15:40:19.800 T:139943177611008 WARNING: Previous line repeats 1 times.
15:40:19.800 T:139943177611008   ERROR: Control 11 in window 10101 has been asked to focus, but it can't
15:40:19.801 T:139943177611008   DEBUG: SECTION:LoadDLL(libnfs.so.8)
15:40:19.801 T:139943177611008   DEBUG: Loading: libnfs.so.8
15:40:19.837 T:139943177611008   DEBUG: NFS: Context for 10.0.0.39/mnt/user/TELEVISION not open - get a new context.
15:40:19.870 T:139943177611008   DEBUG: NFS: Connected to server 10.0.0.39 and export /mnt/user/TELEVISION
15:40:19.870 T:139943177611008   DEBUG: NFS: chunks: r/w 1048576/1048576
15:40:19.874 T:139946411292800   DEBUG: Keyboard: scancode: 0x8c, sym: 0x1005ff71, unicode: 0x0000, modifier: 0x0
15:40:20.480 T:139943269615360   ERROR: [PTV Shutdown Timer] Checking schedule 'Bedtime'
15:40:20.480 T:139943269615360   ERROR: [PTV Shutdown Timer] Current time: 15:40
15:40:20.480 T:139943269615360   ERROR: [PTV Shutdown Timer] Shutdown time: 0:15
15:40:20.480 T:139943269615360   ERROR: [PTV Shutdown Timer] Minutes from midnight - Current: 940, Shutdown: 15
15:40:20.480 T:139943269615360   ERROR: [PTV Shutdown Timer] Time match (within window): False
15:40:20.480 T:139943269615360   ERROR: [PTV Shutdown Timer] Current day index: 3
15:40:20.480 T:139943269615360   ERROR: [PTV Shutdown Timer] Day match: False
15:40:20.480 T:139943269615360   ERROR: [PTV Shutdown Timer] Shutdown should trigger: False (Action: 1)
15:40:20.480 T:139943269615360   ERROR: [PTV Shutdown Timer] Checking schedule 'Late Night'
15:40:20.480 T:139943269615360   ERROR: [PTV Shutdown Timer] Current time: 15:40
15:40:20.480 T:139943269615360   ERROR: [PTV Shutdown Timer] Shutdown time: 3:30
15:40:20.481 T:139943269615360   ERROR: [PTV Shutdown Timer] Minutes from midnight - Current: 940, Shutdown: 210
15:40:20.481 T:139943269615360   ERROR: [PTV Shutdown Timer] Time match (within window): False
15:40:20.481 T:139943269615360   ERROR: [PTV Shutdown Timer] Current day index: 3
15:40:20.481 T:139943269615360   ERROR: [PTV Shutdown Timer] Day match: True
15:40:20.481 T:139943269615360   ERROR: [PTV Shutdown Timer] Shutdown should trigger: False (Action: 1)
15:40:20.698 T:139943195969280   DEBUG: CWebServer[8080]: request received for /jsonrpc
15:40:23.796 T:139943261222656   DEBUG: Previous line repeats 11 times.
15:40:23.796 T:139943261222656  NOTICE: [PTV Preset Timer] DEBUG: Today is Thursday (weekday=3)
15:40:23.796 T:139943261222656  NOTICE: [PTV Preset Timer] DEBUG: Setting name: ThursdayPreset
15:40:23.796 T:139943261222656  NOTICE: [PTV Preset Timer] DEBUG: Raw preset value: '2' (int: 2)
15:40:23.796 T:139943261222656  NOTICE: [PTV Preset Timer] DEBUG: Available presets: ['Alpha', 'Omega', 'Delta', 'Epsilon', 'Gamma', 'Sigma', 'Omicron', 'Theta', 'Lambda']
15:40:23.796 T:139943261222656  NOTICE: [PTV Preset Timer] Today's preset for Thursday: Omega (index=1)
15:40:24.706 T:139943195969280   DEBUG: CWebServer[8080]: request received for /jsonrpc
15:40:30.482 T:139943269615360   DEBUG: Previous line repeats 17 times.
15:40:30.482 T:139943269615360   ERROR: [PTV Shutdown Timer] Checking schedule 'Bedtime'
15:40:30.482 T:139943269615360   ERROR: [PTV Shutdown Timer] Current time: 15:40
15:40:30.482 T:139943269615360   ERROR: [PTV Shutdown Timer] Shutdown time: 0:15
15:40:30.482 T:139943269615360   ERROR: [PTV Shutdown Timer] Minutes from midnight - Current: 940, Shutdown: 15
15:40:30.482 T:139943269615360   ERROR: [PTV Shutdown Timer] Time match (within window): False
15:40:30.483 T:139943269615360   ERROR: [PTV Shutdown Timer] Current day index: 3
15:40:30.483 T:139943269615360   ERROR: [PTV Shutdown Timer] Day match: False
15:40:30.483 T:139943269615360   ERROR: [PTV Shutdown Timer] Shutdown should trigger: False (Action: 1)
15:40:30.483 T:139943269615360   ERROR: [PTV Shutdown Timer] Checking schedule 'Late Night'
15:40:30.483 T:139943269615360   ERROR: [PTV Shutdown Timer] Current time: 15:40
15:40:30.483 T:139943269615360   ERROR: [PTV Shutdown Timer] Shutdown time: 3:30
15:40:30.483 T:139943269615360   ERROR: [PTV Shutdown Timer] Minutes from midnight - Current: 940, Shutdown: 210
15:40:30.483 T:139943269615360   ERROR: [PTV Shutdown Timer] Time match (within window): False
15:40:30.483 T:139943269615360   ERROR: [PTV Shutdown Timer] Current day index: 3
15:40:30.483 T:139943269615360   ERROR: [PTV Shutdown Timer] Day match: True
15:40:30.483 T:139943269615360   ERROR: [PTV Shutdown Timer] Shutdown should trigger: False (Action: 1)
15:40:30.718 T:139943160825600   DEBUG: CWebServer[8080]: request received for /jsonrpc
15:40:33.798 T:139943261222656   DEBUG: Previous line repeats 11 times.
15:40:33.798 T:139943261222656  NOTICE: [PTV Preset Timer] DEBUG: Today is Thursday (weekday=3)
15:40:33.798 T:139943261222656  NOTICE: [PTV Preset Timer] DEBUG: Setting name: ThursdayPreset
15:40:33.798 T:139943261222656  NOTICE: [PTV Preset Timer] DEBUG: Raw preset value: '2' (int: 2)
15:40:33.798 T:139943261222656  NOTICE: [PTV Preset Timer] DEBUG: Available presets: ['Alpha', 'Omega', 'Delta', 'Epsilon', 'Gamma', 'Sigma', 'Omicron', 'Theta', 'Lambda']
15:40:33.798 T:139943261222656  NOTICE: [PTV Preset Timer] Today's preset for Thursday: Omega (index=1)
15:40:34.729 T:139943067789056   DEBUG: CWebServer[8080]: request received for /jsonrpc
15:40:40.484 T:139943269615360   DEBUG: Previous line repeats 17 times.
15:40:40.484 T:139943269615360   ERROR: [PTV Shutdown Timer] Checking schedule 'Bedtime'
15:40:40.484 T:139943269615360   ERROR: [PTV Shutdown Timer] Current time: 15:40
15:40:40.484 T:139943269615360   ERROR: [PTV Shutdown Timer] Shutdown time: 0:15
15:40:40.484 T:139943269615360   ERROR: [PTV Shutdown Timer] Minutes from midnight - Current: 940, Shutdown: 15
15:40:40.484 T:139943269615360   ERROR: [PTV Shutdown Timer] Time match (within window): False
15:40:40.484 T:139943269615360   ERROR: [PTV Shutdown Timer] Current day index: 3
15:40:40.484 T:139943269615360   ERROR: [PTV Shutdown Timer] Day match: False
15:40:40.484 T:139943269615360   ERROR: [PTV Shutdown Timer] Shutdown should trigger: False (Action: 1)
15:40:40.485 T:139943269615360   ERROR: [PTV Shutdown Timer] Checking schedule 'Late Night'
15:40:40.485 T:139943269615360   ERROR: [PTV Shutdown Timer] Current time: 15:40
15:40:40.485 T:139943269615360   ERROR: [PTV Shutdown Timer] Shutdown time: 3:30
15:40:40.485 T:139943269615360   ERROR: [PTV Shutdown Timer] Minutes from midnight - Current: 940, Shutdown: 210
15:40:40.485 T:139943269615360   ERROR: [PTV Shutdown Timer] Time match (within window): False
15:40:40.485 T:139943269615360   ERROR: [PTV Shutdown Timer] Current day index: 3
15:40:40.485 T:139943269615360   ERROR: [PTV Shutdown Timer] Day match: True
15:40:40.485 T:139943269615360   ERROR: [PTV Shutdown Timer] Shutdown should trigger: False (Action: 1)
15:40:40.742 T:139943160825600   DEBUG: CWebServer[8080]: request received for /jsonrpc
15:40:41.691 T:139943067789056   DEBUG: Previous line repeats 5 times.
15:40:41.691 T:139943067789056   DEBUG: CWebServer[8080]: request received for /jsonrpc?GetActivePlayers
15:40:42.746 T:139943195969280   DEBUG: CWebServer[8080]: request received for /jsonrpc
15:40:43.800 T:139943261222656   DEBUG: Previous line repeats 5 times.
15:40:43.800 T:139943261222656  NOTICE: [PTV Preset Timer] DEBUG: Today is Thursday (weekday=3)
15:40:43.800 T:139943261222656  NOTICE: [PTV Preset Timer] DEBUG: Setting name: ThursdayPreset
15:40:43.800 T:139943261222656  NOTICE: [PTV Preset Timer] DEBUG: Raw preset value: '2' (int: 2)
15:40:43.800 T:139943261222656  NOTICE: [PTV Preset Timer] DEBUG: Available presets: ['Alpha', 'Omega', 'Delta', 'Epsilon', 'Gamma', 'Sigma', 'Omicron', 'Theta', 'Lambda']
15:40:43.800 T:139943261222656  NOTICE: [PTV Preset Timer] Today's preset for Thursday: Omega (index=1)
15:40:43.835 T:139943218833152   DEBUG: Thread JobWorker 139943218833152 terminating (autodelete)
15:40:43.835 T:139946392360704   DEBUG: Thread JobWorker 139946392360704 terminating (autodelete)
15:40:43.851 T:139944462907136   DEBUG: Thread JobWorker 139944462907136 terminating (autodelete)
15:40:44.753 T:139943160825600   DEBUG: CWebServer[8080]: request received for /jsonrpc
15:40:50.485 T:139943269615360   DEBUG: Previous line repeats 17 times.
15:40:50.485 T:139943269615360   ERROR: [PTV Shutdown Timer] Checking schedule 'Bedtime'
15:40:50.485 T:139943269615360   ERROR: [PTV Shutdown Timer] Current time: 15:40
15:40:50.485 T:139943269615360   ERROR: [PTV Shutdown Timer] Shutdown time: 0:15
15:40:50.486 T:139943269615360   ERROR: [PTV Shutdown Timer] Minutes from midnight - Current: 940, Shutdown: 15
15:40:50.486 T:139943269615360   ERROR: [PTV Shutdown Timer] Time match (within window): False
15:40:50.486 T:139943269615360   ERROR: [PTV Shutdown Timer] Current day index: 3
15:40:50.486 T:139943269615360   ERROR: [PTV Shutdown Timer] Day match: False
15:40:50.486 T:139943269615360   ERROR: [PTV Shutdown Timer] Shutdown should trigger: False (Action: 1)
15:40:50.486 T:139943269615360   ERROR: [PTV Shutdown Timer] Checking schedule 'Late Night'
15:40:50.486 T:139943269615360   ERROR: [PTV Shutdown Timer] Current time: 15:40
15:40:50.486 T:139943269615360   ERROR: [PTV Shutdown Timer] Shutdown time: 3:30
15:40:50.486 T:139943269615360   ERROR: [PTV Shutdown Timer] Minutes from midnight - Current: 940, Shutdown: 210
15:40:50.486 T:139943269615360   ERROR: [PTV Shutdown Timer] Time match (within window): False
15:40:50.486 T:139943269615360   ERROR: [PTV Shutdown Timer] Current day index: 3
15:40:50.486 T:139943269615360   ERROR: [PTV Shutdown Timer] Day match: True
15:40:50.486 T:139943269615360   ERROR: [PTV Shutdown Timer] Shutdown should trigger: False (Action: 1)
15:40:50.764 T:139944412550912   DEBUG: CWebServer[8080]: request received for /jsonrpc
15:40:53.801 T:139943261222656   DEBUG: Previous line repeats 11 times.
15:40:53.801 T:139943261222656  NOTICE: [PTV Preset Timer] DEBUG: Today is Thursday (weekday=3)
15:40:53.801 T:139943261222656  NOTICE: [PTV Preset Timer] DEBUG: Setting name: ThursdayPreset
15:40:53.801 T:139943261222656  NOTICE: [PTV Preset Timer] DEBUG: Raw preset value: '2' (int: 2)
15:40:53.801 T:139943261222656  NOTICE: [PTV Preset Timer] DEBUG: Available presets: ['Alpha', 'Omega', 'Delta', 'Epsilon', 'Gamma', 'Sigma', 'Omicron', 'Theta', 'Lambda']
15:40:53.801 T:139943261222656  NOTICE: [PTV Preset Timer] Today's preset for Thursday: Omega (index=1)
15:40:54.772 T:139944114513664   DEBUG: CWebServer[8080]: request received for /jsonrpc
15:41:00.487 T:139943269615360   DEBUG: Previous line repeats 17 times.
15:41:00.487 T:139943269615360   ERROR: [PTV Shutdown Timer] Checking schedule 'Bedtime'
15:41:00.487 T:139943269615360   ERROR: [PTV Shutdown Timer] Current time: 15:41
15:41:00.487 T:139943269615360   ERROR: [PTV Shutdown Timer] Shutdown time: 0:15
15:41:00.487 T:139943269615360   ERROR: [PTV Shutdown Timer] Minutes from midnight - Current: 941, Shutdown: 15
15:41:00.487 T:139943269615360   ERROR: [PTV Shutdown Timer] Time match (within window): False
15:41:00.487 T:139943269615360   ERROR: [PTV Shutdown Timer] Current day index: 3
15:41:00.487 T:139943269615360   ERROR: [PTV Shutdown Timer] Day match: False
15:41:00.487 T:139943269615360   ERROR: [PTV Shutdown Timer] Shutdown should trigger: False (Action: 1)
15:41:00.487 T:139943269615360   ERROR: [PTV Shutdown Timer] Checking schedule 'Late Night'
15:41:00.487 T:139943269615360   ERROR: [PTV Shutdown Timer] Current time: 15:41
15:41:00.488 T:139943269615360   ERROR: [PTV Shutdown Timer] Shutdown time: 3:30
15:41:00.488 T:139943269615360   ERROR: [PTV Shutdown Timer] Minutes from midnight - Current: 941, Shutdown: 210
15:41:00.488 T:139943269615360   ERROR: [PTV Shutdown Timer] Time match (within window): False
15:41:00.488 T:139943269615360   ERROR: [PTV Shutdown Timer] Current day index: 3
15:41:00.488 T:139943269615360   ERROR: [PTV Shutdown Timer] Day match: True
15:41:00.488 T:139943269615360   ERROR: [PTV Shutdown Timer] Shutdown should trigger: False (Action: 1)
15:41:00.784 T:139944412550912   DEBUG: CWebServer[8080]: request received for /jsonrpc
15:41:03.802 T:139943261222656   DEBUG: Previous line repeats 11 times.
15:41:03.802 T:139943261222656  NOTICE: [PTV Preset Timer] DEBUG: Today is Thursday (weekday=3)
15:41:03.802 T:139943261222656  NOTICE: [PTV Preset Timer] DEBUG: Setting name: ThursdayPreset
15:41:03.802 T:139943261222656  NOTICE: [PTV Preset Timer] DEBUG: Raw preset value: '2' (int: 2)
15:41:03.802 T:139943261222656  NOTICE: [PTV Preset Timer] DEBUG: Available presets: ['Alpha', 'Omega', 'Delta', 'Epsilon', 'Gamma', 'Sigma', 'Omicron', 'Theta', 'Lambda']
15:41:03.802 T:139943261222656  NOTICE: [PTV Preset Timer] Today's preset for Thursday: Omega (index=1)
15:41:04.794 T:139944412550912   DEBUG: CWebServer[8080]: request received for /jsonrpc
15:41:10.489 T:139943269615360   DEBUG: Previous line repeats 17 times.
15:41:10.489 T:139943269615360   ERROR: [PTV Shutdown Timer] Checking schedule 'Bedtime'
15:41:10.489 T:139943269615360   ERROR: [PTV Shutdown Timer] Current time: 15:41
15:41:10.489 T:139943269615360   ERROR: [PTV Shutdown Timer] Shutdown time: 0:15
15:41:10.489 T:139943269615360   ERROR: [PTV Shutdown Timer] Minutes from midnight - Current: 941, Shutdown: 15
15:41:10.489 T:139943269615360   ERROR: [PTV Shutdown Timer] Time match (within window): False
15:41:10.489 T:139943269615360   ERROR: [PTV Shutdown Timer] Current day index: 3
15:41:10.489 T:139943269615360   ERROR: [PTV Shutdown Timer] Day match: False
15:41:10.489 T:139943269615360   ERROR: [PTV Shutdown Timer] Shutdown should trigger: False (Action: 1)
15:41:10.489 T:139943269615360   ERROR: [PTV Shutdown Timer] Checking schedule 'Late Night'
15:41:10.489 T:139943269615360   ERROR: [PTV Shutdown Timer] Current time: 15:41
15:41:10.489 T:139943269615360   ERROR: [PTV Shutdown Timer] Shutdown time: 3:30
15:41:10.489 T:139943269615360   ERROR: [PTV Shutdown Timer] Minutes from midnight - Current: 941, Shutdown: 210
15:41:10.489 T:139943269615360   ERROR: [PTV Shutdown Timer] Time match (within window): False
15:41:10.489 T:139943269615360   ERROR: [PTV Shutdown Timer] Current day index: 3
15:41:10.489 T:139943269615360   ERROR: [PTV Shutdown Timer] Day match: True
15:41:10.489 T:139943269615360   ERROR: [PTV Shutdown Timer] Shutdown should trigger: False (Action: 1)
15:41:10.807 T:139944412550912   DEBUG: CWebServer[8080]: request received for /jsonrpc
15:41:13.803 T:139943261222656   DEBUG: Previous line repeats 11 times.
15:41:13.803 T:139943261222656  NOTICE: [PTV Preset Timer] DEBUG: Today is Thursday (weekday=3)
15:41:13.803 T:139943261222656  NOTICE: [PTV Preset Timer] DEBUG: Setting name: ThursdayPreset
15:41:13.803 T:139943261222656  NOTICE: [PTV Preset Timer] DEBUG: Raw preset value: '2' (int: 2)
15:41:13.803 T:139943261222656  NOTICE: [PTV Preset Timer] DEBUG: Available presets: ['Alpha', 'Omega', 'Delta', 'Epsilon', 'Gamma', 'Sigma', 'Omicron', 'Theta', 'Lambda']
15:41:13.804 T:139943261222656  NOTICE: [PTV Preset Timer] Today's preset for Thursday: Omega (index=1)
15:41:14.818 T:139944412550912   DEBUG: CWebServer[8080]: request received for /jsonrpc
15:41:20.031 T:139943177611008   DEBUG: Previous line repeats 17 times.
15:41:20.031 T:139943177611008   DEBUG: CNFSFile::Open - opened mnt/user/TELEVISION/The Impossible Build/01x57 - Oxagon - The World's Largest Floating Hub & Port - The Impossible Build - Bumpers - None - None - None - None.nfo
15:41:20.037 T:139943177611008   DEBUG: CNFSFile::Close closing file mnt/user/TELEVISION/The Impossible Build/01x57 - Oxagon - The World's Largest Floating Hub & Port - The Impossible Build - Bumpers - None - None - None - None.nfo
15:41:20.490 T:139943269615360   ERROR: [PTV Shutdown Timer] Checking schedule 'Bedtime'
15:41:20.490 T:139943269615360   ERROR: [PTV Shutdown Timer] Current time: 15:41
15:41:20.490 T:139943269615360   ERROR: [PTV Shutdown Timer] Shutdown time: 0:15
15:41:20.490 T:139943269615360   ERROR: [PTV Shutdown Timer] Minutes from midnight - Current: 941, Shutdown: 15
15:41:20.490 T:139943269615360   ERROR: [PTV Shutdown Timer] Time match (within window): False
15:41:20.490 T:139943269615360   ERROR: [PTV Shutdown Timer] Current day index: 3
15:41:20.490 T:139943269615360   ERROR: [PTV Shutdown Timer] Day match: False
15:41:20.490 T:139943269615360   ERROR: [PTV Shutdown Timer] Shutdown should trigger: False (Action: 1)
15:41:20.491 T:139943269615360   ERROR: [PTV Shutdown Timer] Checking schedule 'Late Night'
15:41:20.491 T:139943269615360   ERROR: [PTV Shutdown Timer] Current time: 15:41
15:41:20.491 T:139943269615360   ERROR: [PTV Shutdown Timer] Shutdown time: 3:30
15:41:20.491 T:139943269615360   ERROR: [PTV Shutdown Timer] Minutes from midnight - Current: 941, Shutdown: 210
15:41:20.491 T:139943269615360   ERROR: [PTV Shutdown Timer] Time match (within window): False
15:41:20.491 T:139943269615360   ERROR: [PTV Shutdown Timer] Current day index: 3
15:41:20.491 T:139943269615360   ERROR: [PTV Shutdown Timer] Day match: True
15:41:20.491 T:139943269615360   ERROR: [PTV Shutdown Timer] Shutdown should trigger: False (Action: 1)
15:41:20.871 T:139944114513664   DEBUG: CWebServer[8080]: request received for /jsonrpc
15:41:23.805 T:139943261222656   DEBUG: Previous line repeats 11 times.
15:41:23.805 T:139943261222656  NOTICE: [PTV Preset Timer] DEBUG: Today is Thursday (weekday=3)
15:41:23.805 T:139943261222656  NOTICE: [PTV Preset Timer] DEBUG: Setting name: ThursdayPreset
15:41:23.805 T:139943261222656  NOTICE: [PTV Preset Timer] DEBUG: Raw preset value: '2' (int: 2)
15:41:23.805 T:139943261222656  NOTICE: [PTV Preset Timer] DEBUG: Available presets: ['Alpha', 'Omega', 'Delta', 'Epsilon', 'Gamma', 'Sigma', 'Omicron', 'Theta', 'Lambda']
15:41:23.805 T:139943261222656  NOTICE: [PTV Preset Timer] Today's preset for Thursday: Omega (index=1)
15:41:24.524 T:139943177611008   DEBUG: CNFSFile::Open - opened mnt/user/TELEVISION/House of Cards (US)/Season 2/02x03-04-05-06-07 - Chapter 16 + Chapter 17 + Chapter 18 + Chapter 19 + Chapter 20.nfo
15:41:24.532 T:139943177611008   DEBUG: CNFSFile::Close closing file mnt/user/TELEVISION/House of Cards (US)/Season 2/02x03-04-05-06-07 - Chapter 16 + Chapter 17 + Chapter 18 + Chapter 19 + Chapter 20.nfo
15:41:24.877 T:139944114513664   DEBUG: CWebServer[8080]: request received for /jsonrpc
15:41:28.048 T:139943177611008   DEBUG: Previous line repeats 11 times.
15:41:28.048 T:139943177611008   DEBUG: CNFSFile::Open - opened mnt/user/TELEVISION/Under the Dome/Season 3/03x01-x02.nfo
15:41:28.057 T:139943177611008   DEBUG: CNFSFile::Close closing file mnt/user/TELEVISION/Under the Dome/Season 3/03x01-x02.nfo
15:41:28.885 T:139944412550912   DEBUG: CWebServer[8080]: request received for /jsonrpc
15:41:30.492 T:139943269615360   DEBUG: Previous line repeats 5 times.
15:41:30.492 T:139943269615360   ERROR: [PTV Shutdown Timer] Checking schedule 'Bedtime'
15:41:30.492 T:139943269615360   ERROR: [PTV Shutdown Timer] Current time: 15:41
15:41:30.492 T:139943269615360   ERROR: [PTV Shutdown Timer] Shutdown time: 0:15
15:41:30.492 T:139943269615360   ERROR: [PTV Shutdown Timer] Minutes from midnight - Current: 941, Shutdown: 15
15:41:30.492 T:139943269615360   ERROR: [PTV Shutdown Timer] Time match (within window): False
15:41:30.492 T:139943269615360   ERROR: [PTV Shutdown Timer] Current day index: 3
15:41:30.492 T:139943269615360   ERROR: [PTV Shutdown Timer] Day match: False
15:41:30.492 T:139943269615360   ERROR: [PTV Shutdown Timer] Shutdown should trigger: False (Action: 1)
15:41:30.492 T:139943269615360   ERROR: [PTV Shutdown Timer] Checking schedule 'Late Night'
15:41:30.492 T:139943269615360   ERROR: [PTV Shutdown Timer] Current time: 15:41
15:41:30.492 T:139943269615360   ERROR: [PTV Shutdown Timer] Shutdown time: 3:30
15:41:30.492 T:139943269615360   ERROR: [PTV Shutdown Timer] Minutes from midnight - Current: 941, Shutdown: 210
15:41:30.492 T:139943269615360   ERROR: [PTV Shutdown Timer] Time match (within window): False
15:41:30.492 T:139943269615360   ERROR: [PTV Shutdown Timer] Current day index: 3
15:41:30.492 T:139943269615360   ERROR: [PTV Shutdown Timer] Day match: True
15:41:30.492 T:139943269615360   ERROR: [PTV Shutdown Timer] Shutdown should trigger: False (Action: 1)
15:41:30.827 T:139943177611008   DEBUG: CNFSFile::Open - opened mnt/user/TELEVISION/The Shannara Chronicles/Season 1/01x01-x02.nfo
15:41:30.835 T:139943177611008   DEBUG: CNFSFile::Close closing file mnt/user/TELEVISION/The Shannara Chronicles/Season 1/01x01-x02.nfo
15:41:30.890 T:139944412550912   DEBUG: CWebServer[8080]: request received for /jsonrpc
15:41:33.805 T:139943261222656   DEBUG: Previous line repeats 11 times.
15:41:33.805 T:139943261222656  NOTICE: [PTV Preset Timer] DEBUG: Today is Thursday (weekday=3)
15:41:33.805 T:139943261222656  NOTICE: [PTV Preset Timer] DEBUG: Setting name: ThursdayPreset
15:41:33.805 T:139943261222656  NOTICE: [PTV Preset Timer] DEBUG: Raw preset value: '2' (int: 2)
15:41:33.805 T:139943261222656  NOTICE: [PTV Preset Timer] DEBUG: Available presets: ['Alpha', 'Omega', 'Delta', 'Epsilon', 'Gamma', 'Sigma', 'Omicron', 'Theta', 'Lambda']
15:41:33.805 T:139943261222656  NOTICE: [PTV Preset Timer] Today's preset for Thursday: Omega (index=1)
15:41:34.899 T:139944412550912   DEBUG: CWebServer[8080]: request received for /jsonrpc
15:41:40.492 T:139943269615360   DEBUG: Previous line repeats 17 times.
15:41:40.493 T:139943269615360   ERROR: [PTV Shutdown Timer] Checking schedule 'Bedtime'
15:41:40.493 T:139943269615360   ERROR: [PTV Shutdown Timer] Current time: 15:41
15:41:40.493 T:139943269615360   ERROR: [PTV Shutdown Timer] Shutdown time: 0:15
15:41:40.493 T:139943269615360   ERROR: [PTV Shutdown Timer] Minutes from midnight - Current: 941, Shutdown: 15
15:41:40.493 T:139943269615360   ERROR: [PTV Shutdown Timer] Time match (within window): False
15:41:40.493 T:139943269615360   ERROR: [PTV Shutdown Timer] Current day index: 3
15:41:40.493 T:139943269615360   ERROR: [PTV Shutdown Timer] Day match: False
15:41:40.493 T:139943269615360   ERROR: [PTV Shutdown Timer] Shutdown should trigger: False (Action: 1)
