22:10:05.798 T:3020   DEBUG: LocalizeStrings: loaded 28 strings from file C:\Program Files (x86)\Kodi\addons\pvr.nextpvr\resources\language\resource.language.en_gb\strings.po
22:10:05.799 T:3020   DEBUG: LocalizeStrings: loaded 2 strings from file C:\Program Files (x86)\Kodi\addons\pvr.njoy\resources\language\resource.language.en_gb\strings.po
22:10:05.799 T:3020   DEBUG: LocalizeStrings: loaded 2 strings from file C:\Program Files (x86)\Kodi\addons\pvr.octonet\resources\language\resource.language.en_gb\strings.po
22:10:05.799 T:3020   DEBUG: LocalizeStrings: loaded 8 strings from file C:\Program Files (x86)\Kodi\addons\pvr.pctv\resources\language\resource.language.en_gb\strings.po
22:10:05.799 T:3020   DEBUG: LocalizeStrings: loaded 43 strings from file C:\Program Files (x86)\Kodi\addons\pvr.stalker\resources\language\resource.language.en_gb\strings.po
22:10:05.800 T:3020   DEBUG: LocalizeStrings: loaded 25 strings from file C:\Program Files (x86)\Kodi\addons\pvr.vbox\resources\language\resource.language.en_gb\strings.po
22:10:05.800 T:3020   DEBUG: LocalizeStrings: loaded 70 strings from file C:\Program Files (x86)\Kodi\addons\pvr.vdr.vnsi\resources\language\resource.language.en_gb\strings.po
22:10:05.800 T:3020   DEBUG: LocalizeStrings: loaded 27 strings from file C:\Program Files (x86)\Kodi\addons\pvr.vuplus\resources\language\resource.language.en_gb\strings.po
22:10:05.800 T:3020   DEBUG: LocalizeStrings: loaded 70 strings from file C:\Program Files (x86)\Kodi\addons\pvr.wmc\resources\language\resource.language.en_gb\strings.po
22:10:05.801 T:3020   DEBUG: LocalizeStrings: loaded 8 strings from file C:\Program Files (x86)\Kodi\addons\screensaver.biogenesis\resources\language\English\strings.po
22:10:05.802 T:3020   DEBUG: LocalizeStrings: loaded 16 strings from file C:\Program Files (x86)\Kodi\addons\screensaver.greynetic\resources\language\English\strings.po
22:10:05.802 T:3020   DEBUG: LocalizeStrings: loaded 10 strings from file C:\Program Files (x86)\Kodi\addons\screensaver.pingpong\resources\language\English\strings.po
22:10:05.803 T:3020   DEBUG: LocalizeStrings: loaded 39 strings from file C:\Program Files (x86)\Kodi\addons\screensaver.shadertoy\resources\language\English\strings.po
22:10:05.803 T:3020   DEBUG: LocalizeStrings: loaded 6 strings from file C:\Program Files (x86)\Kodi\addons\screensaver.stars\resources\language\English\strings.po
22:10:05.803 T:3020   DEBUG: POParser: PO file has Win Style Line Endings. Converted in memory to Linux LF for file: C:\Program Files (x86)\Kodi\addons\screensaver.xbmc.builtin.dim\resources\language\resource.language.en_gb\strings.po
22:10:05.803 T:3020   DEBUG: LocalizeStrings: loaded 1 strings from file C:\Program Files (x86)\Kodi\addons\screensaver.xbmc.builtin.dim\resources\language\resource.language.en_gb\strings.po
22:10:05.804 T:3020   DEBUG: LocalizeStrings: loaded 24 strings from file C:\Users\flyp1\AppData\Roaming\Kodi\addons\service.xbmc.versioncheck\resources\language\English\strings.po
22:10:05.805 T:3020   DEBUG: LocalizeStrings: loaded 18 strings from file C:\Program Files (x86)\Kodi\addons\visualization.milkdrop\resources\language\English\strings.po
22:10:05.806 T:3020   DEBUG: LocalizeStrings: loaded 15 strings from file C:\Program Files (x86)\Kodi\addons\visualization.spectrum\resources\language\English\strings.po
22:10:05.806 T:3020   DEBUG: LocalizeStrings: loaded 11 strings from file C:\Program Files (x86)\Kodi\addons\visualization.vortex\resources\language\English\strings.po
22:10:05.807 T:3020   DEBUG: LocalizeStrings: loaded 7 strings from file C:\Users\flyp1\AppData\Roaming\Kodi\addons\script.common.plugin.cache\resources\language\resource.language.en_gb\strings.po
22:10:05.808 T:3020   DEBUG: LocalizeStrings: loaded 22 strings from file C:\Users\flyp1\AppData\Roaming\Kodi\addons\script.module.buggalo\resources\language\English\strings.xml
22:10:05.810 T:3020   DEBUG: LocalizeStrings: loaded 18 strings from file C:\Users\flyp1\AppData\Roaming\Kodi\addons\script.module.simple.downloader\resources\language\English\strings.xml
22:10:05.811 T:3020   DEBUG: LocalizeStrings: loaded 45 strings from file C:\Users\flyp1\AppData\Roaming\Kodi\addons\script.module.youtube.dl\resources\language\English\strings.po
22:10:05.813 T:3020   DEBUG: LocalizeStrings: loaded 167 strings from file C:\Users\flyp1\AppData\Roaming\Kodi\addons\script.extendedinfo\resources\language\resource.language.en_gb\strings.po
22:10:05.814 T:3020   DEBUG: LocalizeStrings: loaded 51 strings from file C:\Users\flyp1\AppData\Roaming\Kodi\addons\script.module.metadatautils\resources\language\resource.language.en_gb\strings.po
22:10:05.814 T:3020   DEBUG: LocalizeStrings: loaded 26 strings from file C:\Users\flyp1\AppData\Roaming\Kodi\addons\script.skin.helper.service\resources\language\resource.language.en_gb\strings.po
22:10:05.815 T:3020   DEBUG: LocalizeStrings: loaded 69 strings from file C:\Users\flyp1\AppData\Roaming\Kodi\addons\script.skin.helper.widgets\resources\language\resource.language.en_gb\strings.po
22:10:05.815 T:3020   DEBUG: LocalizeStrings: loaded 120 strings from file C:\Users\flyp1\AppData\Roaming\Kodi\addons\script.skinshortcuts\resources\language\English\strings.po
22:10:05.816 T:3020   DEBUG: LocalizeStrings: loaded 24 strings from file C:\Users\flyp1\AppData\Roaming\Kodi\addons\service.library.data.provider\resources\language\resource.language.en_gb\strings.po
22:10:05.816 T:3020   DEBUG: LocalizeStrings: loaded 16 strings from file C:\Users\flyp1\AppData\Roaming\Kodi\addons\weather.yahoo\resources\language\resource.language.en_gb\strings.po
22:10:05.816 T:3020   DEBUG: LocalizeStrings: loaded 62 strings from file C:\Users\flyp1\AppData\Roaming\Kodi\addons\weather.gismeteo\resources\language\resource.language.en_gb\strings.po
22:10:05.816 T:3020   DEBUG: LocalizeStrings: loaded 100 strings from file C:\Users\flyp1\AppData\Roaming\Kodi\addons\script.artwork.downloader\resources\language\English\strings.po
22:10:05.818 T:3020   DEBUG: LocalizeStrings: loaded 46 strings from file C:\Users\flyp1\AppData\Roaming\Kodi\addons\script.paragontv\resources\language\resource.language.en_gb\strings.po
22:10:05.819 T:3020   DEBUG: PERIPHERALS::CPeripherals::LoadMappings - loaded node "Motorola Nyxboard Hybrid"
22:10:05.819 T:3020   DEBUG: PERIPHERALS::CPeripherals::LoadMappings - loaded node "CEC Adapter"
22:10:05.819 T:3020   DEBUG: PERIPHERALS::CPeripherals::LoadMappings - loaded node "Pulse-Eight CEC Adapter"
22:10:05.819 T:3020   DEBUG: PERIPHERALS::CPeripherals::LoadMappings - loaded node "iMON HID device"
22:10:05.819 T:3020   DEBUG: PERIPHERALS::CPeripherals::LoadMappings - loaded node "WETEK Play remote"
22:10:05.819 T:3020   DEBUG: PERIPHERALS::CPeripherals::LoadMappings - loaded node ""
22:10:05.819 T:3020   DEBUG: SECTION:LoadDLL(special://xbmcbin/cec.dll)
22:10:05.822 T:3020   DEBUG: Add-on bus: Registering add-on peripheral.joystick
22:10:05.823 T:3020   DEBUG: PERIPHERAL - PERIPHERALS::CPeripheralAddon::CreateAddon - creating peripheral add-on instance 'Joystick Support'
22:10:05.823 T:3020   DEBUG: ADDON: Dll Initializing - Joystick Support
22:10:05.823 T:3020   DEBUG: SECTION:LoadDLL(C:\Program Files (x86)\Kodi\addons\peripheral.joystick\peripheral.joystick.dll)
22:10:05.825 T:3020   DEBUG: AddOnLog: Joystick Support: Attempting to load XInput1_4.dll...
22:10:05.825 T:3020   DEBUG: AddOnLog: Joystick Support: Loaded XInput DLL version 1.4
22:10:05.825 T:3020   DEBUG: AddOnLog: Joystick Support: Loaded XInput symbols (GetState=5BC01DF0, GetStateEx=00000000, SetState=5BC02060, GetCaps=5BC022E0, GetBatteryInformation=5BC02650, PowerOff=00000000)
22:10:05.827 T:3020   DEBUG: AddOnLog: Joystick Support: Loaded 14 joystick families with 97 total joysticks
22:10:05.827 T:3020   DEBUG: Calling TransferSettings for: Joystick Support
22:10:05.827 T:3020   DEBUG: SECTION:LoadDLL(special://xbmcbin/libcurl.dll)
22:10:05.827 T:15772   DEBUG: Thread PeripBusCEC start, auto delete: false
22:10:05.827 T:15256   DEBUG: Thread PeripBusUSB start, auto delete: false
22:10:05.827 T:3696   DEBUG: Thread PeripBusAddon start, auto delete: false
22:10:05.827 T:11648   DEBUG: Thread PeripEventScanner start, auto delete: false
22:10:05.833 T:2020  NOTICE: Running database version Addons27
22:10:05.833 T:2020   DEBUG: CDatabaseManager::Initialize, updating databases...
22:10:05.835 T:2020  NOTICE: Running database version ViewModes6
22:10:05.836 T:2020  NOTICE: Running database version Textures13
22:10:05.838 T:2020  NOTICE: Running database version MyMusic60
22:10:05.840 T:2020  NOTICE: Running database version MyVideos107
22:10:05.841 T:2020  NOTICE: Running database version TV29
22:10:05.843 T:2020  NOTICE: Running database version Epg11
22:10:05.844 T:2020   DEBUG: CDatabaseManager::Initialize, updating databases... DONE
22:10:05.846 T:3020   DEBUG: DPMS: supported power-saving modes: OFF STANDBY
22:10:05.866 T:4412   DEBUG: CAnnouncementManager - Announcement: OnClear from xbmc
22:10:05.866 T:4412   DEBUG: GOT ANNOUNCEMENT, type: 2, from xbmc, message OnClear
22:10:05.876 T:3020    INFO: Unloading old skin ...
22:10:05.877 T:3020    INFO:   load skin from: C:\Users\flyp1\AppData\Roaming\Kodi\addons\skin.bello.6 (version: 6.1.0)
22:10:05.877 T:3020    INFO:   load fonts for skin...
22:10:05.878 T:3020    INFO: Loading fonts from C:\Users\flyp1\AppData\Roaming\Kodi\addons\skin.bello.6\720p\Font.xml
22:10:05.903 T:3020   ERROR: Couldn't load font name: FontSize_150BH(birth_of_a_hero.ttf), trying to substitute arial.ttf
22:10:05.908 T:3020   ERROR: Couldn't load font name: FontSize_180L(lcdml___.ttf), trying to substitute arial.ttf
22:10:05.915 T:3020   ERROR: Couldn't load font name: font10(roboto-regular.ttf), trying to substitute arial.ttf
22:10:05.918 T:3020   ERROR: Couldn't load font name: font12(roboto-regular.ttf), trying to substitute arial.ttf
22:10:05.920 T:3020   ERROR: Couldn't load font name: font13(roboto-regular.ttf), trying to substitute arial.ttf
22:10:05.923 T:3020   ERROR: Couldn't load font name: font14(roboto-regular.ttf), trying to substitute arial.ttf
22:10:05.927 T:3020   ERROR: Couldn't load font name: font16(roboto-regular.ttf), trying to substitute arial.ttf
22:10:05.929 T:3020   ERROR: Couldn't load font name: font30(roboto-regular.ttf), trying to substitute arial.ttf
22:10:05.932 T:3020   ERROR: Couldn't load font name: fontContextMenu(roboto-regular.ttf), trying to substitute arial.ttf
22:10:05.940 T:3020   ERROR: Couldn't load font name: font_MainMenu(dejavusans-bold-caps.ttf), trying to substitute arial.ttf
22:10:05.943 T:3020   ERROR: Couldn't load font name: PTVL10(poppins-medium.ttf), trying to substitute arial.ttf
22:10:05.943 T:3020   ERROR: Couldn't load font name: PTVL12(poppins-medium.ttf), trying to substitute arial.ttf
22:10:05.946 T:3020   ERROR: Couldn't load font name: PTVL13(poppins-medium.ttf), trying to substitute arial.ttf
22:10:05.946 T:3020   ERROR: Couldn't load font name: PTVL14(poppins-medium.ttf), trying to substitute arial.ttf
22:10:05.950 T:3020   DEBUG: LocalizeStrings: loaded 258 strings from file C:\Users\flyp1\AppData\Roaming\Kodi\addons\skin.bello.6\language\English\strings.po
22:10:05.950 T:3020    INFO: Loading skin includes from C:\Users\flyp1\AppData\Roaming\Kodi\addons\skin.bello.6\720p\includes.xml
22:10:06.029 T:3020    INFO:   load new skin...
22:10:06.029 T:3020    INFO: Loading user windows, path C:\Users\flyp1\AppData\Roaming\Kodi\addons\skin.bello.6\720p
22:10:06.040 T:3020   DEBUG: Load Skin XML: 11.60ms
22:10:06.040 T:3020    INFO:   initialize new skin...
22:10:06.041 T:3020   DEBUG: guilib: Fill viewport on change for solving rendering passes
22:10:06.041 T:3020    INFO: Loading skin file: Pointer.xml, load type: LOAD_ON_GUI_INIT
22:10:06.041 T:3020    INFO: Loading skin file: DialogVolumeBar.xml, load type: LOAD_ON_GUI_INIT
22:10:06.042 T:3020    INFO: Loading skin file: DialogNotification.xml, load type: LOAD_ON_GUI_INIT
22:10:06.043 T:3020    INFO: Loading skin file: DialogSeekBar.xml, load type: LOAD_ON_GUI_INIT
22:10:06.043 T:3020    INFO: Loading skin file: DialogBusy.xml, load type: LOAD_ON_GUI_INIT
22:10:06.043 T:3020    INFO: Loading skin file: DialogExtendedProgressBar.xml, load type: LOAD_ON_GUI_INIT
22:10:06.044 T:3020    INFO: Loading resource://resource.uisounds.kodi/sounds.xml
22:10:06.054 T:3020    INFO:   skin loaded...
22:10:06.054 T:3020   DEBUG: Activating window ID: 12997
22:10:06.054 T:3020   DEBUG: ------ Window Init () ------
22:10:06.054 T:3020    INFO: load splash image: C:\Program Files (x86)\Kodi\media\Splash.png
22:10:06.061 T:3020   DEBUG: JSONRPC: JSON schema type definition references an unknown type Setting.Details.Setting
22:10:06.061 T:3020 WARNING: JSONRPC: Could not parse type "Setting.Details.SettingList"
22:10:06.061 T:3020    INFO: JSONRPC: Adding type "Setting.Details.SettingList" to list of incomplete definitions (waiting for "Setting.Details.Setting")
22:10:06.062 T:3020    INFO: JSONRPC: Resolving incomplete types/methods referencing Setting.Details.Setting
22:10:06.073 T:3020    INFO: JSONRPC v8.0.0: Successfully initialized
22:10:06.073 T:3020   DEBUG: ADDON: Starting service addons.
22:10:06.077 T:2444   DEBUG: Thread LanguageInvoker start, auto delete: false
22:10:06.077 T:2444   DEBUG: Previous line repeats 1 times.
22:10:06.077 T:2444    INFO: initializing python engine.
22:10:06.077 T:16200    INFO: Previous line repeats 1 times.
22:10:06.077 T:16200   DEBUG: Thread LanguageInvoker start, auto delete: false
22:10:06.078 T:16200    INFO: initializing python engine.
22:10:06.078 T:13456   DEBUG: Thread LanguageInvoker start, auto delete: false
22:10:06.078 T:13456    INFO: initializing python engine.
22:10:06.078 T:3020   DEBUG: Activating window ID: 12999
22:10:06.078 T:3020   DEBUG: ------ Window Init (Startup.xml) ------
22:10:06.078 T:9488   DEBUG: Thread LanguageInvoker start, auto delete: false
22:10:06.078 T:3020    INFO: Loading skin file: Startup.xml, load type: LOAD_EVERY_TIME
22:10:06.078 T:9488    INFO: initializing python engine.
22:10:06.078 T:3020   DEBUG: Activating window ID: 11114
22:10:06.078 T:3020   DEBUG: ------ Window Init (Custom_StartExit.xml) ------
22:10:06.078 T:3020    INFO: Loading skin file: Custom_StartExit.xml, load type: KEEP_IN_MEMORY
22:10:06.078 T:3020 WARNING: Label Formating: $VAR[Custom_ExitSubLabels] is not defined
22:10:06.079 T:3020 WARNING: Previous line repeats 1 times.
22:10:06.079 T:3020   DEBUG: [Warning] CGUITextureManager::GetTexturePath: could not find texture 'buttons/catbullet_nf.png'
22:10:06.079 T:3020   DEBUG: Previous line repeats 1 times.
22:10:06.079 T:3020   DEBUG: started alarm with name: close
22:10:06.079 T:3020   DEBUG: started alarm with name: starting
22:10:06.079 T:3020   DEBUG: CNetwork::NetworkMessage - Starting network services
22:10:06.079 T:3020  NOTICE: starting upnp client
22:10:06.079 T:4308   DEBUG: Thread AlarmClock start, auto delete: false
22:10:06.083 T:3020    INFO: JSONRPC Server: Successfully initialized
22:10:06.084 T:11664   DEBUG: Thread EventServer start, auto delete: false
22:10:06.084 T:11664  NOTICE: ES: Starting UDP Event server on port 9777
22:10:06.084 T:8248   DEBUG: Thread TCPServer start, auto delete: false
22:10:06.084 T:11664  NOTICE: UDP: Listening on port 9777 (ipv6 : false)
22:10:06.085 T:3020   DEBUG: ------ Window Init () ------
22:10:06.108 T:2444   DEBUG: CPythonInvoker(0, C:\Users\flyp1\AppData\Roaming\Kodi\addons\service.xbmc.versioncheck\resources\lib\runner.py): start processing
22:10:06.108 T:2096   DEBUG: CPythonInvoker(1, C:\Users\flyp1\AppData\Roaming\Kodi\addons\script.module.simple.downloader\default.py): start processing
22:10:06.108 T:13456   DEBUG: CPythonInvoker(3, C:\Users\flyp1\AppData\Roaming\Kodi\addons\script.skin.helper.widgets\service.py): start processing
22:10:06.108 T:9488   DEBUG: CPythonInvoker(4, C:\Users\flyp1\AppData\Roaming\Kodi\addons\service.library.data.provider\service.py): start processing
22:10:06.108 T:16200   DEBUG: CPythonInvoker(2, C:\Users\flyp1\AppData\Roaming\Kodi\addons\script.skin.helper.service\service.py): start processing
22:10:06.132 T:2444   DEBUG: -->Python Interpreter Initialized<--
22:10:06.132 T:2444   DEBUG: CPythonInvoker(0, C:\Users\flyp1\AppData\Roaming\Kodi\addons\service.xbmc.versioncheck\resources\lib\runner.py): the source file to load is "C:\Users\flyp1\AppData\Roaming\Kodi\addons\service.xbmc.versioncheck\resources\lib\runner.py"
22:10:06.132 T:2444   DEBUG: CPythonInvoker(0, C:\Users\flyp1\AppData\Roaming\Kodi\addons\service.xbmc.versioncheck\resources\lib\runner.py): setting the Python path to C:\Users\flyp1\AppData\Roaming\Kodi\addons\service.xbmc.versioncheck\resources\lib;C:\Program Files (x86)\Kodi\system\python\DLLs;C:\Program Files (x86)\Kodi\system\python\Lib;C:\Program Files (x86)\Kodi\python27.zip;C:\Program Files (x86)\Kodi\system\python\lib\plat-win;C:\Program Files (x86)\Kodi\system\python\lib\lib-tk;C:\Program Files (x86)\Kodi;C:\Program Files (x86)\Kodi\system\python;C:\Program Files (x86)\Kodi\system\python\lib\site-packages
22:10:06.132 T:2444   DEBUG: CPythonInvoker(0, C:\Users\flyp1\AppData\Roaming\Kodi\addons\service.xbmc.versioncheck\resources\lib\runner.py): entering source directory C:\Users\flyp1\AppData\Roaming\Kodi\addons\service.xbmc.versioncheck\resources\lib
22:10:06.133 T:2444   DEBUG: CPythonInvoker(0, C:\Users\flyp1\AppData\Roaming\Kodi\addons\service.xbmc.versioncheck\resources\lib\runner.py): instantiating addon using automatically obtained id of "service.xbmc.versioncheck" dependent on version 2.14.0 of the xbmc.python api
22:10:06.230 T:13456   DEBUG: -->Python Interpreter Initialized<--
22:10:06.230 T:13456   DEBUG: CPythonInvoker(3, C:\Users\flyp1\AppData\Roaming\Kodi\addons\script.skin.helper.widgets\service.py): the source file to load is "C:\Users\flyp1\AppData\Roaming\Kodi\addons\script.skin.helper.widgets\service.py"
22:10:06.231 T:2444   DEBUG: Version Check: Version 0.5.14 started
22:10:06.231 T:2096   DEBUG: -->Python Interpreter Initialized<--
22:10:06.231 T:2096   DEBUG: CPythonInvoker(1, C:\Users\flyp1\AppData\Roaming\Kodi\addons\script.module.simple.downloader\default.py): the source file to load is "C:\Users\flyp1\AppData\Roaming\Kodi\addons\script.module.simple.downloader\default.py"
22:10:06.231 T:9488   DEBUG: -->Python Interpreter Initialized<--
22:10:06.231 T:9488   DEBUG: CPythonInvoker(4, C:\Users\flyp1\AppData\Roaming\Kodi\addons\service.library.data.provider\service.py): the source file to load is "C:\Users\flyp1\AppData\Roaming\Kodi\addons\service.library.data.provider\service.py"
22:10:06.231 T:16200   DEBUG: -->Python Interpreter Initialized<--
22:10:06.231 T:16200   DEBUG: CPythonInvoker(2, C:\Users\flyp1\AppData\Roaming\Kodi\addons\script.skin.helper.service\service.py): the source file to load is "C:\Users\flyp1\AppData\Roaming\Kodi\addons\script.skin.helper.service\service.py"
22:10:06.233 T:13456   DEBUG: CPythonInvoker(3, C:\Users\flyp1\AppData\Roaming\Kodi\addons\script.skin.helper.widgets\service.py): setting the Python path to C:\Users\flyp1\AppData\Roaming\Kodi\addons\script.skin.helper.widgets;C:\Users\flyp1\AppData\Roaming\Kodi\addons\script.module.arrow\lib;C:\Users\flyp1\AppData\Roaming\Kodi\addons\script.module.backports.functools_lru_cache\lib;C:\Users\flyp1\AppData\Roaming\Kodi\addons\script.module.beautifulsoup\lib;C:\Users\flyp1\AppData\Roaming\Kodi\addons\script.module.certifi\lib;C:\Users\flyp1\AppData\Roaming\Kodi\addons\script.module.chardet\lib;C:\Users\flyp1\AppData\Roaming\Kodi\addons\script.module.dateutil\lib;C:\Users\flyp1\AppData\Roaming\Kodi\addons\script.module.idna\lib;C:\Users\flyp1\AppData\Roaming\Kodi\addons\script.module.metadatautils\lib;C:\Users\flyp1\AppData\Roaming\Kodi\addons\script.module.musicbrainz\lib;C:\Users\flyp1\AppData\Roaming\Kodi\addons\script.module.requests\lib;C:\Users\flyp1\AppData\Roaming\Kodi\addons\script.module.simplecache\lib;C:\Users\flyp1\AppData\Roaming\Kodi\addons\script.module.simplejson\lib;C:\Users\flyp1\AppData\Roaming\Kodi\addons\script.module.six\lib;C:\Users\flyp1\AppData\Roaming\Kodi\addons\script.module.thetvdb\lib;C:\Users\flyp1\AppData\Roaming\Kodi\addons\script.module.urllib3\lib;C:\Program Files (x86)\Kodi\system\python\DLLs;C:\Program Files (x86)\Kodi\system\python\Lib;C:\Program Files (x86)\Kodi\python27.zip;C:\Program Files (x86)\Kodi\system\python\lib\plat-win;C:\Program Files (x86)\Kodi\system\python\lib\lib-tk;C:\Program Files (x86)\Kodi;C:\Program Files (x86)\Kodi\system\python;C:\Program Files (x86)\Kodi\system\python\lib\site-packages
22:10:06.233 T:13456   DEBUG: CPythonInvoker(3, C:\Users\flyp1\AppData\Roaming\Kodi\addons\script.skin.helper.widgets\service.py): entering source directory C:\Users\flyp1\AppData\Roaming\Kodi\addons\script.skin.helper.widgets
22:10:06.233 T:2096   DEBUG: CPythonInvoker(1, C:\Users\flyp1\AppData\Roaming\Kodi\addons\script.module.simple.downloader\default.py): setting the Python path to C:\Users\flyp1\AppData\Roaming\Kodi\addons\script.module.simple.downloader;C:\Users\flyp1\AppData\Roaming\Kodi\addons\script.common.plugin.cache\resources\lib\storage_server\;C:\Users\flyp1\AppData\Roaming\Kodi\addons\script.module.parsedom\lib;C:\Program Files (x86)\Kodi\system\python\DLLs;C:\Program Files (x86)\Kodi\system\python\Lib;C:\Program Files (x86)\Kodi\python27.zip;C:\Program Files (x86)\Kodi\system\python\lib\plat-win;C:\Program Files (x86)\Kodi\system\python\lib\lib-tk;C:\Program Files (x86)\Kodi;C:\Program Files (x86)\Kodi\system\python;C:\Program Files (x86)\Kodi\system\python\lib\site-packages
22:10:06.233 T:2096   DEBUG: CPythonInvoker(1, C:\Users\flyp1\AppData\Roaming\Kodi\addons\script.module.simple.downloader\default.py): entering source directory C:\Users\flyp1\AppData\Roaming\Kodi\addons\script.module.simple.downloader
22:10:06.233 T:9488   DEBUG: CPythonInvoker(4, C:\Users\flyp1\AppData\Roaming\Kodi\addons\service.library.data.provider\service.py): setting the Python path to C:\Users\flyp1\AppData\Roaming\Kodi\addons\service.library.data.provider;C:\Users\flyp1\AppData\Roaming\Kodi\addons\script.module.routing\lib;C:\Users\flyp1\AppData\Roaming\Kodi\addons\script.module.simplejson\lib;C:\Program Files (x86)\Kodi\system\python\DLLs;C:\Program Files (x86)\Kodi\system\python\Lib;C:\Program Files (x86)\Kodi\python27.zip;C:\Program Files (x86)\Kodi\system\python\lib\plat-win;C:\Program Files (x86)\Kodi\system\python\lib\lib-tk;C:\Program Files (x86)\Kodi;C:\Program Files (x86)\Kodi\system\python;C:\Program Files (x86)\Kodi\system\python\lib\site-packages
22:10:06.233 T:9488   DEBUG: CPythonInvoker(4, C:\Users\flyp1\AppData\Roaming\Kodi\addons\service.library.data.provider\service.py): entering source directory C:\Users\flyp1\AppData\Roaming\Kodi\addons\service.library.data.provider
22:10:06.233 T:13456   DEBUG: CPythonInvoker(3, C:\Users\flyp1\AppData\Roaming\Kodi\addons\script.skin.helper.widgets\service.py): instantiating addon using automatically obtained id of "script.skin.helper.widgets" dependent on version 2.24.0 of the xbmc.python api
22:10:06.233 T:16200   DEBUG: CPythonInvoker(2, C:\Users\flyp1\AppData\Roaming\Kodi\addons\script.skin.helper.service\service.py): setting the Python path to C:\Users\flyp1\AppData\Roaming\Kodi\addons\script.skin.helper.service;C:\Users\flyp1\AppData\Roaming\Kodi\addons\script.module.arrow\lib;C:\Users\flyp1\AppData\Roaming\Kodi\addons\script.module.backports.functools_lru_cache\lib;C:\Users\flyp1\AppData\Roaming\Kodi\addons\script.module.beautifulsoup\lib;C:\Users\flyp1\AppData\Roaming\Kodi\addons\script.module.certifi\lib;C:\Users\flyp1\AppData\Roaming\Kodi\addons\script.module.chardet\lib;C:\Users\flyp1\AppData\Roaming\Kodi\addons\script.module.dateutil\lib;C:\Users\flyp1\AppData\Roaming\Kodi\addons\script.module.idna\lib;C:\Users\flyp1\AppData\Roaming\Kodi\addons\script.module.metadatautils\lib;C:\Users\flyp1\AppData\Roaming\Kodi\addons\script.module.musicbrainz\lib;C:\Users\flyp1\AppData\Roaming\Kodi\addons\script.module.requests\lib;C:\Users\flyp1\AppData\Roaming\Kodi\addons\script.module.simplecache\lib;C:\Users\flyp1\AppData\Roaming\Kodi\addons\script.module.simplejson\lib;C:\Users\flyp1\AppData\Roaming\Kodi\addons\script.module.six\lib;C:\Users\flyp1\AppData\Roaming\Kodi\addons\script.module.thetvdb\lib;C:\Users\flyp1\AppData\Roaming\Kodi\addons\script.module.urllib3\lib;C:\Program Files (x86)\Kodi\system\python\DLLs;C:\Program Files (x86)\Kodi\system\python\Lib;C:\Program Files (x86)\Kodi\python27.zip;C:\Program Files (x86)\Kodi\system\python\lib\plat-win;C:\Program Files (x86)\Kodi\system\python\lib\lib-tk;C:\Program Files (x86)\Kodi;C:\Program Files (x86)\Kodi\system\python;C:\Program Files (x86)\Kodi\system\python\lib\site-packages
22:10:06.233 T:16200   DEBUG: CPythonInvoker(2, C:\Users\flyp1\AppData\Roaming\Kodi\addons\script.skin.helper.service\service.py): entering source directory C:\Users\flyp1\AppData\Roaming\Kodi\addons\script.skin.helper.service
22:10:06.234 T:2096   DEBUG: CPythonInvoker(1, C:\Users\flyp1\AppData\Roaming\Kodi\addons\script.module.simple.downloader\default.py): instantiating addon using automatically obtained id of "script.module.simple.downloader" dependent on version 2.1.0 of the xbmc.python api
22:10:06.241 T:9488   DEBUG: CPythonInvoker(4, C:\Users\flyp1\AppData\Roaming\Kodi\addons\service.library.data.provider\service.py): instantiating addon using automatically obtained id of "service.library.data.provider" dependent on version 2.25.0 of the xbmc.python api
22:10:06.242 T:16200   DEBUG: CPythonInvoker(2, C:\Users\flyp1\AppData\Roaming\Kodi\addons\script.skin.helper.service\service.py): instantiating addon using automatically obtained id of "script.skin.helper.service" dependent on version 2.13.0 of the xbmc.python api
22:10:06.927 T:16200   DEBUG: Skin Helper Simplecache --> Initialized
22:10:06.928 T:16200   DEBUG: Previous line repeats 1 times.
22:10:06.928 T:16200   DEBUG: script.module.thetvdb --> Initialized
22:10:06.930 T:16200   DEBUG: Skin Helper Simplecache --> Initialized
22:10:06.930 T:13456   DEBUG: Previous line repeats 1 times.
22:10:06.930 T:13456  NOTICE: Skin Helper Widgets --> Backgroundservice started
22:10:06.957 T:16200   DEBUG: Skin Helper Simplecache --> Initialized
22:10:06.957 T:16200   DEBUG: Metadata and Artwork module --> Initialized
22:10:06.958 T:9488   DEBUG: Library Data Provider: service version 0.3.2 started
22:10:06.973 T:16200   DEBUG: Skin Helper Simplecache --> Initialized
22:10:06.975 T:4436   DEBUG: Skin Helper Service --> ListItemMonitor - started
22:10:06.975 T:1148  NOTICE: Skin Helper Service --> WebService - start helper webservice on port 52307
22:10:06.976 T:16200  NOTICE: Skin Helper Service --> Skin Helper Service version 1.1.3 started
22:10:07.007 T:2096    INFO: CPythonInvoker(1, C:\Users\flyp1\AppData\Roaming\Kodi\addons\script.module.simple.downloader\default.py): script successfully run
22:10:07.014 T:2096    INFO: Python script stopped
22:10:07.014 T:2096   DEBUG: Thread LanguageInvoker 2096 terminating
22:10:07.023 T:9488   DEBUG: CVideoDatabase::RunQuery took 58 ms for 1276 items query: select * from movie_view  WHERE ((movie_view.playCount IS NULL OR movie_view.playCount < 1))
22:10:07.039 T:14804   DEBUG: Thread Timer start, auto delete: false
22:10:07.040 T:14804   DEBUG: Thread Timer 14804 terminating
22:10:07.041 T:10780   DEBUG: Thread Timer start, auto delete: false
22:10:07.053 T:10780   DEBUG: Thread Timer 10780 terminating
22:10:07.053 T:5216   DEBUG: Thread Timer start, auto delete: false
22:10:07.065 T:5216   DEBUG: Thread Timer 5216 terminating
22:10:07.065 T:6040   DEBUG: Thread Timer start, auto delete: false
22:10:07.077 T:6040   DEBUG: Thread Timer 6040 terminating
22:10:07.078 T:6364   DEBUG: Thread Timer start, auto delete: false
22:10:07.266 T:9488   DEBUG: CVideoDatabase::RunQuery took 158 ms for 20226 items query: select * from episode_view  WHERE ((episode_view.playCount IS NULL OR episode_view.playCount < 1))
22:10:07.444 T:12128   DEBUG: CRemoteControl::Connect - connecting to: 127.0.0.1:24000 ...
22:10:07.524 T:9488   DEBUG: CMusicDatabase::GetSongsFullByWhere query = SELECT sv.*, songartistview.* FROM (SELECT songview.* FROM songview  WHERE ((CAST(songview.iTimesPlayed as DECIMAL(5,1)) < 1)) ORDER BY RANDOM() LIMIT 20) AS sv JOIN songartistview ON songartistview.idsong = sv.idsong  ORDER BY songartistview.idsong, songartistview.idRole, songartistview.iOrder
22:10:07.537 T:9488   DEBUG: CMusicDatabase::GetSongsFullByWhere() - took 17 ms
22:10:07.553 T:9488   DEBUG: CMusicDatabase::GetAlbumsByWhere query: SELECT albumview.*, albumartistview.* FROM albumview JOIN albumartistview ON albumartistview.idalbum = albumview.idalbum  WHERE albumview.strReleaseType = 'album'
22:10:07.559 T:9488   DEBUG: CMusicDatabase::GetAlbumsByWhere - query took 6 ms
22:10:07.576 T:9488   DEBUG: CVideoDatabase::RunQuery took 0 ms for 0 items query: select * from musicvideo_view  WHERE ((musicvideo_view.playCount IS NULL OR musicvideo_view.playCount < 1))
22:10:07.579 T:6364   DEBUG: Thread Timer 6364 terminating
22:10:07.634 T:9488   DEBUG: CVideoDatabase::RunQuery took 55 ms for 1276 items query: select * from movie_view  WHERE ((movie_view.playCount IS NULL OR movie_view.playCount < 1))
22:10:07.896 T:9488   DEBUG: CVideoDatabase::RunQuery took 157 ms for 20226 items query: select * from episode_view  WHERE ((episode_view.playCount IS NULL OR episode_view.playCount < 1))
22:10:08.301 T:9488   DEBUG: CMusicDatabase::GetAlbumsByWhere query: SELECT albumview.*, albumartistview.* FROM albumview JOIN albumartistview ON albumartistview.idalbum = albumview.idalbum  WHERE albumview.strReleaseType = 'album'
22:10:08.307 T:9488   DEBUG: CMusicDatabase::GetAlbumsByWhere - query took 6 ms
22:10:08.327 T:9488   DEBUG: CVideoDatabase::RunQuery took 1 ms for 0 items query: select * from musicvideo_view  WHERE ((musicvideo_view.playCount IS NULL OR musicvideo_view.playCount < 1))
22:10:08.333 T:9488   DEBUG: CVideoDatabase::RunQuery took 4 ms for 71 items query: select * from movie_view  WHERE (movie_view.idFile  IN (SELECT DISTINCT idFile FROM bookmark WHERE type = 1))
22:10:08.452 T:9488   DEBUG: CVideoDatabase::RunQuery took 63 ms for 171 items query: SELECT * FROM tvshow_view  WHERE ((CASE WHEN COALESCE(tvshow_view.totalCount - tvshow_view.watchedcount, 0) > 0 THEN 0 ELSE 1 END  < 1)) AND ( ((tvshow_view.watchedcount > 0 AND tvshow_view.watchedcount < tvshow_view.totalCount) OR (tvshow_view.watchedcount = 0 AND EXISTS (SELECT 1 FROM episode_view WHERE episode_view.idShow = tvshow_view.idShow AND episode_view.resumeTimeInSeconds > 0))))
22:10:08.469 T:9488   DEBUG: CVideoDatabase::RunQuery took 2 ms for 207 items query: select * from episode_view  WHERE (episode_view.idShow = 155) AND (((episode_view.playCount IS NULL OR episode_view.playCount < 1)))
22:10:08.469 T:9488   DEBUG: DatabaseUtils::GetSortFieldList: unknown field 30
22:10:08.480 T:9488   DEBUG: CVideoDatabase::RunQuery took 1 ms for 130 items query: select * from episode_view  WHERE (episode_view.idShow = 414) AND (((episode_view.playCount IS NULL OR episode_view.playCount < 1)))
22:10:08.480 T:9488   DEBUG: DatabaseUtils::GetSortFieldList: unknown field 30
22:10:08.489 T:9488   DEBUG: CVideoDatabase::RunQuery took 1 ms for 16 items query: select * from episode_view  WHERE (episode_view.idShow = 380) AND (((episode_view.playCount IS NULL OR episode_view.playCount < 1)))
22:10:08.489 T:9488   DEBUG: DatabaseUtils::GetSortFieldList: unknown field 30
22:10:08.497 T:9488   DEBUG: CVideoDatabase::RunQuery took 1 ms for 79 items query: select * from episode_view  WHERE (episode_view.idShow = 431) AND (((episode_view.playCount IS NULL OR episode_view.playCount < 1)))
22:10:08.497 T:9488   DEBUG: DatabaseUtils::GetSortFieldList: unknown field 30
22:10:08.506 T:9488   DEBUG: CVideoDatabase::RunQuery took 2 ms for 260 items query: select * from episode_view  WHERE (episode_view.idShow = 361) AND (((episode_view.playCount IS NULL OR episode_view.playCount < 1)))
22:10:08.506 T:9488   DEBUG: DatabaseUtils::GetSortFieldList: unknown field 30
22:10:08.517 T:9488   DEBUG: CVideoDatabase::RunQuery took 1 ms for 36 items query: select * from episode_view  WHERE (episode_view.idShow = 350) AND (((episode_view.playCount IS NULL OR episode_view.playCount < 1)))
22:10:08.517 T:9488   DEBUG: DatabaseUtils::GetSortFieldList: unknown field 30
22:10:08.526 T:9488   DEBUG: CVideoDatabase::RunQuery took 2 ms for 196 items query: select * from episode_view  WHERE (episode_view.idShow = 342) AND (((episode_view.playCount IS NULL OR episode_view.playCount < 1)))
22:10:08.526 T:9488   DEBUG: DatabaseUtils::GetSortFieldList: unknown field 30
22:10:08.538 T:9488   DEBUG: CVideoDatabase::RunQuery took 1 ms for 111 items query: select * from episode_view  WHERE (episode_view.idShow = 135) AND (((episode_view.playCount IS NULL OR episode_view.playCount < 1)))
22:10:08.538 T:9488   DEBUG: DatabaseUtils::GetSortFieldList: unknown field 30
22:10:08.547 T:9488   DEBUG: CVideoDatabase::RunQuery took 1 ms for 96 items query: select * from episode_view  WHERE (episode_view.idShow = 10) AND (((episode_view.playCount IS NULL OR episode_view.playCount < 1)))
22:10:08.547 T:9488   DEBUG: DatabaseUtils::GetSortFieldList: unknown field 30
22:10:08.555 T:9488   DEBUG: CVideoDatabase::RunQuery took 1 ms for 148 items query: select * from episode_view  WHERE (episode_view.idShow = 202) AND (((episode_view.playCount IS NULL OR episode_view.playCount < 1)))
22:10:08.555 T:9488   DEBUG: DatabaseUtils::GetSortFieldList: unknown field 30
22:10:08.564 T:9488   DEBUG: CVideoDatabase::RunQuery took 1 ms for 136 items query: select * from episode_view  WHERE (episode_view.idShow = 341) AND (((episode_view.playCount IS NULL OR episode_view.playCount < 1)))
22:10:08.564 T:9488   DEBUG: DatabaseUtils::GetSortFieldList: unknown field 30
22:10:08.572 T:9488   DEBUG: CVideoDatabase::RunQuery took 0 ms for 44 items query: select * from episode_view  WHERE (episode_view.idShow = 289) AND (((episode_view.playCount IS NULL OR episode_view.playCount < 1)))
22:10:08.572 T:9488   DEBUG: DatabaseUtils::GetSortFieldList: unknown field 30
22:10:08.579 T:9488   DEBUG: CVideoDatabase::RunQuery took 0 ms for 42 items query: select * from episode_view  WHERE (episode_view.idShow = 396) AND (((episode_view.playCount IS NULL OR episode_view.playCount < 1)))
22:10:08.579 T:9488   DEBUG: DatabaseUtils::GetSortFieldList: unknown field 30
22:10:08.586 T:9488   DEBUG: CVideoDatabase::RunQuery took 1 ms for 60 items query: select * from episode_view  WHERE (episode_view.idShow = 325) AND (((episode_view.playCount IS NULL OR episode_view.playCount < 1)))
22:10:08.586 T:9488   DEBUG: DatabaseUtils::GetSortFieldList: unknown field 30
22:10:08.596 T:9488   DEBUG: CVideoDatabase::RunQuery took 2 ms for 159 items query: select * from episode_view  WHERE (episode_view.idShow = 2) AND (((episode_view.playCount IS NULL OR episode_view.playCount < 1)))
22:10:08.596 T:9488   DEBUG: DatabaseUtils::GetSortFieldList: unknown field 30
22:10:08.605 T:9488   DEBUG: CVideoDatabase::RunQuery took 1 ms for 96 items query: select * from episode_view  WHERE (episode_view.idShow = 36) AND (((episode_view.playCount IS NULL OR episode_view.playCount < 1)))
22:10:08.605 T:9488   DEBUG: DatabaseUtils::GetSortFieldList: unknown field 30
22:10:08.626 T:9488   DEBUG: CVideoDatabase::RunQuery took 2 ms for 103 items query: select * from episode_view  WHERE (episode_view.idShow = 330) AND (((episode_view.playCount IS NULL OR episode_view.playCount < 1)))
22:10:08.626 T:9488   DEBUG: DatabaseUtils::GetSortFieldList: unknown field 30
22:10:08.634 T:9488   DEBUG: CVideoDatabase::RunQuery took 1 ms for 80 items query: select * from episode_view  WHERE (episode_view.idShow = 33) AND (((episode_view.playCount IS NULL OR episode_view.playCount < 1)))
22:10:08.634 T:9488   DEBUG: DatabaseUtils::GetSortFieldList: unknown field 30
22:10:08.642 T:9488   DEBUG: CVideoDatabase::RunQuery took 0 ms for 53 items query: select * from episode_view  WHERE (episode_view.idShow = 424) AND (((episode_view.playCount IS NULL OR episode_view.playCount < 1)))
22:10:08.643 T:9488   DEBUG: DatabaseUtils::GetSortFieldList: unknown field 30
22:10:08.651 T:9488   DEBUG: CVideoDatabase::RunQuery took 1 ms for 65 items query: select * from episode_view  WHERE (episode_view.idShow = 320) AND (((episode_view.playCount IS NULL OR episode_view.playCount < 1)))
22:10:08.651 T:9488   DEBUG: DatabaseUtils::GetSortFieldList: unknown field 30
22:10:08.658 T:9488   DEBUG: CMusicDatabase::GetAlbumsByWhere query: SELECT albumview.*, albumartistview.* FROM albumview JOIN albumartistview ON albumartistview.idalbum = albumview.idalbum  WHERE albumview.strReleaseType = 'album'
22:10:08.663 T:9488   DEBUG: CMusicDatabase::GetAlbumsByWhere - query took 5 ms
22:10:08.679 T:9488   DEBUG: CFavourites::Load - no system favourites found, skipping
22:10:08.679 T:9488   DEBUG: Library Data Provider: Total time needed for all queries: 0:00:01.716000
22:10:09.474 T:12128   DEBUG: CRemoteControl::Connect - failed to connect
22:10:09.474 T:12128    INFO: CRemoteControl::Process - failed to connect to irss, will keep retrying every 5 seconds
22:10:10.856 T:3020   DEBUG: ------ Window Deinit (Custom_StartExit.xml) ------
22:10:10.872 T:3020 WARNING: CApplication::Initialize - startup.xml taints init process
22:10:10.886 T:3020   DEBUG: ContextMenuManager: addon menus reloaded.
22:10:10.886 T:3020    INFO: removing tempfiles
22:10:10.887 T:3020   DEBUG: ADDON: Starting service addons.
22:10:10.903 T:3020  NOTICE: initialize done
22:10:10.903 T:9148   DEBUG: Thread LanguageInvoker start, auto delete: false
22:10:10.903 T:3020  NOTICE: Running the application...
22:10:10.904 T:10664   DEBUG: Thread LanguageInvoker start, auto delete: false
22:10:10.904 T:9148    INFO: initializing python engine.
22:10:10.904 T:9148   DEBUG: CPythonInvoker(5, C:\Users\flyp1\AppData\Roaming\Kodi\addons\script.common.plugin.cache\resources\lib\entry_point.py): start processing
22:10:10.904 T:3020   DEBUG: no profile autoexec.py (C:\Users\flyp1\AppData\Roaming\Kodi\userdata\autoexec.py) found, skipping
22:10:10.904 T:10664    INFO: initializing python engine.
22:10:10.904 T:10664   DEBUG: CPythonInvoker(6, C:\Users\flyp1\AppData\Roaming\Kodi\addons\script.paragontv\service.py): start processing
22:10:10.928 T:9148   DEBUG: -->Python Interpreter Initialized<--
22:10:10.928 T:9148   DEBUG: CPythonInvoker(5, C:\Users\flyp1\AppData\Roaming\Kodi\addons\script.common.plugin.cache\resources\lib\entry_point.py): the source file to load is "C:\Users\flyp1\AppData\Roaming\Kodi\addons\script.common.plugin.cache\resources\lib\entry_point.py"
22:10:10.928 T:9148   DEBUG: CPythonInvoker(5, C:\Users\flyp1\AppData\Roaming\Kodi\addons\script.common.plugin.cache\resources\lib\entry_point.py): setting the Python path to C:\Users\flyp1\AppData\Roaming\Kodi\addons\script.common.plugin.cache\resources\lib;C:\Program Files (x86)\Kodi\system\python\DLLs;C:\Program Files (x86)\Kodi\system\python\Lib;C:\Program Files (x86)\Kodi\python27.zip;C:\Program Files (x86)\Kodi\system\python\lib\plat-win;C:\Program Files (x86)\Kodi\system\python\lib\lib-tk;C:\Program Files (x86)\Kodi;C:\Program Files (x86)\Kodi\system\python;C:\Program Files (x86)\Kodi\system\python\lib\site-packages
22:10:10.928 T:9148   DEBUG: CPythonInvoker(5, C:\Users\flyp1\AppData\Roaming\Kodi\addons\script.common.plugin.cache\resources\lib\entry_point.py): entering source directory C:\Users\flyp1\AppData\Roaming\Kodi\addons\script.common.plugin.cache\resources\lib
22:10:10.932 T:9148   DEBUG: CPythonInvoker(5, C:\Users\flyp1\AppData\Roaming\Kodi\addons\script.common.plugin.cache\resources\lib\entry_point.py): instantiating addon using automatically obtained id of "script.common.plugin.cache" dependent on version 2.24.0 of the xbmc.python api
22:10:10.951 T:10664   DEBUG: -->Python Interpreter Initialized<--
22:10:10.951 T:10664   DEBUG: CPythonInvoker(6, C:\Users\flyp1\AppData\Roaming\Kodi\addons\script.paragontv\service.py): the source file to load is "C:\Users\flyp1\AppData\Roaming\Kodi\addons\script.paragontv\service.py"
22:10:10.951 T:10664   DEBUG: CPythonInvoker(6, C:\Users\flyp1\AppData\Roaming\Kodi\addons\script.paragontv\service.py): setting the Python path to C:\Users\flyp1\AppData\Roaming\Kodi\addons\script.paragontv;C:\Program Files (x86)\Kodi\addons\script.module.pil\lib;C:\Program Files (x86)\Kodi\system\python\DLLs;C:\Program Files (x86)\Kodi\system\python\Lib;C:\Program Files (x86)\Kodi\python27.zip;C:\Program Files (x86)\Kodi\system\python\lib\plat-win;C:\Program Files (x86)\Kodi\system\python\lib\lib-tk;C:\Program Files (x86)\Kodi;C:\Program Files (x86)\Kodi\system\python;C:\Program Files (x86)\Kodi\system\python\lib\site-packages
22:10:10.951 T:10664   DEBUG: CPythonInvoker(6, C:\Users\flyp1\AppData\Roaming\Kodi\addons\script.paragontv\service.py): entering source directory C:\Users\flyp1\AppData\Roaming\Kodi\addons\script.paragontv
22:10:10.951 T:10664   DEBUG: CPythonInvoker(6, C:\Users\flyp1\AppData\Roaming\Kodi\addons\script.paragontv\service.py): instantiating addon using automatically obtained id of "script.paragontv" dependent on version 2.14.0 of the xbmc.python api
22:10:10.967 T:10664   DEBUG: script.paragontv-Paragon TV-Paragon TV Service Started
22:10:10.967 T:10664   DEBUG: script.paragontv-Paragon TV-Version: 2.4.4
22:10:10.971 T:8516   DEBUG: script.paragontv-Paragon TV-Settings monitor started
22:10:10.971 T:10664   DEBUG: script.paragontv-Paragon TV-Starting Maintenance Timer Service
22:10:10.971 T:10664   DEBUG: script.paragontv-Paragon TV-Starting Startup Timer Service
22:10:10.971 T:10664   DEBUG: script.paragontv-Paragon TV-Starting Shutdown Scheduler Service
22:10:10.971 T:10664  NOTICE: script.paragontv-Paragon TV-Starting Preset System Timer Service
22:10:10.972 T:12516   DEBUG: Thread LanguageInvoker start, auto delete: false
22:10:10.972 T:12516    INFO: initializing python engine.
22:10:10.972 T:12516   DEBUG: CPythonInvoker(7, C:\Users\flyp1\AppData\Roaming\Kodi\addons\script.paragontv\resources\lib\ptv_maintenance_timer.py): start processing
22:10:10.972 T:15732   DEBUG: Thread LanguageInvoker start, auto delete: false
22:10:10.972 T:15732    INFO: initializing python engine.
22:10:10.972 T:15732   DEBUG: CPythonInvoker(8, C:\Users\flyp1\AppData\Roaming\Kodi\addons\script.paragontv\resources\lib\ptv_startup_timer.py): start processing
22:10:10.972 T:528   DEBUG: Thread LanguageInvoker start, auto delete: false
22:10:10.972 T:528    INFO: initializing python engine.
22:10:10.972 T:528   DEBUG: CPythonInvoker(9, C:\Users\flyp1\AppData\Roaming\Kodi\addons\script.paragontv\resources\lib\ptv_shutdown_timer.py): start processing
22:10:10.972 T:11660   DEBUG: Thread LanguageInvoker start, auto delete: false
22:10:10.972 T:11660    INFO: initializing python engine.
22:10:10.972 T:11660   DEBUG: CPythonInvoker(10, C:\Users\flyp1\AppData\Roaming\Kodi\addons\script.paragontv\resources\lib\ptv_preset_timer.py): start processing
22:10:10.990 T:9424   DEBUG: [StorageClient-2.6.3] Service loaded, starting server ...
22:10:11.102 T:12516   DEBUG: -->Python Interpreter Initialized<--
22:10:11.102 T:12516   DEBUG: CPythonInvoker(7, C:\Users\flyp1\AppData\Roaming\Kodi\addons\script.paragontv\resources\lib\ptv_maintenance_timer.py): the source file to load is "C:\Users\flyp1\AppData\Roaming\Kodi\addons\script.paragontv\resources\lib\ptv_maintenance_timer.py"
22:10:11.102 T:12516 WARNING: CPythonInvoker(7): Script invoked without an addon. Adding all addon modules installed to python path as fallback. This behaviour will be removed in future version.
22:10:11.106 T:15732   DEBUG: -->Python Interpreter Initialized<--
22:10:11.106 T:15732   DEBUG: CPythonInvoker(8, C:\Users\flyp1\AppData\Roaming\Kodi\addons\script.paragontv\resources\lib\ptv_startup_timer.py): the source file to load is "C:\Users\flyp1\AppData\Roaming\Kodi\addons\script.paragontv\resources\lib\ptv_startup_timer.py"
22:10:11.106 T:15732 WARNING: CPythonInvoker(8): Script invoked without an addon. Adding all addon modules installed to python path as fallback. This behaviour will be removed in future version.
22:10:11.110 T:528   DEBUG: -->Python Interpreter Initialized<--
22:10:11.110 T:528   DEBUG: CPythonInvoker(9, C:\Users\flyp1\AppData\Roaming\Kodi\addons\script.paragontv\resources\lib\ptv_shutdown_timer.py): the source file to load is "C:\Users\flyp1\AppData\Roaming\Kodi\addons\script.paragontv\resources\lib\ptv_shutdown_timer.py"
22:10:11.110 T:528 WARNING: CPythonInvoker(9): Script invoked without an addon. Adding all addon modules installed to python path as fallback. This behaviour will be removed in future version.
22:10:11.113 T:11660   DEBUG: -->Python Interpreter Initialized<--
22:10:11.113 T:11660   DEBUG: CPythonInvoker(10, C:\Users\flyp1\AppData\Roaming\Kodi\addons\script.paragontv\resources\lib\ptv_preset_timer.py): the source file to load is "C:\Users\flyp1\AppData\Roaming\Kodi\addons\script.paragontv\resources\lib\ptv_preset_timer.py"
22:10:11.113 T:11660 WARNING: CPythonInvoker(10): Script invoked without an addon. Adding all addon modules installed to python path as fallback. This behaviour will be removed in future version.
22:10:11.118 T:12516   DEBUG: CPythonInvoker(7, C:\Users\flyp1\AppData\Roaming\Kodi\addons\script.paragontv\resources\lib\ptv_maintenance_timer.py): setting the Python path to C:\Users\flyp1\AppData\Roaming\Kodi\addons\script.paragontv\resources\lib;C:\Program Files (x86)\Kodi\addons\script.module.pil\lib;C:\Users\flyp1\AppData\Roaming\Kodi\addons\script.module.pyfscache\lib;C:\Users\flyp1\AppData\Roaming\Kodi\addons\script.common.plugin.cache\resources\lib\storage_server\;C:\Users\flyp1\AppData\Roaming\Kodi\addons\script.module.beautifulsoup\lib;C:\Users\flyp1\AppData\Roaming\Kodi\addons\script.module.simplejson\lib;C:\Users\flyp1\AppData\Roaming\Kodi\addons\script.module.buggalo\lib;C:\Users\flyp1\AppData\Roaming\Kodi\addons\script.module.feedparser\lib;C:\Users\flyp1\AppData\Roaming\Kodi\addons\script.module.addon.common\lib;C:\Users\flyp1\AppData\Roaming\Kodi\addons\script.module.myconnpy\lib;C:\Users\flyp1\AppData\Roaming\Kodi\addons\script.module.metahandler\lib;C:\Users\flyp1\AppData\Roaming\Kodi\addons\script.module.certifi\lib;C:\Users\flyp1\AppData\Roaming\Kodi\addons\script.module.chardet\lib;C:\Users\flyp1\AppData\Roaming\Kodi\addons\script.module.idna\lib;C:\Users\flyp1\AppData\Roaming\Kodi\addons\script.module.urllib3\lib;C:\Users\flyp1\AppData\Roaming\Kodi\addons\script.module.requests\lib;C:\Users\flyp1\AppData\Roaming\Kodi\addons\script.module.parsedom\lib;C:\Users\flyp1\AppData\Roaming\Kodi\addons\script.module.simple.downloader\lib;C:\Users\flyp1\AppData\Roaming\Kodi\addons\script.module.t0mm0.common\lib;C:\Users\flyp1\AppData\Roaming\Kodi\addons\script.module.urlresolver\lib;C:\Users\flyp1\AppData\Roaming\Kodi\addons\script.module.addon.signals\lib;C:\Users\flyp1\AppData\Roaming\Kodi\addons\script.module.youtube.dl\lib;C:\Users\flyp1\AppData\Roaming\Kodi\addons\script.module.autocompletion\lib;C:\Users\flyp1\AppData\Roaming\Kodi\addons\script.module.kodi65\lib;C:\Users\flyp1\AppData\Roaming\Kodi\addons\script.module.routing\lib;C:\Users\flyp1\AppData\Roaming\Kodi\addons\script.module.backports.functools_lru_cache\lib;C:\Users\flyp1\AppData\Roaming\Kodi\addons\script.module.six\lib;C:\Users\flyp1\AppData\Roaming\Kodi\addons\script.module.dateutil\lib;C:\Users\flyp1\AppData\Roaming\Kodi\addons\script.module.arrow\lib;C:\Users\flyp1\AppData\Roaming\Kodi\addons\script.module.musicbrainz\lib;C:\Users\flyp1\AppData\Roaming\Kodi\addons\script.module.simplecache\lib;C:\Users\flyp1\AppData\Roaming\Kodi\addons\script.module.thetvdb\lib;C:\Users\flyp1\AppData\Roaming\Kodi\addons\script.module.metadatautils\lib;C:\Users\flyp1\AppData\Roaming\Kodi\addons\script.module.unidecode\lib;C:\Users\flyp1\AppData\Roaming\Kodi\addons\script.module.future\libs;C:\Users\flyp1\AppData\Roaming\Kodi\addons\script.module.simpleplugin3\libs;C:\Program Files (x86)\Kodi\system\python\DLLs;C:\Program Files (x86)\Kodi\system\python\Lib;C:\Program Files (x86)\Kodi\python27.zip;C:\Program Files (x86)\Kodi\system\python\lib\plat-win;C:\Program Files (x86)\Kodi\system\python\lib\lib-tk;C:\Program Files (x86)\Kodi;C:\Program Files (x86)\Kodi\system\python;C:\Program Files (x86)\Kodi\system\python\lib\site-packages
22:10:11.118 T:12516   DEBUG: CPythonInvoker(7, C:\Users\flyp1\AppData\Roaming\Kodi\addons\script.paragontv\resources\lib\ptv_maintenance_timer.py): entering source directory C:\Users\flyp1\AppData\Roaming\Kodi\addons\script.paragontv\resources\lib
