10:39:25.589 T:8744   DEBUG: LocalizeStrings: loaded 2 strings from file C:\Program Files (x86)\Kodi\addons\pvr.njoy\resources\language\resource.language.en_gb\strings.po
10:39:25.589 T:8744   DEBUG: LocalizeStrings: loaded 2 strings from file C:\Program Files (x86)\Kodi\addons\pvr.octonet\resources\language\resource.language.en_gb\strings.po
10:39:25.590 T:8744   DEBUG: LocalizeStrings: loaded 8 strings from file C:\Program Files (x86)\Kodi\addons\pvr.pctv\resources\language\resource.language.en_gb\strings.po
10:39:25.590 T:8744   DEBUG: LocalizeStrings: loaded 43 strings from file C:\Program Files (x86)\Kodi\addons\pvr.stalker\resources\language\resource.language.en_gb\strings.po
10:39:25.590 T:8744   DEBUG: LocalizeStrings: loaded 25 strings from file C:\Program Files (x86)\Kodi\addons\pvr.vbox\resources\language\resource.language.en_gb\strings.po
10:39:25.590 T:8744   DEBUG: LocalizeStrings: loaded 70 strings from file C:\Program Files (x86)\Kodi\addons\pvr.vdr.vnsi\resources\language\resource.language.en_gb\strings.po
10:39:25.591 T:8744   DEBUG: LocalizeStrings: loaded 27 strings from file C:\Program Files (x86)\Kodi\addons\pvr.vuplus\resources\language\resource.language.en_gb\strings.po
10:39:25.591 T:8744   DEBUG: LocalizeStrings: loaded 70 strings from file C:\Program Files (x86)\Kodi\addons\pvr.wmc\resources\language\resource.language.en_gb\strings.po
10:39:25.592 T:8744   DEBUG: LocalizeStrings: loaded 8 strings from file C:\Program Files (x86)\Kodi\addons\screensaver.biogenesis\resources\language\English\strings.po
10:39:25.593 T:8744   DEBUG: LocalizeStrings: loaded 16 strings from file C:\Program Files (x86)\Kodi\addons\screensaver.greynetic\resources\language\English\strings.po
10:39:25.593 T:8744   DEBUG: LocalizeStrings: loaded 10 strings from file C:\Program Files (x86)\Kodi\addons\screensaver.pingpong\resources\language\English\strings.po
10:39:25.593 T:8744   DEBUG: LocalizeStrings: loaded 39 strings from file C:\Program Files (x86)\Kodi\addons\screensaver.shadertoy\resources\language\English\strings.po
10:39:25.594 T:8744   DEBUG: LocalizeStrings: loaded 6 strings from file C:\Program Files (x86)\Kodi\addons\screensaver.stars\resources\language\English\strings.po
10:39:25.594 T:8744   DEBUG: POParser: PO file has Win Style Line Endings. Converted in memory to Linux LF for file: C:\Program Files (x86)\Kodi\addons\screensaver.xbmc.builtin.dim\resources\language\resource.language.en_gb\strings.po
10:39:25.594 T:8744   DEBUG: LocalizeStrings: loaded 1 strings from file C:\Program Files (x86)\Kodi\addons\screensaver.xbmc.builtin.dim\resources\language\resource.language.en_gb\strings.po
10:39:25.595 T:8744   DEBUG: LocalizeStrings: loaded 24 strings from file C:\Users\flyp1\AppData\Roaming\Kodi\addons\service.xbmc.versioncheck\resources\language\English\strings.po
10:39:25.595 T:8744   DEBUG: LocalizeStrings: loaded 18 strings from file C:\Program Files (x86)\Kodi\addons\visualization.milkdrop\resources\language\English\strings.po
10:39:25.596 T:8744   DEBUG: LocalizeStrings: loaded 15 strings from file C:\Program Files (x86)\Kodi\addons\visualization.spectrum\resources\language\English\strings.po
10:39:25.596 T:8744   DEBUG: LocalizeStrings: loaded 11 strings from file C:\Program Files (x86)\Kodi\addons\visualization.vortex\resources\language\English\strings.po
10:39:25.597 T:8744   DEBUG: LocalizeStrings: loaded 7 strings from file C:\Users\flyp1\AppData\Roaming\Kodi\addons\script.common.plugin.cache\resources\language\resource.language.en_gb\strings.po
10:39:25.598 T:8744   DEBUG: LocalizeStrings: loaded 22 strings from file C:\Users\flyp1\AppData\Roaming\Kodi\addons\script.module.buggalo\resources\language\English\strings.xml
10:39:25.600 T:8744   DEBUG: LocalizeStrings: loaded 18 strings from file C:\Users\flyp1\AppData\Roaming\Kodi\addons\script.module.simple.downloader\resources\language\English\strings.xml
10:39:25.601 T:8744   DEBUG: LocalizeStrings: loaded 45 strings from file C:\Users\flyp1\AppData\Roaming\Kodi\addons\script.module.youtube.dl\resources\language\English\strings.po
10:39:25.602 T:8744   DEBUG: LocalizeStrings: loaded 167 strings from file C:\Users\flyp1\AppData\Roaming\Kodi\addons\script.extendedinfo\resources\language\resource.language.en_gb\strings.po
10:39:25.603 T:8744   DEBUG: LocalizeStrings: loaded 51 strings from file C:\Users\flyp1\AppData\Roaming\Kodi\addons\script.module.metadatautils\resources\language\resource.language.en_gb\strings.po
10:39:25.603 T:8744   DEBUG: LocalizeStrings: loaded 26 strings from file C:\Users\flyp1\AppData\Roaming\Kodi\addons\script.skin.helper.service\resources\language\resource.language.en_gb\strings.po
10:39:25.604 T:8744   DEBUG: LocalizeStrings: loaded 69 strings from file C:\Users\flyp1\AppData\Roaming\Kodi\addons\script.skin.helper.widgets\resources\language\resource.language.en_gb\strings.po
10:39:25.605 T:8744   DEBUG: LocalizeStrings: loaded 120 strings from file C:\Users\flyp1\AppData\Roaming\Kodi\addons\script.skinshortcuts\resources\language\English\strings.po
10:39:25.605 T:8744   DEBUG: LocalizeStrings: loaded 24 strings from file C:\Users\flyp1\AppData\Roaming\Kodi\addons\service.library.data.provider\resources\language\resource.language.en_gb\strings.po
10:39:25.605 T:8744   DEBUG: LocalizeStrings: loaded 16 strings from file C:\Users\flyp1\AppData\Roaming\Kodi\addons\weather.yahoo\resources\language\resource.language.en_gb\strings.po
10:39:25.606 T:8744   DEBUG: LocalizeStrings: loaded 62 strings from file C:\Users\flyp1\AppData\Roaming\Kodi\addons\weather.gismeteo\resources\language\resource.language.en_gb\strings.po
10:39:25.607 T:8744   DEBUG: LocalizeStrings: loaded 100 strings from file C:\Users\flyp1\AppData\Roaming\Kodi\addons\script.artwork.downloader\resources\language\English\strings.po
10:39:25.608 T:8744   DEBUG: LocalizeStrings: loaded 46 strings from file C:\Users\flyp1\AppData\Roaming\Kodi\addons\script.paragontv\resources\language\resource.language.en_gb\strings.po
10:39:25.608 T:8744   DEBUG: LocalizeStrings: loaded 12 strings from file C:\Users\flyp1\AppData\Roaming\Kodi\addons\script.keymap\resources\language\English\strings.xml
10:39:25.609 T:8744   DEBUG: PERIPHERALS::CPeripherals::LoadMappings - loaded node "Motorola Nyxboard Hybrid"
10:39:25.609 T:8744   DEBUG: PERIPHERALS::CPeripherals::LoadMappings - loaded node "CEC Adapter"
10:39:25.609 T:8744   DEBUG: PERIPHERALS::CPeripherals::LoadMappings - loaded node "Pulse-Eight CEC Adapter"
10:39:25.609 T:8744   DEBUG: PERIPHERALS::CPeripherals::LoadMappings - loaded node "iMON HID device"
10:39:25.609 T:8744   DEBUG: PERIPHERALS::CPeripherals::LoadMappings - loaded node "WETEK Play remote"
10:39:25.609 T:8744   DEBUG: PERIPHERALS::CPeripherals::LoadMappings - loaded node ""
10:39:25.609 T:8744   DEBUG: SECTION:LoadDLL(special://xbmcbin/cec.dll)
10:39:25.614 T:8744   DEBUG: Add-on bus: Registering add-on peripheral.joystick
10:39:25.614 T:8744   DEBUG: PERIPHERAL - PERIPHERALS::CPeripheralAddon::CreateAddon - creating peripheral add-on instance 'Joystick Support'
10:39:25.615 T:8744   DEBUG: ADDON: Dll Initializing - Joystick Support
10:39:25.615 T:8744   DEBUG: SECTION:LoadDLL(C:\Program Files (x86)\Kodi\addons\peripheral.joystick\peripheral.joystick.dll)
10:39:25.617 T:8744   DEBUG: AddOnLog: Joystick Support: Attempting to load XInput1_4.dll...
10:39:25.617 T:8744   DEBUG: AddOnLog: Joystick Support: Loaded XInput DLL version 1.4
10:39:25.617 T:8744   DEBUG: AddOnLog: Joystick Support: Loaded XInput symbols (GetState=5C031DF0, GetStateEx=00000000, SetState=5C032060, GetCaps=5C0322E0, GetBatteryInformation=5C032650, PowerOff=00000000)
10:39:25.619 T:8744   DEBUG: AddOnLog: Joystick Support: Loaded 14 joystick families with 97 total joysticks
10:39:25.619 T:8744   DEBUG: Calling TransferSettings for: Joystick Support
10:39:25.619 T:8744   DEBUG: SECTION:LoadDLL(special://xbmcbin/libcurl.dll)
10:39:25.621 T:13124   DEBUG: Thread PeripEventScanner start, auto delete: false
10:39:25.622 T:16236   DEBUG: Thread PeripBusAddon start, auto delete: false
10:39:25.623 T:7344   DEBUG: Thread PeripBusUSB start, auto delete: false
10:39:25.623 T:10816   DEBUG: Thread PeripBusCEC start, auto delete: false
10:39:25.629 T:15600  NOTICE: Running database version Addons27
10:39:25.630 T:15600   DEBUG: CDatabaseManager::Initialize, updating databases...
10:39:25.631 T:15600  NOTICE: Running database version ViewModes6
10:39:25.634 T:15600  NOTICE: Running database version Textures13
10:39:25.636 T:15600  NOTICE: Running database version MyMusic60
10:39:25.638 T:15600  NOTICE: Running database version MyVideos107
10:39:25.639 T:15600  NOTICE: Running database version TV29
10:39:25.640 T:15600  NOTICE: Running database version Epg11
10:39:25.641 T:15600   DEBUG: CDatabaseManager::Initialize, updating databases... DONE
10:39:25.643 T:8744   DEBUG: DPMS: supported power-saving modes: OFF STANDBY
10:39:25.665 T:9564   DEBUG: CAnnouncementManager - Announcement: OnClear from xbmc
10:39:25.666 T:9564   DEBUG: GOT ANNOUNCEMENT, type: 2, from xbmc, message OnClear
10:39:25.677 T:8744    INFO: Unloading old skin ...
10:39:25.678 T:8744    INFO:   load skin from: C:\Users\flyp1\AppData\Roaming\Kodi\addons\skin.paragon (version: 6.1.0)
10:39:25.678 T:8744    INFO:   load fonts for skin...
10:39:25.679 T:8744    INFO: Loading fonts from C:\Users\flyp1\AppData\Roaming\Kodi\addons\skin.paragon\720p\Font.xml
10:39:25.707 T:8744   ERROR: Couldn't load font name: FontSize_150BH(birth_of_a_hero.ttf), trying to substitute arial.ttf
10:39:25.712 T:8744   ERROR: Couldn't load font name: FontSize_180L(lcdml___.ttf), trying to substitute arial.ttf
10:39:25.719 T:8744   ERROR: Couldn't load font name: font10(roboto-regular.ttf), trying to substitute arial.ttf
10:39:25.722 T:8744   ERROR: Couldn't load font name: font12(roboto-regular.ttf), trying to substitute arial.ttf
10:39:25.725 T:8744   ERROR: Couldn't load font name: font13(roboto-regular.ttf), trying to substitute arial.ttf
10:39:25.728 T:8744   ERROR: Couldn't load font name: font14(roboto-regular.ttf), trying to substitute arial.ttf
10:39:25.731 T:8744   ERROR: Couldn't load font name: font16(roboto-regular.ttf), trying to substitute arial.ttf
10:39:25.734 T:8744   ERROR: Couldn't load font name: font30(roboto-regular.ttf), trying to substitute arial.ttf
10:39:25.737 T:8744   ERROR: Couldn't load font name: fontContextMenu(roboto-regular.ttf), trying to substitute arial.ttf
10:39:25.746 T:8744   ERROR: Couldn't load font name: font_MainMenu(dejavusans-bold-caps.ttf), trying to substitute arial.ttf
10:39:25.749 T:8744   ERROR: Couldn't load font name: PTVL10(poppins-medium.ttf), trying to substitute arial.ttf
10:39:25.750 T:8744   ERROR: Couldn't load font name: PTVL12(poppins-medium.ttf), trying to substitute arial.ttf
10:39:25.753 T:8744   ERROR: Couldn't load font name: PTVL13(poppins-medium.ttf), trying to substitute arial.ttf
10:39:25.753 T:8744   ERROR: Couldn't load font name: PTVL14(poppins-medium.ttf), trying to substitute arial.ttf
10:39:25.757 T:8744   DEBUG: POParser: PO file has Win Style Line Endings. Converted in memory to Linux LF for file: C:\Users\flyp1\AppData\Roaming\Kodi\addons\skin.paragon\language\English\strings.po
10:39:25.757 T:8744   DEBUG: LocalizeStrings: loaded 258 strings from file C:\Users\flyp1\AppData\Roaming\Kodi\addons\skin.paragon\language\English\strings.po
10:39:25.757 T:8744    INFO: Loading skin includes from C:\Users\flyp1\AppData\Roaming\Kodi\addons\skin.paragon\720p\includes.xml
10:39:25.811 T:8744    INFO: Error loading includes.xml file (C:\Users\flyp1\AppData\Roaming\Kodi\addons\skin.paragon\720p\IncludesHomeWidgets.xml): Error reading Attributes. (row=176, col=55)
10:39:25.822 T:8328   DEBUG: CRemoteControl::Connect - connecting to: 127.0.0.1:24000 ...
10:39:25.842 T:8744    INFO:   load new skin...
10:39:25.842 T:8744    INFO: Loading user windows, path C:\Users\flyp1\AppData\Roaming\Kodi\addons\skin.paragon\720p
10:39:25.852 T:8744   DEBUG: Load Skin XML: 10.73ms
10:39:25.852 T:8744    INFO:   initialize new skin...
10:39:25.852 T:8744   DEBUG: guilib: Fill viewport on change for solving rendering passes
10:39:25.852 T:8744    INFO: Loading skin file: Pointer.xml, load type: LOAD_ON_GUI_INIT
10:39:25.853 T:8744    INFO: Loading skin file: DialogVolumeBar.xml, load type: LOAD_ON_GUI_INIT
10:39:25.854 T:8744    INFO: Loading skin file: DialogNotification.xml, load type: LOAD_ON_GUI_INIT
10:39:25.855 T:8744    INFO: Loading skin file: DialogSeekBar.xml, load type: LOAD_ON_GUI_INIT
10:39:25.855 T:8744    INFO: Loading skin file: DialogBusy.xml, load type: LOAD_ON_GUI_INIT
10:39:25.855 T:8744    INFO: Loading skin file: DialogExtendedProgressBar.xml, load type: LOAD_ON_GUI_INIT
10:39:25.857 T:8744    INFO: Loading resource://resource.uisounds.kodi/sounds.xml
10:39:25.865 T:8744    INFO:   skin loaded...
10:39:25.865 T:8744   DEBUG: Activating window ID: 12997
10:39:25.865 T:8744   DEBUG: ------ Window Init () ------
10:39:25.865 T:8744    INFO: load splash image: C:\Program Files (x86)\Kodi\media\Splash.png
10:39:25.872 T:8744   DEBUG: JSONRPC: JSON schema type definition references an unknown type Setting.Details.Setting
10:39:25.872 T:8744 WARNING: JSONRPC: Could not parse type "Setting.Details.SettingList"
10:39:25.872 T:8744    INFO: JSONRPC: Adding type "Setting.Details.SettingList" to list of incomplete definitions (waiting for "Setting.Details.Setting")
10:39:25.872 T:8744    INFO: JSONRPC: Resolving incomplete types/methods referencing Setting.Details.Setting
10:39:25.883 T:8744    INFO: JSONRPC v8.0.0: Successfully initialized
10:39:25.883 T:8744   DEBUG: ADDON: Starting service addons.
10:39:25.887 T:3132   DEBUG: Thread LanguageInvoker start, auto delete: false
10:39:25.887 T:3132   DEBUG: Previous line repeats 1 times.
10:39:25.887 T:3132    INFO: initializing python engine.
10:39:25.887 T:9632    INFO: Previous line repeats 1 times.
10:39:25.887 T:9632   DEBUG: Thread LanguageInvoker start, auto delete: false
10:39:25.887 T:9632    INFO: initializing python engine.
10:39:25.887 T:16524   DEBUG: Thread LanguageInvoker start, auto delete: false
10:39:25.887 T:8744   DEBUG: Activating window ID: 12999
10:39:25.887 T:8744   DEBUG: ------ Window Init (Startup.xml) ------
10:39:25.887 T:16524    INFO: initializing python engine.
10:39:25.887 T:8744    INFO: Loading skin file: Startup.xml, load type: LOAD_EVERY_TIME
10:39:25.887 T:17360   DEBUG: Thread LanguageInvoker start, auto delete: false
10:39:25.887 T:17360    INFO: initializing python engine.
10:39:25.888 T:8744   DEBUG: Activating window ID: 11114
10:39:25.888 T:8744   DEBUG: ------ Window Init (Custom_StartExit.xml) ------
10:39:25.888 T:8744    INFO: Loading skin file: Custom_StartExit.xml, load type: KEEP_IN_MEMORY
10:39:25.888 T:8744 WARNING: Label Formating: $VAR[Custom_ExitSubLabels] is not defined
10:39:25.888 T:8744 WARNING: Previous line repeats 1 times.
10:39:25.888 T:8744   DEBUG: [Warning] CGUITextureManager::GetTexturePath: could not find texture 'buttons/catbullet_nf.png'
10:39:25.889 T:8744   DEBUG: Previous line repeats 1 times.
10:39:25.889 T:8744   DEBUG: started alarm with name: close
10:39:25.889 T:8744   DEBUG: started alarm with name: starting
10:39:25.889 T:8744   DEBUG: CNetwork::NetworkMessage - Starting network services
10:39:25.889 T:7680   DEBUG: Thread AlarmClock start, auto delete: false
10:39:25.890 T:8744  NOTICE: CWebServer[808]: Started
10:39:25.890 T:8744  NOTICE: starting upnp client
10:39:25.896 T:8744    INFO: JSONRPC Server: Successfully initialized
10:39:25.897 T:8744   DEBUG: ------ Window Init () ------
10:39:25.899 T:17248   DEBUG: Thread EventServer start, auto delete: false
10:39:25.899 T:17248  NOTICE: ES: Starting UDP Event server on port 9777
10:39:25.899 T:17248  NOTICE: UDP: Listening on port 9777 (ipv6 : false)
10:39:25.900 T:16368   DEBUG: Thread TCPServer start, auto delete: false
10:39:25.933 T:3132   DEBUG: CPythonInvoker(0, C:\Users\flyp1\AppData\Roaming\Kodi\addons\service.xbmc.versioncheck\resources\lib\runner.py): start processing
10:39:25.933 T:9632   DEBUG: CPythonInvoker(2, C:\Users\flyp1\AppData\Roaming\Kodi\addons\script.skin.helper.service\service.py): start processing
10:39:25.933 T:17360   DEBUG: CPythonInvoker(4, C:\Users\flyp1\AppData\Roaming\Kodi\addons\service.library.data.provider\service.py): start processing
10:39:25.933 T:16524   DEBUG: CPythonInvoker(3, C:\Users\flyp1\AppData\Roaming\Kodi\addons\script.skin.helper.widgets\service.py): start processing
10:39:25.933 T:13280   DEBUG: CPythonInvoker(1, C:\Users\flyp1\AppData\Roaming\Kodi\addons\script.module.simple.downloader\default.py): start processing
10:39:25.953 T:3132   DEBUG: -->Python Interpreter Initialized<--
10:39:25.953 T:3132   DEBUG: CPythonInvoker(0, C:\Users\flyp1\AppData\Roaming\Kodi\addons\service.xbmc.versioncheck\resources\lib\runner.py): the source file to load is "C:\Users\flyp1\AppData\Roaming\Kodi\addons\service.xbmc.versioncheck\resources\lib\runner.py"
10:39:25.953 T:3132   DEBUG: CPythonInvoker(0, C:\Users\flyp1\AppData\Roaming\Kodi\addons\service.xbmc.versioncheck\resources\lib\runner.py): setting the Python path to C:\Users\flyp1\AppData\Roaming\Kodi\addons\service.xbmc.versioncheck\resources\lib;C:\Program Files (x86)\Kodi\system\python\DLLs;C:\Program Files (x86)\Kodi\system\python\Lib;C:\Program Files (x86)\Kodi\python27.zip;C:\Program Files (x86)\Kodi\system\python\lib\plat-win;C:\Program Files (x86)\Kodi\system\python\lib\lib-tk;C:\Program Files (x86)\Kodi;C:\Program Files (x86)\Kodi\system\python;C:\Program Files (x86)\Kodi\system\python\lib\site-packages
10:39:25.953 T:3132   DEBUG: CPythonInvoker(0, C:\Users\flyp1\AppData\Roaming\Kodi\addons\service.xbmc.versioncheck\resources\lib\runner.py): entering source directory C:\Users\flyp1\AppData\Roaming\Kodi\addons\service.xbmc.versioncheck\resources\lib
10:39:25.953 T:3132   DEBUG: CPythonInvoker(0, C:\Users\flyp1\AppData\Roaming\Kodi\addons\service.xbmc.versioncheck\resources\lib\runner.py): instantiating addon using automatically obtained id of "service.xbmc.versioncheck" dependent on version 2.14.0 of the xbmc.python api
10:39:26.084 T:17360   DEBUG: -->Python Interpreter Initialized<--
10:39:26.084 T:17360   DEBUG: CPythonInvoker(4, C:\Users\flyp1\AppData\Roaming\Kodi\addons\service.library.data.provider\service.py): the source file to load is "C:\Users\flyp1\AppData\Roaming\Kodi\addons\service.library.data.provider\service.py"
10:39:26.085 T:3132   DEBUG: Version Check: Version 0.5.14 started
10:39:26.085 T:9632   DEBUG: -->Python Interpreter Initialized<--
10:39:26.085 T:9632   DEBUG: CPythonInvoker(2, C:\Users\flyp1\AppData\Roaming\Kodi\addons\script.skin.helper.service\service.py): the source file to load is "C:\Users\flyp1\AppData\Roaming\Kodi\addons\script.skin.helper.service\service.py"
10:39:26.086 T:16524   DEBUG: -->Python Interpreter Initialized<--
10:39:26.086 T:16524   DEBUG: CPythonInvoker(3, C:\Users\flyp1\AppData\Roaming\Kodi\addons\script.skin.helper.widgets\service.py): the source file to load is "C:\Users\flyp1\AppData\Roaming\Kodi\addons\script.skin.helper.widgets\service.py"
10:39:26.087 T:13280   DEBUG: -->Python Interpreter Initialized<--
10:39:26.087 T:13280   DEBUG: CPythonInvoker(1, C:\Users\flyp1\AppData\Roaming\Kodi\addons\script.module.simple.downloader\default.py): the source file to load is "C:\Users\flyp1\AppData\Roaming\Kodi\addons\script.module.simple.downloader\default.py"
10:39:26.087 T:17360   DEBUG: CPythonInvoker(4, C:\Users\flyp1\AppData\Roaming\Kodi\addons\service.library.data.provider\service.py): setting the Python path to C:\Users\flyp1\AppData\Roaming\Kodi\addons\service.library.data.provider;C:\Users\flyp1\AppData\Roaming\Kodi\addons\script.module.routing\lib;C:\Users\flyp1\AppData\Roaming\Kodi\addons\script.module.simplejson\lib;C:\Program Files (x86)\Kodi\system\python\DLLs;C:\Program Files (x86)\Kodi\system\python\Lib;C:\Program Files (x86)\Kodi\python27.zip;C:\Program Files (x86)\Kodi\system\python\lib\plat-win;C:\Program Files (x86)\Kodi\system\python\lib\lib-tk;C:\Program Files (x86)\Kodi;C:\Program Files (x86)\Kodi\system\python;C:\Program Files (x86)\Kodi\system\python\lib\site-packages
10:39:26.087 T:17360   DEBUG: CPythonInvoker(4, C:\Users\flyp1\AppData\Roaming\Kodi\addons\service.library.data.provider\service.py): entering source directory C:\Users\flyp1\AppData\Roaming\Kodi\addons\service.library.data.provider
10:39:26.087 T:9632   DEBUG: CPythonInvoker(2, C:\Users\flyp1\AppData\Roaming\Kodi\addons\script.skin.helper.service\service.py): setting the Python path to C:\Users\flyp1\AppData\Roaming\Kodi\addons\script.skin.helper.service;C:\Users\flyp1\AppData\Roaming\Kodi\addons\script.module.arrow\lib;C:\Users\flyp1\AppData\Roaming\Kodi\addons\script.module.backports.functools_lru_cache\lib;C:\Users\flyp1\AppData\Roaming\Kodi\addons\script.module.beautifulsoup\lib;C:\Users\flyp1\AppData\Roaming\Kodi\addons\script.module.certifi\lib;C:\Users\flyp1\AppData\Roaming\Kodi\addons\script.module.chardet\lib;C:\Users\flyp1\AppData\Roaming\Kodi\addons\script.module.dateutil\lib;C:\Users\flyp1\AppData\Roaming\Kodi\addons\script.module.idna\lib;C:\Users\flyp1\AppData\Roaming\Kodi\addons\script.module.metadatautils\lib;C:\Users\flyp1\AppData\Roaming\Kodi\addons\script.module.musicbrainz\lib;C:\Users\flyp1\AppData\Roaming\Kodi\addons\script.module.requests\lib;C:\Users\flyp1\AppData\Roaming\Kodi\addons\script.module.simplecache\lib;C:\Users\flyp1\AppData\Roaming\Kodi\addons\script.module.simplejson\lib;C:\Users\flyp1\AppData\Roaming\Kodi\addons\script.module.six\lib;C:\Users\flyp1\AppData\Roaming\Kodi\addons\script.module.thetvdb\lib;C:\Users\flyp1\AppData\Roaming\Kodi\addons\script.module.urllib3\lib;C:\Program Files (x86)\Kodi\system\python\DLLs;C:\Program Files (x86)\Kodi\system\python\Lib;C:\Program Files (x86)\Kodi\python27.zip;C:\Program Files (x86)\Kodi\system\python\lib\plat-win;C:\Program Files (x86)\Kodi\system\python\lib\lib-tk;C:\Program Files (x86)\Kodi;C:\Program Files (x86)\Kodi\system\python;C:\Program Files (x86)\Kodi\system\python\lib\site-packages
10:39:26.087 T:9632   DEBUG: CPythonInvoker(2, C:\Users\flyp1\AppData\Roaming\Kodi\addons\script.skin.helper.service\service.py): entering source directory C:\Users\flyp1\AppData\Roaming\Kodi\addons\script.skin.helper.service
10:39:26.087 T:16524   DEBUG: CPythonInvoker(3, C:\Users\flyp1\AppData\Roaming\Kodi\addons\script.skin.helper.widgets\service.py): setting the Python path to C:\Users\flyp1\AppData\Roaming\Kodi\addons\script.skin.helper.widgets;C:\Users\flyp1\AppData\Roaming\Kodi\addons\script.module.arrow\lib;C:\Users\flyp1\AppData\Roaming\Kodi\addons\script.module.backports.functools_lru_cache\lib;C:\Users\flyp1\AppData\Roaming\Kodi\addons\script.module.beautifulsoup\lib;C:\Users\flyp1\AppData\Roaming\Kodi\addons\script.module.certifi\lib;C:\Users\flyp1\AppData\Roaming\Kodi\addons\script.module.chardet\lib;C:\Users\flyp1\AppData\Roaming\Kodi\addons\script.module.dateutil\lib;C:\Users\flyp1\AppData\Roaming\Kodi\addons\script.module.idna\lib;C:\Users\flyp1\AppData\Roaming\Kodi\addons\script.module.metadatautils\lib;C:\Users\flyp1\AppData\Roaming\Kodi\addons\script.module.musicbrainz\lib;C:\Users\flyp1\AppData\Roaming\Kodi\addons\script.module.requests\lib;C:\Users\flyp1\AppData\Roaming\Kodi\addons\script.module.simplecache\lib;C:\Users\flyp1\AppData\Roaming\Kodi\addons\script.module.simplejson\lib;C:\Users\flyp1\AppData\Roaming\Kodi\addons\script.module.six\lib;C:\Users\flyp1\AppData\Roaming\Kodi\addons\script.module.thetvdb\lib;C:\Users\flyp1\AppData\Roaming\Kodi\addons\script.module.urllib3\lib;C:\Program Files (x86)\Kodi\system\python\DLLs;C:\Program Files (x86)\Kodi\system\python\Lib;C:\Program Files (x86)\Kodi\python27.zip;C:\Program Files (x86)\Kodi\system\python\lib\plat-win;C:\Program Files (x86)\Kodi\system\python\lib\lib-tk;C:\Program Files (x86)\Kodi;C:\Program Files (x86)\Kodi\system\python;C:\Program Files (x86)\Kodi\system\python\lib\site-packages
10:39:26.087 T:16524   DEBUG: CPythonInvoker(3, C:\Users\flyp1\AppData\Roaming\Kodi\addons\script.skin.helper.widgets\service.py): entering source directory C:\Users\flyp1\AppData\Roaming\Kodi\addons\script.skin.helper.widgets
10:39:26.087 T:13280   DEBUG: CPythonInvoker(1, C:\Users\flyp1\AppData\Roaming\Kodi\addons\script.module.simple.downloader\default.py): setting the Python path to C:\Users\flyp1\AppData\Roaming\Kodi\addons\script.module.simple.downloader;C:\Users\flyp1\AppData\Roaming\Kodi\addons\script.common.plugin.cache\resources\lib\storage_server\;C:\Users\flyp1\AppData\Roaming\Kodi\addons\script.module.parsedom\lib;C:\Program Files (x86)\Kodi\system\python\DLLs;C:\Program Files (x86)\Kodi\system\python\Lib;C:\Program Files (x86)\Kodi\python27.zip;C:\Program Files (x86)\Kodi\system\python\lib\plat-win;C:\Program Files (x86)\Kodi\system\python\lib\lib-tk;C:\Program Files (x86)\Kodi;C:\Program Files (x86)\Kodi\system\python;C:\Program Files (x86)\Kodi\system\python\lib\site-packages
10:39:26.087 T:13280   DEBUG: CPythonInvoker(1, C:\Users\flyp1\AppData\Roaming\Kodi\addons\script.module.simple.downloader\default.py): entering source directory C:\Users\flyp1\AppData\Roaming\Kodi\addons\script.module.simple.downloader
10:39:26.087 T:17360   DEBUG: CPythonInvoker(4, C:\Users\flyp1\AppData\Roaming\Kodi\addons\service.library.data.provider\service.py): instantiating addon using automatically obtained id of "service.library.data.provider" dependent on version 2.25.0 of the xbmc.python api
10:39:26.095 T:9632   DEBUG: CPythonInvoker(2, C:\Users\flyp1\AppData\Roaming\Kodi\addons\script.skin.helper.service\service.py): instantiating addon using automatically obtained id of "script.skin.helper.service" dependent on version 2.13.0 of the xbmc.python api
10:39:26.095 T:16524   DEBUG: CPythonInvoker(3, C:\Users\flyp1\AppData\Roaming\Kodi\addons\script.skin.helper.widgets\service.py): instantiating addon using automatically obtained id of "script.skin.helper.widgets" dependent on version 2.24.0 of the xbmc.python api
10:39:26.096 T:13280   DEBUG: CPythonInvoker(1, C:\Users\flyp1\AppData\Roaming\Kodi\addons\script.module.simple.downloader\default.py): instantiating addon using automatically obtained id of "script.module.simple.downloader" dependent on version 2.1.0 of the xbmc.python api
10:39:26.930 T:9632   DEBUG: Skin Helper Simplecache --> Initialized
10:39:26.932 T:9632   DEBUG: Previous line repeats 1 times.
10:39:26.932 T:9632   DEBUG: script.module.thetvdb --> Initialized
10:39:26.963 T:17360   DEBUG: Library Data Provider: service version 0.3.2 started
10:39:26.974 T:9632   DEBUG: Skin Helper Simplecache --> Initialized
10:39:26.998 T:16524   DEBUG: Previous line repeats 1 times.
10:39:26.998 T:16524  NOTICE: Skin Helper Widgets --> Backgroundservice started
10:39:27.002 T:9632   DEBUG: Skin Helper Simplecache --> Initialized
10:39:27.003 T:9632   DEBUG: Metadata and Artwork module --> Initialized
10:39:27.008 T:9632   DEBUG: Skin Helper Simplecache --> Initialized
10:39:27.011 T:15312   DEBUG: Skin Helper Service --> ListItemMonitor - started
10:39:27.012 T:6416  NOTICE: Skin Helper Service --> WebService - start helper webservice on port 52307
10:39:27.012 T:9632  NOTICE: Skin Helper Service --> Skin Helper Service version 1.1.3 started
10:39:27.062 T:17360   DEBUG: CVideoDatabase::RunQuery took 83 ms for 1276 items query: select * from movie_view  WHERE ((movie_view.playCount IS NULL OR movie_view.playCount < 1))
10:39:27.069 T:13280    INFO: CPythonInvoker(1, C:\Users\flyp1\AppData\Roaming\Kodi\addons\script.module.simple.downloader\default.py): script successfully run
10:39:27.078 T:13280    INFO: Python script stopped
10:39:27.078 T:13280   DEBUG: Thread LanguageInvoker 13280 terminating
10:39:27.090 T:6588   DEBUG: Thread Timer start, auto delete: false
10:39:27.092 T:6588   DEBUG: Thread Timer 6588 terminating
10:39:27.092 T:9496   DEBUG: Thread Timer start, auto delete: false
10:39:27.103 T:9496   DEBUG: Thread Timer 9496 terminating
10:39:27.103 T:956   DEBUG: Thread Timer start, auto delete: false
10:39:27.118 T:956   DEBUG: Thread Timer 956 terminating
10:39:27.119 T:17952   DEBUG: Thread Timer start, auto delete: false
10:39:27.129 T:17952   DEBUG: Thread Timer 17952 terminating
10:39:27.130 T:1988   DEBUG: Thread Timer start, auto delete: false
10:39:27.392 T:17360   DEBUG: CVideoDatabase::RunQuery took 208 ms for 20363 items query: select * from episode_view  WHERE ((episode_view.playCount IS NULL OR episode_view.playCount < 1))
10:39:27.632 T:1988   DEBUG: Thread Timer 1988 terminating
10:39:27.786 T:17360   DEBUG: CMusicDatabase::GetSongsFullByWhere query = SELECT sv.*, songartistview.* FROM (SELECT songview.* FROM songview  WHERE ((CAST(songview.iTimesPlayed as DECIMAL(5,1)) < 1)) ORDER BY RANDOM() LIMIT 20) AS sv JOIN songartistview ON songartistview.idsong = sv.idsong  ORDER BY songartistview.idsong, songartistview.idRole, songartistview.iOrder
10:39:27.802 T:17360   DEBUG: CMusicDatabase::GetSongsFullByWhere() - took 27 ms
10:39:27.818 T:17360   DEBUG: CMusicDatabase::GetAlbumsByWhere query: SELECT albumview.*, albumartistview.* FROM albumview JOIN albumartistview ON albumartistview.idalbum = albumview.idalbum  WHERE albumview.strReleaseType = 'album'
10:39:27.825 T:17360   DEBUG: CMusicDatabase::GetAlbumsByWhere - query took 7 ms
10:39:27.846 T:17360   DEBUG: CVideoDatabase::RunQuery took 1 ms for 0 items query: select * from musicvideo_view  WHERE ((musicvideo_view.playCount IS NULL OR musicvideo_view.playCount < 1))
10:39:27.860 T:8328   DEBUG: CRemoteControl::Connect - failed to connect
10:39:27.860 T:8328    INFO: CRemoteControl::Process - failed to connect to irss, will keep retrying every 5 seconds
10:39:27.914 T:17360   DEBUG: CVideoDatabase::RunQuery took 66 ms for 1276 items query: select * from movie_view  WHERE ((movie_view.playCount IS NULL OR movie_view.playCount < 1))
10:39:28.288 T:17360   DEBUG: CVideoDatabase::RunQuery took 221 ms for 20363 items query: select * from episode_view  WHERE ((episode_view.playCount IS NULL OR episode_view.playCount < 1))
10:39:28.878 T:17360   DEBUG: CMusicDatabase::GetAlbumsByWhere query: SELECT albumview.*, albumartistview.* FROM albumview JOIN albumartistview ON albumartistview.idalbum = albumview.idalbum  WHERE albumview.strReleaseType = 'album'
10:39:28.886 T:17360   DEBUG: CMusicDatabase::GetAlbumsByWhere - query took 8 ms
10:39:28.910 T:17360   DEBUG: CVideoDatabase::RunQuery took 0 ms for 0 items query: select * from musicvideo_view  WHERE ((musicvideo_view.playCount IS NULL OR musicvideo_view.playCount < 1))
10:39:28.917 T:17360   DEBUG: CVideoDatabase::RunQuery took 5 ms for 71 items query: select * from movie_view  WHERE (movie_view.idFile  IN (SELECT DISTINCT idFile FROM bookmark WHERE type = 1))
10:39:29.091 T:17360   DEBUG: CVideoDatabase::RunQuery took 74 ms for 178 items query: SELECT * FROM tvshow_view  WHERE ((CASE WHEN COALESCE(tvshow_view.totalCount - tvshow_view.watchedcount, 0) > 0 THEN 0 ELSE 1 END  < 1)) AND ( ((tvshow_view.watchedcount > 0 AND tvshow_view.watchedcount < tvshow_view.totalCount) OR (tvshow_view.watchedcount = 0 AND EXISTS (SELECT 1 FROM episode_view WHERE episode_view.idShow = tvshow_view.idShow AND episode_view.resumeTimeInSeconds > 0))))
10:39:29.117 T:17360   DEBUG: CVideoDatabase::RunQuery took 1 ms for 59 items query: select * from episode_view  WHERE (episode_view.idShow = 287) AND (((episode_view.playCount IS NULL OR episode_view.playCount < 1)))
10:39:29.117 T:17360   DEBUG: DatabaseUtils::GetSortFieldList: unknown field 30
10:39:29.124 T:17360   DEBUG: CVideoDatabase::RunQuery took 1 ms for 93 items query: select * from episode_view  WHERE (episode_view.idShow = 290) AND (((episode_view.playCount IS NULL OR episode_view.playCount < 1)))
10:39:29.124 T:17360   DEBUG: DatabaseUtils::GetSortFieldList: unknown field 30
10:39:29.133 T:17360   DEBUG: CVideoDatabase::RunQuery took 1 ms for 27 items query: select * from episode_view  WHERE (episode_view.idShow = 411) AND (((episode_view.playCount IS NULL OR episode_view.playCount < 1)))
10:39:29.133 T:17360   DEBUG: DatabaseUtils::GetSortFieldList: unknown field 30
10:39:29.150 T:17360   DEBUG: CVideoDatabase::RunQuery took 1 ms for 96 items query: select * from episode_view  WHERE (episode_view.idShow = 36) AND (((episode_view.playCount IS NULL OR episode_view.playCount < 1)))
10:39:29.150 T:17360   DEBUG: DatabaseUtils::GetSortFieldList: unknown field 30
10:39:29.175 T:17360   DEBUG: CVideoDatabase::RunQuery took 2 ms for 102 items query: select * from episode_view  WHERE (episode_view.idShow = 400) AND (((episode_view.playCount IS NULL OR episode_view.playCount < 1)))
10:39:29.175 T:17360   DEBUG: DatabaseUtils::GetSortFieldList: unknown field 30
10:39:29.195 T:17360   DEBUG: CVideoDatabase::RunQuery took 2 ms for 119 items query: select * from episode_view  WHERE (episode_view.idShow = 32) AND (((episode_view.playCount IS NULL OR episode_view.playCount < 1)))
10:39:29.195 T:17360   DEBUG: DatabaseUtils::GetSortFieldList: unknown field 30
10:39:29.208 T:17360   DEBUG: CVideoDatabase::RunQuery took 3 ms for 194 items query: select * from episode_view  WHERE (episode_view.idShow = 342) AND (((episode_view.playCount IS NULL OR episode_view.playCount < 1)))
10:39:29.208 T:17360   DEBUG: DatabaseUtils::GetSortFieldList: unknown field 30
10:39:29.221 T:17360   DEBUG: CVideoDatabase::RunQuery took 1 ms for 109 items query: select * from episode_view  WHERE (episode_view.idShow = 135) AND (((episode_view.playCount IS NULL OR episode_view.playCount < 1)))
10:39:29.221 T:17360   DEBUG: DatabaseUtils::GetSortFieldList: unknown field 30
10:39:29.231 T:17360   DEBUG: CVideoDatabase::RunQuery took 1 ms for 38 items query: select * from episode_view  WHERE (episode_view.idShow = 44) AND (((episode_view.playCount IS NULL OR episode_view.playCount < 1)))
10:39:29.231 T:17360   DEBUG: DatabaseUtils::GetSortFieldList: unknown field 30
10:39:29.251 T:17360   DEBUG: CVideoDatabase::RunQuery took 1 ms for 102 items query: select * from episode_view  WHERE (episode_view.idShow = 338) AND (((episode_view.playCount IS NULL OR episode_view.playCount < 1)))
10:39:29.251 T:17360   DEBUG: DatabaseUtils::GetSortFieldList: unknown field 30
10:39:29.268 T:17360   DEBUG: CVideoDatabase::RunQuery took 4 ms for 582 items query: select * from episode_view  WHERE (episode_view.idShow = 265) AND (((episode_view.playCount IS NULL OR episode_view.playCount < 1)))
10:39:29.268 T:17360   DEBUG: DatabaseUtils::GetSortFieldList: unknown field 30
10:39:29.289 T:17360   DEBUG: CVideoDatabase::RunQuery took 1 ms for 41 items query: select * from episode_view  WHERE (episode_view.idShow = 77) AND (((episode_view.playCount IS NULL OR episode_view.playCount < 1)))
10:39:29.289 T:17360   DEBUG: DatabaseUtils::GetSortFieldList: unknown field 30
10:39:29.298 T:17360   DEBUG: CVideoDatabase::RunQuery took 2 ms for 260 items query: select * from episode_view  WHERE (episode_view.idShow = 361) AND (((episode_view.playCount IS NULL OR episode_view.playCount < 1)))
10:39:29.298 T:17360   DEBUG: DatabaseUtils::GetSortFieldList: unknown field 30
10:39:29.317 T:17360   DEBUG: CVideoDatabase::RunQuery took 4 ms for 376 items query: select * from episode_view  WHERE (episode_view.idShow = 347) AND (((episode_view.playCount IS NULL OR episode_view.playCount < 1)))
10:39:29.317 T:17360   DEBUG: DatabaseUtils::GetSortFieldList: unknown field 30
10:39:29.334 T:17360   DEBUG: CVideoDatabase::RunQuery took 5 ms for 261 items query: select * from episode_view  WHERE (episode_view.idShow = 203) AND (((episode_view.playCount IS NULL OR episode_view.playCount < 1)))
10:39:29.334 T:17360   DEBUG: DatabaseUtils::GetSortFieldList: unknown field 30
10:39:29.346 T:17360   DEBUG: CVideoDatabase::RunQuery took 1 ms for 86 items query: select * from episode_view  WHERE (episode_view.idShow = 303) AND (((episode_view.playCount IS NULL OR episode_view.playCount < 1)))
10:39:29.346 T:17360   DEBUG: DatabaseUtils::GetSortFieldList: unknown field 30
10:39:29.369 T:17360   DEBUG: CVideoDatabase::RunQuery took 2 ms for 93 items query: select * from episode_view  WHERE (episode_view.idShow = 117) AND (((episode_view.playCount IS NULL OR episode_view.playCount < 1)))
10:39:29.369 T:17360   DEBUG: DatabaseUtils::GetSortFieldList: unknown field 30
10:39:29.379 T:17360   DEBUG: CVideoDatabase::RunQuery took 1 ms for 5 items query: select * from episode_view  WHERE (episode_view.idShow = 31) AND (((episode_view.playCount IS NULL OR episode_view.playCount < 1)))
10:39:29.379 T:17360   DEBUG: DatabaseUtils::GetSortFieldList: unknown field 30
10:39:29.387 T:17360   DEBUG: CVideoDatabase::RunQuery took 1 ms for 107 items query: select * from episode_view  WHERE (episode_view.idShow = 4) AND (((episode_view.playCount IS NULL OR episode_view.playCount < 1)))
10:39:29.387 T:17360   DEBUG: DatabaseUtils::GetSortFieldList: unknown field 30
10:39:29.397 T:17360   DEBUG: CVideoDatabase::RunQuery took 1 ms for 8 items query: select * from episode_view  WHERE (episode_view.idShow = 16) AND (((episode_view.playCount IS NULL OR episode_view.playCount < 1)))
10:39:29.397 T:17360   DEBUG: DatabaseUtils::GetSortFieldList: unknown field 30
10:39:29.402 T:17360   DEBUG: CMusicDatabase::GetAlbumsByWhere query: SELECT albumview.*, albumartistview.* FROM albumview JOIN albumartistview ON albumartistview.idalbum = albumview.idalbum  WHERE albumview.strReleaseType = 'album'
10:39:29.409 T:17360   DEBUG: CMusicDatabase::GetAlbumsByWhere - query took 7 ms
10:39:29.433 T:17360   DEBUG: CFavourites::Load - no system favourites found, skipping
10:39:29.434 T:17360   DEBUG: Library Data Provider: Total time needed for all queries: 0:00:02.459000
10:39:30.659 T:8744   DEBUG: ------ Window Deinit (Custom_StartExit.xml) ------
10:39:30.674 T:8744 WARNING: CApplication::Initialize - startup.xml taints init process
10:39:30.703 T:8744   DEBUG: ContextMenuManager: addon menus reloaded.
10:39:30.703 T:8744    INFO: removing tempfiles
10:39:30.704 T:8744   DEBUG: ADDON: Starting service addons.
10:39:30.711 T:8744  NOTICE: initialize done
10:39:30.711 T:5776   DEBUG: Thread LanguageInvoker start, auto delete: false
10:39:30.711 T:8744  NOTICE: Running the application...
10:39:30.711 T:11032   DEBUG: Thread LanguageInvoker start, auto delete: false
10:39:30.711 T:5776    INFO: initializing python engine.
10:39:30.711 T:5776   DEBUG: CPythonInvoker(5, C:\Users\flyp1\AppData\Roaming\Kodi\addons\script.common.plugin.cache\resources\lib\entry_point.py): start processing
10:39:30.711 T:11032    INFO: initializing python engine.
10:39:30.711 T:11032   DEBUG: CPythonInvoker(6, C:\Users\flyp1\AppData\Roaming\Kodi\addons\script.paragontv\service.py): start processing
10:39:30.711 T:8744   DEBUG: no profile autoexec.py (C:\Users\flyp1\AppData\Roaming\Kodi\userdata\autoexec.py) found, skipping
10:39:30.730 T:5776   DEBUG: -->Python Interpreter Initialized<--
10:39:30.730 T:5776   DEBUG: CPythonInvoker(5, C:\Users\flyp1\AppData\Roaming\Kodi\addons\script.common.plugin.cache\resources\lib\entry_point.py): the source file to load is "C:\Users\flyp1\AppData\Roaming\Kodi\addons\script.common.plugin.cache\resources\lib\entry_point.py"
10:39:30.731 T:5776   DEBUG: CPythonInvoker(5, C:\Users\flyp1\AppData\Roaming\Kodi\addons\script.common.plugin.cache\resources\lib\entry_point.py): setting the Python path to C:\Users\flyp1\AppData\Roaming\Kodi\addons\script.common.plugin.cache\resources\lib;C:\Program Files (x86)\Kodi\system\python\DLLs;C:\Program Files (x86)\Kodi\system\python\Lib;C:\Program Files (x86)\Kodi\python27.zip;C:\Program Files (x86)\Kodi\system\python\lib\plat-win;C:\Program Files (x86)\Kodi\system\python\lib\lib-tk;C:\Program Files (x86)\Kodi;C:\Program Files (x86)\Kodi\system\python;C:\Program Files (x86)\Kodi\system\python\lib\site-packages
10:39:30.731 T:5776   DEBUG: CPythonInvoker(5, C:\Users\flyp1\AppData\Roaming\Kodi\addons\script.common.plugin.cache\resources\lib\entry_point.py): entering source directory C:\Users\flyp1\AppData\Roaming\Kodi\addons\script.common.plugin.cache\resources\lib
10:39:30.733 T:5776   DEBUG: CPythonInvoker(5, C:\Users\flyp1\AppData\Roaming\Kodi\addons\script.common.plugin.cache\resources\lib\entry_point.py): instantiating addon using automatically obtained id of "script.common.plugin.cache" dependent on version 2.24.0 of the xbmc.python api
10:39:30.757 T:11032   DEBUG: -->Python Interpreter Initialized<--
10:39:30.757 T:11032   DEBUG: CPythonInvoker(6, C:\Users\flyp1\AppData\Roaming\Kodi\addons\script.paragontv\service.py): the source file to load is "C:\Users\flyp1\AppData\Roaming\Kodi\addons\script.paragontv\service.py"
10:39:30.757 T:11032   DEBUG: CPythonInvoker(6, C:\Users\flyp1\AppData\Roaming\Kodi\addons\script.paragontv\service.py): setting the Python path to C:\Users\flyp1\AppData\Roaming\Kodi\addons\script.paragontv;C:\Program Files (x86)\Kodi\addons\script.module.pil\lib;C:\Program Files (x86)\Kodi\system\python\DLLs;C:\Program Files (x86)\Kodi\system\python\Lib;C:\Program Files (x86)\Kodi\python27.zip;C:\Program Files (x86)\Kodi\system\python\lib\plat-win;C:\Program Files (x86)\Kodi\system\python\lib\lib-tk;C:\Program Files (x86)\Kodi;C:\Program Files (x86)\Kodi\system\python;C:\Program Files (x86)\Kodi\system\python\lib\site-packages
10:39:30.757 T:11032   DEBUG: CPythonInvoker(6, C:\Users\flyp1\AppData\Roaming\Kodi\addons\script.paragontv\service.py): entering source directory C:\Users\flyp1\AppData\Roaming\Kodi\addons\script.paragontv
10:39:30.757 T:11032   DEBUG: CPythonInvoker(6, C:\Users\flyp1\AppData\Roaming\Kodi\addons\script.paragontv\service.py): instantiating addon using automatically obtained id of "script.paragontv" dependent on version 2.14.0 of the xbmc.python api
10:39:30.777 T:11032   DEBUG: script.paragontv-Paragon TV-Paragon TV Service Started
10:39:30.777 T:11032   DEBUG: script.paragontv-Paragon TV-Version: 2.4.4
10:39:30.781 T:16176   DEBUG: script.paragontv-Paragon TV-Settings monitor started
10:39:30.781 T:11032   DEBUG: script.paragontv-Paragon TV-Starting Maintenance Timer Service
10:39:30.782 T:11032   DEBUG: script.paragontv-Paragon TV-Starting Startup Timer Service
10:39:30.782 T:11032   DEBUG: script.paragontv-Paragon TV-Starting Shutdown Scheduler Service
10:39:30.782 T:11032  NOTICE: script.paragontv-Paragon TV-Starting Preset System Timer Service
10:39:30.790 T:15228   DEBUG: Thread LanguageInvoker start, auto delete: false
10:39:30.791 T:15228    INFO: initializing python engine.
10:39:30.791 T:15976   DEBUG: Thread LanguageInvoker start, auto delete: false
10:39:30.791 T:15228   DEBUG: CPythonInvoker(7, C:\Users\flyp1\AppData\Roaming\Kodi\addons\script.paragontv\resources\lib\ptv_maintenance_timer.py): start processing
10:39:30.791 T:15976    INFO: initializing python engine.
10:39:30.791 T:15976   DEBUG: CPythonInvoker(8, C:\Users\flyp1\AppData\Roaming\Kodi\addons\script.paragontv\resources\lib\ptv_startup_timer.py): start processing
10:39:30.791 T:17392   DEBUG: Thread LanguageInvoker start, auto delete: false
10:39:30.791 T:17392    INFO: initializing python engine.
10:39:30.791 T:17392   DEBUG: CPythonInvoker(9, C:\Users\flyp1\AppData\Roaming\Kodi\addons\script.paragontv\resources\lib\ptv_shutdown_timer.py): start processing
10:39:30.791 T:3512   DEBUG: Thread LanguageInvoker start, auto delete: false
10:39:30.791 T:3512    INFO: initializing python engine.
10:39:30.791 T:3512   DEBUG: CPythonInvoker(10, C:\Users\flyp1\AppData\Roaming\Kodi\addons\script.paragontv\resources\lib\ptv_preset_timer.py): start processing
10:39:30.804 T:11816   DEBUG: [StorageClient-2.6.3] Service loaded, starting server ...
10:39:30.923 T:8744   DEBUG: Activating window ID: 10000
10:39:30.923 T:8744   DEBUG: ------ Window Deinit (Startup.xml) ------
10:39:30.923 T:8744   DEBUG: ------ Window Init (Home.xml) ------
10:39:30.923 T:8744    INFO: Loading skin file: Home.xml, load type: KEEP_IN_MEMORY
10:39:30.923 T:8744 WARNING: Skin has invalid include:
10:39:30.924 T:8744 WARNING: Previous line repeats 7 times.
10:39:30.924 T:8744 WARNING: Skin has invalid include: HomeWidgets_Lists
10:39:30.924 T:8744 WARNING: Skin has invalid include:
10:39:30.924 T:8744 WARNING: Skin has invalid include: HomeWidgets_Lists
10:39:30.924 T:8744 WARNING: Skin has invalid include:
10:39:30.924 T:8744 WARNING: Skin has invalid include: HomeWidgets_Lists
10:39:30.924 T:8744 WARNING: Skin has invalid include: HomeWidgets_ContentInfo
10:39:30.924 T:8744 WARNING: Skin has invalid include: TopHomeMenu
10:39:30.924 T:8744 WARNING: Skin has invalid include:
10:39:30.924 T:8744 WARNING: Skin has invalid include: HomeWidgets_Lists
10:39:30.924 T:8744 WARNING: Skin has invalid include: HomeWidgets_ContentInfo
10:39:30.924 T:8744 WARNING: Skin has invalid include: TopHomeMenu
10:39:30.937 T:15228   DEBUG: -->Python Interpreter Initialized<--
10:39:30.937 T:15228   DEBUG: CPythonInvoker(7, C:\Users\flyp1\AppData\Roaming\Kodi\addons\script.paragontv\resources\lib\ptv_maintenance_timer.py): the source file to load is "C:\Users\flyp1\AppData\Roaming\Kodi\addons\script.paragontv\resources\lib\ptv_maintenance_timer.py"
10:39:30.937 T:15228 WARNING: CPythonInvoker(7): Script invoked without an addon. Adding all addon modules installed to python path as fallback. This behaviour will be removed in future version.
10:39:30.946 T:15976   DEBUG: -->Python Interpreter Initialized<--
10:39:30.946 T:15976   DEBUG: CPythonInvoker(8, C:\Users\flyp1\AppData\Roaming\Kodi\addons\script.paragontv\resources\lib\ptv_startup_timer.py): the source file to load is "C:\Users\flyp1\AppData\Roaming\Kodi\addons\script.paragontv\resources\lib\ptv_startup_timer.py"
10:39:30.946 T:15976 WARNING: CPythonInvoker(8): Script invoked without an addon. Adding all addon modules installed to python path as fallback. This behaviour will be removed in future version.
10:39:30.951 T:17392   DEBUG: -->Python Interpreter Initialized<--
10:39:30.951 T:17392   DEBUG: CPythonInvoker(9, C:\Users\flyp1\AppData\Roaming\Kodi\addons\script.paragontv\resources\lib\ptv_shutdown_timer.py): the source file to load is "C:\Users\flyp1\AppData\Roaming\Kodi\addons\script.paragontv\resources\lib\ptv_shutdown_timer.py"
10:39:30.951 T:17392 WARNING: CPythonInvoker(9): Script invoked without an addon. Adding all addon modules installed to python path as fallback. This behaviour will be removed in future version.
10:39:30.959 T:3512   DEBUG: -->Python Interpreter Initialized<--
10:39:30.960 T:3512   DEBUG: CPythonInvoker(10, C:\Users\flyp1\AppData\Roaming\Kodi\addons\script.paragontv\resources\lib\ptv_preset_timer.py): the source file to load is "C:\Users\flyp1\AppData\Roaming\Kodi\addons\script.paragontv\resources\lib\ptv_preset_timer.py"
10:39:30.960 T:3512 WARNING: CPythonInvoker(10): Script invoked without an addon. Adding all addon modules installed to python path as fallback. This behaviour will be removed in future version.
10:39:30.960 T:15896   DEBUG: Thread Timer start, auto delete: false
