13:16:37.844 T:140588992440064   DEBUG: CWebServer[8080]: request received for /jsonrpc?GetActivePlayers
13:16:39.116 T:140589026760448   DEBUG: Previous line repeats 1 times.
13:16:39.117 T:140589026760448   DEBUG: CWebServer[8080]: request received for /jsonrpc
13:16:39.503 T:140588389209856   DEBUG: Previous line repeats 5 times.
13:16:39.503 T:140588389209856  NOTICE: [PTV Preset Timer] DEBUG: Today is Thursday (weekday=3)
13:16:39.503 T:140588389209856  NOTICE: [PTV Preset Timer] DEBUG: Setting name: ThursdayPreset
13:16:39.503 T:140588389209856  NOTICE: [PTV Preset Timer] DEBUG: Raw preset value: '2' (int: 2)
13:16:39.503 T:140588389209856  NOTICE: [PTV Preset Timer] DEBUG: Available presets: ['Alpha', 'Omega', 'Delta', 'Epsilon', 'Gamma', 'Sigma', 'Omicron', 'Theta', 'Lambda']
13:16:39.503 T:140588389209856  NOTICE: [PTV Preset Timer] Today's preset for Thursday: Omega (index=1)
13:16:39.840 T:140588992440064   DEBUG: CWebServer[8080]: request received for /jsonrpc?GetActivePlayers
13:16:41.126 T:140589026760448   DEBUG: Previous line repeats 1 times.
13:16:41.126 T:140589026760448   DEBUG: CWebServer[8080]: request received for /jsonrpc
13:16:41.127 T:140588212840192   DEBUG: Previous line repeats 1 times.
13:16:41.127 T:140588212840192   DEBUG: CNFSFile::Open - opened mnt/user/TELEVISION/Secrets of the Third Reich/2x02 - Patient Hitler.nfo
13:16:41.132 T:140588212840192   DEBUG: CNFSFile::Close closing file mnt/user/TELEVISION/Secrets of the Third Reich/2x02 - Patient Hitler.nfo
13:16:41.142 T:140588212840192   DEBUG: CNFSFile::Open - opened mnt/user/TELEVISION/Secrets of the Third Reich/2x01 - Deadly Missions.nfo
13:16:41.147 T:140588212840192   DEBUG: CNFSFile::Close closing file mnt/user/TELEVISION/Secrets of the Third Reich/2x01 - Deadly Missions.nfo
13:16:41.158 T:140589026760448   DEBUG: CWebServer[8080]: request received for /jsonrpc
13:16:41.847 T:140588992440064   DEBUG: Previous line repeats 3 times.
13:16:41.847 T:140588992440064   DEBUG: CWebServer[8080]: request received for /jsonrpc?GetActivePlayers
13:16:43.135 T:140588439566080   DEBUG: Previous line repeats 1 times.
13:16:43.135 T:140588439566080   DEBUG: CWebServer[8080]: request received for /jsonrpc
13:16:43.852 T:140588992440064   DEBUG: Previous line repeats 5 times.
13:16:43.853 T:140588992440064   DEBUG: CWebServer[8080]: request received for /jsonrpc?GetActivePlayers
13:16:45.151 T:140588439566080   DEBUG: Previous line repeats 1 times.
13:16:45.151 T:140588439566080   DEBUG: CWebServer[8080]: request received for /jsonrpc
13:16:45.839 T:140588992440064   DEBUG: Previous line repeats 5 times.
13:16:45.839 T:140588992440064   DEBUG: CWebServer[8080]: request received for /jsonrpc?GetActivePlayers
13:16:46.490 T:140588397602560   ERROR: [PTV Shutdown Timer] Checking schedule 'Bedtime'
13:16:46.490 T:140588397602560   ERROR: [PTV Shutdown Timer] Current time: 13:16
13:16:46.490 T:140588397602560   ERROR: [PTV Shutdown Timer] Shutdown time: 0:15
13:16:46.490 T:140588397602560   ERROR: [PTV Shutdown Timer] Minutes from midnight - Current: 796, Shutdown: 15
13:16:46.490 T:140588397602560   ERROR: [PTV Shutdown Timer] Time match (within window): False
13:16:46.490 T:140588397602560   ERROR: [PTV Shutdown Timer] Current day index: 3
13:16:46.490 T:140588397602560   ERROR: [PTV Shutdown Timer] Day match: False
13:16:46.490 T:140588397602560   ERROR: [PTV Shutdown Timer] Shutdown should trigger: False (Action: 1)
13:16:46.491 T:140588397602560   ERROR: [PTV Shutdown Timer] Checking schedule 'Late Night'
13:16:46.491 T:140588397602560   ERROR: [PTV Shutdown Timer] Current time: 13:16
13:16:46.491 T:140588397602560   ERROR: [PTV Shutdown Timer] Shutdown time: 3:30
13:16:46.491 T:140588397602560   ERROR: [PTV Shutdown Timer] Minutes from midnight - Current: 796, Shutdown: 210
13:16:46.491 T:140588397602560   ERROR: [PTV Shutdown Timer] Time match (within window): False
13:16:46.491 T:140588397602560   ERROR: [PTV Shutdown Timer] Current day index: 3
13:16:46.491 T:140588397602560   ERROR: [PTV Shutdown Timer] Day match: True
13:16:46.491 T:140588397602560   ERROR: [PTV Shutdown Timer] Shutdown should trigger: False (Action: 1)
13:16:46.856 T:140588992440064   DEBUG: CWebServer[8080]: request received for /jsonrpc?GetActivePlayers
13:16:47.154 T:140588439566080   DEBUG: CWebServer[8080]: request received for /jsonrpc
13:16:47.841 T:140588992440064   DEBUG: Previous line repeats 5 times.
13:16:47.841 T:140588992440064   DEBUG: CWebServer[8080]: request received for /jsonrpc?GetActivePlayers
13:16:49.167 T:140589026760448   DEBUG: Previous line repeats 1 times.
13:16:49.167 T:140589026760448   DEBUG: CWebServer[8080]: request received for /jsonrpc
13:16:49.504 T:140588389209856   DEBUG: Previous line repeats 5 times.
13:16:49.504 T:140588389209856  NOTICE: [PTV Preset Timer] DEBUG: Today is Thursday (weekday=3)
13:16:49.504 T:140588389209856  NOTICE: [PTV Preset Timer] DEBUG: Setting name: ThursdayPreset
13:16:49.504 T:140588389209856  NOTICE: [PTV Preset Timer] DEBUG: Raw preset value: '2' (int: 2)
13:16:49.504 T:140588389209856  NOTICE: [PTV Preset Timer] DEBUG: Available presets: ['Alpha', 'Omega', 'Delta', 'Epsilon', 'Gamma', 'Sigma', 'Omicron', 'Theta', 'Lambda']
13:16:49.504 T:140588389209856  NOTICE: [PTV Preset Timer] Today's preset for Thursday: Omega (index=1)
13:16:49.843 T:140588992440064   DEBUG: CWebServer[8080]: request received for /jsonrpc?GetActivePlayers
13:16:50.630 T:140588212840192   DEBUG: CNFSFile::Open - opened mnt/user/TELEVISION/Parks and Recreation/Season 7/07x12-x13.nfo
13:16:50.636 T:140588212840192   DEBUG: CNFSFile::Close closing file mnt/user/TELEVISION/Parks and Recreation/Season 7/07x12-x13.nfo
13:16:50.845 T:140588992440064   DEBUG: CWebServer[8080]: request received for /jsonrpc?GetActivePlayers
13:16:51.175 T:140588439566080   DEBUG: CWebServer[8080]: request received for /jsonrpc
13:16:51.844 T:140588992440064   DEBUG: Previous line repeats 5 times.
13:16:51.844 T:140588992440064   DEBUG: CWebServer[8080]: request received for /jsonrpc?GetActivePlayers
13:16:53.184 T:140588439566080   DEBUG: Previous line repeats 1 times.
13:16:53.184 T:140588439566080   DEBUG: CWebServer[8080]: request received for /jsonrpc
13:16:53.842 T:140588992440064   DEBUG: Previous line repeats 5 times.
13:16:53.842 T:140588992440064   DEBUG: CWebServer[8080]: request received for /jsonrpc?GetActivePlayers
13:16:55.193 T:140589815281408   DEBUG: Previous line repeats 1 times.
13:16:55.193 T:140589815281408   DEBUG: CWebServer[8080]: request received for /jsonrpc
13:16:55.842 T:140588992440064   DEBUG: Previous line repeats 5 times.
13:16:55.843 T:140588992440064   DEBUG: CWebServer[8080]: request received for /jsonrpc?GetActivePlayers
13:16:56.491 T:140588397602560   ERROR: [PTV Shutdown Timer] Checking schedule 'Bedtime'
13:16:56.491 T:140588397602560   ERROR: [PTV Shutdown Timer] Current time: 13:16
13:16:56.491 T:140588397602560   ERROR: [PTV Shutdown Timer] Shutdown time: 0:15
13:16:56.491 T:140588397602560   ERROR: [PTV Shutdown Timer] Minutes from midnight - Current: 796, Shutdown: 15
13:16:56.491 T:140588397602560   ERROR: [PTV Shutdown Timer] Time match (within window): False
13:16:56.491 T:140588397602560   ERROR: [PTV Shutdown Timer] Current day index: 3
13:16:56.491 T:140588397602560   ERROR: [PTV Shutdown Timer] Day match: False
13:16:56.491 T:140588397602560   ERROR: [PTV Shutdown Timer] Shutdown should trigger: False (Action: 1)
13:16:56.491 T:140588397602560   ERROR: [PTV Shutdown Timer] Checking schedule 'Late Night'
13:16:56.491 T:140588397602560   ERROR: [PTV Shutdown Timer] Current time: 13:16
13:16:56.491 T:140588397602560   ERROR: [PTV Shutdown Timer] Shutdown time: 3:30
13:16:56.491 T:140588397602560   ERROR: [PTV Shutdown Timer] Minutes from midnight - Current: 796, Shutdown: 210
13:16:56.491 T:140588397602560   ERROR: [PTV Shutdown Timer] Time match (within window): False
13:16:56.492 T:140588397602560   ERROR: [PTV Shutdown Timer] Current day index: 3
13:16:56.492 T:140588397602560   ERROR: [PTV Shutdown Timer] Day match: True
13:16:56.492 T:140588397602560   ERROR: [PTV Shutdown Timer] Shutdown should trigger: False (Action: 1)
13:16:56.845 T:140588992440064   DEBUG: CWebServer[8080]: request received for /jsonrpc?GetActivePlayers
13:16:56.991 T:140588212840192   DEBUG: CNFSFile::Open - opened mnt/user/TELEVISION/Modern Family/Season 11/11x17-x18.nfo
13:16:56.998 T:140588212840192   DEBUG: CNFSFile::Close closing file mnt/user/TELEVISION/Modern Family/Season 11/11x17-x18.nfo
13:16:57.207 T:140589026760448   DEBUG: CWebServer[8080]: request received for /jsonrpc
13:16:57.846 T:140588992440064   DEBUG: Previous line repeats 5 times.
13:16:57.846 T:140588992440064   DEBUG: CWebServer[8080]: request received for /jsonrpc?GetActivePlayers
13:16:58.742 T:140588212840192   DEBUG: CNFSFile::Open - opened mnt/user/TELEVISION/Metalocalypse/Season 2/02x19-x20.nfo
13:16:58.749 T:140588212840192   DEBUG: CNFSFile::Close closing file mnt/user/TELEVISION/Metalocalypse/Season 2/02x19-x20.nfo
13:16:58.764 T:140588212840192   DEBUG: CNFSFile::Open - opened mnt/user/TELEVISION/Metalocalypse/Season 2/02x16-x17.nfo
13:16:58.770 T:140588212840192   DEBUG: CNFSFile::Close closing file mnt/user/TELEVISION/Metalocalypse/Season 2/02x16-x17.nfo
13:16:58.846 T:140588992440064   DEBUG: CWebServer[8080]: request received for /jsonrpc?GetActivePlayers
13:16:59.219 T:140588439566080   DEBUG: CWebServer[8080]: request received for /jsonrpc
13:16:59.324 T:140588212840192   DEBUG: Previous line repeats 5 times.
13:16:59.324 T:140588212840192   DEBUG: CNFSFile::Open - opened mnt/user/TELEVISION/Megaprojects/01x18 - Dubai’S Transformation & Its Future - Megaprojects - Bumpers - None - None - None - None.nfo
13:16:59.329 T:140588212840192   DEBUG: CNFSFile::Close closing file mnt/user/TELEVISION/Megaprojects/01x18 - Dubai’S Transformation & Its Future - Megaprojects - Bumpers - None - None - None - None.nfo
13:16:59.504 T:140588389209856  NOTICE: [PTV Preset Timer] DEBUG: Today is Thursday (weekday=3)
13:16:59.505 T:140588389209856  NOTICE: [PTV Preset Timer] DEBUG: Setting name: ThursdayPreset
13:16:59.505 T:140588389209856  NOTICE: [PTV Preset Timer] DEBUG: Raw preset value: '2' (int: 2)
13:16:59.505 T:140588389209856  NOTICE: [PTV Preset Timer] DEBUG: Available presets: ['Alpha', 'Omega', 'Delta', 'Epsilon', 'Gamma', 'Sigma', 'Omicron', 'Theta', 'Lambda']
13:16:59.505 T:140588389209856  NOTICE: [PTV Preset Timer] Today's preset for Thursday: Omega (index=1)
13:16:59.844 T:140588992440064   DEBUG: CWebServer[8080]: request received for /jsonrpc?GetActivePlayers
13:17:01.228 T:140588439566080   DEBUG: Previous line repeats 1 times.
13:17:01.228 T:140588439566080   DEBUG: CWebServer[8080]: request received for /jsonrpc
13:17:01.844 T:140588992440064   DEBUG: Previous line repeats 5 times.
13:17:01.844 T:140588992440064   DEBUG: CWebServer[8080]: request received for /jsonrpc?GetActivePlayers
13:17:03.240 T:140588439566080   DEBUG: Previous line repeats 1 times.
13:17:03.240 T:140588439566080   DEBUG: CWebServer[8080]: request received for /jsonrpc
13:17:03.808 T:140588212840192   DEBUG: Previous line repeats 5 times.
13:17:03.808 T:140588212840192   DEBUG: CNFSFile::Open - opened mnt/user/TELEVISION/Letterkenny/Season 5/05x01-02-03-04-05-06 - We Don't Fight at Weddings + The Ol' College Try + Hard Right Jay + Letterkenny Spelling Bee + Back to Back to Back + Bock et Biche.nfo
13:17:03.815 T:140588212840192   DEBUG: CNFSFile::Close closing file mnt/user/TELEVISION/Letterkenny/Season 5/05x01-02-03-04-05-06 - We Don't Fight at Weddings + The Ol' College Try + Hard Right Jay + Letterkenny Spelling Bee + Back to Back to Back + Bock et Biche.nfo
13:17:03.850 T:140588992440064   DEBUG: CWebServer[8080]: request received for /jsonrpc?GetActivePlayers
13:17:05.249 T:140588439566080   DEBUG: Previous line repeats 1 times.
13:17:05.249 T:140588439566080   DEBUG: CWebServer[8080]: request received for /jsonrpc
13:17:05.854 T:140588992440064   DEBUG: Previous line repeats 5 times.
13:17:05.854 T:140588992440064   DEBUG: CWebServer[8080]: request received for /jsonrpc?GetActivePlayers
13:17:06.491 T:140588397602560   ERROR: [PTV Shutdown Timer] Checking schedule 'Bedtime'
13:17:06.491 T:140588397602560   ERROR: [PTV Shutdown Timer] Current time: 13:17
13:17:06.491 T:140588397602560   ERROR: [PTV Shutdown Timer] Shutdown time: 0:15
13:17:06.491 T:140588397602560   ERROR: [PTV Shutdown Timer] Minutes from midnight - Current: 797, Shutdown: 15
13:17:06.491 T:140588397602560   ERROR: [PTV Shutdown Timer] Time match (within window): False
13:17:06.492 T:140588397602560   ERROR: [PTV Shutdown Timer] Current day index: 3
13:17:06.492 T:140588397602560   ERROR: [PTV Shutdown Timer] Day match: False
13:17:06.492 T:140588397602560   ERROR: [PTV Shutdown Timer] Shutdown should trigger: False (Action: 1)
13:17:06.492 T:140588397602560   ERROR: [PTV Shutdown Timer] Checking schedule 'Late Night'
13:17:06.492 T:140588397602560   ERROR: [PTV Shutdown Timer] Current time: 13:17
13:17:06.492 T:140588397602560   ERROR: [PTV Shutdown Timer] Shutdown time: 3:30
13:17:06.492 T:140588397602560   ERROR: [PTV Shutdown Timer] Minutes from midnight - Current: 797, Shutdown: 210
13:17:06.492 T:140588397602560   ERROR: [PTV Shutdown Timer] Time match (within window): False
13:17:06.492 T:140588397602560   ERROR: [PTV Shutdown Timer] Current day index: 3
13:17:06.492 T:140588397602560   ERROR: [PTV Shutdown Timer] Day match: True
13:17:06.492 T:140588397602560   ERROR: [PTV Shutdown Timer] Shutdown should trigger: False (Action: 1)
13:17:06.854 T:140588992440064   DEBUG: CWebServer[8080]: request received for /jsonrpc?GetActivePlayers
13:17:07.256 T:140588439566080   DEBUG: CWebServer[8080]: request received for /jsonrpc
13:17:07.856 T:140588992440064   DEBUG: Previous line repeats 5 times.
13:17:07.856 T:140588992440064   DEBUG: CWebServer[8080]: request received for /jsonrpc?GetActivePlayers
13:17:09.261 T:140588439566080   DEBUG: Previous line repeats 1 times.
13:17:09.261 T:140588439566080   DEBUG: CWebServer[8080]: request received for /jsonrpc
13:17:09.505 T:140588389209856   DEBUG: Previous line repeats 5 times.
13:17:09.505 T:140588389209856  NOTICE: [PTV Preset Timer] DEBUG: Today is Thursday (weekday=3)
13:17:09.505 T:140588389209856  NOTICE: [PTV Preset Timer] DEBUG: Setting name: ThursdayPreset
13:17:09.505 T:140588389209856  NOTICE: [PTV Preset Timer] DEBUG: Raw preset value: '2' (int: 2)
13:17:09.505 T:140588389209856  NOTICE: [PTV Preset Timer] DEBUG: Available presets: ['Alpha', 'Omega', 'Delta', 'Epsilon', 'Gamma', 'Sigma', 'Omicron', 'Theta', 'Lambda']
13:17:09.505 T:140588389209856  NOTICE: [PTV Preset Timer] Today's preset for Thursday: Omega (index=1)
13:17:09.840 T:140588992440064   DEBUG: CWebServer[8080]: request received for /jsonrpc?GetActivePlayers
13:17:11.268 T:140588439566080   DEBUG: Previous line repeats 1 times.
13:17:11.268 T:140588439566080   DEBUG: CWebServer[8080]: request received for /jsonrpc
13:17:11.851 T:140588992440064   DEBUG: Previous line repeats 5 times.
13:17:11.851 T:140588992440064   DEBUG: CWebServer[8080]: request received for /jsonrpc?GetActivePlayers
13:17:13.276 T:140588439566080   DEBUG: Previous line repeats 1 times.
13:17:13.276 T:140588439566080   DEBUG: CWebServer[8080]: request received for /jsonrpc
13:17:13.847 T:140588992440064   DEBUG: Previous line repeats 5 times.
13:17:13.847 T:140588992440064   DEBUG: CWebServer[8080]: request received for /jsonrpc?GetActivePlayers
13:17:15.286 T:140588439566080   DEBUG: Previous line repeats 1 times.
13:17:15.286 T:140588439566080   DEBUG: CWebServer[8080]: request received for /jsonrpc
13:17:15.852 T:140588992440064   DEBUG: Previous line repeats 5 times.
13:17:15.852 T:140588992440064   DEBUG: CWebServer[8080]: request received for /jsonrpc?GetActivePlayers
13:17:16.492 T:140588397602560   ERROR: [PTV Shutdown Timer] Checking schedule 'Bedtime'
13:17:16.492 T:140588397602560   ERROR: [PTV Shutdown Timer] Current time: 13:17
13:17:16.493 T:140588397602560   ERROR: [PTV Shutdown Timer] Shutdown time: 0:15
13:17:16.493 T:140588397602560   ERROR: [PTV Shutdown Timer] Minutes from midnight - Current: 797, Shutdown: 15
13:17:16.493 T:140588397602560   ERROR: [PTV Shutdown Timer] Time match (within window): False
13:17:16.493 T:140588397602560   ERROR: [PTV Shutdown Timer] Current day index: 3
13:17:16.493 T:140588397602560   ERROR: [PTV Shutdown Timer] Day match: False
13:17:16.493 T:140588397602560   ERROR: [PTV Shutdown Timer] Shutdown should trigger: False (Action: 1)
13:17:16.493 T:140588397602560   ERROR: [PTV Shutdown Timer] Checking schedule 'Late Night'
13:17:16.493 T:140588397602560   ERROR: [PTV Shutdown Timer] Current time: 13:17
13:17:16.493 T:140588397602560   ERROR: [PTV Shutdown Timer] Shutdown time: 3:30
13:17:16.493 T:140588397602560   ERROR: [PTV Shutdown Timer] Minutes from midnight - Current: 797, Shutdown: 210
13:17:16.493 T:140588397602560   ERROR: [PTV Shutdown Timer] Time match (within window): False
13:17:16.493 T:140588397602560   ERROR: [PTV Shutdown Timer] Current day index: 3
13:17:16.493 T:140588397602560   ERROR: [PTV Shutdown Timer] Day match: True
13:17:16.493 T:140588397602560   ERROR: [PTV Shutdown Timer] Shutdown should trigger: False (Action: 1)
13:17:16.852 T:140588992440064   DEBUG: CWebServer[8080]: request received for /jsonrpc?GetActivePlayers
13:17:17.297 T:140589026760448   DEBUG: CWebServer[8080]: request received for /jsonrpc
13:17:17.850 T:140588992440064   DEBUG: Previous line repeats 5 times.
13:17:17.850 T:140588992440064   DEBUG: CWebServer[8080]: request received for /jsonrpc?GetActivePlayers
13:17:19.309 T:140588439566080   DEBUG: Previous line repeats 1 times.
13:17:19.309 T:140588439566080   DEBUG: CWebServer[8080]: request received for /jsonrpc
13:17:19.505 T:140588389209856   DEBUG: Previous line repeats 5 times.
13:17:19.505 T:140588389209856  NOTICE: [PTV Preset Timer] DEBUG: Today is Thursday (weekday=3)
13:17:19.506 T:140588389209856  NOTICE: [PTV Preset Timer] DEBUG: Setting name: ThursdayPreset
13:17:19.506 T:140588389209856  NOTICE: [PTV Preset Timer] DEBUG: Raw preset value: '2' (int: 2)
13:17:19.506 T:140588389209856  NOTICE: [PTV Preset Timer] DEBUG: Available presets: ['Alpha', 'Omega', 'Delta', 'Epsilon', 'Gamma', 'Sigma', 'Omicron', 'Theta', 'Lambda']
13:17:19.506 T:140588389209856  NOTICE: [PTV Preset Timer] Today's preset for Thursday: Omega (index=1)
13:17:19.854 T:140588992440064   DEBUG: CWebServer[8080]: request received for /jsonrpc?GetActivePlayers
13:17:21.317 T:140588439566080   DEBUG: Previous line repeats 1 times.
13:17:21.317 T:140588439566080   DEBUG: CWebServer[8080]: request received for /jsonrpc
13:17:21.854 T:140588992440064   DEBUG: Previous line repeats 5 times.
13:17:21.854 T:140588992440064   DEBUG: CWebServer[8080]: request received for /jsonrpc?GetActivePlayers
13:17:23.325 T:140588439566080   DEBUG: Previous line repeats 1 times.
13:17:23.325 T:140588439566080   DEBUG: CWebServer[8080]: request received for /jsonrpc
13:17:23.840 T:140588992440064   DEBUG: Previous line repeats 5 times.
13:17:23.840 T:140588992440064   DEBUG: CWebServer[8080]: request received for /jsonrpc?GetActivePlayers
13:17:25.335 T:140588439566080   DEBUG: Previous line repeats 1 times.
13:17:25.335 T:140588439566080   DEBUG: CWebServer[8080]: request received for /jsonrpc
13:17:25.847 T:140588992440064   DEBUG: Previous line repeats 5 times.
13:17:25.847 T:140588992440064   DEBUG: CWebServer[8080]: request received for /jsonrpc?GetActivePlayers
13:17:26.494 T:140588397602560   ERROR: [PTV Shutdown Timer] Checking schedule 'Bedtime'
13:17:26.494 T:140588397602560   ERROR: [PTV Shutdown Timer] Current time: 13:17
13:17:26.494 T:140588397602560   ERROR: [PTV Shutdown Timer] Shutdown time: 0:15
13:17:26.494 T:140588397602560   ERROR: [PTV Shutdown Timer] Minutes from midnight - Current: 797, Shutdown: 15
13:17:26.494 T:140588397602560   ERROR: [PTV Shutdown Timer] Time match (within window): False
13:17:26.494 T:140588397602560   ERROR: [PTV Shutdown Timer] Current day index: 3
13:17:26.494 T:140588397602560   ERROR: [PTV Shutdown Timer] Day match: False
13:17:26.494 T:140588397602560   ERROR: [PTV Shutdown Timer] Shutdown should trigger: False (Action: 1)
13:17:26.494 T:140588397602560   ERROR: [PTV Shutdown Timer] Checking schedule 'Late Night'
13:17:26.494 T:140588397602560   ERROR: [PTV Shutdown Timer] Current time: 13:17
13:17:26.494 T:140588397602560   ERROR: [PTV Shutdown Timer] Shutdown time: 3:30
13:17:26.494 T:140588397602560   ERROR: [PTV Shutdown Timer] Minutes from midnight - Current: 797, Shutdown: 210
13:17:26.494 T:140588397602560   ERROR: [PTV Shutdown Timer] Time match (within window): False
13:17:26.494 T:140588397602560   ERROR: [PTV Shutdown Timer] Current day index: 3
13:17:26.494 T:140588397602560   ERROR: [PTV Shutdown Timer] Day match: True
13:17:26.494 T:140588397602560   ERROR: [PTV Shutdown Timer] Shutdown should trigger: False (Action: 1)
13:17:26.842 T:140588992440064   DEBUG: CWebServer[8080]: request received for /jsonrpc?GetActivePlayers
13:17:27.345 T:140588439566080   DEBUG: CWebServer[8080]: request received for /jsonrpc
13:17:27.844 T:140588992440064   DEBUG: Previous line repeats 5 times.
13:17:27.844 T:140588992440064   DEBUG: CWebServer[8080]: request received for /jsonrpc?GetActivePlayers
13:17:29.358 T:140588439566080   DEBUG: Previous line repeats 1 times.
13:17:29.359 T:140588439566080   DEBUG: CWebServer[8080]: request received for /jsonrpc
13:17:29.507 T:140588389209856   DEBUG: Previous line repeats 5 times.
13:17:29.507 T:140588389209856  NOTICE: [PTV Preset Timer] DEBUG: Today is Thursday (weekday=3)
13:17:29.507 T:140588389209856  NOTICE: [PTV Preset Timer] DEBUG: Setting name: ThursdayPreset
13:17:29.507 T:140588389209856  NOTICE: [PTV Preset Timer] DEBUG: Raw preset value: '2' (int: 2)
13:17:29.507 T:140588389209856  NOTICE: [PTV Preset Timer] DEBUG: Available presets: ['Alpha', 'Omega', 'Delta', 'Epsilon', 'Gamma', 'Sigma', 'Omicron', 'Theta', 'Lambda']
13:17:29.507 T:140588389209856  NOTICE: [PTV Preset Timer] Today's preset for Thursday: Omega (index=1)
13:17:29.842 T:140588992440064   DEBUG: CWebServer[8080]: request received for /jsonrpc?GetActivePlayers
13:17:31.367 T:140588439566080   DEBUG: Previous line repeats 1 times.
13:17:31.367 T:140588439566080   DEBUG: CWebServer[8080]: request received for /jsonrpc
13:17:31.848 T:140588992440064   DEBUG: Previous line repeats 5 times.
13:17:31.848 T:140588992440064   DEBUG: CWebServer[8080]: request received for /jsonrpc?GetActivePlayers
13:17:33.375 T:140589815281408   DEBUG: Previous line repeats 1 times.
13:17:33.375 T:140589815281408   DEBUG: CWebServer[8080]: request received for /jsonrpc
13:17:33.729 T:140588212840192   DEBUG: Previous line repeats 5 times.
13:17:33.729 T:140588212840192   DEBUG: CNFSFile::Open - opened mnt/user/TELEVISION/Victorious/Season 1/01x13-x14.nfo
13:17:33.735 T:140588212840192   DEBUG: CNFSFile::Close closing file mnt/user/TELEVISION/Victorious/Season 1/01x13-x14.nfo
13:17:33.849 T:140588992440064   DEBUG: CWebServer[8080]: request received for /jsonrpc?GetActivePlayers
13:17:35.386 T:140588439566080   DEBUG: Previous line repeats 1 times.
13:17:35.387 T:140588439566080   DEBUG: CWebServer[8080]: request received for /jsonrpc
13:17:35.849 T:140588992440064   DEBUG: Previous line repeats 5 times.
13:17:35.849 T:140588992440064   DEBUG: CWebServer[8080]: request received for /jsonrpc?GetActivePlayers
13:17:36.494 T:140588397602560   ERROR: [PTV Shutdown Timer] Checking schedule 'Bedtime'
13:17:36.494 T:140588397602560   ERROR: [PTV Shutdown Timer] Current time: 13:17
13:17:36.494 T:140588397602560   ERROR: [PTV Shutdown Timer] Shutdown time: 0:15
13:17:36.494 T:140588397602560   ERROR: [PTV Shutdown Timer] Minutes from midnight - Current: 797, Shutdown: 15
13:17:36.494 T:140588397602560   ERROR: [PTV Shutdown Timer] Time match (within window): False
13:17:36.494 T:140588397602560   ERROR: [PTV Shutdown Timer] Current day index: 3
13:17:36.494 T:140588397602560   ERROR: [PTV Shutdown Timer] Day match: False
13:17:36.494 T:140588397602560   ERROR: [PTV Shutdown Timer] Shutdown should trigger: False (Action: 1)
13:17:36.494 T:140588397602560   ERROR: [PTV Shutdown Timer] Checking schedule 'Late Night'
13:17:36.494 T:140588397602560   ERROR: [PTV Shutdown Timer] Current time: 13:17
13:17:36.494 T:140588397602560   ERROR: [PTV Shutdown Timer] Shutdown time: 3:30
13:17:36.494 T:140588397602560   ERROR: [PTV Shutdown Timer] Minutes from midnight - Current: 797, Shutdown: 210
13:17:36.494 T:140588397602560   ERROR: [PTV Shutdown Timer] Time match (within window): False
13:17:36.494 T:140588397602560   ERROR: [PTV Shutdown Timer] Current day index: 3
13:17:36.495 T:140588397602560   ERROR: [PTV Shutdown Timer] Day match: True
13:17:36.495 T:140588397602560   ERROR: [PTV Shutdown Timer] Shutdown should trigger: False (Action: 1)
13:17:36.853 T:140588992440064   DEBUG: CWebServer[8080]: request received for /jsonrpc?GetActivePlayers
13:17:37.398 T:140588439566080   DEBUG: CWebServer[8080]: request received for /jsonrpc
13:17:37.850 T:140588992440064   DEBUG: Previous line repeats 5 times.
13:17:37.850 T:140588992440064   DEBUG: CWebServer[8080]: request received for /jsonrpc?GetActivePlayers
13:17:39.408 T:140588439566080   DEBUG: Previous line repeats 1 times.
13:17:39.408 T:140588439566080   DEBUG: CWebServer[8080]: request received for /jsonrpc
13:17:39.508 T:140588389209856   DEBUG: Previous line repeats 5 times.
13:17:39.508 T:140588389209856  NOTICE: [PTV Preset Timer] DEBUG: Today is Thursday (weekday=3)
13:17:39.508 T:140588389209856  NOTICE: [PTV Preset Timer] DEBUG: Setting name: ThursdayPreset
13:17:39.508 T:140588389209856  NOTICE: [PTV Preset Timer] DEBUG: Raw preset value: '2' (int: 2)
13:17:39.508 T:140588389209856  NOTICE: [PTV Preset Timer] DEBUG: Available presets: ['Alpha', 'Omega', 'Delta', 'Epsilon', 'Gamma', 'Sigma', 'Omicron', 'Theta', 'Lambda']
13:17:39.508 T:140588389209856  NOTICE: [PTV Preset Timer] Today's preset for Thursday: Omega (index=1)
13:17:39.851 T:140588992440064   DEBUG: CWebServer[8080]: request received for /jsonrpc?GetActivePlayers
13:17:41.419 T:140589026760448   DEBUG: Previous line repeats 1 times.
13:17:41.419 T:140589026760448   DEBUG: CWebServer[8080]: request received for /jsonrpc
13:17:41.843 T:140588992440064   DEBUG: Previous line repeats 5 times.
13:17:41.843 T:140588992440064   DEBUG: CWebServer[8080]: request received for /jsonrpc?GetActivePlayers
13:17:43.431 T:140589026760448   DEBUG: Previous line repeats 1 times.
13:17:43.431 T:140589026760448   DEBUG: CWebServer[8080]: request received for /jsonrpc
13:17:43.845 T:140588992440064   DEBUG: Previous line repeats 5 times.
13:17:43.845 T:140588992440064   DEBUG: CWebServer[8080]: request received for /jsonrpc?GetActivePlayers
13:17:45.442 T:140589026760448   DEBUG: Previous line repeats 1 times.
13:17:45.442 T:140589026760448   DEBUG: CWebServer[8080]: request received for /jsonrpc
13:17:45.842 T:140588992440064   DEBUG: Previous line repeats 5 times.
13:17:45.842 T:140588992440064   DEBUG: CWebServer[8080]: request received for /jsonrpc?GetActivePlayers
13:17:46.495 T:140588397602560   ERROR: [PTV Shutdown Timer] Checking schedule 'Bedtime'
13:17:46.495 T:140588397602560   ERROR: [PTV Shutdown Timer] Current time: 13:17
13:17:46.495 T:140588397602560   ERROR: [PTV Shutdown Timer] Shutdown time: 0:15
13:17:46.495 T:140588397602560   ERROR: [PTV Shutdown Timer] Minutes from midnight - Current: 797, Shutdown: 15
13:17:46.495 T:140588397602560   ERROR: [PTV Shutdown Timer] Time match (within window): False
13:17:46.495 T:140588397602560   ERROR: [PTV Shutdown Timer] Current day index: 3
13:17:46.495 T:140588397602560   ERROR: [PTV Shutdown Timer] Day match: False
13:17:46.495 T:140588397602560   ERROR: [PTV Shutdown Timer] Shutdown should trigger: False (Action: 1)
13:17:46.496 T:140588397602560   ERROR: [PTV Shutdown Timer] Checking schedule 'Late Night'
13:17:46.496 T:140588397602560   ERROR: [PTV Shutdown Timer] Current time: 13:17
13:17:46.496 T:140588397602560   ERROR: [PTV Shutdown Timer] Shutdown time: 3:30
13:17:46.496 T:140588397602560   ERROR: [PTV Shutdown Timer] Minutes from midnight - Current: 797, Shutdown: 210
13:17:46.496 T:140588397602560   ERROR: [PTV Shutdown Timer] Time match (within window): False
13:17:46.496 T:140588397602560   ERROR: [PTV Shutdown Timer] Current day index: 3
13:17:46.496 T:140588397602560   ERROR: [PTV Shutdown Timer] Day match: True
13:17:46.496 T:140588397602560   ERROR: [PTV Shutdown Timer] Shutdown should trigger: False (Action: 1)
13:17:46.845 T:140588992440064   DEBUG: CWebServer[8080]: request received for /jsonrpc?GetActivePlayers
13:17:47.450 T:140589026760448   DEBUG: CWebServer[8080]: request received for /jsonrpc
13:17:47.842 T:140588992440064   DEBUG: Previous line repeats 5 times.
13:17:47.843 T:140588992440064   DEBUG: CWebServer[8080]: request received for /jsonrpc?GetActivePlayers
13:17:49.464 T:140589026760448   DEBUG: Previous line repeats 1 times.
13:17:49.464 T:140589026760448   DEBUG: CWebServer[8080]: request received for /jsonrpc
13:17:49.508 T:140588389209856   DEBUG: Previous line repeats 5 times.
13:17:49.508 T:140588389209856  NOTICE: [PTV Preset Timer] DEBUG: Today is Thursday (weekday=3)
13:17:49.508 T:140588389209856  NOTICE: [PTV Preset Timer] DEBUG: Setting name: ThursdayPreset
13:17:49.508 T:140588389209856  NOTICE: [PTV Preset Timer] DEBUG: Raw preset value: '2' (int: 2)
13:17:49.508 T:140588389209856  NOTICE: [PTV Preset Timer] DEBUG: Available presets: ['Alpha', 'Omega', 'Delta', 'Epsilon', 'Gamma', 'Sigma', 'Omicron', 'Theta', 'Lambda']
13:17:49.509 T:140588389209856  NOTICE: [PTV Preset Timer] Today's preset for Thursday: Omega (index=1)
13:17:49.853 T:140588992440064   DEBUG: CWebServer[8080]: request received for /jsonrpc?GetActivePlayers
13:17:50.918 T:140588212840192   DEBUG: Previous line repeats 1 times.
13:17:50.918 T:140588212840192   DEBUG: CNFSFile::Open - opened mnt/user/TELEVISION/Alcatraz/Season 1/01x01-x02.nfo
13:17:50.925 T:140588212840192   DEBUG: CNFSFile::Close closing file mnt/user/TELEVISION/Alcatraz/Season 1/01x01-x02.nfo
13:17:51.470 T:140588439566080   DEBUG: CWebServer[8080]: request received for /jsonrpc
13:17:51.841 T:140588992440064   DEBUG: Previous line repeats 5 times.
13:17:51.841 T:140588992440064   DEBUG: CWebServer[8080]: request received for /jsonrpc?GetActivePlayers
13:17:53.480 T:140588439566080   DEBUG: Previous line repeats 1 times.
13:17:53.480 T:140588439566080   DEBUG: CWebServer[8080]: request received for /jsonrpc
13:17:53.841 T:140588992440064   DEBUG: Previous line repeats 5 times.
13:17:53.841 T:140588992440064   DEBUG: CWebServer[8080]: request received for /jsonrpc?GetActivePlayers
13:17:54.315 T:140588212840192   DEBUG: CNFSFile::Open - opened mnt/user/TELEVISION/Defiance/Season 3/03x01-x02.nfo
13:17:54.322 T:140588212840192   DEBUG: CNFSFile::Close closing file mnt/user/TELEVISION/Defiance/Season 3/03x01-x02.nfo
13:17:54.845 T:140588992440064   DEBUG: CWebServer[8080]: request received for /jsonrpc?GetActivePlayers
13:17:55.487 T:140589026760448   DEBUG: CWebServer[8080]: request received for /jsonrpc
13:17:55.854 T:140588992440064   DEBUG: Previous line repeats 5 times.
13:17:55.854 T:140588992440064   DEBUG: CWebServer[8080]: request received for /jsonrpc?GetActivePlayers
13:17:56.496 T:140588397602560   ERROR: [PTV Shutdown Timer] Checking schedule 'Bedtime'
13:17:56.496 T:140588397602560   ERROR: [PTV Shutdown Timer] Current time: 13:17
13:17:56.496 T:140588397602560   ERROR: [PTV Shutdown Timer] Shutdown time: 0:15
13:17:56.496 T:140588397602560   ERROR: [PTV Shutdown Timer] Minutes from midnight - Current: 797, Shutdown: 15
13:17:56.496 T:140588397602560   ERROR: [PTV Shutdown Timer] Time match (within window): False
13:17:56.496 T:140588397602560   ERROR: [PTV Shutdown Timer] Current day index: 3
13:17:56.496 T:140588397602560   ERROR: [PTV Shutdown Timer] Day match: False
13:17:56.496 T:140588397602560   ERROR: [PTV Shutdown Timer] Shutdown should trigger: False (Action: 1)
13:17:56.496 T:140588397602560   ERROR: [PTV Shutdown Timer] Checking schedule 'Late Night'
13:17:56.496 T:140588397602560   ERROR: [PTV Shutdown Timer] Current time: 13:17
13:17:56.496 T:140588397602560   ERROR: [PTV Shutdown Timer] Shutdown time: 3:30
13:17:56.496 T:140588397602560   ERROR: [PTV Shutdown Timer] Minutes from midnight - Current: 797, Shutdown: 210
13:17:56.496 T:140588397602560   ERROR: [PTV Shutdown Timer] Time match (within window): False
13:17:56.496 T:140588397602560   ERROR: [PTV Shutdown Timer] Current day index: 3
13:17:56.496 T:140588397602560   ERROR: [PTV Shutdown Timer] Day match: True
13:17:56.496 T:140588397602560   ERROR: [PTV Shutdown Timer] Shutdown should trigger: False (Action: 1)
13:17:56.854 T:140588992440064   DEBUG: CWebServer[8080]: request received for /jsonrpc?GetActivePlayers
13:17:57.492 T:140588439566080   DEBUG: CWebServer[8080]: request received for /jsonrpc
13:17:57.850 T:140588992440064   DEBUG: Previous line repeats 5 times.
13:17:57.850 T:140588992440064   DEBUG: CWebServer[8080]: request received for /jsonrpc?GetActivePlayers
13:17:59.495 T:140588439566080   DEBUG: Previous line repeats 1 times.
13:17:59.495 T:140588439566080   DEBUG: CWebServer[8080]: request received for /jsonrpc
13:17:59.509 T:140588389209856   DEBUG: Previous line repeats 1 times.
13:17:59.509 T:140588389209856  NOTICE: [PTV Preset Timer] DEBUG: Today is Thursday (weekday=3)
13:17:59.509 T:140588389209856  NOTICE: [PTV Preset Timer] DEBUG: Setting name: ThursdayPreset
13:17:59.509 T:140588389209856  NOTICE: [PTV Preset Timer] DEBUG: Raw preset value: '2' (int: 2)
13:17:59.509 T:140588389209856  NOTICE: [PTV Preset Timer] DEBUG: Available presets: ['Alpha', 'Omega', 'Delta', 'Epsilon', 'Gamma', 'Sigma', 'Omicron', 'Theta', 'Lambda']
13:17:59.509 T:140588389209856  NOTICE: [PTV Preset Timer] Today's preset for Thursday: Omega (index=1)
13:17:59.510 T:140588439566080   DEBUG: CWebServer[8080]: request received for /jsonrpc
13:17:59.851 T:140588992440064   DEBUG: Previous line repeats 3 times.
13:17:59.851 T:140588992440064   DEBUG: CWebServer[8080]: request received for /jsonrpc?GetActivePlayers
13:18:01.498 T:140588439566080   DEBUG: Previous line repeats 1 times.
13:18:01.498 T:140588439566080   DEBUG: CWebServer[8080]: request received for /jsonrpc
13:18:01.849 T:140588992440064   DEBUG: Previous line repeats 5 times.
13:18:01.849 T:140588992440064   DEBUG: CWebServer[8080]: request received for /jsonrpc?GetActivePlayers
13:18:03.503 T:140588439566080   DEBUG: Previous line repeats 1 times.
13:18:03.503 T:140588439566080   DEBUG: CWebServer[8080]: request received for /jsonrpc
13:18:03.850 T:140588992440064   DEBUG: Previous line repeats 5 times.
13:18:03.850 T:140588992440064   DEBUG: CWebServer[8080]: request received for /jsonrpc?GetActivePlayers
13:18:04.562 T:140588212840192   DEBUG: CNFSFile::Open - opened mnt/user/TELEVISION/BoJack Horseman/Season 1/01x01-x12.nfo
13:18:04.570 T:140588212840192   DEBUG: CNFSFile::Close closing file mnt/user/TELEVISION/BoJack Horseman/Season 1/01x01-x12.nfo
13:18:04.845 T:140588992440064   DEBUG: CWebServer[8080]: request received for /jsonrpc?GetActivePlayers
13:18:05.509 T:140588439566080   DEBUG: CWebServer[8080]: request received for /jsonrpc
13:18:05.845 T:140588992440064   DEBUG: Previous line repeats 5 times.
13:18:05.845 T:140588992440064   DEBUG: CWebServer[8080]: request received for /jsonrpc?GetActivePlayers
13:18:06.226 T:140588212840192   DEBUG: CNFSFile::Open - opened mnt/user/TELEVISION/30 Rock/Season 7/07x12-x13.nfo
13:18:06.233 T:140588212840192   DEBUG: CNFSFile::Close closing file mnt/user/TELEVISION/30 Rock/Season 7/07x12-x13.nfo
13:18:06.379 T:140588212840192   DEBUG: CNFSFile::Open - opened mnt/user/TELEVISION/30 Rock/Season 6/06x06-x07.nfo
13:18:06.385 T:140588212840192   DEBUG: CNFSFile::Close closing file mnt/user/TELEVISION/30 Rock/Season 6/06x06-x07.nfo
13:18:06.497 T:140588397602560   ERROR: [PTV Shutdown Timer] Checking schedule 'Bedtime'
13:18:06.497 T:140588397602560   ERROR: [PTV Shutdown Timer] Current time: 13:18
13:18:06.497 T:140588397602560   ERROR: [PTV Shutdown Timer] Shutdown time: 0:15
13:18:06.497 T:140588397602560   ERROR: [PTV Shutdown Timer] Minutes from midnight - Current: 798, Shutdown: 15
13:18:06.497 T:140588397602560   ERROR: [PTV Shutdown Timer] Time match (within window): False
13:18:06.497 T:140588397602560   ERROR: [PTV Shutdown Timer] Current day index: 3
13:18:06.497 T:140588397602560   ERROR: [PTV Shutdown Timer] Day match: False
13:18:06.497 T:140588397602560   ERROR: [PTV Shutdown Timer] Shutdown should trigger: False (Action: 1)
13:18:06.497 T:140588397602560   ERROR: [PTV Shutdown Timer] Checking schedule 'Late Night'
13:18:06.498 T:140588397602560   ERROR: [PTV Shutdown Timer] Current time: 13:18
13:18:06.498 T:140588397602560   ERROR: [PTV Shutdown Timer] Shutdown time: 3:30
13:18:06.498 T:140588397602560   ERROR: [PTV Shutdown Timer] Minutes from midnight - Current: 798, Shutdown: 210
13:18:06.498 T:140588397602560   ERROR: [PTV Shutdown Timer] Time match (within window): False
13:18:06.498 T:140588397602560   ERROR: [PTV Shutdown Timer] Current day index: 3
13:18:06.498 T:140588397602560   ERROR: [PTV Shutdown Timer] Day match: True
13:18:06.498 T:140588397602560   ERROR: [PTV Shutdown Timer] Shutdown should trigger: False (Action: 1)
13:18:06.847 T:140588992440064   DEBUG: CWebServer[8080]: request received for /jsonrpc?GetActivePlayers
13:18:07.513 T:140588439566080   DEBUG: CWebServer[8080]: request received for /jsonrpc
13:18:07.847 T:140588992440064   DEBUG: Previous line repeats 5 times.
13:18:07.847 T:140588992440064   DEBUG: CWebServer[8080]: request received for /jsonrpc?GetActivePlayers
13:18:09.510 T:140588389209856   DEBUG: Previous line repeats 1 times.
13:18:09.510 T:140588389209856  NOTICE: [PTV Preset Timer] DEBUG: Today is Thursday (weekday=3)
13:18:09.510 T:140588389209856  NOTICE: [PTV Preset Timer] DEBUG: Setting name: ThursdayPreset
13:18:09.510 T:140588389209856  NOTICE: [PTV Preset Timer] DEBUG: Raw preset value: '2' (int: 2)
13:18:09.510 T:140588389209856  NOTICE: [PTV Preset Timer] DEBUG: Available presets: ['Alpha', 'Omega', 'Delta', 'Epsilon', 'Gamma', 'Sigma', 'Omicron', 'Theta', 'Lambda']
13:18:09.510 T:140588389209856  NOTICE: [PTV Preset Timer] Today's preset for Thursday: Omega (index=1)
13:18:09.519 T:140588439566080   DEBUG: CWebServer[8080]: request received for /jsonrpc
13:18:09.847 T:140588992440064   DEBUG: Previous line repeats 5 times.
13:18:09.847 T:140588992440064   DEBUG: CWebServer[8080]: request received for /jsonrpc?GetActivePlayers
13:18:10.691 T:140588212840192   DEBUG: CNFSFile::Open - opened mnt/user/TELEVISION/Death of a Game/07x23 - Titanfall 1 & 2 - Death Of A Game - Technology Documentary - None - None - None - None.nfo
13:18:10.696 T:140588212840192   DEBUG: CNFSFile::Close closing file mnt/user/TELEVISION/Death of a Game/07x23 - Titanfall 1 & 2 - Death Of A Game - Technology Documentary - None - None - None - None.nfo
13:18:10.847 T:140588992440064   DEBUG: CWebServer[8080]: request received for /jsonrpc?GetActivePlayers
13:18:11.374 T:140588212840192   DEBUG: CNFSFile::Open - opened mnt/user/TELEVISION/Death of a Game/02x21 - Asheron'S Call 1 & 2 - Death Of A Game - Technology Documentary - None - None - None - None.nfo
13:18:11.379 T:140588212840192   DEBUG: CNFSFile::Close closing file mnt/user/TELEVISION/Death of a Game/02x21 - Asheron'S Call 1 & 2 - Death Of A Game - Technology Documentary - None - None - None - None.nfo
13:18:11.452 T:140588212840192   DEBUG: CNFSFile::Open - opened mnt/user/TELEVISION/Death of a Game/02x19 - Archlord (& Archlord 2) - Death Of A Game - Technology Documentary - None - None - None - None.nfo
13:18:11.458 T:140588212840192   DEBUG: CNFSFile::Close closing file mnt/user/TELEVISION/Death of a Game/02x19 - Archlord (& Archlord 2) - Death Of A Game - Technology Documentary - None - None - None - None.nfo
13:18:11.525 T:140590083700480   DEBUG: CWebServer[8080]: request received for /jsonrpc
13:18:11.846 T:140588992440064   DEBUG: Previous line repeats 5 times.
13:18:11.846 T:140588992440064   DEBUG: CWebServer[8080]: request received for /jsonrpc?GetActivePlayers
13:18:13.235 T:140588212840192   DEBUG: Previous line repeats 1 times.
13:18:13.235 T:140588212840192   DEBUG: CNFSFile::Open - opened mnt/user/TELEVISION/BEHIND THE BANDS/01x04 - Between Heaven & Hell Lies A Mask - The Slipknot Story - Behind The Bands - Music Documentary - None - None - None - None.nfo
13:18:13.240 T:140588212840192   DEBUG: CNFSFile::Close closing file mnt/user/TELEVISION/BEHIND THE BANDS/01x04 - Between Heaven & Hell Lies A Mask - The Slipknot Story - Behind The Bands - Music Documentary - None - None - None - None.nfo
13:18:13.528 T:140589815281408   DEBUG: CWebServer[8080]: request received for /jsonrpc
13:18:13.579 T:140588212840192   DEBUG: Previous line repeats 2 times.
13:18:13.579 T:140588212840192   DEBUG: CNFSFile::Open - opened mnt/user/TELEVISION/Avenger Expansion/04x23 - Trap& Moombahton - Avenger Expansion - Bumpers - None - None - None - None.nfo
13:18:13.580 T:140591081129728   DEBUG: CWebServer[8080]: request received for /jsonrpc
13:18:13.584 T:140588212840192   DEBUG: CNFSFile::Close closing file mnt/user/TELEVISION/Avenger Expansion/04x23 - Trap& Moombahton - Avenger Expansion - Bumpers - None - None - None - None.nfo
13:18:13.622 T:140589815281408   DEBUG: CWebServer[8080]: request received for /jsonrpc
13:18:13.846 T:140588992440064   DEBUG: Previous line repeats 1 times.
13:18:13.846 T:140588992440064   DEBUG: CWebServer[8080]: request received for /jsonrpc?GetActivePlayers
13:18:13.866 T:140588212840192   DEBUG: CNFSFile::Open - opened mnt/user/TELEVISION/Avenger Expansion/04x04 - Moombahton& Trap - Avenger Expansion - Bumpers - None - None - None - None.nfo
13:18:13.872 T:140588212840192   DEBUG: CNFSFile::Close closing file mnt/user/TELEVISION/Avenger Expansion/04x04 - Moombahton& Trap - Avenger Expansion - Bumpers - None - None - None - None.nfo
13:18:14.846 T:140588992440064   DEBUG: CWebServer[8080]: request received for /jsonrpc?GetActivePlayers
13:18:15.532 T:140588439566080   DEBUG: CWebServer[8080]: request received for /jsonrpc
13:18:15.846 T:140588992440064   DEBUG: Previous line repeats 5 times.
13:18:15.846 T:140588992440064   DEBUG: CWebServer[8080]: request received for /jsonrpc?GetActivePlayers
13:18:16.498 T:140588397602560   ERROR: [PTV Shutdown Timer] Checking schedule 'Bedtime'
13:18:16.498 T:140588397602560   ERROR: [PTV Shutdown Timer] Current time: 13:18
13:18:16.498 T:140588397602560   ERROR: [PTV Shutdown Timer] Shutdown time: 0:15
13:18:16.498 T:140588397602560   ERROR: [PTV Shutdown Timer] Minutes from midnight - Current: 798, Shutdown: 15
13:18:16.498 T:140588397602560   ERROR: [PTV Shutdown Timer] Time match (within window): False
13:18:16.498 T:140588397602560   ERROR: [PTV Shutdown Timer] Current day index: 3
13:18:16.498 T:140588397602560   ERROR: [PTV Shutdown Timer] Day match: False
13:18:16.498 T:140588397602560   ERROR: [PTV Shutdown Timer] Shutdown should trigger: False (Action: 1)
13:18:16.498 T:140588397602560   ERROR: [PTV Shutdown Timer] Checking schedule 'Late Night'
13:18:16.499 T:140588397602560   ERROR: [PTV Shutdown Timer] Current time: 13:18
13:18:16.499 T:140588397602560   ERROR: [PTV Shutdown Timer] Shutdown time: 3:30
13:18:16.499 T:140588397602560   ERROR: [PTV Shutdown Timer] Minutes from midnight - Current: 798, Shutdown: 210
13:18:16.499 T:140588397602560   ERROR: [PTV Shutdown Timer] Time match (within window): False
13:18:16.499 T:140588397602560   ERROR: [PTV Shutdown Timer] Current day index: 3
13:18:16.499 T:140588397602560   ERROR: [PTV Shutdown Timer] Day match: True
13:18:16.499 T:140588397602560   ERROR: [PTV Shutdown Timer] Shutdown should trigger: False (Action: 1)
13:18:16.850 T:140588992440064   DEBUG: CWebServer[8080]: request received for /jsonrpc?GetActivePlayers
13:18:17.537 T:140588439566080   DEBUG: CWebServer[8080]: request received for /jsonrpc
13:18:17.850 T:140588992440064   DEBUG: Previous line repeats 5 times.
13:18:17.850 T:140588992440064   DEBUG: CWebServer[8080]: request received for /jsonrpc?GetActivePlayers
13:18:18.155 T:140588212840192   DEBUG: CNFSFile::Open - opened mnt/user/TELEVISION/THE WHY FILES/Season 2024/2024x31 - Operation Eagle Flight - The Escape from Berlin to Bariloche.nfo
13:18:18.160 T:140588212840192   DEBUG: CNFSFile::Close closing file mnt/user/TELEVISION/THE WHY FILES/Season 2024/2024x31 - Operation Eagle Flight - The Escape from Berlin to Bariloche.nfo
13:18:18.175 T:140588212840192   DEBUG: CNFSFile::Open - opened mnt/user/TELEVISION/THE WHY FILES/Season 2024/2024x26 - Alien Implants Vol. 1 - Devil’s Den UFO Encounter - What Was Found Inside Terry Lovelace.nfo
13:18:18.180 T:140588212840192   DEBUG: CNFSFile::Close closing file mnt/user/TELEVISION/THE WHY FILES/Season 2024/2024x26 - Alien Implants Vol. 1 - Devil’s Den UFO Encounter - What Was Found Inside Terry Lovelace.nfo
13:18:18.198 T:140588212840192   DEBUG: CNFSFile::Open - opened mnt/user/TELEVISION/THE WHY FILES/Season 2024/2024x27 - Project Blue Beam - Staging a Fake Alien Attack to Take Over the World.nfo
13:18:18.203 T:140588212840192   DEBUG: CNFSFile::Close closing file mnt/user/TELEVISION/THE WHY FILES/Season 2024/2024x27 - Project Blue Beam - Staging a Fake Alien Attack to Take Over the World.nfo
13:18:18.223 T:140588212840192   DEBUG: CNFSFile::Open - opened mnt/user/TELEVISION/THE WHY FILES/Season 2024/2024x19 - The Dark Side of DARPA The Human Cost of Technological Supremacy.nfo
13:18:18.228 T:140588212840192   DEBUG: CNFSFile::Close closing file mnt/user/TELEVISION/THE WHY FILES/Season 2024/2024x19 - The Dark Side of DARPA The Human Cost of Technological Supremacy.nfo
13:18:18.247 T:140588212840192   DEBUG: CNFSFile::Open - opened mnt/user/TELEVISION/THE WHY FILES/Season 2024/2024x28 - Symbols of Power - Deciphering the Language of the Secret Elite.nfo
13:18:18.253 T:140588212840192   DEBUG: CNFSFile::Close closing file mnt/user/TELEVISION/THE WHY FILES/Season 2024/2024x28 - Symbols of Power - Deciphering the Language of the Secret Elite.nfo
13:18:18.272 T:140588212840192   DEBUG: CNFSFile::Open - opened mnt/user/TELEVISION/THE WHY FILES/Season 2024/2024x25 - Operation Sunray Hunting the Entity in the Tsarichina Hole.nfo
13:18:18.278 T:140588212840192   DEBUG: CNFSFile::Close closing file mnt/user/TELEVISION/THE WHY FILES/Season 2024/2024x25 - Operation Sunray Hunting the Entity in the Tsarichina Hole.nfo
13:18:18.809 T:140591100061824   DEBUG: ------ Window Init (DialogConfirm.xml) ------
13:18:18.809 T:140591100061824    INFO: Loading skin file: DialogConfirm.xml, load type: KEEP_IN_MEMORY
13:18:18.813 T:140591100061824 WARNING: Skin has invalid include: dialogeffect
13:18:18.813 T:140591100061824 WARNING: Skin has invalid include: DialogBackgroundCommons
13:18:18.853 T:140588992440064 WARNING: Previous line repeats 1 times.
13:18:18.853 T:140588992440064   DEBUG: CWebServer[8080]: request received for /jsonrpc?GetActivePlayers
13:18:19.035 T:140591100061824   DEBUG: ------ Window Deinit (DialogConfirm.xml) ------
13:18:19.511 T:140588389209856  NOTICE: [PTV Preset Timer] DEBUG: Today is Thursday (weekday=3)
13:18:19.511 T:140588389209856  NOTICE: [PTV Preset Timer] DEBUG: Setting name: ThursdayPreset
13:18:19.511 T:140588389209856  NOTICE: [PTV Preset Timer] DEBUG: Raw preset value: '2' (int: 2)
13:18:19.511 T:140588389209856  NOTICE: [PTV Preset Timer] DEBUG: Available presets: ['Alpha', 'Omega', 'Delta', 'Epsilon', 'Gamma', 'Sigma', 'Omicron', 'Theta', 'Lambda']
13:18:19.511 T:140588389209856  NOTICE: [PTV Preset Timer] Today's preset for Thursday: Omega (index=1)
13:18:19.543 T:140588439566080   DEBUG: CWebServer[8080]: request received for /jsonrpc
13:18:19.852 T:140588992440064   DEBUG: Previous line repeats 5 times.
13:18:19.852 T:140588992440064   DEBUG: CWebServer[8080]: request received for /jsonrpc?GetActivePlayers
13:18:21.547 T:140588439566080   DEBUG: Previous line repeats 1 times.
13:18:21.547 T:140588439566080   DEBUG: CWebServer[8080]: request received for /jsonrpc
13:18:21.842 T:140588992440064   DEBUG: Previous line repeats 5 times.
13:18:21.842 T:140588992440064   DEBUG: CWebServer[8080]: request received for /jsonrpc?GetActivePlayers
13:18:23.551 T:140588439566080   DEBUG: Previous line repeats 1 times.
13:18:23.551 T:140588439566080   DEBUG: CWebServer[8080]: request received for /jsonrpc
13:18:23.849 T:140588992440064   DEBUG: Previous line repeats 5 times.
13:18:23.850 T:140588992440064   DEBUG: CWebServer[8080]: request received for /jsonrpc?GetActivePlayers
13:18:25.556 T:140588439566080   DEBUG: Previous line repeats 1 times.
13:18:25.556 T:140588439566080   DEBUG: CWebServer[8080]: request received for /jsonrpc
13:18:25.843 T:140588992440064   DEBUG: Previous line repeats 5 times.
13:18:25.843 T:140588992440064   DEBUG: CWebServer[8080]: request received for /jsonrpc?GetActivePlayers
13:18:26.499 T:140588397602560   ERROR: [PTV Shutdown Timer] Checking schedule 'Bedtime'
13:18:26.500 T:140588397602560   ERROR: [PTV Shutdown Timer] Current time: 13:18
13:18:26.500 T:140588397602560   ERROR: [PTV Shutdown Timer] Shutdown time: 0:15
13:18:26.500 T:140588397602560   ERROR: [PTV Shutdown Timer] Minutes from midnight - Current: 798, Shutdown: 15
13:18:26.500 T:140588397602560   ERROR: [PTV Shutdown Timer] Time match (within window): False
13:18:26.500 T:140588397602560   ERROR: [PTV Shutdown Timer] Current day index: 3
13:18:26.500 T:140588397602560   ERROR: [PTV Shutdown Timer] Day match: False
13:18:26.500 T:140588397602560   ERROR: [PTV Shutdown Timer] Shutdown should trigger: False (Action: 1)
