15:41:40.493 T:139943269615360   ERROR: [PTV Shutdown Timer] Checking schedule 'Late Night'
15:41:40.493 T:139943269615360   ERROR: [PTV Shutdown Timer] Current time: 15:41
15:41:40.493 T:139943269615360   ERROR: [PTV Shutdown Timer] Shutdown time: 3:30
15:41:40.493 T:139943269615360   ERROR: [PTV Shutdown Timer] Minutes from midnight - Current: 941, Shutdown: 210
15:41:40.493 T:139943269615360   ERROR: [PTV Shutdown Timer] Time match (within window): False
15:41:40.493 T:139943269615360   ERROR: [PTV Shutdown Timer] Current day index: 3
15:41:40.493 T:139943269615360   ERROR: [PTV Shutdown Timer] Day match: True
15:41:40.493 T:139943269615360   ERROR: [PTV Shutdown Timer] Shutdown should trigger: False (Action: 1)
15:41:40.909 T:139944114513664   DEBUG: CWebServer[8080]: request received for /jsonrpc
15:41:41.694 T:139943067789056   DEBUG: Previous line repeats 5 times.
15:41:41.694 T:139943067789056   DEBUG: CWebServer[8080]: request received for /jsonrpc?GetActivePlayers
15:41:42.913 T:139944114513664   DEBUG: CWebServer[8080]: request received for /jsonrpc
15:41:43.805 T:139943261222656   DEBUG: Previous line repeats 5 times.
15:41:43.805 T:139943261222656  NOTICE: [PTV Preset Timer] DEBUG: Today is Thursday (weekday=3)
15:41:43.805 T:139943261222656  NOTICE: [PTV Preset Timer] DEBUG: Setting name: ThursdayPreset
15:41:43.805 T:139943261222656  NOTICE: [PTV Preset Timer] DEBUG: Raw preset value: '2' (int: 2)
15:41:43.805 T:139943261222656  NOTICE: [PTV Preset Timer] DEBUG: Available presets: ['Alpha', 'Omega', 'Delta', 'Epsilon', 'Gamma', 'Sigma', 'Omicron', 'Theta', 'Lambda']
15:41:43.805 T:139943261222656  NOTICE: [PTV Preset Timer] Today's preset for Thursday: Omega (index=1)
15:41:44.541 T:139943177611008   DEBUG: CNFSFile::Open - opened mnt/user/TELEVISION/Stargate SG-1/Season 1/01x01-x02.nfo
15:41:44.548 T:139943177611008   DEBUG: CNFSFile::Close closing file mnt/user/TELEVISION/Stargate SG-1/Season 1/01x01-x02.nfo
15:41:44.918 T:139944114513664   DEBUG: CWebServer[8080]: request received for /jsonrpc
15:41:50.494 T:139943269615360   DEBUG: Previous line repeats 17 times.
15:41:50.494 T:139943269615360   ERROR: [PTV Shutdown Timer] Checking schedule 'Bedtime'
15:41:50.494 T:139943269615360   ERROR: [PTV Shutdown Timer] Current time: 15:41
15:41:50.494 T:139943269615360   ERROR: [PTV Shutdown Timer] Shutdown time: 0:15
15:41:50.494 T:139943269615360   ERROR: [PTV Shutdown Timer] Minutes from midnight - Current: 941, Shutdown: 15
15:41:50.494 T:139943269615360   ERROR: [PTV Shutdown Timer] Time match (within window): False
15:41:50.494 T:139943269615360   ERROR: [PTV Shutdown Timer] Current day index: 3
15:41:50.494 T:139943269615360   ERROR: [PTV Shutdown Timer] Day match: False
15:41:50.494 T:139943269615360   ERROR: [PTV Shutdown Timer] Shutdown should trigger: False (Action: 1)
15:41:50.494 T:139943269615360   ERROR: [PTV Shutdown Timer] Checking schedule 'Late Night'
15:41:50.494 T:139943269615360   ERROR: [PTV Shutdown Timer] Current time: 15:41
15:41:50.494 T:139943269615360   ERROR: [PTV Shutdown Timer] Shutdown time: 3:30
15:41:50.494 T:139943269615360   ERROR: [PTV Shutdown Timer] Minutes from midnight - Current: 941, Shutdown: 210
15:41:50.494 T:139943269615360   ERROR: [PTV Shutdown Timer] Time match (within window): False
15:41:50.494 T:139943269615360   ERROR: [PTV Shutdown Timer] Current day index: 3
15:41:50.494 T:139943269615360   ERROR: [PTV Shutdown Timer] Day match: True
15:41:50.494 T:139943269615360   ERROR: [PTV Shutdown Timer] Shutdown should trigger: False (Action: 1)
15:41:50.529 T:139943177611008   DEBUG: CNFSFile::Open - opened mnt/user/TELEVISION/Secrets of the Third Reich/2x02 - Patient Hitler.nfo
15:41:50.534 T:139943177611008   DEBUG: CNFSFile::Close closing file mnt/user/TELEVISION/Secrets of the Third Reich/2x02 - Patient Hitler.nfo
15:41:50.546 T:139943177611008   DEBUG: CNFSFile::Open - opened mnt/user/TELEVISION/Secrets of the Third Reich/2x01 - Deadly Missions.nfo
15:41:50.551 T:139943177611008   DEBUG: CNFSFile::Close closing file mnt/user/TELEVISION/Secrets of the Third Reich/2x01 - Deadly Missions.nfo
15:41:50.929 T:139943160825600   DEBUG: CWebServer[8080]: request received for /jsonrpc
15:41:53.806 T:139943261222656   DEBUG: Previous line repeats 11 times.
15:41:53.806 T:139943261222656  NOTICE: [PTV Preset Timer] DEBUG: Today is Thursday (weekday=3)
15:41:53.806 T:139943261222656  NOTICE: [PTV Preset Timer] DEBUG: Setting name: ThursdayPreset
15:41:53.806 T:139943261222656  NOTICE: [PTV Preset Timer] DEBUG: Raw preset value: '2' (int: 2)
15:41:53.806 T:139943261222656  NOTICE: [PTV Preset Timer] DEBUG: Available presets: ['Alpha', 'Omega', 'Delta', 'Epsilon', 'Gamma', 'Sigma', 'Omicron', 'Theta', 'Lambda']
15:41:53.806 T:139943261222656  NOTICE: [PTV Preset Timer] Today's preset for Thursday: Omega (index=1)
15:41:54.937 T:139943160825600   DEBUG: CWebServer[8080]: request received for /jsonrpc
15:41:59.477 T:139943177611008   DEBUG: Previous line repeats 15 times.
15:41:59.477 T:139943177611008   DEBUG: CNFSFile::Open - opened mnt/user/TELEVISION/Parks and Recreation/Season 7/07x12-x13.nfo
15:41:59.486 T:139943177611008   DEBUG: CNFSFile::Close closing file mnt/user/TELEVISION/Parks and Recreation/Season 7/07x12-x13.nfo
15:41:59.715 T:139943160825600   DEBUG: CWebServer[8080]: request received for /jsonrpc
15:42:00.495 T:139943269615360   DEBUG: Previous line repeats 1 times.
15:42:00.495 T:139943269615360   ERROR: [PTV Shutdown Timer] Checking schedule 'Bedtime'
15:42:00.495 T:139943269615360   ERROR: [PTV Shutdown Timer] Current time: 15:42
15:42:00.495 T:139943269615360   ERROR: [PTV Shutdown Timer] Shutdown time: 0:15
15:42:00.495 T:139943269615360   ERROR: [PTV Shutdown Timer] Minutes from midnight - Current: 942, Shutdown: 15
15:42:00.495 T:139943269615360   ERROR: [PTV Shutdown Timer] Time match (within window): False
15:42:00.495 T:139943269615360   ERROR: [PTV Shutdown Timer] Current day index: 3
15:42:00.495 T:139943269615360   ERROR: [PTV Shutdown Timer] Day match: False
15:42:00.495 T:139943269615360   ERROR: [PTV Shutdown Timer] Shutdown should trigger: False (Action: 1)
15:42:00.495 T:139943269615360   ERROR: [PTV Shutdown Timer] Checking schedule 'Late Night'
15:42:00.495 T:139943269615360   ERROR: [PTV Shutdown Timer] Current time: 15:42
15:42:00.495 T:139943269615360   ERROR: [PTV Shutdown Timer] Shutdown time: 3:30
15:42:00.495 T:139943269615360   ERROR: [PTV Shutdown Timer] Minutes from midnight - Current: 942, Shutdown: 210
15:42:00.495 T:139943269615360   ERROR: [PTV Shutdown Timer] Time match (within window): False
15:42:00.495 T:139943269615360   ERROR: [PTV Shutdown Timer] Current day index: 3
15:42:00.495 T:139943269615360   ERROR: [PTV Shutdown Timer] Day match: True
15:42:00.495 T:139943269615360   ERROR: [PTV Shutdown Timer] Shutdown should trigger: False (Action: 1)
15:42:00.949 T:139943160825600   DEBUG: CWebServer[8080]: request received for /jsonrpc
15:42:03.808 T:139943261222656   DEBUG: Previous line repeats 11 times.
15:42:03.808 T:139943261222656  NOTICE: [PTV Preset Timer] DEBUG: Today is Thursday (weekday=3)
15:42:03.808 T:139943261222656  NOTICE: [PTV Preset Timer] DEBUG: Setting name: ThursdayPreset
15:42:03.808 T:139943261222656  NOTICE: [PTV Preset Timer] DEBUG: Raw preset value: '2' (int: 2)
15:42:03.808 T:139943261222656  NOTICE: [PTV Preset Timer] DEBUG: Available presets: ['Alpha', 'Omega', 'Delta', 'Epsilon', 'Gamma', 'Sigma', 'Omicron', 'Theta', 'Lambda']
15:42:03.808 T:139943261222656  NOTICE: [PTV Preset Timer] Today's preset for Thursday: Omega (index=1)
15:42:04.959 T:139944412550912   DEBUG: CWebServer[8080]: request received for /jsonrpc
15:42:05.954 T:139943177611008   DEBUG: Previous line repeats 5 times.
15:42:05.954 T:139943177611008   DEBUG: CNFSFile::Open - opened mnt/user/TELEVISION/Modern Family/Season 11/11x17-x18.nfo
15:42:05.962 T:139943177611008   DEBUG: CNFSFile::Close closing file mnt/user/TELEVISION/Modern Family/Season 11/11x17-x18.nfo
15:42:06.963 T:139944412550912   DEBUG: CWebServer[8080]: request received for /jsonrpc
15:42:07.665 T:139943177611008   DEBUG: Previous line repeats 3 times.
15:42:07.666 T:139943177611008   DEBUG: CNFSFile::Open - opened mnt/user/TELEVISION/Metalocalypse/Season 2/02x19-x20.nfo
15:42:07.674 T:139943177611008   DEBUG: CNFSFile::Close closing file mnt/user/TELEVISION/Metalocalypse/Season 2/02x19-x20.nfo
15:42:07.692 T:139943177611008   DEBUG: CNFSFile::Open - opened mnt/user/TELEVISION/Metalocalypse/Season 2/02x16-x17.nfo
15:42:07.700 T:139943177611008   DEBUG: CNFSFile::Close closing file mnt/user/TELEVISION/Metalocalypse/Season 2/02x16-x17.nfo
15:42:07.752 T:139944412550912   DEBUG: CWebServer[8080]: request received for /jsonrpc
15:42:08.347 T:139943177611008   DEBUG: Previous line repeats 1 times.
15:42:08.347 T:139943177611008   DEBUG: CNFSFile::Open - opened mnt/user/TELEVISION/Megaprojects/01x18 - Dubai’S Transformation & Its Future - Megaprojects - Bumpers - None - None - None - None.nfo
15:42:08.352 T:139943177611008   DEBUG: CNFSFile::Close closing file mnt/user/TELEVISION/Megaprojects/01x18 - Dubai’S Transformation & Its Future - Megaprojects - Bumpers - None - None - None - None.nfo
15:42:08.968 T:139944412550912   DEBUG: CWebServer[8080]: request received for /jsonrpc
15:42:10.496 T:139943269615360   DEBUG: Previous line repeats 5 times.
15:42:10.496 T:139943269615360   ERROR: [PTV Shutdown Timer] Checking schedule 'Bedtime'
15:42:10.496 T:139943269615360   ERROR: [PTV Shutdown Timer] Current time: 15:42
15:42:10.496 T:139943269615360   ERROR: [PTV Shutdown Timer] Shutdown time: 0:15
15:42:10.496 T:139943269615360   ERROR: [PTV Shutdown Timer] Minutes from midnight - Current: 942, Shutdown: 15
15:42:10.496 T:139943269615360   ERROR: [PTV Shutdown Timer] Time match (within window): False
15:42:10.496 T:139943269615360   ERROR: [PTV Shutdown Timer] Current day index: 3
15:42:10.496 T:139943269615360   ERROR: [PTV Shutdown Timer] Day match: False
15:42:10.496 T:139943269615360   ERROR: [PTV Shutdown Timer] Shutdown should trigger: False (Action: 1)
15:42:10.496 T:139943269615360   ERROR: [PTV Shutdown Timer] Checking schedule 'Late Night'
15:42:10.496 T:139943269615360   ERROR: [PTV Shutdown Timer] Current time: 15:42
15:42:10.496 T:139943269615360   ERROR: [PTV Shutdown Timer] Shutdown time: 3:30
15:42:10.496 T:139943269615360   ERROR: [PTV Shutdown Timer] Minutes from midnight - Current: 942, Shutdown: 210
15:42:10.496 T:139943269615360   ERROR: [PTV Shutdown Timer] Time match (within window): False
15:42:10.496 T:139943269615360   ERROR: [PTV Shutdown Timer] Current day index: 3
15:42:10.497 T:139943269615360   ERROR: [PTV Shutdown Timer] Day match: True
15:42:10.497 T:139943269615360   ERROR: [PTV Shutdown Timer] Shutdown should trigger: False (Action: 1)
15:42:10.972 T:139944412550912   DEBUG: CWebServer[8080]: request received for /jsonrpc
15:42:12.330 T:139943177611008   DEBUG: Previous line repeats 5 times.
15:42:12.330 T:139943177611008   DEBUG: CNFSFile::Open - opened mnt/user/TELEVISION/Letterkenny/Season 5/05x01-02-03-04-05-06 - We Don't Fight at Weddings + The Ol' College Try + Hard Right Jay + Letterkenny Spelling Bee + Back to Back to Back + Bock et Biche.nfo
15:42:12.338 T:139943177611008   DEBUG: CNFSFile::Close closing file mnt/user/TELEVISION/Letterkenny/Season 5/05x01-02-03-04-05-06 - We Don't Fight at Weddings + The Ol' College Try + Hard Right Jay + Letterkenny Spelling Bee + Back to Back to Back + Bock et Biche.nfo
15:42:12.976 T:139944412550912   DEBUG: CWebServer[8080]: request received for /jsonrpc
15:42:13.809 T:139943261222656   DEBUG: Previous line repeats 5 times.
15:42:13.809 T:139943261222656  NOTICE: [PTV Preset Timer] DEBUG: Today is Thursday (weekday=3)
15:42:13.809 T:139943261222656  NOTICE: [PTV Preset Timer] DEBUG: Setting name: ThursdayPreset
15:42:13.809 T:139943261222656  NOTICE: [PTV Preset Timer] DEBUG: Raw preset value: '2' (int: 2)
15:42:13.809 T:139943261222656  NOTICE: [PTV Preset Timer] DEBUG: Available presets: ['Alpha', 'Omega', 'Delta', 'Epsilon', 'Gamma', 'Sigma', 'Omicron', 'Theta', 'Lambda']
15:42:13.809 T:139943261222656  NOTICE: [PTV Preset Timer] Today's preset for Thursday: Omega (index=1)
15:42:14.982 T:139944412550912   DEBUG: CWebServer[8080]: request received for /jsonrpc
15:42:20.497 T:139943269615360   DEBUG: Previous line repeats 17 times.
15:42:20.497 T:139943269615360   ERROR: [PTV Shutdown Timer] Checking schedule 'Bedtime'
15:42:20.497 T:139943269615360   ERROR: [PTV Shutdown Timer] Current time: 15:42
15:42:20.497 T:139943269615360   ERROR: [PTV Shutdown Timer] Shutdown time: 0:15
15:42:20.497 T:139943269615360   ERROR: [PTV Shutdown Timer] Minutes from midnight - Current: 942, Shutdown: 15
15:42:20.497 T:139943269615360   ERROR: [PTV Shutdown Timer] Time match (within window): False
15:42:20.497 T:139943269615360   ERROR: [PTV Shutdown Timer] Current day index: 3
15:42:20.498 T:139943269615360   ERROR: [PTV Shutdown Timer] Day match: False
15:42:20.498 T:139943269615360   ERROR: [PTV Shutdown Timer] Shutdown should trigger: False (Action: 1)
15:42:20.498 T:139943269615360   ERROR: [PTV Shutdown Timer] Checking schedule 'Late Night'
15:42:20.498 T:139943269615360   ERROR: [PTV Shutdown Timer] Current time: 15:42
15:42:20.498 T:139943269615360   ERROR: [PTV Shutdown Timer] Shutdown time: 3:30
15:42:20.498 T:139943269615360   ERROR: [PTV Shutdown Timer] Minutes from midnight - Current: 942, Shutdown: 210
15:42:20.498 T:139943269615360   ERROR: [PTV Shutdown Timer] Time match (within window): False
15:42:20.498 T:139943269615360   ERROR: [PTV Shutdown Timer] Current day index: 3
15:42:20.498 T:139943269615360   ERROR: [PTV Shutdown Timer] Day match: True
15:42:20.498 T:139943269615360   ERROR: [PTV Shutdown Timer] Shutdown should trigger: False (Action: 1)
15:42:20.994 T:139944114513664   DEBUG: CWebServer[8080]: request received for /jsonrpc
15:42:23.810 T:139943261222656   DEBUG: Previous line repeats 9 times.
15:42:23.810 T:139943261222656  NOTICE: [PTV Preset Timer] DEBUG: Today is Thursday (weekday=3)
15:42:23.810 T:139943261222656  NOTICE: [PTV Preset Timer] DEBUG: Setting name: ThursdayPreset
15:42:23.810 T:139943261222656  NOTICE: [PTV Preset Timer] DEBUG: Raw preset value: '2' (int: 2)
15:42:23.810 T:139943261222656  NOTICE: [PTV Preset Timer] DEBUG: Available presets: ['Alpha', 'Omega', 'Delta', 'Epsilon', 'Gamma', 'Sigma', 'Omicron', 'Theta', 'Lambda']
15:42:23.810 T:139943261222656  NOTICE: [PTV Preset Timer] Today's preset for Thursday: Omega (index=1)
15:42:23.822 T:139944114513664   DEBUG: CWebServer[8080]: request received for /jsonrpc
15:42:30.499 T:139943269615360   DEBUG: Previous line repeats 19 times.
15:42:30.499 T:139943269615360   ERROR: [PTV Shutdown Timer] Checking schedule 'Bedtime'
15:42:30.499 T:139943269615360   ERROR: [PTV Shutdown Timer] Current time: 15:42
15:42:30.499 T:139943269615360   ERROR: [PTV Shutdown Timer] Shutdown time: 0:15
15:42:30.499 T:139943269615360   ERROR: [PTV Shutdown Timer] Minutes from midnight - Current: 942, Shutdown: 15
15:42:30.499 T:139943269615360   ERROR: [PTV Shutdown Timer] Time match (within window): False
15:42:30.499 T:139943269615360   ERROR: [PTV Shutdown Timer] Current day index: 3
15:42:30.499 T:139943269615360   ERROR: [PTV Shutdown Timer] Day match: False
15:42:30.499 T:139943269615360   ERROR: [PTV Shutdown Timer] Shutdown should trigger: False (Action: 1)
15:42:30.499 T:139943269615360   ERROR: [PTV Shutdown Timer] Checking schedule 'Late Night'
15:42:30.499 T:139943269615360   ERROR: [PTV Shutdown Timer] Current time: 15:42
15:42:30.499 T:139943269615360   ERROR: [PTV Shutdown Timer] Shutdown time: 3:30
15:42:30.499 T:139943269615360   ERROR: [PTV Shutdown Timer] Minutes from midnight - Current: 942, Shutdown: 210
15:42:30.499 T:139943269615360   ERROR: [PTV Shutdown Timer] Time match (within window): False
15:42:30.499 T:139943269615360   ERROR: [PTV Shutdown Timer] Current day index: 3
15:42:30.499 T:139943269615360   ERROR: [PTV Shutdown Timer] Day match: True
15:42:30.499 T:139943269615360   ERROR: [PTV Shutdown Timer] Shutdown should trigger: False (Action: 1)
15:42:31.015 T:139944412550912   DEBUG: CWebServer[8080]: request received for /jsonrpc
15:42:33.811 T:139943261222656   DEBUG: Previous line repeats 9 times.
15:42:33.811 T:139943261222656  NOTICE: [PTV Preset Timer] DEBUG: Today is Thursday (weekday=3)
15:42:33.811 T:139943261222656  NOTICE: [PTV Preset Timer] DEBUG: Setting name: ThursdayPreset
15:42:33.811 T:139943261222656  NOTICE: [PTV Preset Timer] DEBUG: Raw preset value: '2' (int: 2)
15:42:33.811 T:139943261222656  NOTICE: [PTV Preset Timer] DEBUG: Available presets: ['Alpha', 'Omega', 'Delta', 'Epsilon', 'Gamma', 'Sigma', 'Omicron', 'Theta', 'Lambda']
15:42:33.811 T:139943261222656  NOTICE: [PTV Preset Timer] Today's preset for Thursday: Omega (index=1)
15:42:33.862 T:139944865560320   DEBUG: CWebServer[8080]: request received for /jsonrpc
15:42:39.362 T:139943177611008   DEBUG: Previous line repeats 15 times.
15:42:39.362 T:139943177611008   DEBUG: CNFSFile::Open - opened mnt/user/TELEVISION/Victorious/Season 1/01x13-x14.nfo
15:42:39.370 T:139943177611008   DEBUG: CNFSFile::Close closing file mnt/user/TELEVISION/Victorious/Season 1/01x13-x14.nfo
15:42:39.423 T:139944114513664   DEBUG: CWebServer[8080]: request received for /jsonrpc
15:42:40.500 T:139943269615360   DEBUG: Previous line repeats 3 times.
15:42:40.500 T:139943269615360   ERROR: [PTV Shutdown Timer] Checking schedule 'Bedtime'
15:42:40.500 T:139943269615360   ERROR: [PTV Shutdown Timer] Current time: 15:42
15:42:40.500 T:139943269615360   ERROR: [PTV Shutdown Timer] Shutdown time: 0:15
15:42:40.500 T:139943269615360   ERROR: [PTV Shutdown Timer] Minutes from midnight - Current: 942, Shutdown: 15
15:42:40.500 T:139943269615360   ERROR: [PTV Shutdown Timer] Time match (within window): False
15:42:40.500 T:139943269615360   ERROR: [PTV Shutdown Timer] Current day index: 3
15:42:40.500 T:139943269615360   ERROR: [PTV Shutdown Timer] Day match: False
15:42:40.500 T:139943269615360   ERROR: [PTV Shutdown Timer] Shutdown should trigger: False (Action: 1)
15:42:40.500 T:139943269615360   ERROR: [PTV Shutdown Timer] Checking schedule 'Late Night'
15:42:40.500 T:139943269615360   ERROR: [PTV Shutdown Timer] Current time: 15:42
15:42:40.500 T:139943269615360   ERROR: [PTV Shutdown Timer] Shutdown time: 3:30
15:42:40.500 T:139943269615360   ERROR: [PTV Shutdown Timer] Minutes from midnight - Current: 942, Shutdown: 210
15:42:40.500 T:139943269615360   ERROR: [PTV Shutdown Timer] Time match (within window): False
15:42:40.500 T:139943269615360   ERROR: [PTV Shutdown Timer] Current day index: 3
15:42:40.500 T:139943269615360   ERROR: [PTV Shutdown Timer] Day match: True
15:42:40.500 T:139943269615360   ERROR: [PTV Shutdown Timer] Shutdown should trigger: False (Action: 1)
15:42:41.037 T:139944114513664   DEBUG: CWebServer[8080]: request received for /jsonrpc
15:42:41.695 T:139943067789056   DEBUG: Previous line repeats 3 times.
15:42:41.695 T:139943067789056   DEBUG: CWebServer[8080]: request received for /jsonrpc?GetActivePlayers
15:42:41.894 T:139944114513664   DEBUG: CWebServer[8080]: request received for /jsonrpc
15:42:43.813 T:139943261222656   DEBUG: Previous line repeats 5 times.
15:42:43.813 T:139943261222656  NOTICE: [PTV Preset Timer] DEBUG: Today is Thursday (weekday=3)
15:42:43.813 T:139943261222656  NOTICE: [PTV Preset Timer] DEBUG: Setting name: ThursdayPreset
15:42:43.813 T:139943261222656  NOTICE: [PTV Preset Timer] DEBUG: Raw preset value: '2' (int: 2)
15:42:43.813 T:139943261222656  NOTICE: [PTV Preset Timer] DEBUG: Available presets: ['Alpha', 'Omega', 'Delta', 'Epsilon', 'Gamma', 'Sigma', 'Omicron', 'Theta', 'Lambda']
15:42:43.813 T:139943261222656  NOTICE: [PTV Preset Timer] Today's preset for Thursday: Omega (index=1)
15:42:43.905 T:139944412550912   DEBUG: CWebServer[8080]: request received for /jsonrpc
15:42:50.501 T:139943269615360   DEBUG: Previous line repeats 19 times.
15:42:50.501 T:139943269615360   ERROR: [PTV Shutdown Timer] Checking schedule 'Bedtime'
15:42:50.501 T:139943269615360   ERROR: [PTV Shutdown Timer] Current time: 15:42
15:42:50.501 T:139943269615360   ERROR: [PTV Shutdown Timer] Shutdown time: 0:15
15:42:50.501 T:139943269615360   ERROR: [PTV Shutdown Timer] Minutes from midnight - Current: 942, Shutdown: 15
15:42:50.501 T:139943269615360   ERROR: [PTV Shutdown Timer] Time match (within window): False
15:42:50.501 T:139943269615360   ERROR: [PTV Shutdown Timer] Current day index: 3
15:42:50.501 T:139943269615360   ERROR: [PTV Shutdown Timer] Day match: False
15:42:50.501 T:139943269615360   ERROR: [PTV Shutdown Timer] Shutdown should trigger: False (Action: 1)
15:42:50.501 T:139943269615360   ERROR: [PTV Shutdown Timer] Checking schedule 'Late Night'
15:42:50.501 T:139943269615360   ERROR: [PTV Shutdown Timer] Current time: 15:42
15:42:50.501 T:139943269615360   ERROR: [PTV Shutdown Timer] Shutdown time: 3:30
15:42:50.501 T:139943269615360   ERROR: [PTV Shutdown Timer] Minutes from midnight - Current: 942, Shutdown: 210
15:42:50.501 T:139943269615360   ERROR: [PTV Shutdown Timer] Time match (within window): False
15:42:50.501 T:139943269615360   ERROR: [PTV Shutdown Timer] Current day index: 3
15:42:50.501 T:139943269615360   ERROR: [PTV Shutdown Timer] Day match: True
15:42:50.501 T:139943269615360   ERROR: [PTV Shutdown Timer] Shutdown should trigger: False (Action: 1)
15:42:51.057 T:139944865560320   DEBUG: CWebServer[8080]: request received for /jsonrpc
15:42:53.813 T:139943261222656   DEBUG: Previous line repeats 9 times.
15:42:53.814 T:139943261222656  NOTICE: [PTV Preset Timer] DEBUG: Today is Thursday (weekday=3)
15:42:53.814 T:139943261222656  NOTICE: [PTV Preset Timer] DEBUG: Setting name: ThursdayPreset
15:42:53.814 T:139943261222656  NOTICE: [PTV Preset Timer] DEBUG: Raw preset value: '2' (int: 2)
15:42:53.814 T:139943261222656  NOTICE: [PTV Preset Timer] DEBUG: Available presets: ['Alpha', 'Omega', 'Delta', 'Epsilon', 'Gamma', 'Sigma', 'Omicron', 'Theta', 'Lambda']
15:42:53.814 T:139943261222656  NOTICE: [PTV Preset Timer] Today's preset for Thursday: Omega (index=1)
15:42:53.944 T:139944865560320   DEBUG: CWebServer[8080]: request received for /jsonrpc
15:42:54.325 T:139943177611008   DEBUG: Previous line repeats 1 times.
15:42:54.325 T:139943177611008   DEBUG: CNFSFile::Open - opened mnt/user/TELEVISION/Alcatraz/Season 1/01x01-x02.nfo
15:42:54.333 T:139943177611008   DEBUG: CNFSFile::Close closing file mnt/user/TELEVISION/Alcatraz/Season 1/01x01-x02.nfo
15:42:55.064 T:139944865560320   DEBUG: CWebServer[8080]: request received for /jsonrpc
15:42:57.217 T:139943177611008   DEBUG: Previous line repeats 7 times.
15:42:57.217 T:139943177611008   DEBUG: CNFSFile::Open - opened mnt/user/TELEVISION/Defiance/Season 3/03x01-x02.nfo
15:42:57.225 T:139943177611008   DEBUG: CNFSFile::Close closing file mnt/user/TELEVISION/Defiance/Season 3/03x01-x02.nfo
15:42:57.496 T:139944865560320   DEBUG: CWebServer[8080]: request received for /jsonrpc
15:43:00.503 T:139943269615360   DEBUG: Previous line repeats 9 times.
15:43:00.503 T:139943269615360   ERROR: [PTV Shutdown Timer] Checking schedule 'Bedtime'
15:43:00.503 T:139943269615360   ERROR: [PTV Shutdown Timer] Current time: 15:43
15:43:00.503 T:139943269615360   ERROR: [PTV Shutdown Timer] Shutdown time: 0:15
15:43:00.503 T:139943269615360   ERROR: [PTV Shutdown Timer] Minutes from midnight - Current: 943, Shutdown: 15
15:43:00.503 T:139943269615360   ERROR: [PTV Shutdown Timer] Time match (within window): False
15:43:00.503 T:139943269615360   ERROR: [PTV Shutdown Timer] Current day index: 3
15:43:00.503 T:139943269615360   ERROR: [PTV Shutdown Timer] Day match: False
15:43:00.503 T:139943269615360   ERROR: [PTV Shutdown Timer] Shutdown should trigger: False (Action: 1)
15:43:00.503 T:139943269615360   ERROR: [PTV Shutdown Timer] Checking schedule 'Late Night'
15:43:00.503 T:139943269615360   ERROR: [PTV Shutdown Timer] Current time: 15:43
15:43:00.503 T:139943269615360   ERROR: [PTV Shutdown Timer] Shutdown time: 3:30
15:43:00.503 T:139943269615360   ERROR: [PTV Shutdown Timer] Minutes from midnight - Current: 943, Shutdown: 210
15:43:00.503 T:139943269615360   ERROR: [PTV Shutdown Timer] Time match (within window): False
15:43:00.503 T:139943269615360   ERROR: [PTV Shutdown Timer] Current day index: 3
15:43:00.503 T:139943269615360   ERROR: [PTV Shutdown Timer] Day match: True
15:43:00.503 T:139943269615360   ERROR: [PTV Shutdown Timer] Shutdown should trigger: False (Action: 1)
15:43:01.073 T:139944865560320   DEBUG: CWebServer[8080]: request received for /jsonrpc
15:43:03.814 T:139943261222656   DEBUG: Previous line repeats 9 times.
15:43:03.814 T:139943261222656  NOTICE: [PTV Preset Timer] DEBUG: Today is Thursday (weekday=3)
15:43:03.814 T:139943261222656  NOTICE: [PTV Preset Timer] DEBUG: Setting name: ThursdayPreset
15:43:03.814 T:139943261222656  NOTICE: [PTV Preset Timer] DEBUG: Raw preset value: '2' (int: 2)
15:43:03.814 T:139943261222656  NOTICE: [PTV Preset Timer] DEBUG: Available presets: ['Alpha', 'Omega', 'Delta', 'Epsilon', 'Gamma', 'Sigma', 'Omicron', 'Theta', 'Lambda']
15:43:03.814 T:139943261222656  NOTICE: [PTV Preset Timer] Today's preset for Thursday: Omega (index=1)
15:43:03.985 T:139944865560320   DEBUG: CWebServer[8080]: request received for /jsonrpc
15:43:06.655 T:139943177611008   DEBUG: Previous line repeats 7 times.
15:43:06.655 T:139943177611008   DEBUG: CNFSFile::Open - opened mnt/user/TELEVISION/BoJack Horseman/Season 1/01x01-x12.nfo
15:43:06.662 T:139943177611008   DEBUG: CNFSFile::Close closing file mnt/user/TELEVISION/BoJack Horseman/Season 1/01x01-x12.nfo
15:43:07.089 T:139944865560320   DEBUG: CWebServer[8080]: request received for /jsonrpc
15:43:07.945 T:139943177611008   DEBUG: Previous line repeats 3 times.
15:43:07.945 T:139943177611008   DEBUG: CNFSFile::Open - opened mnt/user/TELEVISION/30 Rock/Season 7/07x12-x13.nfo
15:43:07.952 T:139943177611008   DEBUG: CNFSFile::Close closing file mnt/user/TELEVISION/30 Rock/Season 7/07x12-x13.nfo
15:43:08.001 T:139944462907136   DEBUG: CWebServer[8080]: request received for /jsonrpc
15:43:08.116 T:139943177611008   DEBUG: Previous line repeats 1 times.
15:43:08.116 T:139943177611008   DEBUG: CNFSFile::Open - opened mnt/user/TELEVISION/30 Rock/Season 6/06x06-x07.nfo
15:43:08.125 T:139943177611008   DEBUG: CNFSFile::Close closing file mnt/user/TELEVISION/30 Rock/Season 6/06x06-x07.nfo
15:43:09.093 T:139943160825600   DEBUG: CWebServer[8080]: request received for /jsonrpc
15:43:10.505 T:139943269615360   DEBUG: Previous line repeats 5 times.
15:43:10.505 T:139943269615360   ERROR: [PTV Shutdown Timer] Checking schedule 'Bedtime'
15:43:10.505 T:139943269615360   ERROR: [PTV Shutdown Timer] Current time: 15:43
15:43:10.505 T:139943269615360   ERROR: [PTV Shutdown Timer] Shutdown time: 0:15
15:43:10.505 T:139943269615360   ERROR: [PTV Shutdown Timer] Minutes from midnight - Current: 943, Shutdown: 15
15:43:10.505 T:139943269615360   ERROR: [PTV Shutdown Timer] Time match (within window): False
15:43:10.505 T:139943269615360   ERROR: [PTV Shutdown Timer] Current day index: 3
15:43:10.505 T:139943269615360   ERROR: [PTV Shutdown Timer] Day match: False
15:43:10.505 T:139943269615360   ERROR: [PTV Shutdown Timer] Shutdown should trigger: False (Action: 1)
15:43:10.505 T:139943269615360   ERROR: [PTV Shutdown Timer] Checking schedule 'Late Night'
15:43:10.505 T:139943269615360   ERROR: [PTV Shutdown Timer] Current time: 15:43
15:43:10.505 T:139943269615360   ERROR: [PTV Shutdown Timer] Shutdown time: 3:30
15:43:10.505 T:139943269615360   ERROR: [PTV Shutdown Timer] Minutes from midnight - Current: 943, Shutdown: 210
15:43:10.505 T:139943269615360   ERROR: [PTV Shutdown Timer] Time match (within window): False
15:43:10.505 T:139943269615360   ERROR: [PTV Shutdown Timer] Current day index: 3
15:43:10.505 T:139943269615360   ERROR: [PTV Shutdown Timer] Day match: True
15:43:10.505 T:139943269615360   ERROR: [PTV Shutdown Timer] Shutdown should trigger: False (Action: 1)
15:43:11.097 T:139944114513664   DEBUG: CWebServer[8080]: request received for /jsonrpc
15:43:12.511 T:139943177611008   DEBUG: Previous line repeats 5 times.
15:43:12.511 T:139943177611008   DEBUG: CNFSFile::Open - opened mnt/user/TELEVISION/Death of a Game/07x23 - Titanfall 1 & 2 - Death Of A Game - Technology Documentary - None - None - None - None.nfo
15:43:12.516 T:139943177611008   DEBUG: CNFSFile::Close closing file mnt/user/TELEVISION/Death of a Game/07x23 - Titanfall 1 & 2 - Death Of A Game - Technology Documentary - None - None - None - None.nfo
15:43:13.101 T:139943160825600   DEBUG: CWebServer[8080]: request received for /jsonrpc
15:43:13.284 T:139943177611008   DEBUG: Previous line repeats 1 times.
15:43:13.284 T:139943177611008   DEBUG: CNFSFile::Open - opened mnt/user/TELEVISION/Death of a Game/02x21 - Asheron'S Call 1 & 2 - Death Of A Game - Technology Documentary - None - None - None - None.nfo
15:43:13.291 T:139943177611008   DEBUG: CNFSFile::Close closing file mnt/user/TELEVISION/Death of a Game/02x21 - Asheron'S Call 1 & 2 - Death Of A Game - Technology Documentary - None - None - None - None.nfo
15:43:13.377 T:139943177611008   DEBUG: CNFSFile::Open - opened mnt/user/TELEVISION/Death of a Game/02x19 - Archlord (& Archlord 2) - Death Of A Game - Technology Documentary - None - None - None - None.nfo
15:43:13.383 T:139943177611008   DEBUG: CNFSFile::Close closing file mnt/user/TELEVISION/Death of a Game/02x19 - Archlord (& Archlord 2) - Death Of A Game - Technology Documentary - None - None - None - None.nfo
15:43:13.572 T:139943160825600   DEBUG: CWebServer[8080]: request received for /jsonrpc
15:43:13.816 T:139943261222656   DEBUG: Previous line repeats 1 times.
15:43:13.816 T:139943261222656  NOTICE: [PTV Preset Timer] DEBUG: Today is Thursday (weekday=3)
15:43:13.816 T:139943261222656  NOTICE: [PTV Preset Timer] DEBUG: Setting name: ThursdayPreset
15:43:13.816 T:139943261222656  NOTICE: [PTV Preset Timer] DEBUG: Raw preset value: '2' (int: 2)
15:43:13.817 T:139943261222656  NOTICE: [PTV Preset Timer] DEBUG: Available presets: ['Alpha', 'Omega', 'Delta', 'Epsilon', 'Gamma', 'Sigma', 'Omicron', 'Theta', 'Lambda']
15:43:13.817 T:139943261222656  NOTICE: [PTV Preset Timer] Today's preset for Thursday: Omega (index=1)
15:43:14.027 T:139943160825600   DEBUG: CWebServer[8080]: request received for /jsonrpc
15:43:15.203 T:139943177611008   DEBUG: Previous line repeats 3 times.
15:43:15.203 T:139943177611008   DEBUG: CNFSFile::Open - opened mnt/user/TELEVISION/BEHIND THE BANDS/01x04 - Between Heaven & Hell Lies A Mask - The Slipknot Story - Behind The Bands - Music Documentary - None - None - None - None.nfo
15:43:15.209 T:139943177611008   DEBUG: CNFSFile::Close closing file mnt/user/TELEVISION/BEHIND THE BANDS/01x04 - Between Heaven & Hell Lies A Mask - The Slipknot Story - Behind The Bands - Music Documentary - None - None - None - None.nfo
15:43:15.554 T:139943177611008   DEBUG: CNFSFile::Open - opened mnt/user/TELEVISION/Avenger Expansion/04x23 - Trap& Moombahton - Avenger Expansion - Bumpers - None - None - None - None.nfo
15:43:15.559 T:139943177611008   DEBUG: CNFSFile::Close closing file mnt/user/TELEVISION/Avenger Expansion/04x23 - Trap& Moombahton - Avenger Expansion - Bumpers - None - None - None - None.nfo
15:43:15.584 T:139943160825600   DEBUG: CWebServer[8080]: request received for /jsonrpc
15:43:15.838 T:139943177611008   DEBUG: Previous line repeats 1 times.
15:43:15.838 T:139943177611008   DEBUG: CNFSFile::Open - opened mnt/user/TELEVISION/Avenger Expansion/04x04 - Moombahton& Trap - Avenger Expansion - Bumpers - None - None - None - None.nfo
15:43:15.844 T:139943177611008   DEBUG: CNFSFile::Close closing file mnt/user/TELEVISION/Avenger Expansion/04x04 - Moombahton& Trap - Avenger Expansion - Bumpers - None - None - None - None.nfo
15:43:16.035 T:139943160825600   DEBUG: CWebServer[8080]: request received for /jsonrpc
15:43:19.440 T:139943177611008   DEBUG: Previous line repeats 9 times.
15:43:19.440 T:139943177611008   DEBUG: CNFSFile::Open - opened mnt/user/TELEVISION/THE WHY FILES/Season 2024/2024x31 - Operation Eagle Flight - The Escape from Berlin to Bariloche.nfo
15:43:19.448 T:139943177611008   DEBUG: CNFSFile::Close closing file mnt/user/TELEVISION/THE WHY FILES/Season 2024/2024x31 - Operation Eagle Flight - The Escape from Berlin to Bariloche.nfo
15:43:19.470 T:139943177611008   DEBUG: CNFSFile::Open - opened mnt/user/TELEVISION/THE WHY FILES/Season 2024/2024x26 - Alien Implants Vol. 1 - Devil’s Den UFO Encounter - What Was Found Inside Terry Lovelace.nfo
15:43:19.477 T:139943177611008   DEBUG: CNFSFile::Close closing file mnt/user/TELEVISION/THE WHY FILES/Season 2024/2024x26 - Alien Implants Vol. 1 - Devil’s Den UFO Encounter - What Was Found Inside Terry Lovelace.nfo
15:43:19.497 T:139943177611008   DEBUG: CNFSFile::Open - opened mnt/user/TELEVISION/THE WHY FILES/Season 2024/2024x27 - Project Blue Beam - Staging a Fake Alien Attack to Take Over the World.nfo
15:43:19.504 T:139943177611008   DEBUG: CNFSFile::Close closing file mnt/user/TELEVISION/THE WHY FILES/Season 2024/2024x27 - Project Blue Beam - Staging a Fake Alien Attack to Take Over the World.nfo
15:43:19.525 T:139943177611008   DEBUG: CNFSFile::Open - opened mnt/user/TELEVISION/THE WHY FILES/Season 2024/2024x19 - The Dark Side of DARPA The Human Cost of Technological Supremacy.nfo
15:43:19.531 T:139943177611008   DEBUG: CNFSFile::Close closing file mnt/user/TELEVISION/THE WHY FILES/Season 2024/2024x19 - The Dark Side of DARPA The Human Cost of Technological Supremacy.nfo
15:43:19.551 T:139943177611008   DEBUG: CNFSFile::Open - opened mnt/user/TELEVISION/THE WHY FILES/Season 2024/2024x28 - Symbols of Power - Deciphering the Language of the Secret Elite.nfo
15:43:19.558 T:139943177611008   DEBUG: CNFSFile::Close closing file mnt/user/TELEVISION/THE WHY FILES/Season 2024/2024x28 - Symbols of Power - Deciphering the Language of the Secret Elite.nfo
15:43:19.578 T:139943177611008   DEBUG: CNFSFile::Open - opened mnt/user/TELEVISION/THE WHY FILES/Season 2024/2024x25 - Operation Sunray Hunting the Entity in the Tsarichina Hole.nfo
15:43:19.585 T:139943177611008   DEBUG: CNFSFile::Close closing file mnt/user/TELEVISION/THE WHY FILES/Season 2024/2024x25 - Operation Sunray Hunting the Entity in the Tsarichina Hole.nfo
15:43:19.599 T:139943160825600   DEBUG: CWebServer[8080]: request received for /jsonrpc
15:43:20.157 T:139946411292800   DEBUG: Previous line repeats 3 times.
15:43:20.157 T:139946411292800   DEBUG: ------ Window Init (DialogConfirm.xml) ------
15:43:20.157 T:139946411292800    INFO: Loading skin file: DialogConfirm.xml, load type: KEEP_IN_MEMORY
15:43:20.161 T:139946411292800 WARNING: Skin has invalid include: dialogeffect
15:43:20.161 T:139946411292800 WARNING: Skin has invalid include: DialogBackgroundCommons
15:43:20.384 T:139946411292800 WARNING: Previous line repeats 1 times.
15:43:20.384 T:139946411292800   DEBUG: ------ Window Deinit (DialogConfirm.xml) ------
15:43:20.506 T:139943269615360   ERROR: [PTV Shutdown Timer] Checking schedule 'Bedtime'
15:43:20.506 T:139943269615360   ERROR: [PTV Shutdown Timer] Current time: 15:43
15:43:20.506 T:139943269615360   ERROR: [PTV Shutdown Timer] Shutdown time: 0:15
15:43:20.506 T:139943269615360   ERROR: [PTV Shutdown Timer] Minutes from midnight - Current: 943, Shutdown: 15
15:43:20.506 T:139943269615360   ERROR: [PTV Shutdown Timer] Time match (within window): False
15:43:20.506 T:139943269615360   ERROR: [PTV Shutdown Timer] Current day index: 3
15:43:20.506 T:139943269615360   ERROR: [PTV Shutdown Timer] Day match: False
15:43:20.506 T:139943269615360   ERROR: [PTV Shutdown Timer] Shutdown should trigger: False (Action: 1)
15:43:20.506 T:139943269615360   ERROR: [PTV Shutdown Timer] Checking schedule 'Late Night'
15:43:20.506 T:139943269615360   ERROR: [PTV Shutdown Timer] Current time: 15:43
15:43:20.506 T:139943269615360   ERROR: [PTV Shutdown Timer] Shutdown time: 3:30
15:43:20.506 T:139943269615360   ERROR: [PTV Shutdown Timer] Minutes from midnight - Current: 943, Shutdown: 210
15:43:20.506 T:139943269615360   ERROR: [PTV Shutdown Timer] Time match (within window): False
15:43:20.506 T:139943269615360   ERROR: [PTV Shutdown Timer] Current day index: 3
15:43:20.506 T:139943269615360   ERROR: [PTV Shutdown Timer] Day match: True
15:43:20.506 T:139943269615360   ERROR: [PTV Shutdown Timer] Shutdown should trigger: False (Action: 1)
15:43:21.119 T:139943025833728   DEBUG: CWebServer[8080]: request received for /jsonrpc
15:43:23.818 T:139943261222656   DEBUG: Previous line repeats 9 times.
15:43:23.818 T:139943261222656  NOTICE: [PTV Preset Timer] DEBUG: Today is Thursday (weekday=3)
15:43:23.818 T:139943261222656  NOTICE: [PTV Preset Timer] DEBUG: Setting name: ThursdayPreset
15:43:23.818 T:139943261222656  NOTICE: [PTV Preset Timer] DEBUG: Raw preset value: '2' (int: 2)
15:43:23.819 T:139943261222656  NOTICE: [PTV Preset Timer] DEBUG: Available presets: ['Alpha', 'Omega', 'Delta', 'Epsilon', 'Gamma', 'Sigma', 'Omicron', 'Theta', 'Lambda']
15:43:23.819 T:139943261222656  NOTICE: [PTV Preset Timer] Today's preset for Thursday: Omega (index=1)
15:43:24.072 T:139943218833152   DEBUG: CWebServer[8080]: request received for /jsonrpc
15:43:30.507 T:139943269615360   DEBUG: Previous line repeats 19 times.
15:43:30.507 T:139943269615360   ERROR: [PTV Shutdown Timer] Checking schedule 'Bedtime'
15:43:30.507 T:139943269615360   ERROR: [PTV Shutdown Timer] Current time: 15:43
15:43:30.507 T:139943269615360   ERROR: [PTV Shutdown Timer] Shutdown time: 0:15
15:43:30.507 T:139943269615360   ERROR: [PTV Shutdown Timer] Minutes from midnight - Current: 943, Shutdown: 15
15:43:30.507 T:139943269615360   ERROR: [PTV Shutdown Timer] Time match (within window): False
15:43:30.507 T:139943269615360   ERROR: [PTV Shutdown Timer] Current day index: 3
15:43:30.507 T:139943269615360   ERROR: [PTV Shutdown Timer] Day match: False
15:43:30.507 T:139943269615360   ERROR: [PTV Shutdown Timer] Shutdown should trigger: False (Action: 1)
15:43:30.507 T:139943269615360   ERROR: [PTV Shutdown Timer] Checking schedule 'Late Night'
15:43:30.507 T:139943269615360   ERROR: [PTV Shutdown Timer] Current time: 15:43
15:43:30.507 T:139943269615360   ERROR: [PTV Shutdown Timer] Shutdown time: 3:30
15:43:30.507 T:139943269615360   ERROR: [PTV Shutdown Timer] Minutes from midnight - Current: 943, Shutdown: 210
15:43:30.507 T:139943269615360   ERROR: [PTV Shutdown Timer] Time match (within window): False
15:43:30.507 T:139943269615360   ERROR: [PTV Shutdown Timer] Current day index: 3
15:43:30.507 T:139943269615360   ERROR: [PTV Shutdown Timer] Day match: True
15:43:30.507 T:139943269615360   ERROR: [PTV Shutdown Timer] Shutdown should trigger: False (Action: 1)
15:43:31.139 T:139943160825600   DEBUG: CWebServer[8080]: request received for /jsonrpc
15:43:33.820 T:139943261222656   DEBUG: Previous line repeats 9 times.
15:43:33.820 T:139943261222656  NOTICE: [PTV Preset Timer] DEBUG: Today is Thursday (weekday=3)
15:43:33.820 T:139943261222656  NOTICE: [PTV Preset Timer] DEBUG: Setting name: ThursdayPreset
15:43:33.820 T:139943261222656  NOTICE: [PTV Preset Timer] DEBUG: Raw preset value: '2' (int: 2)
15:43:33.820 T:139943261222656  NOTICE: [PTV Preset Timer] DEBUG: Available presets: ['Alpha', 'Omega', 'Delta', 'Epsilon', 'Gamma', 'Sigma', 'Omicron', 'Theta', 'Lambda']
15:43:33.821 T:139943261222656  NOTICE: [PTV Preset Timer] Today's preset for Thursday: Omega (index=1)
15:43:34.115 T:139944412550912   DEBUG: CWebServer[8080]: request received for /jsonrpc
