13:14:45.854 T:140588992440064   DEBUG: CWebServer[8080]: request received for /jsonrpc?GetActivePlayers
13:14:46.472 T:140588397602560   ERROR: [PTV Shutdown Timer] Checking schedule 'Bedtime'
13:14:46.472 T:140588397602560   ERROR: [PTV Shutdown Timer] Current time: 13:14
13:14:46.472 T:140588397602560   ERROR: [PTV Shutdown Timer] Shutdown time: 0:15
13:14:46.473 T:140588397602560   ERROR: [PTV Shutdown Timer] Minutes from midnight - Current: 794, Shutdown: 15
13:14:46.473 T:140588397602560   ERROR: [PTV Shutdown Timer] Time match (within window): False
13:14:46.473 T:140588397602560   ERROR: [PTV Shutdown Timer] Current day index: 3
13:14:46.473 T:140588397602560   ERROR: [PTV Shutdown Timer] Day match: False
13:14:46.473 T:140588397602560   ERROR: [PTV Shutdown Timer] Shutdown should trigger: False (Action: 1)
13:14:46.473 T:140588397602560   ERROR: [PTV Shutdown Timer] Checking schedule 'Late Night'
13:14:46.473 T:140588397602560   ERROR: [PTV Shutdown Timer] Current time: 13:14
13:14:46.473 T:140588397602560   ERROR: [PTV Shutdown Timer] Shutdown time: 3:30
13:14:46.473 T:140588397602560   ERROR: [PTV Shutdown Timer] Minutes from midnight - Current: 794, Shutdown: 210
13:14:46.473 T:140588397602560   ERROR: [PTV Shutdown Timer] Time match (within window): False
13:14:46.473 T:140588397602560   ERROR: [PTV Shutdown Timer] Current day index: 3
13:14:46.473 T:140588397602560   ERROR: [PTV Shutdown Timer] Day match: True
13:14:46.473 T:140588397602560   ERROR: [PTV Shutdown Timer] Shutdown should trigger: False (Action: 1)
13:14:46.551 T:140590083700480   DEBUG: CWebServer[8080]: request received for /jsonrpc
13:14:46.855 T:140588992440064   DEBUG: Previous line repeats 3 times.
13:14:46.855 T:140588992440064   DEBUG: CWebServer[8080]: request received for /jsonrpc?GetActivePlayers
13:14:47.013 T:140590083700480   DEBUG: CWebServer[8080]: request received for /jsonrpc
13:14:47.854 T:140588992440064   DEBUG: Previous line repeats 1 times.
13:14:47.854 T:140588992440064   DEBUG: CWebServer[8080]: request received for /jsonrpc?GetActivePlayers
13:14:48.562 T:140590083700480   DEBUG: CWebServer[8080]: request received for /jsonrpc
13:14:48.852 T:140588992440064   DEBUG: Previous line repeats 3 times.
13:14:48.852 T:140588992440064   DEBUG: CWebServer[8080]: request received for /jsonrpc?GetActivePlayers
13:14:49.018 T:140590083700480   DEBUG: CWebServer[8080]: request received for /jsonrpc
13:14:49.489 T:140588389209856   DEBUG: Previous line repeats 1 times.
13:14:49.489 T:140588389209856  NOTICE: [PTV Preset Timer] DEBUG: Today is Thursday (weekday=3)
13:14:49.489 T:140588389209856  NOTICE: [PTV Preset Timer] DEBUG: Setting name: ThursdayPreset
13:14:49.489 T:140588389209856  NOTICE: [PTV Preset Timer] DEBUG: Raw preset value: '2' (int: 2)
13:14:49.489 T:140588389209856  NOTICE: [PTV Preset Timer] DEBUG: Available presets: ['Alpha', 'Omega', 'Delta', 'Epsilon', 'Gamma', 'Sigma', 'Omicron', 'Theta', 'Lambda']
13:14:49.489 T:140588389209856  NOTICE: [PTV Preset Timer] Today's preset for Thursday: Omega (index=1)
13:14:49.840 T:140588992440064   DEBUG: CWebServer[8080]: request received for /jsonrpc?GetActivePlayers
13:14:50.568 T:140589815281408   DEBUG: CWebServer[8080]: request received for /jsonrpc
13:14:50.853 T:140588992440064   DEBUG: Previous line repeats 3 times.
13:14:50.853 T:140588992440064   DEBUG: CWebServer[8080]: request received for /jsonrpc?GetActivePlayers
13:14:51.024 T:140589815281408   DEBUG: CWebServer[8080]: request received for /jsonrpc
13:14:51.853 T:140588992440064   DEBUG: Previous line repeats 1 times.
13:14:51.853 T:140588992440064   DEBUG: CWebServer[8080]: request received for /jsonrpc?GetActivePlayers
13:14:52.577 T:140589815281408   DEBUG: CWebServer[8080]: request received for /jsonrpc
13:14:52.855 T:140588992440064   DEBUG: Previous line repeats 3 times.
13:14:52.855 T:140588992440064   DEBUG: CWebServer[8080]: request received for /jsonrpc?GetActivePlayers
13:14:53.028 T:140589815281408   DEBUG: CWebServer[8080]: request received for /jsonrpc
13:14:53.853 T:140588992440064   DEBUG: Previous line repeats 1 times.
13:14:53.853 T:140588992440064   DEBUG: CWebServer[8080]: request received for /jsonrpc?GetActivePlayers
13:14:54.586 T:140590083700480   DEBUG: CWebServer[8080]: request received for /jsonrpc
13:14:54.853 T:140588992440064   DEBUG: Previous line repeats 3 times.
13:14:54.853 T:140588992440064   DEBUG: CWebServer[8080]: request received for /jsonrpc?GetActivePlayers
13:14:55.033 T:140590083700480   DEBUG: CWebServer[8080]: request received for /jsonrpc
13:14:55.853 T:140588992440064   DEBUG: Previous line repeats 1 times.
13:14:55.853 T:140588992440064   DEBUG: CWebServer[8080]: request received for /jsonrpc?GetActivePlayers
13:14:56.473 T:140588397602560   ERROR: [PTV Shutdown Timer] Checking schedule 'Bedtime'
13:14:56.473 T:140588397602560   ERROR: [PTV Shutdown Timer] Current time: 13:14
13:14:56.473 T:140588397602560   ERROR: [PTV Shutdown Timer] Shutdown time: 0:15
13:14:56.473 T:140588397602560   ERROR: [PTV Shutdown Timer] Minutes from midnight - Current: 794, Shutdown: 15
13:14:56.473 T:140588397602560   ERROR: [PTV Shutdown Timer] Time match (within window): False
13:14:56.473 T:140588397602560   ERROR: [PTV Shutdown Timer] Current day index: 3
13:14:56.473 T:140588397602560   ERROR: [PTV Shutdown Timer] Day match: False
13:14:56.473 T:140588397602560   ERROR: [PTV Shutdown Timer] Shutdown should trigger: False (Action: 1)
13:14:56.473 T:140588397602560   ERROR: [PTV Shutdown Timer] Checking schedule 'Late Night'
13:14:56.474 T:140588397602560   ERROR: [PTV Shutdown Timer] Current time: 13:14
13:14:56.474 T:140588397602560   ERROR: [PTV Shutdown Timer] Shutdown time: 3:30
13:14:56.474 T:140588397602560   ERROR: [PTV Shutdown Timer] Minutes from midnight - Current: 794, Shutdown: 210
13:14:56.474 T:140588397602560   ERROR: [PTV Shutdown Timer] Time match (within window): False
13:14:56.474 T:140588397602560   ERROR: [PTV Shutdown Timer] Current day index: 3
13:14:56.474 T:140588397602560   ERROR: [PTV Shutdown Timer] Day match: True
13:14:56.474 T:140588397602560   ERROR: [PTV Shutdown Timer] Shutdown should trigger: False (Action: 1)
13:14:56.597 T:140590083700480   DEBUG: CWebServer[8080]: request received for /jsonrpc
13:14:56.842 T:140588992440064   DEBUG: Previous line repeats 3 times.
13:14:56.842 T:140588992440064   DEBUG: CWebServer[8080]: request received for /jsonrpc?GetActivePlayers
13:14:57.039 T:140590083700480   DEBUG: CWebServer[8080]: request received for /jsonrpc
13:14:57.845 T:140588992440064   DEBUG: Previous line repeats 1 times.
13:14:57.845 T:140588992440064   DEBUG: CWebServer[8080]: request received for /jsonrpc?GetActivePlayers
13:14:58.608 T:140590083700480   DEBUG: CWebServer[8080]: request received for /jsonrpc
13:14:58.848 T:140588992440064   DEBUG: Previous line repeats 3 times.
13:14:58.848 T:140588992440064   DEBUG: CWebServer[8080]: request received for /jsonrpc?GetActivePlayers
13:14:59.043 T:140590083700480   DEBUG: CWebServer[8080]: request received for /jsonrpc
13:14:59.490 T:140588389209856   DEBUG: Previous line repeats 1 times.
13:14:59.490 T:140588389209856  NOTICE: [PTV Preset Timer] DEBUG: Today is Thursday (weekday=3)
13:14:59.491 T:140588389209856  NOTICE: [PTV Preset Timer] DEBUG: Setting name: ThursdayPreset
13:14:59.491 T:140588389209856  NOTICE: [PTV Preset Timer] DEBUG: Raw preset value: '2' (int: 2)
13:14:59.491 T:140588389209856  NOTICE: [PTV Preset Timer] DEBUG: Available presets: ['Alpha', 'Omega', 'Delta', 'Epsilon', 'Gamma', 'Sigma', 'Omicron', 'Theta', 'Lambda']
13:14:59.491 T:140588389209856  NOTICE: [PTV Preset Timer] Today's preset for Thursday: Omega (index=1)
13:14:59.842 T:140588992440064   DEBUG: CWebServer[8080]: request received for /jsonrpc?GetActivePlayers
13:15:00.616 T:140590083700480   DEBUG: CWebServer[8080]: request received for /jsonrpc
13:15:00.850 T:140588992440064   DEBUG: Previous line repeats 3 times.
13:15:00.850 T:140588992440064   DEBUG: CWebServer[8080]: request received for /jsonrpc?GetActivePlayers
13:15:01.047 T:140590083700480   DEBUG: CWebServer[8080]: request received for /jsonrpc
13:15:01.846 T:140588992440064   DEBUG: Previous line repeats 1 times.
13:15:01.846 T:140588992440064   DEBUG: CWebServer[8080]: request received for /jsonrpc?GetActivePlayers
13:15:02.630 T:140590083700480   DEBUG: CWebServer[8080]: request received for /jsonrpc
13:15:02.843 T:140588992440064   DEBUG: Previous line repeats 3 times.
13:15:02.843 T:140588992440064   DEBUG: CWebServer[8080]: request received for /jsonrpc?GetActivePlayers
13:15:03.051 T:140590083700480   DEBUG: CWebServer[8080]: request received for /jsonrpc
13:15:03.843 T:140588992440064   DEBUG: Previous line repeats 1 times.
13:15:03.843 T:140588992440064   DEBUG: CWebServer[8080]: request received for /jsonrpc?GetActivePlayers
13:15:04.637 T:140589815281408   DEBUG: CWebServer[8080]: request received for /jsonrpc
13:15:04.844 T:140588992440064   DEBUG: Previous line repeats 3 times.
13:15:04.844 T:140588992440064   DEBUG: CWebServer[8080]: request received for /jsonrpc?GetActivePlayers
13:15:05.057 T:140589815281408   DEBUG: CWebServer[8080]: request received for /jsonrpc
13:15:05.851 T:140588992440064   DEBUG: Previous line repeats 1 times.
13:15:05.851 T:140588992440064   DEBUG: CWebServer[8080]: request received for /jsonrpc?GetActivePlayers
13:15:06.474 T:140588397602560   ERROR: [PTV Shutdown Timer] Checking schedule 'Bedtime'
13:15:06.474 T:140588397602560   ERROR: [PTV Shutdown Timer] Current time: 13:15
13:15:06.474 T:140588397602560   ERROR: [PTV Shutdown Timer] Shutdown time: 0:15
13:15:06.474 T:140588397602560   ERROR: [PTV Shutdown Timer] Minutes from midnight - Current: 795, Shutdown: 15
13:15:06.474 T:140588397602560   ERROR: [PTV Shutdown Timer] Time match (within window): False
13:15:06.474 T:140588397602560   ERROR: [PTV Shutdown Timer] Current day index: 3
13:15:06.475 T:140588397602560   ERROR: [PTV Shutdown Timer] Day match: False
13:15:06.475 T:140588397602560   ERROR: [PTV Shutdown Timer] Shutdown should trigger: False (Action: 1)
13:15:06.475 T:140588397602560   ERROR: [PTV Shutdown Timer] Checking schedule 'Late Night'
13:15:06.475 T:140588397602560   ERROR: [PTV Shutdown Timer] Current time: 13:15
13:15:06.475 T:140588397602560   ERROR: [PTV Shutdown Timer] Shutdown time: 3:30
13:15:06.475 T:140588397602560   ERROR: [PTV Shutdown Timer] Minutes from midnight - Current: 795, Shutdown: 210
13:15:06.475 T:140588397602560   ERROR: [PTV Shutdown Timer] Time match (within window): False
13:15:06.475 T:140588397602560   ERROR: [PTV Shutdown Timer] Current day index: 3
13:15:06.475 T:140588397602560   ERROR: [PTV Shutdown Timer] Day match: True
13:15:06.475 T:140588397602560   ERROR: [PTV Shutdown Timer] Shutdown should trigger: False (Action: 1)
13:15:06.649 T:140589815281408   DEBUG: CWebServer[8080]: request received for /jsonrpc
13:15:06.850 T:140588992440064   DEBUG: Previous line repeats 3 times.
13:15:06.850 T:140588992440064   DEBUG: CWebServer[8080]: request received for /jsonrpc?GetActivePlayers
13:15:07.061 T:140589815281408   DEBUG: CWebServer[8080]: request received for /jsonrpc
13:15:07.855 T:140588992440064   DEBUG: Previous line repeats 1 times.
13:15:07.855 T:140588992440064   DEBUG: CWebServer[8080]: request received for /jsonrpc?GetActivePlayers
13:15:08.659 T:140590083700480   DEBUG: CWebServer[8080]: request received for /jsonrpc
13:15:08.851 T:140588992440064   DEBUG: Previous line repeats 3 times.
13:15:08.851 T:140588992440064   DEBUG: CWebServer[8080]: request received for /jsonrpc?GetActivePlayers
13:15:09.067 T:140590083700480   DEBUG: CWebServer[8080]: request received for /jsonrpc
13:15:09.492 T:140588389209856   DEBUG: Previous line repeats 1 times.
13:15:09.492 T:140588389209856  NOTICE: [PTV Preset Timer] DEBUG: Today is Thursday (weekday=3)
13:15:09.492 T:140588389209856  NOTICE: [PTV Preset Timer] DEBUG: Setting name: ThursdayPreset
13:15:09.492 T:140588389209856  NOTICE: [PTV Preset Timer] DEBUG: Raw preset value: '2' (int: 2)
13:15:09.492 T:140588389209856  NOTICE: [PTV Preset Timer] DEBUG: Available presets: ['Alpha', 'Omega', 'Delta', 'Epsilon', 'Gamma', 'Sigma', 'Omicron', 'Theta', 'Lambda']
13:15:09.492 T:140588389209856  NOTICE: [PTV Preset Timer] Today's preset for Thursday: Omega (index=1)
13:15:09.851 T:140588992440064   DEBUG: CWebServer[8080]: request received for /jsonrpc?GetActivePlayers
13:15:10.671 T:140589815281408   DEBUG: CWebServer[8080]: request received for /jsonrpc
13:15:10.849 T:140588992440064   DEBUG: Previous line repeats 3 times.
13:15:10.849 T:140588992440064   DEBUG: CWebServer[8080]: request received for /jsonrpc?GetActivePlayers
13:15:11.072 T:140589815281408   DEBUG: CWebServer[8080]: request received for /jsonrpc
13:15:11.846 T:140588992440064   DEBUG: Previous line repeats 1 times.
13:15:11.847 T:140588992440064   DEBUG: CWebServer[8080]: request received for /jsonrpc?GetActivePlayers
13:15:12.682 T:140591081129728   DEBUG: CWebServer[8080]: request received for /jsonrpc
13:15:12.844 T:140588992440064   DEBUG: Previous line repeats 3 times.
13:15:12.844 T:140588992440064   DEBUG: CWebServer[8080]: request received for /jsonrpc?GetActivePlayers
13:15:13.076 T:140591081129728   DEBUG: CWebServer[8080]: request received for /jsonrpc
13:15:13.848 T:140588992440064   DEBUG: Previous line repeats 1 times.
13:15:13.848 T:140588992440064   DEBUG: CWebServer[8080]: request received for /jsonrpc?GetActivePlayers
13:15:14.693 T:140590083700480   DEBUG: CWebServer[8080]: request received for /jsonrpc
13:15:14.854 T:140588992440064   DEBUG: Previous line repeats 3 times.
13:15:14.855 T:140588992440064   DEBUG: CWebServer[8080]: request received for /jsonrpc?GetActivePlayers
13:15:15.081 T:140590083700480   DEBUG: CWebServer[8080]: request received for /jsonrpc
13:15:15.853 T:140588992440064   DEBUG: Previous line repeats 1 times.
13:15:15.854 T:140588992440064   DEBUG: CWebServer[8080]: request received for /jsonrpc?GetActivePlayers
13:15:16.475 T:140588397602560   ERROR: [PTV Shutdown Timer] Checking schedule 'Bedtime'
13:15:16.475 T:140588397602560   ERROR: [PTV Shutdown Timer] Current time: 13:15
13:15:16.475 T:140588397602560   ERROR: [PTV Shutdown Timer] Shutdown time: 0:15
13:15:16.475 T:140588397602560   ERROR: [PTV Shutdown Timer] Minutes from midnight - Current: 795, Shutdown: 15
13:15:16.475 T:140588397602560   ERROR: [PTV Shutdown Timer] Time match (within window): False
13:15:16.475 T:140588397602560   ERROR: [PTV Shutdown Timer] Current day index: 3
13:15:16.475 T:140588397602560   ERROR: [PTV Shutdown Timer] Day match: False
13:15:16.475 T:140588397602560   ERROR: [PTV Shutdown Timer] Shutdown should trigger: False (Action: 1)
13:15:16.475 T:140588397602560   ERROR: [PTV Shutdown Timer] Checking schedule 'Late Night'
13:15:16.475 T:140588397602560   ERROR: [PTV Shutdown Timer] Current time: 13:15
13:15:16.475 T:140588397602560   ERROR: [PTV Shutdown Timer] Shutdown time: 3:30
13:15:16.475 T:140588397602560   ERROR: [PTV Shutdown Timer] Minutes from midnight - Current: 795, Shutdown: 210
13:15:16.476 T:140588397602560   ERROR: [PTV Shutdown Timer] Time match (within window): False
13:15:16.476 T:140588397602560   ERROR: [PTV Shutdown Timer] Current day index: 3
13:15:16.476 T:140588397602560   ERROR: [PTV Shutdown Timer] Day match: True
13:15:16.476 T:140588397602560   ERROR: [PTV Shutdown Timer] Shutdown should trigger: False (Action: 1)
13:15:16.697 T:140589815281408   DEBUG: CWebServer[8080]: request received for /jsonrpc
13:15:16.853 T:140588992440064   DEBUG: Previous line repeats 3 times.
13:15:16.853 T:140588992440064   DEBUG: CWebServer[8080]: request received for /jsonrpc?GetActivePlayers
13:15:17.085 T:140589815281408   DEBUG: CWebServer[8080]: request received for /jsonrpc
13:15:17.853 T:140588992440064   DEBUG: Previous line repeats 1 times.
13:15:17.854 T:140588992440064   DEBUG: CWebServer[8080]: request received for /jsonrpc?GetActivePlayers
13:15:18.708 T:140589815281408   DEBUG: CWebServer[8080]: request received for /jsonrpc
13:15:18.842 T:140588992440064   DEBUG: Previous line repeats 3 times.
13:15:18.842 T:140588992440064   DEBUG: CWebServer[8080]: request received for /jsonrpc?GetActivePlayers
13:15:19.092 T:140589815281408   DEBUG: CWebServer[8080]: request received for /jsonrpc
13:15:19.492 T:140588389209856   DEBUG: Previous line repeats 1 times.
13:15:19.492 T:140588389209856  NOTICE: [PTV Preset Timer] DEBUG: Today is Thursday (weekday=3)
13:15:19.492 T:140588389209856  NOTICE: [PTV Preset Timer] DEBUG: Setting name: ThursdayPreset
13:15:19.492 T:140588389209856  NOTICE: [PTV Preset Timer] DEBUG: Raw preset value: '2' (int: 2)
13:15:19.492 T:140588389209856  NOTICE: [PTV Preset Timer] DEBUG: Available presets: ['Alpha', 'Omega', 'Delta', 'Epsilon', 'Gamma', 'Sigma', 'Omicron', 'Theta', 'Lambda']
13:15:19.492 T:140588389209856  NOTICE: [PTV Preset Timer] Today's preset for Thursday: Omega (index=1)
13:15:19.853 T:140588992440064   DEBUG: CWebServer[8080]: request received for /jsonrpc?GetActivePlayers
13:15:20.720 T:140589815281408   DEBUG: CWebServer[8080]: request received for /jsonrpc
13:15:20.856 T:140588992440064   DEBUG: Previous line repeats 3 times.
13:15:20.856 T:140588992440064   DEBUG: CWebServer[8080]: request received for /jsonrpc?GetActivePlayers
13:15:21.096 T:140589815281408   DEBUG: CWebServer[8080]: request received for /jsonrpc
13:15:21.841 T:140588992440064   DEBUG: Previous line repeats 1 times.
13:15:21.841 T:140588992440064   DEBUG: CWebServer[8080]: request received for /jsonrpc?GetActivePlayers
13:15:22.731 T:140589815281408   DEBUG: CWebServer[8080]: request received for /jsonrpc
13:15:22.855 T:140588992440064   DEBUG: Previous line repeats 3 times.
13:15:22.855 T:140588992440064   DEBUG: CWebServer[8080]: request received for /jsonrpc?GetActivePlayers
13:15:23.101 T:140589815281408   DEBUG: CWebServer[8080]: request received for /jsonrpc
13:15:23.844 T:140588992440064   DEBUG: Previous line repeats 1 times.
13:15:23.845 T:140588992440064   DEBUG: CWebServer[8080]: request received for /jsonrpc?GetActivePlayers
13:15:24.740 T:140589815281408   DEBUG: CWebServer[8080]: request received for /jsonrpc
13:15:24.845 T:140588992440064   DEBUG: Previous line repeats 3 times.
13:15:24.845 T:140588992440064   DEBUG: CWebServer[8080]: request received for /jsonrpc?GetActivePlayers
13:15:25.107 T:140589815281408   DEBUG: CWebServer[8080]: request received for /jsonrpc
13:15:25.845 T:140588992440064   DEBUG: Previous line repeats 1 times.
13:15:25.845 T:140588992440064   DEBUG: CWebServer[8080]: request received for /jsonrpc?GetActivePlayers
13:15:26.477 T:140588397602560   ERROR: [PTV Shutdown Timer] Checking schedule 'Bedtime'
13:15:26.477 T:140588397602560   ERROR: [PTV Shutdown Timer] Current time: 13:15
13:15:26.477 T:140588397602560   ERROR: [PTV Shutdown Timer] Shutdown time: 0:15
13:15:26.477 T:140588397602560   ERROR: [PTV Shutdown Timer] Minutes from midnight - Current: 795, Shutdown: 15
13:15:26.477 T:140588397602560   ERROR: [PTV Shutdown Timer] Time match (within window): False
13:15:26.477 T:140588397602560   ERROR: [PTV Shutdown Timer] Current day index: 3
13:15:26.477 T:140588397602560   ERROR: [PTV Shutdown Timer] Day match: False
13:15:26.477 T:140588397602560   ERROR: [PTV Shutdown Timer] Shutdown should trigger: False (Action: 1)
13:15:26.477 T:140588397602560   ERROR: [PTV Shutdown Timer] Checking schedule 'Late Night'
13:15:26.477 T:140588397602560   ERROR: [PTV Shutdown Timer] Current time: 13:15
13:15:26.477 T:140588397602560   ERROR: [PTV Shutdown Timer] Shutdown time: 3:30
13:15:26.477 T:140588397602560   ERROR: [PTV Shutdown Timer] Minutes from midnight - Current: 795, Shutdown: 210
13:15:26.477 T:140588397602560   ERROR: [PTV Shutdown Timer] Time match (within window): False
13:15:26.477 T:140588397602560   ERROR: [PTV Shutdown Timer] Current day index: 3
13:15:26.477 T:140588397602560   ERROR: [PTV Shutdown Timer] Day match: True
13:15:26.477 T:140588397602560   ERROR: [PTV Shutdown Timer] Shutdown should trigger: False (Action: 1)
13:15:26.751 T:140589815281408   DEBUG: CWebServer[8080]: request received for /jsonrpc
13:15:26.848 T:140588992440064   DEBUG: Previous line repeats 3 times.
13:15:26.848 T:140588992440064   DEBUG: CWebServer[8080]: request received for /jsonrpc?GetActivePlayers
13:15:27.111 T:140589815281408   DEBUG: CWebServer[8080]: request received for /jsonrpc
13:15:27.847 T:140588992440064   DEBUG: Previous line repeats 1 times.
13:15:27.847 T:140588992440064   DEBUG: CWebServer[8080]: request received for /jsonrpc?GetActivePlayers
13:15:28.762 T:140589815281408   DEBUG: CWebServer[8080]: request received for /jsonrpc
13:15:28.846 T:140588992440064   DEBUG: Previous line repeats 3 times.
13:15:28.846 T:140588992440064   DEBUG: CWebServer[8080]: request received for /jsonrpc?GetActivePlayers
13:15:29.115 T:140589815281408   DEBUG: CWebServer[8080]: request received for /jsonrpc
13:15:29.493 T:140588389209856   DEBUG: Previous line repeats 1 times.
13:15:29.493 T:140588389209856  NOTICE: [PTV Preset Timer] DEBUG: Today is Thursday (weekday=3)
13:15:29.493 T:140588389209856  NOTICE: [PTV Preset Timer] DEBUG: Setting name: ThursdayPreset
13:15:29.493 T:140588389209856  NOTICE: [PTV Preset Timer] DEBUG: Raw preset value: '2' (int: 2)
13:15:29.493 T:140588389209856  NOTICE: [PTV Preset Timer] DEBUG: Available presets: ['Alpha', 'Omega', 'Delta', 'Epsilon', 'Gamma', 'Sigma', 'Omicron', 'Theta', 'Lambda']
13:15:29.493 T:140588389209856  NOTICE: [PTV Preset Timer] Today's preset for Thursday: Omega (index=1)
13:15:29.845 T:140588992440064   DEBUG: CWebServer[8080]: request received for /jsonrpc?GetActivePlayers
13:15:30.767 T:140589815281408   DEBUG: CWebServer[8080]: request received for /jsonrpc
13:15:30.842 T:140588992440064   DEBUG: Previous line repeats 3 times.
13:15:30.842 T:140588992440064   DEBUG: CWebServer[8080]: request received for /jsonrpc?GetActivePlayers
13:15:31.119 T:140589815281408   DEBUG: CWebServer[8080]: request received for /jsonrpc
13:15:31.848 T:140588992440064   DEBUG: Previous line repeats 1 times.
13:15:31.848 T:140588992440064   DEBUG: CWebServer[8080]: request received for /jsonrpc?GetActivePlayers
13:15:32.780 T:140589815281408   DEBUG: CWebServer[8080]: request received for /jsonrpc
13:15:32.846 T:140588992440064   DEBUG: Previous line repeats 3 times.
13:15:32.846 T:140588992440064   DEBUG: CWebServer[8080]: request received for /jsonrpc?GetActivePlayers
13:15:33.124 T:140589815281408   DEBUG: CWebServer[8080]: request received for /jsonrpc
13:15:33.847 T:140588992440064   DEBUG: Previous line repeats 1 times.
13:15:33.847 T:140588992440064   DEBUG: CWebServer[8080]: request received for /jsonrpc?GetActivePlayers
13:15:34.790 T:140589815281408   DEBUG: CWebServer[8080]: request received for /jsonrpc
13:15:34.848 T:140588992440064   DEBUG: Previous line repeats 3 times.
13:15:34.848 T:140588992440064   DEBUG: CWebServer[8080]: request received for /jsonrpc?GetActivePlayers
13:15:35.128 T:140589815281408   DEBUG: CWebServer[8080]: request received for /jsonrpc
13:15:35.847 T:140588992440064   DEBUG: Previous line repeats 1 times.
13:15:35.847 T:140588992440064   DEBUG: CWebServer[8080]: request received for /jsonrpc?GetActivePlayers
13:15:36.478 T:140588397602560   ERROR: [PTV Shutdown Timer] Checking schedule 'Bedtime'
13:15:36.478 T:140588397602560   ERROR: [PTV Shutdown Timer] Current time: 13:15
13:15:36.478 T:140588397602560   ERROR: [PTV Shutdown Timer] Shutdown time: 0:15
13:15:36.478 T:140588397602560   ERROR: [PTV Shutdown Timer] Minutes from midnight - Current: 795, Shutdown: 15
13:15:36.478 T:140588397602560   ERROR: [PTV Shutdown Timer] Time match (within window): False
13:15:36.478 T:140588397602560   ERROR: [PTV Shutdown Timer] Current day index: 3
13:15:36.478 T:140588397602560   ERROR: [PTV Shutdown Timer] Day match: False
13:15:36.478 T:140588397602560   ERROR: [PTV Shutdown Timer] Shutdown should trigger: False (Action: 1)
13:15:36.478 T:140588397602560   ERROR: [PTV Shutdown Timer] Checking schedule 'Late Night'
13:15:36.478 T:140588397602560   ERROR: [PTV Shutdown Timer] Current time: 13:15
13:15:36.478 T:140588397602560   ERROR: [PTV Shutdown Timer] Shutdown time: 3:30
13:15:36.478 T:140588397602560   ERROR: [PTV Shutdown Timer] Minutes from midnight - Current: 795, Shutdown: 210
13:15:36.479 T:140588397602560   ERROR: [PTV Shutdown Timer] Time match (within window): False
13:15:36.479 T:140588397602560   ERROR: [PTV Shutdown Timer] Current day index: 3
13:15:36.479 T:140588397602560   ERROR: [PTV Shutdown Timer] Day match: True
13:15:36.479 T:140588397602560   ERROR: [PTV Shutdown Timer] Shutdown should trigger: False (Action: 1)
13:15:36.801 T:140589815281408   DEBUG: CWebServer[8080]: request received for /jsonrpc
13:15:36.849 T:140588992440064   DEBUG: Previous line repeats 3 times.
13:15:36.849 T:140588992440064   DEBUG: CWebServer[8080]: request received for /jsonrpc?GetActivePlayers
13:15:37.132 T:140589815281408   DEBUG: CWebServer[8080]: request received for /jsonrpc
13:15:37.848 T:140588992440064   DEBUG: Previous line repeats 1 times.
13:15:37.848 T:140588992440064   DEBUG: CWebServer[8080]: request received for /jsonrpc?GetActivePlayers
13:15:38.812 T:140589815281408   DEBUG: CWebServer[8080]: request received for /jsonrpc
13:15:38.852 T:140588992440064   DEBUG: Previous line repeats 3 times.
13:15:38.852 T:140588992440064   DEBUG: CWebServer[8080]: request received for /jsonrpc?GetActivePlayers
13:15:39.139 T:140589815281408   DEBUG: CWebServer[8080]: request received for /jsonrpc
13:15:39.493 T:140588389209856   DEBUG: Previous line repeats 1 times.
13:15:39.493 T:140588389209856  NOTICE: [PTV Preset Timer] DEBUG: Today is Thursday (weekday=3)
13:15:39.493 T:140588389209856  NOTICE: [PTV Preset Timer] DEBUG: Setting name: ThursdayPreset
13:15:39.493 T:140588389209856  NOTICE: [PTV Preset Timer] DEBUG: Raw preset value: '2' (int: 2)
13:15:39.494 T:140588389209856  NOTICE: [PTV Preset Timer] DEBUG: Available presets: ['Alpha', 'Omega', 'Delta', 'Epsilon', 'Gamma', 'Sigma', 'Omicron', 'Theta', 'Lambda']
13:15:39.494 T:140588389209856  NOTICE: [PTV Preset Timer] Today's preset for Thursday: Omega (index=1)
13:15:39.854 T:140588992440064   DEBUG: CWebServer[8080]: request received for /jsonrpc?GetActivePlayers
13:15:40.819 T:140589815281408   DEBUG: CWebServer[8080]: request received for /jsonrpc
13:15:40.845 T:140588992440064   DEBUG: Previous line repeats 3 times.
13:15:40.845 T:140588992440064   DEBUG: CWebServer[8080]: request received for /jsonrpc?GetActivePlayers
13:15:41.143 T:140589815281408   DEBUG: CWebServer[8080]: request received for /jsonrpc
13:15:41.848 T:140588992440064   DEBUG: Previous line repeats 1 times.
13:15:41.848 T:140588992440064   DEBUG: CWebServer[8080]: request received for /jsonrpc?GetActivePlayers
13:15:42.826 T:140589815281408   DEBUG: CWebServer[8080]: request received for /jsonrpc
13:15:42.845 T:140588992440064   DEBUG: Previous line repeats 1 times.
13:15:42.845 T:140588992440064   DEBUG: CWebServer[8080]: request received for /jsonrpc?GetActivePlayers
13:15:42.849 T:140589815281408   DEBUG: CWebServer[8080]: request received for /jsonrpc
13:15:43.847 T:140588992440064   DEBUG: Previous line repeats 3 times.
13:15:43.847 T:140588992440064   DEBUG: CWebServer[8080]: request received for /jsonrpc?GetActivePlayers
13:15:44.840 T:140589026760448   DEBUG: CWebServer[8080]: request received for /jsonrpc
13:15:44.845 T:140588992440064   DEBUG: Previous line repeats 1 times.
13:15:44.845 T:140588992440064   DEBUG: CWebServer[8080]: request received for /jsonrpc?GetActivePlayers
13:15:44.864 T:140589026760448   DEBUG: CWebServer[8080]: request received for /jsonrpc
13:15:45.843 T:140588992440064   DEBUG: Previous line repeats 3 times.
13:15:45.843 T:140588992440064   DEBUG: CWebServer[8080]: request received for /jsonrpc?GetActivePlayers
13:15:46.480 T:140588397602560   ERROR: [PTV Shutdown Timer] Checking schedule 'Bedtime'
13:15:46.480 T:140588397602560   ERROR: [PTV Shutdown Timer] Current time: 13:15
13:15:46.480 T:140588397602560   ERROR: [PTV Shutdown Timer] Shutdown time: 0:15
13:15:46.480 T:140588397602560   ERROR: [PTV Shutdown Timer] Minutes from midnight - Current: 795, Shutdown: 15
13:15:46.480 T:140588397602560   ERROR: [PTV Shutdown Timer] Time match (within window): False
13:15:46.480 T:140588397602560   ERROR: [PTV Shutdown Timer] Current day index: 3
13:15:46.480 T:140588397602560   ERROR: [PTV Shutdown Timer] Day match: False
13:15:46.480 T:140588397602560   ERROR: [PTV Shutdown Timer] Shutdown should trigger: False (Action: 1)
13:15:46.480 T:140588397602560   ERROR: [PTV Shutdown Timer] Checking schedule 'Late Night'
13:15:46.480 T:140588397602560   ERROR: [PTV Shutdown Timer] Current time: 13:15
13:15:46.480 T:140588397602560   ERROR: [PTV Shutdown Timer] Shutdown time: 3:30
13:15:46.480 T:140588397602560   ERROR: [PTV Shutdown Timer] Minutes from midnight - Current: 795, Shutdown: 210
13:15:46.480 T:140588397602560   ERROR: [PTV Shutdown Timer] Time match (within window): False
13:15:46.480 T:140588397602560   ERROR: [PTV Shutdown Timer] Current day index: 3
13:15:46.480 T:140588397602560   ERROR: [PTV Shutdown Timer] Day match: True
13:15:46.480 T:140588397602560   ERROR: [PTV Shutdown Timer] Shutdown should trigger: False (Action: 1)
13:15:46.843 T:140588992440064   DEBUG: CWebServer[8080]: request received for /jsonrpc?GetActivePlayers
13:15:46.853 T:140588439566080   DEBUG: CWebServer[8080]: request received for /jsonrpc
13:15:47.839 T:140588992440064   DEBUG: Previous line repeats 5 times.
13:15:47.839 T:140588992440064   DEBUG: CWebServer[8080]: request received for /jsonrpc?GetActivePlayers
13:15:48.864 T:140589815281408   DEBUG: Previous line repeats 1 times.
13:15:48.864 T:140589815281408   DEBUG: CWebServer[8080]: request received for /jsonrpc
13:15:49.494 T:140588389209856   DEBUG: Previous line repeats 5 times.
13:15:49.495 T:140588389209856  NOTICE: [PTV Preset Timer] DEBUG: Today is Thursday (weekday=3)
13:15:49.495 T:140588389209856  NOTICE: [PTV Preset Timer] DEBUG: Setting name: ThursdayPreset
13:15:49.495 T:140588389209856  NOTICE: [PTV Preset Timer] DEBUG: Raw preset value: '2' (int: 2)
13:15:49.495 T:140588389209856  NOTICE: [PTV Preset Timer] DEBUG: Available presets: ['Alpha', 'Omega', 'Delta', 'Epsilon', 'Gamma', 'Sigma', 'Omicron', 'Theta', 'Lambda']
13:15:49.495 T:140588389209856  NOTICE: [PTV Preset Timer] Today's preset for Thursday: Omega (index=1)
13:15:49.845 T:140588992440064   DEBUG: CWebServer[8080]: request received for /jsonrpc?GetActivePlayers
13:15:50.873 T:140589815281408   DEBUG: Previous line repeats 1 times.
13:15:50.873 T:140589815281408   DEBUG: CWebServer[8080]: request received for /jsonrpc
13:15:51.848 T:140588992440064   DEBUG: Previous line repeats 5 times.
13:15:51.848 T:140588992440064   DEBUG: CWebServer[8080]: request received for /jsonrpc?GetActivePlayers
13:15:52.882 T:140589815281408   DEBUG: Previous line repeats 1 times.
13:15:52.882 T:140589815281408   DEBUG: CWebServer[8080]: request received for /jsonrpc
13:15:53.849 T:140588992440064   DEBUG: Previous line repeats 5 times.
13:15:53.849 T:140588992440064   DEBUG: CWebServer[8080]: request received for /jsonrpc?GetActivePlayers
13:15:54.889 T:140588439566080   DEBUG: Previous line repeats 1 times.
13:15:54.889 T:140588439566080   DEBUG: CWebServer[8080]: request received for /jsonrpc
13:15:55.851 T:140588992440064   DEBUG: Previous line repeats 5 times.
13:15:55.851 T:140588992440064   DEBUG: CWebServer[8080]: request received for /jsonrpc?GetActivePlayers
13:15:56.480 T:140588397602560   ERROR: [PTV Shutdown Timer] Checking schedule 'Bedtime'
13:15:56.481 T:140588397602560   ERROR: [PTV Shutdown Timer] Current time: 13:15
13:15:56.481 T:140588397602560   ERROR: [PTV Shutdown Timer] Shutdown time: 0:15
13:15:56.481 T:140588397602560   ERROR: [PTV Shutdown Timer] Minutes from midnight - Current: 795, Shutdown: 15
13:15:56.481 T:140588397602560   ERROR: [PTV Shutdown Timer] Time match (within window): False
13:15:56.481 T:140588397602560   ERROR: [PTV Shutdown Timer] Current day index: 3
13:15:56.481 T:140588397602560   ERROR: [PTV Shutdown Timer] Day match: False
13:15:56.481 T:140588397602560   ERROR: [PTV Shutdown Timer] Shutdown should trigger: False (Action: 1)
13:15:56.481 T:140588397602560   ERROR: [PTV Shutdown Timer] Checking schedule 'Late Night'
13:15:56.481 T:140588397602560   ERROR: [PTV Shutdown Timer] Current time: 13:15
13:15:56.481 T:140588397602560   ERROR: [PTV Shutdown Timer] Shutdown time: 3:30
13:15:56.481 T:140588397602560   ERROR: [PTV Shutdown Timer] Minutes from midnight - Current: 795, Shutdown: 210
13:15:56.481 T:140588397602560   ERROR: [PTV Shutdown Timer] Time match (within window): False
13:15:56.481 T:140588397602560   ERROR: [PTV Shutdown Timer] Current day index: 3
13:15:56.482 T:140588397602560   ERROR: [PTV Shutdown Timer] Day match: True
13:15:56.482 T:140588397602560   ERROR: [PTV Shutdown Timer] Shutdown should trigger: False (Action: 1)
13:15:56.851 T:140588992440064   DEBUG: CWebServer[8080]: request received for /jsonrpc?GetActivePlayers
13:15:56.902 T:140588439566080   DEBUG: CWebServer[8080]: request received for /jsonrpc
13:15:57.852 T:140588992440064   DEBUG: Previous line repeats 5 times.
13:15:57.852 T:140588992440064   DEBUG: CWebServer[8080]: request received for /jsonrpc?GetActivePlayers
13:15:58.914 T:140589815281408   DEBUG: Previous line repeats 1 times.
13:15:58.914 T:140589815281408   DEBUG: CWebServer[8080]: request received for /jsonrpc
13:15:59.495 T:140588389209856   DEBUG: Previous line repeats 5 times.
13:15:59.495 T:140588389209856  NOTICE: [PTV Preset Timer] DEBUG: Today is Thursday (weekday=3)
13:15:59.495 T:140588389209856  NOTICE: [PTV Preset Timer] DEBUG: Setting name: ThursdayPreset
13:15:59.495 T:140588389209856  NOTICE: [PTV Preset Timer] DEBUG: Raw preset value: '2' (int: 2)
13:15:59.495 T:140588389209856  NOTICE: [PTV Preset Timer] DEBUG: Available presets: ['Alpha', 'Omega', 'Delta', 'Epsilon', 'Gamma', 'Sigma', 'Omicron', 'Theta', 'Lambda']
13:15:59.495 T:140588389209856  NOTICE: [PTV Preset Timer] Today's preset for Thursday: Omega (index=1)
13:15:59.852 T:140588992440064   DEBUG: CWebServer[8080]: request received for /jsonrpc?GetActivePlayers
13:16:00.921 T:140589026760448   DEBUG: Previous line repeats 1 times.
13:16:00.921 T:140589026760448   DEBUG: CWebServer[8080]: request received for /jsonrpc
13:16:01.839 T:140588992440064   DEBUG: Previous line repeats 5 times.
13:16:01.839 T:140588992440064   DEBUG: CWebServer[8080]: request received for /jsonrpc?GetActivePlayers
13:16:02.931 T:140589026760448   DEBUG: Previous line repeats 1 times.
13:16:02.931 T:140589026760448   DEBUG: CWebServer[8080]: request received for /jsonrpc
13:16:03.843 T:140588992440064   DEBUG: Previous line repeats 5 times.
13:16:03.843 T:140588992440064   DEBUG: CWebServer[8080]: request received for /jsonrpc?GetActivePlayers
13:16:04.943 T:140589815281408   DEBUG: Previous line repeats 1 times.
13:16:04.943 T:140589815281408   DEBUG: CWebServer[8080]: request received for /jsonrpc
13:16:05.844 T:140588992440064   DEBUG: Previous line repeats 5 times.
13:16:05.844 T:140588992440064   DEBUG: CWebServer[8080]: request received for /jsonrpc?GetActivePlayers
13:16:06.483 T:140588397602560   ERROR: [PTV Shutdown Timer] Checking schedule 'Bedtime'
13:16:06.483 T:140588397602560   ERROR: [PTV Shutdown Timer] Current time: 13:16
13:16:06.483 T:140588397602560   ERROR: [PTV Shutdown Timer] Shutdown time: 0:15
13:16:06.483 T:140588397602560   ERROR: [PTV Shutdown Timer] Minutes from midnight - Current: 796, Shutdown: 15
13:16:06.483 T:140588397602560   ERROR: [PTV Shutdown Timer] Time match (within window): False
13:16:06.483 T:140588397602560   ERROR: [PTV Shutdown Timer] Current day index: 3
13:16:06.483 T:140588397602560   ERROR: [PTV Shutdown Timer] Day match: False
13:16:06.483 T:140588397602560   ERROR: [PTV Shutdown Timer] Shutdown should trigger: False (Action: 1)
13:16:06.484 T:140588397602560   ERROR: [PTV Shutdown Timer] Checking schedule 'Late Night'
13:16:06.484 T:140588397602560   ERROR: [PTV Shutdown Timer] Current time: 13:16
13:16:06.484 T:140588397602560   ERROR: [PTV Shutdown Timer] Shutdown time: 3:30
13:16:06.484 T:140588397602560   ERROR: [PTV Shutdown Timer] Minutes from midnight - Current: 796, Shutdown: 210
13:16:06.484 T:140588397602560   ERROR: [PTV Shutdown Timer] Time match (within window): False
13:16:06.484 T:140588397602560   ERROR: [PTV Shutdown Timer] Current day index: 3
13:16:06.484 T:140588397602560   ERROR: [PTV Shutdown Timer] Day match: True
13:16:06.484 T:140588397602560   ERROR: [PTV Shutdown Timer] Shutdown should trigger: False (Action: 1)
13:16:06.794 T:140588212840192   DEBUG: CNFSFile::Open - opened mnt/user/TELEVISION/The Impossible Build/01x57 - Oxagon - The World's Largest Floating Hub & Port - The Impossible Build - Bumpers - None - None - None - None.nfo
13:16:06.800 T:140588212840192   DEBUG: CNFSFile::Close closing file mnt/user/TELEVISION/The Impossible Build/01x57 - Oxagon - The World's Largest Floating Hub & Port - The Impossible Build - Bumpers - None - None - None - None.nfo
13:16:06.849 T:140588992440064   DEBUG: CWebServer[8080]: request received for /jsonrpc?GetActivePlayers
13:16:06.955 T:140591081129728   DEBUG: CWebServer[8080]: request received for /jsonrpc
13:16:07.852 T:140588992440064   DEBUG: Previous line repeats 5 times.
13:16:07.852 T:140588992440064   DEBUG: CWebServer[8080]: request received for /jsonrpc?GetActivePlayers
13:16:08.959 T:140589815281408   DEBUG: Previous line repeats 1 times.
13:16:08.960 T:140589815281408   DEBUG: CWebServer[8080]: request received for /jsonrpc
13:16:09.497 T:140588389209856   DEBUG: Previous line repeats 5 times.
13:16:09.497 T:140588389209856  NOTICE: [PTV Preset Timer] DEBUG: Today is Thursday (weekday=3)
13:16:09.497 T:140588389209856  NOTICE: [PTV Preset Timer] DEBUG: Setting name: ThursdayPreset
13:16:09.497 T:140588389209856  NOTICE: [PTV Preset Timer] DEBUG: Raw preset value: '2' (int: 2)
13:16:09.497 T:140588389209856  NOTICE: [PTV Preset Timer] DEBUG: Available presets: ['Alpha', 'Omega', 'Delta', 'Epsilon', 'Gamma', 'Sigma', 'Omicron', 'Theta', 'Lambda']
13:16:09.497 T:140588389209856  NOTICE: [PTV Preset Timer] Today's preset for Thursday: Omega (index=1)
13:16:09.857 T:140588992440064   DEBUG: CWebServer[8080]: request received for /jsonrpc?GetActivePlayers
13:16:10.973 T:140588439566080   DEBUG: Previous line repeats 1 times.
13:16:10.973 T:140588439566080   DEBUG: CWebServer[8080]: request received for /jsonrpc
13:16:11.823 T:140588212840192   DEBUG: Previous line repeats 5 times.
13:16:11.823 T:140588212840192   DEBUG: CNFSFile::Open - opened mnt/user/TELEVISION/House of Cards (US)/Season 2/02x03-04-05-06-07 - Chapter 16 + Chapter 17 + Chapter 18 + Chapter 19 + Chapter 20.nfo
13:16:11.830 T:140588212840192   DEBUG: CNFSFile::Close closing file mnt/user/TELEVISION/House of Cards (US)/Season 2/02x03-04-05-06-07 - Chapter 16 + Chapter 17 + Chapter 18 + Chapter 19 + Chapter 20.nfo
13:16:11.841 T:140588992440064   DEBUG: CWebServer[8080]: request received for /jsonrpc?GetActivePlayers
13:16:12.980 T:140588439566080   DEBUG: Previous line repeats 1 times.
13:16:12.980 T:140588439566080   DEBUG: CWebServer[8080]: request received for /jsonrpc
13:16:13.840 T:140588992440064   DEBUG: Previous line repeats 5 times.
13:16:13.840 T:140588992440064   DEBUG: CWebServer[8080]: request received for /jsonrpc?GetActivePlayers
13:16:14.990 T:140588439566080   DEBUG: Previous line repeats 1 times.
13:16:14.990 T:140588439566080   DEBUG: CWebServer[8080]: request received for /jsonrpc
13:16:15.841 T:140588212840192   DEBUG: Previous line repeats 5 times.
13:16:15.841 T:140588212840192   DEBUG: CNFSFile::Open - opened mnt/user/TELEVISION/Under the Dome/Season 3/03x01-x02.nfo
13:16:15.841 T:140588992440064   DEBUG: CWebServer[8080]: request received for /jsonrpc?GetActivePlayers
13:16:15.847 T:140588212840192   DEBUG: CNFSFile::Close closing file mnt/user/TELEVISION/Under the Dome/Season 3/03x01-x02.nfo
13:16:16.485 T:140588397602560   ERROR: [PTV Shutdown Timer] Checking schedule 'Bedtime'
13:16:16.485 T:140588397602560   ERROR: [PTV Shutdown Timer] Current time: 13:16
13:16:16.485 T:140588397602560   ERROR: [PTV Shutdown Timer] Shutdown time: 0:15
13:16:16.485 T:140588397602560   ERROR: [PTV Shutdown Timer] Minutes from midnight - Current: 796, Shutdown: 15
13:16:16.485 T:140588397602560   ERROR: [PTV Shutdown Timer] Time match (within window): False
13:16:16.485 T:140588397602560   ERROR: [PTV Shutdown Timer] Current day index: 3
13:16:16.485 T:140588397602560   ERROR: [PTV Shutdown Timer] Day match: False
13:16:16.486 T:140588397602560   ERROR: [PTV Shutdown Timer] Shutdown should trigger: False (Action: 1)
13:16:16.486 T:140588397602560   ERROR: [PTV Shutdown Timer] Checking schedule 'Late Night'
13:16:16.486 T:140588397602560   ERROR: [PTV Shutdown Timer] Current time: 13:16
13:16:16.486 T:140588397602560   ERROR: [PTV Shutdown Timer] Shutdown time: 3:30
13:16:16.486 T:140588397602560   ERROR: [PTV Shutdown Timer] Minutes from midnight - Current: 796, Shutdown: 210
13:16:16.486 T:140588397602560   ERROR: [PTV Shutdown Timer] Time match (within window): False
13:16:16.486 T:140588397602560   ERROR: [PTV Shutdown Timer] Current day index: 3
13:16:16.487 T:140588397602560   ERROR: [PTV Shutdown Timer] Day match: True
13:16:16.487 T:140588397602560   ERROR: [PTV Shutdown Timer] Shutdown should trigger: False (Action: 1)
13:16:16.841 T:140588992440064   DEBUG: CWebServer[8080]: request received for /jsonrpc?GetActivePlayers
13:16:17.002 T:140588439566080   DEBUG: CWebServer[8080]: request received for /jsonrpc
13:16:17.850 T:140588992440064   DEBUG: Previous line repeats 5 times.
13:16:17.850 T:140588992440064   DEBUG: CWebServer[8080]: request received for /jsonrpc?GetActivePlayers
13:16:19.018 T:140589026760448   DEBUG: Previous line repeats 1 times.
13:16:19.018 T:140589026760448   DEBUG: CWebServer[8080]: request received for /jsonrpc
13:16:19.248 T:140588212840192   DEBUG: Previous line repeats 5 times.
13:16:19.248 T:140588212840192   DEBUG: CNFSFile::Open - opened mnt/user/TELEVISION/The Shannara Chronicles/Season 1/01x01-x02.nfo
13:16:19.255 T:140588212840192   DEBUG: CNFSFile::Close closing file mnt/user/TELEVISION/The Shannara Chronicles/Season 1/01x01-x02.nfo
13:16:19.499 T:140588389209856  NOTICE: [PTV Preset Timer] DEBUG: Today is Thursday (weekday=3)
13:16:19.499 T:140588389209856  NOTICE: [PTV Preset Timer] DEBUG: Setting name: ThursdayPreset
13:16:19.499 T:140588389209856  NOTICE: [PTV Preset Timer] DEBUG: Raw preset value: '2' (int: 2)
13:16:19.499 T:140588389209856  NOTICE: [PTV Preset Timer] DEBUG: Available presets: ['Alpha', 'Omega', 'Delta', 'Epsilon', 'Gamma', 'Sigma', 'Omicron', 'Theta', 'Lambda']
13:16:19.500 T:140588389209856  NOTICE: [PTV Preset Timer] Today's preset for Thursday: Omega (index=1)
13:16:19.847 T:140588992440064   DEBUG: CWebServer[8080]: request received for /jsonrpc?GetActivePlayers
13:16:21.024 T:140588439566080   DEBUG: Previous line repeats 1 times.
13:16:21.025 T:140588439566080   DEBUG: CWebServer[8080]: request received for /jsonrpc
13:16:21.854 T:140588992440064   DEBUG: Previous line repeats 5 times.
13:16:21.854 T:140588992440064   DEBUG: CWebServer[8080]: request received for /jsonrpc?GetActivePlayers
13:16:23.034 T:140588439566080   DEBUG: Previous line repeats 1 times.
13:16:23.034 T:140588439566080   DEBUG: CWebServer[8080]: request received for /jsonrpc
13:16:23.842 T:140588992440064   DEBUG: Previous line repeats 5 times.
13:16:23.842 T:140588992440064   DEBUG: CWebServer[8080]: request received for /jsonrpc?GetActivePlayers
13:16:25.046 T:140588439566080   DEBUG: Previous line repeats 1 times.
13:16:25.046 T:140588439566080   DEBUG: CWebServer[8080]: request received for /jsonrpc
13:16:25.848 T:140588992440064   DEBUG: Previous line repeats 5 times.
13:16:25.848 T:140588992440064   DEBUG: CWebServer[8080]: request received for /jsonrpc?GetActivePlayers
13:16:26.487 T:140588397602560   ERROR: [PTV Shutdown Timer] Checking schedule 'Bedtime'
13:16:26.487 T:140588397602560   ERROR: [PTV Shutdown Timer] Current time: 13:16
13:16:26.487 T:140588397602560   ERROR: [PTV Shutdown Timer] Shutdown time: 0:15
13:16:26.487 T:140588397602560   ERROR: [PTV Shutdown Timer] Minutes from midnight - Current: 796, Shutdown: 15
13:16:26.487 T:140588397602560   ERROR: [PTV Shutdown Timer] Time match (within window): False
13:16:26.487 T:140588397602560   ERROR: [PTV Shutdown Timer] Current day index: 3
13:16:26.487 T:140588397602560   ERROR: [PTV Shutdown Timer] Day match: False
13:16:26.487 T:140588397602560   ERROR: [PTV Shutdown Timer] Shutdown should trigger: False (Action: 1)
13:16:26.487 T:140588397602560   ERROR: [PTV Shutdown Timer] Checking schedule 'Late Night'
13:16:26.487 T:140588397602560   ERROR: [PTV Shutdown Timer] Current time: 13:16
13:16:26.487 T:140588397602560   ERROR: [PTV Shutdown Timer] Shutdown time: 3:30
13:16:26.487 T:140588397602560   ERROR: [PTV Shutdown Timer] Minutes from midnight - Current: 796, Shutdown: 210
13:16:26.487 T:140588397602560   ERROR: [PTV Shutdown Timer] Time match (within window): False
13:16:26.487 T:140588397602560   ERROR: [PTV Shutdown Timer] Current day index: 3
13:16:26.487 T:140588397602560   ERROR: [PTV Shutdown Timer] Day match: True
13:16:26.487 T:140588397602560   ERROR: [PTV Shutdown Timer] Shutdown should trigger: False (Action: 1)
13:16:26.850 T:140588992440064   DEBUG: CWebServer[8080]: request received for /jsonrpc?GetActivePlayers
13:16:27.058 T:140588439566080   DEBUG: CWebServer[8080]: request received for /jsonrpc
13:16:27.847 T:140588992440064   DEBUG: Previous line repeats 5 times.
13:16:27.847 T:140588992440064   DEBUG: CWebServer[8080]: request received for /jsonrpc?GetActivePlayers
13:16:29.069 T:140588439566080   DEBUG: Previous line repeats 1 times.
13:16:29.069 T:140588439566080   DEBUG: CWebServer[8080]: request received for /jsonrpc
13:16:29.500 T:140588389209856   DEBUG: Previous line repeats 5 times.
13:16:29.500 T:140588389209856  NOTICE: [PTV Preset Timer] DEBUG: Today is Thursday (weekday=3)
13:16:29.500 T:140588389209856  NOTICE: [PTV Preset Timer] DEBUG: Setting name: ThursdayPreset
13:16:29.501 T:140588389209856  NOTICE: [PTV Preset Timer] DEBUG: Raw preset value: '2' (int: 2)
13:16:29.501 T:140588389209856  NOTICE: [PTV Preset Timer] DEBUG: Available presets: ['Alpha', 'Omega', 'Delta', 'Epsilon', 'Gamma', 'Sigma', 'Omicron', 'Theta', 'Lambda']
13:16:29.501 T:140588389209856  NOTICE: [PTV Preset Timer] Today's preset for Thursday: Omega (index=1)
13:16:29.856 T:140588992440064   DEBUG: CWebServer[8080]: request received for /jsonrpc?GetActivePlayers
13:16:31.077 T:140588439566080   DEBUG: Previous line repeats 1 times.
13:16:31.077 T:140588439566080   DEBUG: CWebServer[8080]: request received for /jsonrpc
13:16:31.843 T:140588992440064   DEBUG: Previous line repeats 5 times.
13:16:31.843 T:140588992440064   DEBUG: CWebServer[8080]: request received for /jsonrpc?GetActivePlayers
13:16:33.084 T:140588439566080   DEBUG: Previous line repeats 1 times.
13:16:33.084 T:140588439566080   DEBUG: CWebServer[8080]: request received for /jsonrpc
13:16:33.840 T:140588992440064   DEBUG: Previous line repeats 5 times.
13:16:33.840 T:140588992440064   DEBUG: CWebServer[8080]: request received for /jsonrpc?GetActivePlayers
13:16:34.279 T:140588212840192   DEBUG: CNFSFile::Open - opened mnt/user/TELEVISION/Stargate SG-1/Season 1/01x01-x02.nfo
13:16:34.287 T:140588212840192   DEBUG: CNFSFile::Close closing file mnt/user/TELEVISION/Stargate SG-1/Season 1/01x01-x02.nfo
13:16:34.843 T:140588992440064   DEBUG: CWebServer[8080]: request received for /jsonrpc?GetActivePlayers
13:16:35.094 T:140588439566080   DEBUG: CWebServer[8080]: request received for /jsonrpc
13:16:35.845 T:140588992440064   DEBUG: Previous line repeats 5 times.
13:16:35.845 T:140588992440064   DEBUG: CWebServer[8080]: request received for /jsonrpc?GetActivePlayers
13:16:36.488 T:140588397602560   ERROR: [PTV Shutdown Timer] Checking schedule 'Bedtime'
13:16:36.488 T:140588397602560   ERROR: [PTV Shutdown Timer] Current time: 13:16
13:16:36.488 T:140588397602560   ERROR: [PTV Shutdown Timer] Shutdown time: 0:15
13:16:36.488 T:140588397602560   ERROR: [PTV Shutdown Timer] Minutes from midnight - Current: 796, Shutdown: 15
13:16:36.488 T:140588397602560   ERROR: [PTV Shutdown Timer] Time match (within window): False
13:16:36.488 T:140588397602560   ERROR: [PTV Shutdown Timer] Current day index: 3
13:16:36.488 T:140588397602560   ERROR: [PTV Shutdown Timer] Day match: False
13:16:36.489 T:140588397602560   ERROR: [PTV Shutdown Timer] Shutdown should trigger: False (Action: 1)
13:16:36.489 T:140588397602560   ERROR: [PTV Shutdown Timer] Checking schedule 'Late Night'
13:16:36.489 T:140588397602560   ERROR: [PTV Shutdown Timer] Current time: 13:16
13:16:36.489 T:140588397602560   ERROR: [PTV Shutdown Timer] Shutdown time: 3:30
13:16:36.489 T:140588397602560   ERROR: [PTV Shutdown Timer] Minutes from midnight - Current: 796, Shutdown: 210
13:16:36.489 T:140588397602560   ERROR: [PTV Shutdown Timer] Time match (within window): False
13:16:36.489 T:140588397602560   ERROR: [PTV Shutdown Timer] Current day index: 3
13:16:36.489 T:140588397602560   ERROR: [PTV Shutdown Timer] Day match: True
13:16:36.489 T:140588397602560   ERROR: [PTV Shutdown Timer] Shutdown should trigger: False (Action: 1)
13:16:36.840 T:140588992440064   DEBUG: CWebServer[8080]: request received for /jsonrpc?GetActivePlayers
13:16:37.107 T:140588439566080   DEBUG: CWebServer[8080]: request received for /jsonrpc
13:16:37.844 T:140588992440064   DEBUG: Previous line repeats 5 times.
