10:52:57.839 T:16688   DEBUG: LocalizeStrings: loaded 48 strings from file C:\Program Files (x86)\Kodi\addons\pvr.dvbviewer\resources\language\resource.language.en_gb\strings.po
10:52:57.839 T:16688   DEBUG: LocalizeStrings: loaded 3 strings from file C:\Program Files (x86)\Kodi\addons\pvr.filmon\resources\language\resource.language.en_gb\strings.po
10:52:57.839 T:16688   DEBUG: LocalizeStrings: loaded 5 strings from file C:\Program Files (x86)\Kodi\addons\pvr.hdhomerun\resources\language\resource.language.en_gb\strings.po
10:52:57.839 T:16688   DEBUG: LocalizeStrings: loaded 75 strings from file C:\Program Files (x86)\Kodi\addons\pvr.hts\resources\language\resource.language.en_gb\strings.po
10:52:57.840 T:16688   DEBUG: LocalizeStrings: loaded 22 strings from file C:\Program Files (x86)\Kodi\addons\pvr.iptvsimple\resources\language\resource.language.en_gb\strings.po
10:52:57.840 T:16688   DEBUG: LocalizeStrings: loaded 71 strings from file C:\Program Files (x86)\Kodi\addons\pvr.mediaportal.tvserver\resources\language\resource.language.en_gb\strings.po
10:52:57.840 T:16688   DEBUG: LocalizeStrings: loaded 103 strings from file C:\Program Files (x86)\Kodi\addons\pvr.mythtv\resources\language\resource.language.en_gb\strings.po
10:52:57.840 T:16688   DEBUG: LocalizeStrings: loaded 28 strings from file C:\Program Files (x86)\Kodi\addons\pvr.nextpvr\resources\language\resource.language.en_gb\strings.po
10:52:57.841 T:16688   DEBUG: LocalizeStrings: loaded 2 strings from file C:\Program Files (x86)\Kodi\addons\pvr.njoy\resources\language\resource.language.en_gb\strings.po
10:52:57.841 T:16688   DEBUG: LocalizeStrings: loaded 2 strings from file C:\Program Files (x86)\Kodi\addons\pvr.octonet\resources\language\resource.language.en_gb\strings.po
10:52:57.841 T:16688   DEBUG: LocalizeStrings: loaded 8 strings from file C:\Program Files (x86)\Kodi\addons\pvr.pctv\resources\language\resource.language.en_gb\strings.po
10:52:57.841 T:16688   DEBUG: LocalizeStrings: loaded 43 strings from file C:\Program Files (x86)\Kodi\addons\pvr.stalker\resources\language\resource.language.en_gb\strings.po
10:52:57.842 T:16688   DEBUG: LocalizeStrings: loaded 25 strings from file C:\Program Files (x86)\Kodi\addons\pvr.vbox\resources\language\resource.language.en_gb\strings.po
10:52:57.842 T:16688   DEBUG: LocalizeStrings: loaded 70 strings from file C:\Program Files (x86)\Kodi\addons\pvr.vdr.vnsi\resources\language\resource.language.en_gb\strings.po
10:52:57.842 T:16688   DEBUG: LocalizeStrings: loaded 27 strings from file C:\Program Files (x86)\Kodi\addons\pvr.vuplus\resources\language\resource.language.en_gb\strings.po
10:52:57.842 T:16688   DEBUG: LocalizeStrings: loaded 70 strings from file C:\Program Files (x86)\Kodi\addons\pvr.wmc\resources\language\resource.language.en_gb\strings.po
10:52:57.844 T:16688   DEBUG: LocalizeStrings: loaded 8 strings from file C:\Program Files (x86)\Kodi\addons\screensaver.biogenesis\resources\language\English\strings.po
10:52:57.844 T:16688   DEBUG: LocalizeStrings: loaded 16 strings from file C:\Program Files (x86)\Kodi\addons\screensaver.greynetic\resources\language\English\strings.po
10:52:57.844 T:16688   DEBUG: LocalizeStrings: loaded 10 strings from file C:\Program Files (x86)\Kodi\addons\screensaver.pingpong\resources\language\English\strings.po
10:52:57.845 T:16688   DEBUG: LocalizeStrings: loaded 39 strings from file C:\Program Files (x86)\Kodi\addons\screensaver.shadertoy\resources\language\English\strings.po
10:52:57.845 T:16688   DEBUG: LocalizeStrings: loaded 6 strings from file C:\Program Files (x86)\Kodi\addons\screensaver.stars\resources\language\English\strings.po
10:52:57.845 T:16688   DEBUG: POParser: PO file has Win Style Line Endings. Converted in memory to Linux LF for file: C:\Program Files (x86)\Kodi\addons\screensaver.xbmc.builtin.dim\resources\language\resource.language.en_gb\strings.po
10:52:57.845 T:16688   DEBUG: LocalizeStrings: loaded 1 strings from file C:\Program Files (x86)\Kodi\addons\screensaver.xbmc.builtin.dim\resources\language\resource.language.en_gb\strings.po
10:52:57.846 T:16688   DEBUG: LocalizeStrings: loaded 24 strings from file C:\Users\flyp1\AppData\Roaming\Kodi\addons\service.xbmc.versioncheck\resources\language\English\strings.po
10:52:57.847 T:16688   DEBUG: LocalizeStrings: loaded 18 strings from file C:\Program Files (x86)\Kodi\addons\visualization.milkdrop\resources\language\English\strings.po
10:52:57.847 T:16688   DEBUG: LocalizeStrings: loaded 15 strings from file C:\Program Files (x86)\Kodi\addons\visualization.spectrum\resources\language\English\strings.po
10:52:57.848 T:16688   DEBUG: LocalizeStrings: loaded 11 strings from file C:\Program Files (x86)\Kodi\addons\visualization.vortex\resources\language\English\strings.po
10:52:57.848 T:16688   DEBUG: LocalizeStrings: loaded 7 strings from file C:\Users\flyp1\AppData\Roaming\Kodi\addons\script.common.plugin.cache\resources\language\resource.language.en_gb\strings.po
10:52:57.849 T:16688   DEBUG: LocalizeStrings: loaded 22 strings from file C:\Users\flyp1\AppData\Roaming\Kodi\addons\script.module.buggalo\resources\language\English\strings.xml
10:52:57.851 T:16688   DEBUG: LocalizeStrings: loaded 18 strings from file C:\Users\flyp1\AppData\Roaming\Kodi\addons\script.module.simple.downloader\resources\language\English\strings.xml
10:52:57.852 T:16688   DEBUG: LocalizeStrings: loaded 45 strings from file C:\Users\flyp1\AppData\Roaming\Kodi\addons\script.module.youtube.dl\resources\language\English\strings.po
10:52:57.853 T:16688   DEBUG: LocalizeStrings: loaded 167 strings from file C:\Users\flyp1\AppData\Roaming\Kodi\addons\script.extendedinfo\resources\language\resource.language.en_gb\strings.po
10:52:57.855 T:16688   DEBUG: LocalizeStrings: loaded 51 strings from file C:\Users\flyp1\AppData\Roaming\Kodi\addons\script.module.metadatautils\resources\language\resource.language.en_gb\strings.po
10:52:57.855 T:16688   DEBUG: LocalizeStrings: loaded 26 strings from file C:\Users\flyp1\AppData\Roaming\Kodi\addons\script.skin.helper.service\resources\language\resource.language.en_gb\strings.po
10:52:57.855 T:16688   DEBUG: LocalizeStrings: loaded 69 strings from file C:\Users\flyp1\AppData\Roaming\Kodi\addons\script.skin.helper.widgets\resources\language\resource.language.en_gb\strings.po
10:52:57.856 T:16688   DEBUG: LocalizeStrings: loaded 120 strings from file C:\Users\flyp1\AppData\Roaming\Kodi\addons\script.skinshortcuts\resources\language\English\strings.po
10:52:57.856 T:16688   DEBUG: LocalizeStrings: loaded 24 strings from file C:\Users\flyp1\AppData\Roaming\Kodi\addons\service.library.data.provider\resources\language\resource.language.en_gb\strings.po
10:52:57.857 T:16688   DEBUG: LocalizeStrings: loaded 16 strings from file C:\Users\flyp1\AppData\Roaming\Kodi\addons\weather.yahoo\resources\language\resource.language.en_gb\strings.po
10:52:57.857 T:16688   DEBUG: LocalizeStrings: loaded 62 strings from file C:\Users\flyp1\AppData\Roaming\Kodi\addons\weather.gismeteo\resources\language\resource.language.en_gb\strings.po
10:52:57.858 T:16688   DEBUG: LocalizeStrings: loaded 100 strings from file C:\Users\flyp1\AppData\Roaming\Kodi\addons\script.artwork.downloader\resources\language\English\strings.po
10:52:57.859 T:16688   DEBUG: LocalizeStrings: loaded 46 strings from file C:\Users\flyp1\AppData\Roaming\Kodi\addons\script.paragontv\resources\language\resource.language.en_gb\strings.po
10:52:57.859 T:16688   DEBUG: LocalizeStrings: loaded 12 strings from file C:\Users\flyp1\AppData\Roaming\Kodi\addons\script.keymap\resources\language\English\strings.xml
10:52:57.860 T:16688   DEBUG: PERIPHERALS::CPeripherals::LoadMappings - loaded node "Motorola Nyxboard Hybrid"
10:52:57.860 T:16688   DEBUG: PERIPHERALS::CPeripherals::LoadMappings - loaded node "CEC Adapter"
10:52:57.860 T:16688   DEBUG: PERIPHERALS::CPeripherals::LoadMappings - loaded node "Pulse-Eight CEC Adapter"
10:52:57.860 T:16688   DEBUG: PERIPHERALS::CPeripherals::LoadMappings - loaded node "iMON HID device"
10:52:57.860 T:16688   DEBUG: PERIPHERALS::CPeripherals::LoadMappings - loaded node "WETEK Play remote"
10:52:57.860 T:16688   DEBUG: PERIPHERALS::CPeripherals::LoadMappings - loaded node ""
10:52:57.860 T:16688   DEBUG: SECTION:LoadDLL(special://xbmcbin/cec.dll)
10:52:57.864 T:16688   DEBUG: Add-on bus: Registering add-on peripheral.joystick
10:52:57.864 T:16688   DEBUG: PERIPHERAL - PERIPHERALS::CPeripheralAddon::CreateAddon - creating peripheral add-on instance 'Joystick Support'
10:52:57.864 T:16688   DEBUG: ADDON: Dll Initializing - Joystick Support
10:52:57.864 T:16688   DEBUG: SECTION:LoadDLL(C:\Program Files (x86)\Kodi\addons\peripheral.joystick\peripheral.joystick.dll)
10:52:57.866 T:16688   DEBUG: AddOnLog: Joystick Support: Attempting to load XInput1_4.dll...
10:52:57.867 T:16688   DEBUG: AddOnLog: Joystick Support: Loaded XInput DLL version 1.4
10:52:57.867 T:16688   DEBUG: AddOnLog: Joystick Support: Loaded XInput symbols (GetState=5C031DF0, GetStateEx=00000000, SetState=5C032060, GetCaps=5C0322E0, GetBatteryInformation=5C032650, PowerOff=00000000)
10:52:57.868 T:16688   DEBUG: AddOnLog: Joystick Support: Loaded 14 joystick families with 97 total joysticks
10:52:57.868 T:16688   DEBUG: Calling TransferSettings for: Joystick Support
10:52:57.868 T:16688   DEBUG: SECTION:LoadDLL(special://xbmcbin/libcurl.dll)
10:52:57.868 T:5984   DEBUG: Thread PeripBusUSB start, auto delete: false
10:52:57.870 T:6520   DEBUG: Thread PeripBusAddon start, auto delete: false
10:52:57.870 T:4472   DEBUG: Thread PeripEventScanner start, auto delete: false
10:52:57.870 T:9100   DEBUG: Thread PeripBusCEC start, auto delete: false
10:52:57.874 T:1964  NOTICE: Running database version Addons27
10:52:57.874 T:1964   DEBUG: CDatabaseManager::Initialize, updating databases...
10:52:57.875 T:1964  NOTICE: Running database version ViewModes6
10:52:57.876 T:1964  NOTICE: Running database version Textures13
10:52:57.878 T:1964  NOTICE: Running database version MyMusic60
10:52:57.880 T:1964  NOTICE: Running database version MyVideos107
10:52:57.881 T:1964  NOTICE: Running database version TV29
10:52:57.882 T:1964  NOTICE: Running database version Epg11
10:52:57.883 T:1964   DEBUG: CDatabaseManager::Initialize, updating databases... DONE
10:52:57.885 T:16688   DEBUG: DPMS: supported power-saving modes: OFF STANDBY
10:52:57.907 T:14220   DEBUG: CAnnouncementManager - Announcement: OnClear from xbmc
10:52:57.907 T:14220   DEBUG: GOT ANNOUNCEMENT, type: 2, from xbmc, message OnClear
10:52:57.919 T:16688    INFO: Unloading old skin ...
10:52:57.920 T:16688    INFO:   load skin from: C:\Users\flyp1\AppData\Roaming\Kodi\addons\skin.paragon (version: 6.1.0)
10:52:57.920 T:16688    INFO:   load fonts for skin...
10:52:57.921 T:16688    INFO: Loading fonts from C:\Users\flyp1\AppData\Roaming\Kodi\addons\skin.paragon\720p\Font.xml
10:52:57.954 T:16688   ERROR: Couldn't load font name: FontSize_150BH(birth_of_a_hero.ttf), trying to substitute arial.ttf
10:52:57.958 T:16688   ERROR: Couldn't load font name: FontSize_180L(lcdml___.ttf), trying to substitute arial.ttf
10:52:57.967 T:16688   ERROR: Couldn't load font name: font10(roboto-regular.ttf), trying to substitute arial.ttf
10:52:57.971 T:16688   ERROR: Couldn't load font name: font12(roboto-regular.ttf), trying to substitute arial.ttf
10:52:57.974 T:16688   ERROR: Couldn't load font name: font13(roboto-regular.ttf), trying to substitute arial.ttf
10:52:57.977 T:16688   ERROR: Couldn't load font name: font14(roboto-regular.ttf), trying to substitute arial.ttf
10:52:57.980 T:16688   ERROR: Couldn't load font name: font16(roboto-regular.ttf), trying to substitute arial.ttf
10:52:57.983 T:16688   ERROR: Couldn't load font name: font30(roboto-regular.ttf), trying to substitute arial.ttf
10:52:57.985 T:16688   ERROR: Couldn't load font name: fontContextMenu(roboto-regular.ttf), trying to substitute arial.ttf
10:52:57.994 T:16688   ERROR: Couldn't load font name: font_MainMenu(dejavusans-bold-caps.ttf), trying to substitute arial.ttf
10:52:57.997 T:16688   ERROR: Couldn't load font name: PTVL10(poppins-medium.ttf), trying to substitute arial.ttf
10:52:57.997 T:16688   ERROR: Couldn't load font name: PTVL12(poppins-medium.ttf), trying to substitute arial.ttf
10:52:58.000 T:16688   ERROR: Couldn't load font name: PTVL13(poppins-medium.ttf), trying to substitute arial.ttf
10:52:58.001 T:16688   ERROR: Couldn't load font name: PTVL14(poppins-medium.ttf), trying to substitute arial.ttf
10:52:58.005 T:16688   DEBUG: POParser: PO file has Win Style Line Endings. Converted in memory to Linux LF for file: C:\Users\flyp1\AppData\Roaming\Kodi\addons\skin.paragon\language\English\strings.po
10:52:58.005 T:16688   DEBUG: LocalizeStrings: loaded 258 strings from file C:\Users\flyp1\AppData\Roaming\Kodi\addons\skin.paragon\language\English\strings.po
10:52:58.005 T:16688    INFO: Loading skin includes from C:\Users\flyp1\AppData\Roaming\Kodi\addons\skin.paragon\720p\includes.xml
10:52:58.059 T:16688    INFO: Error loading includes.xml file (C:\Users\flyp1\AppData\Roaming\Kodi\addons\skin.paragon\720p\IncludesHomeWidgets.xml): Error reading Attributes. (row=176, col=55)
10:52:58.097 T:16688    INFO:   load new skin...
10:52:58.097 T:16688    INFO: Loading user windows, path C:\Users\flyp1\AppData\Roaming\Kodi\addons\skin.paragon\720p
10:52:58.110 T:16688   DEBUG: Load Skin XML: 13.87ms
10:52:58.110 T:16688    INFO:   initialize new skin...
10:52:58.110 T:16688   DEBUG: guilib: Fill viewport on change for solving rendering passes
10:52:58.110 T:16688    INFO: Loading skin file: Pointer.xml, load type: LOAD_ON_GUI_INIT
10:52:58.112 T:16688    INFO: Loading skin file: DialogVolumeBar.xml, load type: LOAD_ON_GUI_INIT
10:52:58.112 T:16688    INFO: Loading skin file: DialogNotification.xml, load type: LOAD_ON_GUI_INIT
10:52:58.113 T:16688    INFO: Loading skin file: DialogSeekBar.xml, load type: LOAD_ON_GUI_INIT
10:52:58.113 T:16688    INFO: Loading skin file: DialogBusy.xml, load type: LOAD_ON_GUI_INIT
10:52:58.113 T:16688    INFO: Loading skin file: DialogExtendedProgressBar.xml, load type: LOAD_ON_GUI_INIT
10:52:58.114 T:16688    INFO: Loading resource://resource.uisounds.kodi/sounds.xml
10:52:58.124 T:16688    INFO:   skin loaded...
10:52:58.124 T:16688   DEBUG: Activating window ID: 12997
10:52:58.124 T:16688   DEBUG: ------ Window Init () ------
10:52:58.124 T:16688    INFO: load splash image: C:\Program Files (x86)\Kodi\media\Splash.png
10:52:58.131 T:16688   DEBUG: JSONRPC: JSON schema type definition references an unknown type Setting.Details.Setting
10:52:58.131 T:16688 WARNING: JSONRPC: Could not parse type "Setting.Details.SettingList"
10:52:58.131 T:16688    INFO: JSONRPC: Adding type "Setting.Details.SettingList" to list of incomplete definitions (waiting for "Setting.Details.Setting")
10:52:58.131 T:16688    INFO: JSONRPC: Resolving incomplete types/methods referencing Setting.Details.Setting
10:52:58.146 T:16688    INFO: JSONRPC v8.0.0: Successfully initialized
10:52:58.147 T:16688   DEBUG: ADDON: Starting service addons.
10:52:58.152 T:17524   DEBUG: Thread LanguageInvoker start, auto delete: false
10:52:58.152 T:17524   DEBUG: Previous line repeats 2 times.
10:52:58.152 T:17524    INFO: initializing python engine.
10:52:58.152 T:5852    INFO: Previous line repeats 2 times.
10:52:58.152 T:5852   DEBUG: Thread LanguageInvoker start, auto delete: false
10:52:58.152 T:16688   DEBUG: Activating window ID: 12999
10:52:58.152 T:16688   DEBUG: ------ Window Init (Startup.xml) ------
10:52:58.152 T:16688    INFO: Loading skin file: Startup.xml, load type: LOAD_EVERY_TIME
10:52:58.152 T:5852    INFO: initializing python engine.
10:52:58.152 T:32   DEBUG: Thread LanguageInvoker start, auto delete: false
10:52:58.152 T:32    INFO: initializing python engine.
10:52:58.152 T:16688   DEBUG: Activating window ID: 11114
10:52:58.152 T:16688   DEBUG: ------ Window Init (Custom_StartExit.xml) ------
10:52:58.152 T:16688    INFO: Loading skin file: Custom_StartExit.xml, load type: KEEP_IN_MEMORY
10:52:58.153 T:16688 WARNING: Label Formating: $VAR[Custom_ExitSubLabels] is not defined
10:52:58.153 T:16688 WARNING: Previous line repeats 1 times.
10:52:58.153 T:16688   DEBUG: [Warning] CGUITextureManager::GetTexturePath: could not find texture 'buttons/catbullet_nf.png'
10:52:58.153 T:16688   DEBUG: Previous line repeats 1 times.
10:52:58.153 T:16688   DEBUG: started alarm with name: close
10:52:58.153 T:16688   DEBUG: started alarm with name: starting
10:52:58.153 T:16688   DEBUG: CNetwork::NetworkMessage - Starting network services
10:52:58.153 T:4640   DEBUG: Thread AlarmClock start, auto delete: false
10:52:58.157 T:16688  NOTICE: CWebServer[808]: Started
10:52:58.157 T:16688  NOTICE: starting upnp client
10:52:58.161 T:16688    INFO: JSONRPC Server: Successfully initialized
10:52:58.161 T:11216   DEBUG: Thread TCPServer start, auto delete: false
10:52:58.161 T:10580   DEBUG: Thread EventServer start, auto delete: false
10:52:58.162 T:10580  NOTICE: ES: Starting UDP Event server on port 9777
10:52:58.162 T:10580  NOTICE: UDP: Listening on port 9777 (ipv6 : false)
10:52:58.163 T:16688   DEBUG: ------ Window Init () ------
10:52:58.191 T:17524   DEBUG: CPythonInvoker(0, C:\Users\flyp1\AppData\Roaming\Kodi\addons\service.xbmc.versioncheck\resources\lib\runner.py): start processing
10:52:58.191 T:4892   DEBUG: CPythonInvoker(1, C:\Users\flyp1\AppData\Roaming\Kodi\addons\script.module.simple.downloader\default.py): start processing
10:52:58.191 T:32   DEBUG: CPythonInvoker(4, C:\Users\flyp1\AppData\Roaming\Kodi\addons\service.library.data.provider\service.py): start processing
10:52:58.191 T:5852   DEBUG: CPythonInvoker(3, C:\Users\flyp1\AppData\Roaming\Kodi\addons\script.skin.helper.widgets\service.py): start processing
10:52:58.191 T:10176   DEBUG: CPythonInvoker(2, C:\Users\flyp1\AppData\Roaming\Kodi\addons\script.skin.helper.service\service.py): start processing
10:52:58.214 T:17524   DEBUG: -->Python Interpreter Initialized<--
10:52:58.214 T:17524   DEBUG: CPythonInvoker(0, C:\Users\flyp1\AppData\Roaming\Kodi\addons\service.xbmc.versioncheck\resources\lib\runner.py): the source file to load is "C:\Users\flyp1\AppData\Roaming\Kodi\addons\service.xbmc.versioncheck\resources\lib\runner.py"
10:52:58.214 T:17524   DEBUG: CPythonInvoker(0, C:\Users\flyp1\AppData\Roaming\Kodi\addons\service.xbmc.versioncheck\resources\lib\runner.py): setting the Python path to C:\Users\flyp1\AppData\Roaming\Kodi\addons\service.xbmc.versioncheck\resources\lib;C:\Program Files (x86)\Kodi\system\python\DLLs;C:\Program Files (x86)\Kodi\system\python\Lib;C:\Program Files (x86)\Kodi\python27.zip;C:\Program Files (x86)\Kodi\system\python\lib\plat-win;C:\Program Files (x86)\Kodi\system\python\lib\lib-tk;C:\Program Files (x86)\Kodi;C:\Program Files (x86)\Kodi\system\python;C:\Program Files (x86)\Kodi\system\python\lib\site-packages
10:52:58.214 T:17524   DEBUG: CPythonInvoker(0, C:\Users\flyp1\AppData\Roaming\Kodi\addons\service.xbmc.versioncheck\resources\lib\runner.py): entering source directory C:\Users\flyp1\AppData\Roaming\Kodi\addons\service.xbmc.versioncheck\resources\lib
10:52:58.217 T:17524   DEBUG: CPythonInvoker(0, C:\Users\flyp1\AppData\Roaming\Kodi\addons\service.xbmc.versioncheck\resources\lib\runner.py): instantiating addon using automatically obtained id of "service.xbmc.versioncheck" dependent on version 2.14.0 of the xbmc.python api
10:52:58.348 T:4892   DEBUG: -->Python Interpreter Initialized<--
10:52:58.348 T:4892   DEBUG: CPythonInvoker(1, C:\Users\flyp1\AppData\Roaming\Kodi\addons\script.module.simple.downloader\default.py): the source file to load is "C:\Users\flyp1\AppData\Roaming\Kodi\addons\script.module.simple.downloader\default.py"
10:52:58.348 T:17524   DEBUG: Version Check: Version 0.5.14 started
10:52:58.348 T:32   DEBUG: -->Python Interpreter Initialized<--
10:52:58.348 T:32   DEBUG: CPythonInvoker(4, C:\Users\flyp1\AppData\Roaming\Kodi\addons\service.library.data.provider\service.py): the source file to load is "C:\Users\flyp1\AppData\Roaming\Kodi\addons\service.library.data.provider\service.py"
10:52:58.349 T:5852   DEBUG: -->Python Interpreter Initialized<--
10:52:58.349 T:5852   DEBUG: CPythonInvoker(3, C:\Users\flyp1\AppData\Roaming\Kodi\addons\script.skin.helper.widgets\service.py): the source file to load is "C:\Users\flyp1\AppData\Roaming\Kodi\addons\script.skin.helper.widgets\service.py"
10:52:58.350 T:10176   DEBUG: -->Python Interpreter Initialized<--
10:52:58.350 T:10176   DEBUG: CPythonInvoker(2, C:\Users\flyp1\AppData\Roaming\Kodi\addons\script.skin.helper.service\service.py): the source file to load is "C:\Users\flyp1\AppData\Roaming\Kodi\addons\script.skin.helper.service\service.py"
10:52:58.351 T:4892   DEBUG: CPythonInvoker(1, C:\Users\flyp1\AppData\Roaming\Kodi\addons\script.module.simple.downloader\default.py): setting the Python path to C:\Users\flyp1\AppData\Roaming\Kodi\addons\script.module.simple.downloader;C:\Users\flyp1\AppData\Roaming\Kodi\addons\script.common.plugin.cache\resources\lib\storage_server\;C:\Users\flyp1\AppData\Roaming\Kodi\addons\script.module.parsedom\lib;C:\Program Files (x86)\Kodi\system\python\DLLs;C:\Program Files (x86)\Kodi\system\python\Lib;C:\Program Files (x86)\Kodi\python27.zip;C:\Program Files (x86)\Kodi\system\python\lib\plat-win;C:\Program Files (x86)\Kodi\system\python\lib\lib-tk;C:\Program Files (x86)\Kodi;C:\Program Files (x86)\Kodi\system\python;C:\Program Files (x86)\Kodi\system\python\lib\site-packages
10:52:58.351 T:4892   DEBUG: CPythonInvoker(1, C:\Users\flyp1\AppData\Roaming\Kodi\addons\script.module.simple.downloader\default.py): entering source directory C:\Users\flyp1\AppData\Roaming\Kodi\addons\script.module.simple.downloader
10:52:58.351 T:32   DEBUG: CPythonInvoker(4, C:\Users\flyp1\AppData\Roaming\Kodi\addons\service.library.data.provider\service.py): setting the Python path to C:\Users\flyp1\AppData\Roaming\Kodi\addons\service.library.data.provider;C:\Users\flyp1\AppData\Roaming\Kodi\addons\script.module.routing\lib;C:\Users\flyp1\AppData\Roaming\Kodi\addons\script.module.simplejson\lib;C:\Program Files (x86)\Kodi\system\python\DLLs;C:\Program Files (x86)\Kodi\system\python\Lib;C:\Program Files (x86)\Kodi\python27.zip;C:\Program Files (x86)\Kodi\system\python\lib\plat-win;C:\Program Files (x86)\Kodi\system\python\lib\lib-tk;C:\Program Files (x86)\Kodi;C:\Program Files (x86)\Kodi\system\python;C:\Program Files (x86)\Kodi\system\python\lib\site-packages
10:52:58.351 T:32   DEBUG: CPythonInvoker(4, C:\Users\flyp1\AppData\Roaming\Kodi\addons\service.library.data.provider\service.py): entering source directory C:\Users\flyp1\AppData\Roaming\Kodi\addons\service.library.data.provider
10:52:58.352 T:5852   DEBUG: CPythonInvoker(3, C:\Users\flyp1\AppData\Roaming\Kodi\addons\script.skin.helper.widgets\service.py): setting the Python path to C:\Users\flyp1\AppData\Roaming\Kodi\addons\script.skin.helper.widgets;C:\Users\flyp1\AppData\Roaming\Kodi\addons\script.module.arrow\lib;C:\Users\flyp1\AppData\Roaming\Kodi\addons\script.module.backports.functools_lru_cache\lib;C:\Users\flyp1\AppData\Roaming\Kodi\addons\script.module.beautifulsoup\lib;C:\Users\flyp1\AppData\Roaming\Kodi\addons\script.module.certifi\lib;C:\Users\flyp1\AppData\Roaming\Kodi\addons\script.module.chardet\lib;C:\Users\flyp1\AppData\Roaming\Kodi\addons\script.module.dateutil\lib;C:\Users\flyp1\AppData\Roaming\Kodi\addons\script.module.idna\lib;C:\Users\flyp1\AppData\Roaming\Kodi\addons\script.module.metadatautils\lib;C:\Users\flyp1\AppData\Roaming\Kodi\addons\script.module.musicbrainz\lib;C:\Users\flyp1\AppData\Roaming\Kodi\addons\script.module.requests\lib;C:\Users\flyp1\AppData\Roaming\Kodi\addons\script.module.simplecache\lib;C:\Users\flyp1\AppData\Roaming\Kodi\addons\script.module.simplejson\lib;C:\Users\flyp1\AppData\Roaming\Kodi\addons\script.module.six\lib;C:\Users\flyp1\AppData\Roaming\Kodi\addons\script.module.thetvdb\lib;C:\Users\flyp1\AppData\Roaming\Kodi\addons\script.module.urllib3\lib;C:\Program Files (x86)\Kodi\system\python\DLLs;C:\Program Files (x86)\Kodi\system\python\Lib;C:\Program Files (x86)\Kodi\python27.zip;C:\Program Files (x86)\Kodi\system\python\lib\plat-win;C:\Program Files (x86)\Kodi\system\python\lib\lib-tk;C:\Program Files (x86)\Kodi;C:\Program Files (x86)\Kodi\system\python;C:\Program Files (x86)\Kodi\system\python\lib\site-packages
10:52:58.352 T:5852   DEBUG: CPythonInvoker(3, C:\Users\flyp1\AppData\Roaming\Kodi\addons\script.skin.helper.widgets\service.py): entering source directory C:\Users\flyp1\AppData\Roaming\Kodi\addons\script.skin.helper.widgets
10:52:58.352 T:10176   DEBUG: CPythonInvoker(2, C:\Users\flyp1\AppData\Roaming\Kodi\addons\script.skin.helper.service\service.py): setting the Python path to C:\Users\flyp1\AppData\Roaming\Kodi\addons\script.skin.helper.service;C:\Users\flyp1\AppData\Roaming\Kodi\addons\script.module.arrow\lib;C:\Users\flyp1\AppData\Roaming\Kodi\addons\script.module.backports.functools_lru_cache\lib;C:\Users\flyp1\AppData\Roaming\Kodi\addons\script.module.beautifulsoup\lib;C:\Users\flyp1\AppData\Roaming\Kodi\addons\script.module.certifi\lib;C:\Users\flyp1\AppData\Roaming\Kodi\addons\script.module.chardet\lib;C:\Users\flyp1\AppData\Roaming\Kodi\addons\script.module.dateutil\lib;C:\Users\flyp1\AppData\Roaming\Kodi\addons\script.module.idna\lib;C:\Users\flyp1\AppData\Roaming\Kodi\addons\script.module.metadatautils\lib;C:\Users\flyp1\AppData\Roaming\Kodi\addons\script.module.musicbrainz\lib;C:\Users\flyp1\AppData\Roaming\Kodi\addons\script.module.requests\lib;C:\Users\flyp1\AppData\Roaming\Kodi\addons\script.module.simplecache\lib;C:\Users\flyp1\AppData\Roaming\Kodi\addons\script.module.simplejson\lib;C:\Users\flyp1\AppData\Roaming\Kodi\addons\script.module.six\lib;C:\Users\flyp1\AppData\Roaming\Kodi\addons\script.module.thetvdb\lib;C:\Users\flyp1\AppData\Roaming\Kodi\addons\script.module.urllib3\lib;C:\Program Files (x86)\Kodi\system\python\DLLs;C:\Program Files (x86)\Kodi\system\python\Lib;C:\Program Files (x86)\Kodi\python27.zip;C:\Program Files (x86)\Kodi\system\python\lib\plat-win;C:\Program Files (x86)\Kodi\system\python\lib\lib-tk;C:\Program Files (x86)\Kodi;C:\Program Files (x86)\Kodi\system\python;C:\Program Files (x86)\Kodi\system\python\lib\site-packages
10:52:58.352 T:10176   DEBUG: CPythonInvoker(2, C:\Users\flyp1\AppData\Roaming\Kodi\addons\script.skin.helper.service\service.py): entering source directory C:\Users\flyp1\AppData\Roaming\Kodi\addons\script.skin.helper.service
10:52:58.352 T:4892   DEBUG: CPythonInvoker(1, C:\Users\flyp1\AppData\Roaming\Kodi\addons\script.module.simple.downloader\default.py): instantiating addon using automatically obtained id of "script.module.simple.downloader" dependent on version 2.1.0 of the xbmc.python api
10:52:58.355 T:32   DEBUG: CPythonInvoker(4, C:\Users\flyp1\AppData\Roaming\Kodi\addons\service.library.data.provider\service.py): instantiating addon using automatically obtained id of "service.library.data.provider" dependent on version 2.25.0 of the xbmc.python api
10:52:58.357 T:5852   DEBUG: CPythonInvoker(3, C:\Users\flyp1\AppData\Roaming\Kodi\addons\script.skin.helper.widgets\service.py): instantiating addon using automatically obtained id of "script.skin.helper.widgets" dependent on version 2.24.0 of the xbmc.python api
10:52:58.357 T:10176   DEBUG: CPythonInvoker(2, C:\Users\flyp1\AppData\Roaming\Kodi\addons\script.skin.helper.service\service.py): instantiating addon using automatically obtained id of "script.skin.helper.service" dependent on version 2.13.0 of the xbmc.python api
10:52:59.225 T:10176   DEBUG: Skin Helper Simplecache --> Initialized
10:52:59.226 T:10176   DEBUG: Previous line repeats 1 times.
10:52:59.226 T:10176   DEBUG: script.module.thetvdb --> Initialized
10:52:59.268 T:10176   DEBUG: Skin Helper Simplecache --> Initialized
10:52:59.271 T:4892    INFO: CPythonInvoker(1, C:\Users\flyp1\AppData\Roaming\Kodi\addons\script.module.simple.downloader\default.py): script successfully run
10:52:59.279 T:10176   DEBUG: Skin Helper Simplecache --> Initialized
10:52:59.289 T:4892    INFO: Python script stopped
10:52:59.289 T:4892   DEBUG: Thread LanguageInvoker 4892 terminating
10:52:59.301 T:5852  NOTICE: Skin Helper Widgets --> Backgroundservice started
10:52:59.321 T:32   DEBUG: Library Data Provider: service version 0.3.2 started
10:52:59.321 T:10176   DEBUG: Skin Helper Simplecache --> Initialized
10:52:59.321 T:10176   DEBUG: Metadata and Artwork module --> Initialized
10:52:59.333 T:10176   DEBUG: Skin Helper Simplecache --> Initialized
10:52:59.333 T:18188   DEBUG: Skin Helper Service --> ListItemMonitor - started
10:52:59.334 T:10256  NOTICE: Skin Helper Service --> WebService - start helper webservice on port 52307
10:52:59.334 T:10176  NOTICE: Skin Helper Service --> Skin Helper Service version 1.1.3 started
10:52:59.366 T:16912   DEBUG: Thread Timer start, auto delete: false
10:52:59.368 T:16912   DEBUG: Thread Timer 16912 terminating
10:52:59.368 T:11220   DEBUG: Thread Timer start, auto delete: false
10:52:59.381 T:11220   DEBUG: Thread Timer 11220 terminating
10:52:59.381 T:16636   DEBUG: Thread Timer start, auto delete: false
10:52:59.390 T:16636   DEBUG: Thread Timer 16636 terminating
10:52:59.390 T:4976   DEBUG: Thread Timer start, auto delete: false
10:52:59.400 T:32   DEBUG: CVideoDatabase::RunQuery took 70 ms for 1276 items query: select * from movie_view  WHERE ((movie_view.playCount IS NULL OR movie_view.playCount < 1))
10:52:59.400 T:4976   DEBUG: Thread Timer 4976 terminating
10:52:59.400 T:3332   DEBUG: Thread Timer start, auto delete: false
10:52:59.740 T:32   DEBUG: CVideoDatabase::RunQuery took 204 ms for 20363 items query: select * from episode_view  WHERE ((episode_view.playCount IS NULL OR episode_view.playCount < 1))
10:52:59.902 T:3332   DEBUG: Thread Timer 3332 terminating
10:53:00.085 T:32   DEBUG: CMusicDatabase::GetSongsFullByWhere query = SELECT sv.*, songartistview.* FROM (SELECT songview.* FROM songview  WHERE ((CAST(songview.iTimesPlayed as DECIMAL(5,1)) < 1)) ORDER BY RANDOM() LIMIT 20) AS sv JOIN songartistview ON songartistview.idsong = sv.idsong  ORDER BY songartistview.idsong, songartistview.idRole, songartistview.iOrder
10:53:00.100 T:32   DEBUG: CMusicDatabase::GetSongsFullByWhere() - took 19 ms
10:53:00.129 T:32   DEBUG: CMusicDatabase::GetAlbumsByWhere query: SELECT albumview.*, albumartistview.* FROM albumview JOIN albumartistview ON albumartistview.idalbum = albumview.idalbum  WHERE albumview.strReleaseType = 'album'
10:53:00.135 T:32   DEBUG: CMusicDatabase::GetAlbumsByWhere - query took 6 ms
10:53:00.162 T:32   DEBUG: CVideoDatabase::RunQuery took 1 ms for 0 items query: select * from musicvideo_view  WHERE ((musicvideo_view.playCount IS NULL OR musicvideo_view.playCount < 1))
10:53:00.219 T:32   DEBUG: CVideoDatabase::RunQuery took 54 ms for 1276 items query: select * from movie_view  WHERE ((movie_view.playCount IS NULL OR movie_view.playCount < 1))
10:53:00.576 T:32   DEBUG: CVideoDatabase::RunQuery took 210 ms for 20363 items query: select * from episode_view  WHERE ((episode_view.playCount IS NULL OR episode_view.playCount < 1))
10:53:01.170 T:32   DEBUG: CMusicDatabase::GetAlbumsByWhere query: SELECT albumview.*, albumartistview.* FROM albumview JOIN albumartistview ON albumartistview.idalbum = albumview.idalbum  WHERE albumview.strReleaseType = 'album'
10:53:01.176 T:32   DEBUG: CMusicDatabase::GetAlbumsByWhere - query took 6 ms
10:53:01.208 T:32   DEBUG: CVideoDatabase::RunQuery took 1 ms for 0 items query: select * from musicvideo_view  WHERE ((musicvideo_view.playCount IS NULL OR musicvideo_view.playCount < 1))
10:53:01.224 T:32   DEBUG: CVideoDatabase::RunQuery took 7 ms for 71 items query: select * from movie_view  WHERE (movie_view.idFile  IN (SELECT DISTINCT idFile FROM bookmark WHERE type = 1))
10:53:01.404 T:32   DEBUG: CVideoDatabase::RunQuery took 98 ms for 179 items query: SELECT * FROM tvshow_view  WHERE ((CASE WHEN COALESCE(tvshow_view.totalCount - tvshow_view.watchedcount, 0) > 0 THEN 0 ELSE 1 END  < 1)) AND ( ((tvshow_view.watchedcount > 0 AND tvshow_view.watchedcount < tvshow_view.totalCount) OR (tvshow_view.watchedcount = 0 AND EXISTS (SELECT 1 FROM episode_view WHERE episode_view.idShow = tvshow_view.idShow AND episode_view.resumeTimeInSeconds > 0))))
10:53:01.421 T:32   DEBUG: CVideoDatabase::RunQuery took 1 ms for 130 items query: select * from episode_view  WHERE (episode_view.idShow = 414) AND (((episode_view.playCount IS NULL OR episode_view.playCount < 1)))
10:53:01.421 T:32   DEBUG: DatabaseUtils::GetSortFieldList: unknown field 30
10:53:01.430 T:32   DEBUG: CVideoDatabase::RunQuery took 1 ms for 40 items query: select * from episode_view  WHERE (episode_view.idShow = 335) AND (((episode_view.playCount IS NULL OR episode_view.playCount < 1)))
10:53:01.430 T:32   DEBUG: DatabaseUtils::GetSortFieldList: unknown field 30
10:53:01.438 T:32   DEBUG: CVideoDatabase::RunQuery took 1 ms for 59 items query: select * from episode_view  WHERE (episode_view.idShow = 287) AND (((episode_view.playCount IS NULL OR episode_view.playCount < 1)))
10:53:01.438 T:32   DEBUG: DatabaseUtils::GetSortFieldList: unknown field 30
10:53:01.446 T:32   DEBUG: CVideoDatabase::RunQuery took 1 ms for 93 items query: select * from episode_view  WHERE (episode_view.idShow = 290) AND (((episode_view.playCount IS NULL OR episode_view.playCount < 1)))
10:53:01.446 T:32   DEBUG: DatabaseUtils::GetSortFieldList: unknown field 30
10:53:01.453 T:32   DEBUG: CVideoDatabase::RunQuery took 1 ms for 27 items query: select * from episode_view  WHERE (episode_view.idShow = 411) AND (((episode_view.playCount IS NULL OR episode_view.playCount < 1)))
10:53:01.453 T:32   DEBUG: DatabaseUtils::GetSortFieldList: unknown field 30
10:53:01.460 T:32   DEBUG: CVideoDatabase::RunQuery took 1 ms for 96 items query: select * from episode_view  WHERE (episode_view.idShow = 36) AND (((episode_view.playCount IS NULL OR episode_view.playCount < 1)))
10:53:01.460 T:32   DEBUG: DatabaseUtils::GetSortFieldList: unknown field 30
10:53:01.485 T:32   DEBUG: CVideoDatabase::RunQuery took 1 ms for 102 items query: select * from episode_view  WHERE (episode_view.idShow = 400) AND (((episode_view.playCount IS NULL OR episode_view.playCount < 1)))
10:53:01.485 T:32   DEBUG: DatabaseUtils::GetSortFieldList: unknown field 30
10:53:01.495 T:32   DEBUG: CVideoDatabase::RunQuery took 1 ms for 119 items query: select * from episode_view  WHERE (episode_view.idShow = 32) AND (((episode_view.playCount IS NULL OR episode_view.playCount < 1)))
10:53:01.495 T:32   DEBUG: DatabaseUtils::GetSortFieldList: unknown field 30
10:53:01.507 T:32   DEBUG: CVideoDatabase::RunQuery took 3 ms for 194 items query: select * from episode_view  WHERE (episode_view.idShow = 342) AND (((episode_view.playCount IS NULL OR episode_view.playCount < 1)))
10:53:01.507 T:32   DEBUG: DatabaseUtils::GetSortFieldList: unknown field 30
10:53:01.525 T:32   DEBUG: CVideoDatabase::RunQuery took 4 ms for 109 items query: select * from episode_view  WHERE (episode_view.idShow = 135) AND (((episode_view.playCount IS NULL OR episode_view.playCount < 1)))
10:53:01.525 T:32   DEBUG: DatabaseUtils::GetSortFieldList: unknown field 30
10:53:01.541 T:32   DEBUG: CVideoDatabase::RunQuery took 1 ms for 38 items query: select * from episode_view  WHERE (episode_view.idShow = 44) AND (((episode_view.playCount IS NULL OR episode_view.playCount < 1)))
10:53:01.541 T:32   DEBUG: DatabaseUtils::GetSortFieldList: unknown field 30
10:53:01.579 T:32   DEBUG: CVideoDatabase::RunQuery took 1 ms for 102 items query: select * from episode_view  WHERE (episode_view.idShow = 338) AND (((episode_view.playCount IS NULL OR episode_view.playCount < 1)))
10:53:01.579 T:32   DEBUG: DatabaseUtils::GetSortFieldList: unknown field 30
10:53:01.594 T:32   DEBUG: CVideoDatabase::RunQuery took 6 ms for 582 items query: select * from episode_view  WHERE (episode_view.idShow = 265) AND (((episode_view.playCount IS NULL OR episode_view.playCount < 1)))
10:53:01.594 T:32   DEBUG: DatabaseUtils::GetSortFieldList: unknown field 30
10:53:01.609 T:32   DEBUG: CVideoDatabase::RunQuery took 1 ms for 41 items query: select * from episode_view  WHERE (episode_view.idShow = 77) AND (((episode_view.playCount IS NULL OR episode_view.playCount < 1)))
10:53:01.609 T:32   DEBUG: DatabaseUtils::GetSortFieldList: unknown field 30
10:53:01.618 T:32   DEBUG: CVideoDatabase::RunQuery took 3 ms for 260 items query: select * from episode_view  WHERE (episode_view.idShow = 361) AND (((episode_view.playCount IS NULL OR episode_view.playCount < 1)))
10:53:01.618 T:32   DEBUG: DatabaseUtils::GetSortFieldList: unknown field 30
10:53:01.630 T:32   DEBUG: CVideoDatabase::RunQuery took 2 ms for 376 items query: select * from episode_view  WHERE (episode_view.idShow = 347) AND (((episode_view.playCount IS NULL OR episode_view.playCount < 1)))
10:53:01.630 T:32   DEBUG: DatabaseUtils::GetSortFieldList: unknown field 30
10:53:01.643 T:32   DEBUG: CVideoDatabase::RunQuery took 2 ms for 261 items query: select * from episode_view  WHERE (episode_view.idShow = 203) AND (((episode_view.playCount IS NULL OR episode_view.playCount < 1)))
10:53:01.643 T:32   DEBUG: DatabaseUtils::GetSortFieldList: unknown field 30
10:53:01.653 T:32   DEBUG: CVideoDatabase::RunQuery took 1 ms for 86 items query: select * from episode_view  WHERE (episode_view.idShow = 303) AND (((episode_view.playCount IS NULL OR episode_view.playCount < 1)))
10:53:01.653 T:32   DEBUG: DatabaseUtils::GetSortFieldList: unknown field 30
10:53:01.663 T:32   DEBUG: CVideoDatabase::RunQuery took 1 ms for 93 items query: select * from episode_view  WHERE (episode_view.idShow = 117) AND (((episode_view.playCount IS NULL OR episode_view.playCount < 1)))
10:53:01.663 T:32   DEBUG: DatabaseUtils::GetSortFieldList: unknown field 30
10:53:01.676 T:32   DEBUG: CVideoDatabase::RunQuery took 1 ms for 5 items query: select * from episode_view  WHERE (episode_view.idShow = 31) AND (((episode_view.playCount IS NULL OR episode_view.playCount < 1)))
10:53:01.676 T:32   DEBUG: DatabaseUtils::GetSortFieldList: unknown field 30
10:53:01.682 T:32   DEBUG: CMusicDatabase::GetAlbumsByWhere query: SELECT albumview.*, albumartistview.* FROM albumview JOIN albumartistview ON albumartistview.idalbum = albumview.idalbum  WHERE albumview.strReleaseType = 'album'
10:53:01.689 T:32   DEBUG: CMusicDatabase::GetAlbumsByWhere - query took 7 ms
10:53:01.712 T:32   DEBUG: CFavourites::Load - no system favourites found, skipping
10:53:01.713 T:32   DEBUG: Library Data Provider: Total time needed for all queries: 0:00:02.392000
10:53:02.933 T:16688   DEBUG: ------ Window Deinit (Custom_StartExit.xml) ------
10:53:02.949 T:16688 WARNING: CApplication::Initialize - startup.xml taints init process
10:53:02.966 T:16688   DEBUG: ContextMenuManager: addon menus reloaded.
10:53:02.966 T:16688    INFO: removing tempfiles
10:53:02.967 T:16688   DEBUG: ADDON: Starting service addons.
10:53:02.972 T:476   DEBUG: Thread LanguageInvoker start, auto delete: false
10:53:02.972 T:16688  NOTICE: initialize done
10:53:02.972 T:476    INFO: initializing python engine.
10:53:02.972 T:476   DEBUG: CPythonInvoker(5, C:\Users\flyp1\AppData\Roaming\Kodi\addons\script.common.plugin.cache\resources\lib\entry_point.py): start processing
10:53:02.972 T:16688  NOTICE: Running the application...
10:53:02.972 T:4612   DEBUG: Thread LanguageInvoker start, auto delete: false
10:53:02.972 T:4612    INFO: initializing python engine.
10:53:02.972 T:16688   DEBUG: no profile autoexec.py (C:\Users\flyp1\AppData\Roaming\Kodi\userdata\autoexec.py) found, skipping
10:53:02.972 T:4612   DEBUG: CPythonInvoker(6, C:\Users\flyp1\AppData\Roaming\Kodi\addons\script.paragontv\service.py): start processing
10:53:03.030 T:476   DEBUG: -->Python Interpreter Initialized<--
10:53:03.030 T:476   DEBUG: CPythonInvoker(5, C:\Users\flyp1\AppData\Roaming\Kodi\addons\script.common.plugin.cache\resources\lib\entry_point.py): the source file to load is "C:\Users\flyp1\AppData\Roaming\Kodi\addons\script.common.plugin.cache\resources\lib\entry_point.py"
10:53:03.030 T:4612   DEBUG: -->Python Interpreter Initialized<--
10:53:03.030 T:4612   DEBUG: CPythonInvoker(6, C:\Users\flyp1\AppData\Roaming\Kodi\addons\script.paragontv\service.py): the source file to load is "C:\Users\flyp1\AppData\Roaming\Kodi\addons\script.paragontv\service.py"
10:53:03.030 T:476   DEBUG: CPythonInvoker(5, C:\Users\flyp1\AppData\Roaming\Kodi\addons\script.common.plugin.cache\resources\lib\entry_point.py): setting the Python path to C:\Users\flyp1\AppData\Roaming\Kodi\addons\script.common.plugin.cache\resources\lib;C:\Program Files (x86)\Kodi\system\python\DLLs;C:\Program Files (x86)\Kodi\system\python\Lib;C:\Program Files (x86)\Kodi\python27.zip;C:\Program Files (x86)\Kodi\system\python\lib\plat-win;C:\Program Files (x86)\Kodi\system\python\lib\lib-tk;C:\Program Files (x86)\Kodi;C:\Program Files (x86)\Kodi\system\python;C:\Program Files (x86)\Kodi\system\python\lib\site-packages
10:53:03.030 T:476   DEBUG: CPythonInvoker(5, C:\Users\flyp1\AppData\Roaming\Kodi\addons\script.common.plugin.cache\resources\lib\entry_point.py): entering source directory C:\Users\flyp1\AppData\Roaming\Kodi\addons\script.common.plugin.cache\resources\lib
10:53:03.030 T:4612   DEBUG: CPythonInvoker(6, C:\Users\flyp1\AppData\Roaming\Kodi\addons\script.paragontv\service.py): setting the Python path to C:\Users\flyp1\AppData\Roaming\Kodi\addons\script.paragontv;C:\Program Files (x86)\Kodi\addons\script.module.pil\lib;C:\Program Files (x86)\Kodi\system\python\DLLs;C:\Program Files (x86)\Kodi\system\python\Lib;C:\Program Files (x86)\Kodi\python27.zip;C:\Program Files (x86)\Kodi\system\python\lib\plat-win;C:\Program Files (x86)\Kodi\system\python\lib\lib-tk;C:\Program Files (x86)\Kodi;C:\Program Files (x86)\Kodi\system\python;C:\Program Files (x86)\Kodi\system\python\lib\site-packages
10:53:03.030 T:4612   DEBUG: CPythonInvoker(6, C:\Users\flyp1\AppData\Roaming\Kodi\addons\script.paragontv\service.py): entering source directory C:\Users\flyp1\AppData\Roaming\Kodi\addons\script.paragontv
10:53:03.031 T:476   DEBUG: CPythonInvoker(5, C:\Users\flyp1\AppData\Roaming\Kodi\addons\script.common.plugin.cache\resources\lib\entry_point.py): instantiating addon using automatically obtained id of "script.common.plugin.cache" dependent on version 2.24.0 of the xbmc.python api
10:53:03.035 T:4612   DEBUG: CPythonInvoker(6, C:\Users\flyp1\AppData\Roaming\Kodi\addons\script.paragontv\service.py): instantiating addon using automatically obtained id of "script.paragontv" dependent on version 2.14.0 of the xbmc.python api
10:53:03.055 T:4612   DEBUG: script.paragontv-Paragon TV-Paragon TV Service Started
10:53:03.055 T:4612   DEBUG: script.paragontv-Paragon TV-Version: 2.4.4
10:53:03.058 T:18300   DEBUG: script.paragontv-Paragon TV-Settings monitor started
10:53:03.058 T:4612   DEBUG: script.paragontv-Paragon TV-Starting Maintenance Timer Service
10:53:03.059 T:4612   DEBUG: script.paragontv-Paragon TV-Starting Startup Timer Service
10:53:03.059 T:4612   DEBUG: script.paragontv-Paragon TV-Starting Shutdown Scheduler Service
10:53:03.059 T:4612  NOTICE: script.paragontv-Paragon TV-Starting Preset System Timer Service
10:53:03.066 T:6516   DEBUG: Thread LanguageInvoker start, auto delete: false
10:53:03.066 T:6516    INFO: initializing python engine.
10:53:03.066 T:6516   DEBUG: CPythonInvoker(7, C:\Users\flyp1\AppData\Roaming\Kodi\addons\script.paragontv\resources\lib\ptv_maintenance_timer.py): start processing
10:53:03.066 T:12404   DEBUG: Thread LanguageInvoker start, auto delete: false
10:53:03.067 T:12404    INFO: initializing python engine.
10:53:03.067 T:12404   DEBUG: CPythonInvoker(8, C:\Users\flyp1\AppData\Roaming\Kodi\addons\script.paragontv\resources\lib\ptv_startup_timer.py): start processing
10:53:03.067 T:10768   DEBUG: Thread LanguageInvoker start, auto delete: false
10:53:03.067 T:10768    INFO: initializing python engine.
10:53:03.067 T:10768   DEBUG: CPythonInvoker(9, C:\Users\flyp1\AppData\Roaming\Kodi\addons\script.paragontv\resources\lib\ptv_shutdown_timer.py): start processing
10:53:03.067 T:16980   DEBUG: Thread LanguageInvoker start, auto delete: false
10:53:03.067 T:16980    INFO: initializing python engine.
10:53:03.067 T:16980   DEBUG: CPythonInvoker(10, C:\Users\flyp1\AppData\Roaming\Kodi\addons\script.paragontv\resources\lib\ptv_preset_timer.py): start processing
10:53:03.080 T:7696   DEBUG: [StorageClient-2.6.3] Service loaded, starting server ...
10:53:03.190 T:16688   DEBUG: Activating window ID: 10000
10:53:03.190 T:16688   DEBUG: ------ Window Deinit (Startup.xml) ------
10:53:03.190 T:16688   DEBUG: ------ Window Init (Home.xml) ------
10:53:03.190 T:16688    INFO: Loading skin file: Home.xml, load type: KEEP_IN_MEMORY
10:53:03.191 T:16688 WARNING: Skin has invalid include:
10:53:03.191 T:16688 WARNING: Previous line repeats 7 times.
10:53:03.191 T:16688 WARNING: Skin has invalid include: HomeWidgets_Lists
10:53:03.191 T:16688 WARNING: Skin has invalid include:
10:53:03.191 T:16688 WARNING: Skin has invalid include: HomeWidgets_Lists
10:53:03.191 T:16688 WARNING: Skin has invalid include:
10:53:03.191 T:16688 WARNING: Skin has invalid include: HomeWidgets_Lists
10:53:03.191 T:16688 WARNING: Skin has invalid include: HomeWidgets_ContentInfo
10:53:03.191 T:16688 WARNING: Skin has invalid include: TopHomeMenu
10:53:03.191 T:16688 WARNING: Skin has invalid include:
10:53:03.191 T:16688 WARNING: Skin has invalid include: HomeWidgets_Lists
10:53:03.191 T:16688 WARNING: Skin has invalid include: HomeWidgets_ContentInfo
10:53:03.191 T:16688 WARNING: Skin has invalid include: TopHomeMenu
10:53:03.203 T:6516   DEBUG: -->Python Interpreter Initialized<--
10:53:03.203 T:6516   DEBUG: CPythonInvoker(7, C:\Users\flyp1\AppData\Roaming\Kodi\addons\script.paragontv\resources\lib\ptv_maintenance_timer.py): the source file to load is "C:\Users\flyp1\AppData\Roaming\Kodi\addons\script.paragontv\resources\lib\ptv_maintenance_timer.py"
10:53:03.203 T:6516 WARNING: CPythonInvoker(7): Script invoked without an addon. Adding all addon modules installed to python path as fallback. This behaviour will be removed in future version.
10:53:03.207 T:12404   DEBUG: -->Python Interpreter Initialized<--
10:53:03.207 T:12404   DEBUG: CPythonInvoker(8, C:\Users\flyp1\AppData\Roaming\Kodi\addons\script.paragontv\resources\lib\ptv_startup_timer.py): the source file to load is "C:\Users\flyp1\AppData\Roaming\Kodi\addons\script.paragontv\resources\lib\ptv_startup_timer.py"
10:53:03.207 T:12404 WARNING: CPythonInvoker(8): Script invoked without an addon. Adding all addon modules installed to python path as fallback. This behaviour will be removed in future version.
10:53:03.211 T:10768   DEBUG: -->Python Interpreter Initialized<--
10:53:03.211 T:10768   DEBUG: CPythonInvoker(9, C:\Users\flyp1\AppData\Roaming\Kodi\addons\script.paragontv\resources\lib\ptv_shutdown_timer.py): the source file to load is "C:\Users\flyp1\AppData\Roaming\Kodi\addons\script.paragontv\resources\lib\ptv_shutdown_timer.py"
10:53:03.211 T:10768 WARNING: CPythonInvoker(9): Script invoked without an addon. Adding all addon modules installed to python path as fallback. This behaviour will be removed in future version.
10:53:03.216 T:16980   DEBUG: -->Python Interpreter Initialized<--
10:53:03.216 T:16980   DEBUG: CPythonInvoker(10, C:\Users\flyp1\AppData\Roaming\Kodi\addons\script.paragontv\resources\lib\ptv_preset_timer.py): the source file to load is "C:\Users\flyp1\AppData\Roaming\Kodi\addons\script.paragontv\resources\lib\ptv_preset_timer.py"
10:53:03.216 T:16980 WARNING: CPythonInvoker(10): Script invoked without an addon. Adding all addon modules installed to python path as fallback. This behaviour will be removed in future version.
