12:32:49.184 T:140241193125632   DEBUG: RunQuery took 4 ms for 3 items query: select * from movie_view  JOIN sets ON movie_view.idSet = sets.idSet WHERE sets.idSet=150 ORDER BY sets.idSet
12:32:49.190 T:140241193125632   DEBUG: RunQuery took 4 ms for 3 items query: select * from movie_view  WHERE movie_view.idSet = 150
12:32:49.201 T:140241193125632   DEBUG: RunQuery took 4 ms for 1 items query: select * from movie_view  JOIN sets ON movie_view.idSet = sets.idSet WHERE sets.idSet=151 ORDER BY sets.idSet
12:32:49.206 T:140241193125632   DEBUG: RunQuery took 3 ms for 1 items query: select * from movie_view  WHERE movie_view.idSet = 151
12:32:49.217 T:140241193125632   DEBUG: RunQuery took 4 ms for 1 items query: select * from movie_view  JOIN sets ON movie_view.idSet = sets.idSet WHERE sets.idSet=152 ORDER BY sets.idSet
12:32:49.221 T:140241193125632   DEBUG: RunQuery took 3 ms for 1 items query: select * from movie_view  WHERE movie_view.idSet = 152
12:32:49.228 T:140241193125632   DEBUG: RunQuery took 2 ms for 1 items query: select * from movie_view  JOIN sets ON movie_view.idSet = sets.idSet WHERE sets.idSet=153 ORDER BY sets.idSet
12:32:49.232 T:140241193125632   DEBUG: RunQuery took 2 ms for 1 items query: select * from movie_view  WHERE movie_view.idSet = 153
12:32:49.239 T:140241193125632   DEBUG: RunQuery took 3 ms for 1 items query: select * from movie_view  JOIN sets ON movie_view.idSet = sets.idSet WHERE sets.idSet=154 ORDER BY sets.idSet
12:32:49.245 T:140241193125632   DEBUG: RunQuery took 3 ms for 1 items query: select * from movie_view  WHERE movie_view.idSet = 154
12:32:49.251 T:140241193125632   DEBUG: RunQuery took 3 ms for 2 items query: select * from movie_view  JOIN sets ON movie_view.idSet = sets.idSet WHERE sets.idSet=155 ORDER BY sets.idSet
12:32:49.256 T:140241193125632   DEBUG: RunQuery took 2 ms for 2 items query: select * from movie_view  WHERE movie_view.idSet = 155
12:32:49.264 T:140241193125632   DEBUG: RunQuery took 3 ms for 7 items query: select * from movie_view  JOIN sets ON movie_view.idSet = sets.idSet WHERE sets.idSet=157 ORDER BY sets.idSet
12:32:49.270 T:140241193125632   DEBUG: RunQuery took 2 ms for 7 items query: select * from movie_view  WHERE movie_view.idSet = 157
12:32:49.277 T:140241193125632   DEBUG: RunQuery took 3 ms for 1 items query: select * from movie_view  JOIN sets ON movie_view.idSet = sets.idSet WHERE sets.idSet=158 ORDER BY sets.idSet
12:32:49.282 T:140241193125632   DEBUG: RunQuery took 2 ms for 1 items query: select * from movie_view  WHERE movie_view.idSet = 158
12:32:49.290 T:140241193125632   DEBUG: RunQuery took 4 ms for 2 items query: select * from movie_view  JOIN sets ON movie_view.idSet = sets.idSet WHERE sets.idSet=159 ORDER BY sets.idSet
12:32:49.295 T:140241193125632   DEBUG: RunQuery took 2 ms for 2 items query: select * from movie_view  WHERE movie_view.idSet = 159
12:32:49.305 T:140241193125632   DEBUG: RunQuery took 5 ms for 1 items query: select * from movie_view  JOIN sets ON movie_view.idSet = sets.idSet WHERE sets.idSet=160 ORDER BY sets.idSet
12:32:49.311 T:140241193125632   DEBUG: RunQuery took 3 ms for 1 items query: select * from movie_view  WHERE movie_view.idSet = 160
12:32:49.320 T:140241193125632   DEBUG: RunQuery took 4 ms for 1 items query: select * from movie_view  JOIN sets ON movie_view.idSet = sets.idSet WHERE sets.idSet=161 ORDER BY sets.idSet
12:32:49.326 T:140241193125632   DEBUG: RunQuery took 4 ms for 1 items query: select * from movie_view  WHERE movie_view.idSet = 161
12:32:49.333 T:140241193125632   DEBUG: RunQuery took 3 ms for 3 items query: select * from movie_view  JOIN sets ON movie_view.idSet = sets.idSet WHERE sets.idSet=162 ORDER BY sets.idSet
12:32:49.338 T:140241193125632   DEBUG: RunQuery took 2 ms for 3 items query: select * from movie_view  WHERE movie_view.idSet = 162
12:32:49.349 T:140241193125632   DEBUG: RunQuery took 4 ms for 1 items query: select * from movie_view  JOIN sets ON movie_view.idSet = sets.idSet WHERE sets.idSet=163 ORDER BY sets.idSet
12:32:49.354 T:140241193125632   DEBUG: RunQuery took 3 ms for 1 items query: select * from movie_view  WHERE movie_view.idSet = 163
12:32:49.363 T:140241193125632   DEBUG: RunQuery took 4 ms for 1 items query: select * from movie_view  JOIN sets ON movie_view.idSet = sets.idSet WHERE sets.idSet=164 ORDER BY sets.idSet
12:32:49.367 T:140241193125632   DEBUG: RunQuery took 3 ms for 1 items query: select * from movie_view  WHERE movie_view.idSet = 164
12:32:49.375 T:140241193125632   DEBUG: RunQuery took 3 ms for 4 items query: select * from movie_view  JOIN sets ON movie_view.idSet = sets.idSet WHERE sets.idSet=165 ORDER BY sets.idSet
12:32:49.383 T:140241193125632   DEBUG: RunQuery took 3 ms for 4 items query: select * from movie_view  WHERE movie_view.idSet = 165
12:32:49.391 T:140241193125632   DEBUG: RunQuery took 5 ms for 1 items query: select * from movie_view  JOIN sets ON movie_view.idSet = sets.idSet WHERE sets.idSet=166 ORDER BY sets.idSet
12:32:49.397 T:140241193125632   DEBUG: RunQuery took 2 ms for 1 items query: select * from movie_view  WHERE movie_view.idSet = 166
12:32:49.404 T:140241193125632   DEBUG: RunQuery took 3 ms for 4 items query: select * from movie_view  JOIN sets ON movie_view.idSet = sets.idSet WHERE sets.idSet=167 ORDER BY sets.idSet
12:32:49.409 T:140241193125632   DEBUG: RunQuery took 3 ms for 4 items query: select * from movie_view  WHERE movie_view.idSet = 167
12:32:49.416 T:140241193125632   DEBUG: RunQuery took 3 ms for 1 items query: select * from movie_view  JOIN sets ON movie_view.idSet = sets.idSet WHERE sets.idSet=168 ORDER BY sets.idSet
12:32:49.422 T:140241193125632   DEBUG: RunQuery took 4 ms for 1 items query: select * from movie_view  WHERE movie_view.idSet = 168
12:32:49.429 T:140241193125632   DEBUG: RunQuery took 3 ms for 1 items query: select * from movie_view  JOIN sets ON movie_view.idSet = sets.idSet WHERE sets.idSet=170 ORDER BY sets.idSet
12:32:49.434 T:140241193125632   DEBUG: RunQuery took 3 ms for 1 items query: select * from movie_view  WHERE movie_view.idSet = 170
12:32:49.444 T:140241193125632   DEBUG: RunQuery took 4 ms for 2 items query: select * from movie_view  JOIN sets ON movie_view.idSet = sets.idSet WHERE sets.idSet=171 ORDER BY sets.idSet
12:32:49.449 T:140241193125632   DEBUG: RunQuery took 2 ms for 2 items query: select * from movie_view  WHERE movie_view.idSet = 171
12:32:49.457 T:140241193125632   DEBUG: RunQuery took 4 ms for 1 items query: select * from movie_view  JOIN sets ON movie_view.idSet = sets.idSet WHERE sets.idSet=172 ORDER BY sets.idSet
12:32:49.464 T:140241193125632   DEBUG: RunQuery took 4 ms for 1 items query: select * from movie_view  WHERE movie_view.idSet = 172
12:32:49.471 T:140241193125632   DEBUG: RunQuery took 3 ms for 2 items query: select * from movie_view  JOIN sets ON movie_view.idSet = sets.idSet WHERE sets.idSet=173 ORDER BY sets.idSet
12:32:49.478 T:140241193125632   DEBUG: RunQuery took 4 ms for 2 items query: select * from movie_view  WHERE movie_view.idSet = 173
12:32:49.487 T:140241193125632   DEBUG: RunQuery took 4 ms for 1 items query: select * from movie_view  JOIN sets ON movie_view.idSet = sets.idSet WHERE sets.idSet=175 ORDER BY sets.idSet
12:32:49.493 T:140241193125632   DEBUG: RunQuery took 4 ms for 1 items query: select * from movie_view  WHERE movie_view.idSet = 175
12:32:49.502 T:140241193125632   DEBUG: RunQuery took 4 ms for 7 items query: select * from movie_view  JOIN sets ON movie_view.idSet = sets.idSet WHERE sets.idSet=176 ORDER BY sets.idSet
12:32:49.503 T:140241201518336   DEBUG: CWebServer[8080]: request received for /jsonrpc
12:32:49.508 T:140241193125632   DEBUG: Previous line repeats 1 times.
12:32:49.508 T:140241193125632   DEBUG: RunQuery took 3 ms for 7 items query: select * from movie_view  WHERE movie_view.idSet = 176
12:32:49.518 T:140241193125632   DEBUG: RunQuery took 4 ms for 1 items query: select * from movie_view  JOIN sets ON movie_view.idSet = sets.idSet WHERE sets.idSet=177 ORDER BY sets.idSet
12:32:49.523 T:140241193125632   DEBUG: RunQuery took 3 ms for 1 items query: select * from movie_view  WHERE movie_view.idSet = 177
12:32:49.532 T:140241193125632   DEBUG: RunQuery took 2 ms for 1 items query: select * from movie_view  JOIN sets ON movie_view.idSet = sets.idSet WHERE sets.idSet=178 ORDER BY sets.idSet
12:32:49.537 T:140241193125632   DEBUG: RunQuery took 2 ms for 1 items query: select * from movie_view  WHERE movie_view.idSet = 178
12:32:49.545 T:140241193125632   DEBUG: RunQuery took 4 ms for 1 items query: select * from movie_view  JOIN sets ON movie_view.idSet = sets.idSet WHERE sets.idSet=179 ORDER BY sets.idSet
12:32:49.550 T:140241193125632   DEBUG: RunQuery took 2 ms for 1 items query: select * from movie_view  WHERE movie_view.idSet = 179
12:32:49.557 T:140241193125632   DEBUG: RunQuery took 3 ms for 1 items query: select * from movie_view  JOIN sets ON movie_view.idSet = sets.idSet WHERE sets.idSet=180 ORDER BY sets.idSet
12:32:49.563 T:140241193125632   DEBUG: RunQuery took 3 ms for 1 items query: select * from movie_view  WHERE movie_view.idSet = 180
12:32:49.571 T:140241193125632   DEBUG: RunQuery took 4 ms for 2 items query: select * from movie_view  JOIN sets ON movie_view.idSet = sets.idSet WHERE sets.idSet=181 ORDER BY sets.idSet
12:32:49.576 T:140241193125632   DEBUG: RunQuery took 4 ms for 2 items query: select * from movie_view  WHERE movie_view.idSet = 181
12:32:49.584 T:140241193125632   DEBUG: RunQuery took 4 ms for 3 items query: select * from movie_view  JOIN sets ON movie_view.idSet = sets.idSet WHERE sets.idSet=182 ORDER BY sets.idSet
12:32:49.590 T:140241193125632   DEBUG: RunQuery took 3 ms for 3 items query: select * from movie_view  WHERE movie_view.idSet = 182
12:32:49.597 T:140241193125632   DEBUG: RunQuery took 2 ms for 2 items query: select * from movie_view  JOIN sets ON movie_view.idSet = sets.idSet WHERE sets.idSet=184 ORDER BY sets.idSet
12:32:49.601 T:140241193125632   DEBUG: RunQuery took 3 ms for 2 items query: select * from movie_view  WHERE movie_view.idSet = 184
12:32:49.613 T:140241193125632   DEBUG: RunQuery took 5 ms for 1 items query: select * from movie_view  JOIN sets ON movie_view.idSet = sets.idSet WHERE sets.idSet=185 ORDER BY sets.idSet
12:32:49.618 T:140241193125632   DEBUG: RunQuery took 3 ms for 1 items query: select * from movie_view  WHERE movie_view.idSet = 185
12:32:49.628 T:140241193125632   DEBUG: RunQuery took 6 ms for 4 items query: select * from movie_view  JOIN sets ON movie_view.idSet = sets.idSet WHERE sets.idSet=186 ORDER BY sets.idSet
12:32:49.635 T:140241193125632   DEBUG: RunQuery took 3 ms for 4 items query: select * from movie_view  WHERE movie_view.idSet = 186
12:32:49.643 T:140241193125632   DEBUG: RunQuery took 4 ms for 3 items query: select * from movie_view  JOIN sets ON movie_view.idSet = sets.idSet WHERE sets.idSet=187 ORDER BY sets.idSet
12:32:49.649 T:140241193125632   DEBUG: RunQuery took 2 ms for 3 items query: select * from movie_view  WHERE movie_view.idSet = 187
12:32:49.656 T:140241193125632   DEBUG: RunQuery took 3 ms for 1 items query: select * from movie_view  JOIN sets ON movie_view.idSet = sets.idSet WHERE sets.idSet=188 ORDER BY sets.idSet
12:32:49.661 T:140241193125632   DEBUG: RunQuery took 2 ms for 1 items query: select * from movie_view  WHERE movie_view.idSet = 188
12:32:49.669 T:140241193125632   DEBUG: RunQuery took 4 ms for 1 items query: select * from movie_view  JOIN sets ON movie_view.idSet = sets.idSet WHERE sets.idSet=189 ORDER BY sets.idSet
12:32:49.674 T:140241193125632   DEBUG: RunQuery took 2 ms for 1 items query: select * from movie_view  WHERE movie_view.idSet = 189
12:32:49.681 T:140241193125632   DEBUG: RunQuery took 3 ms for 2 items query: select * from movie_view  JOIN sets ON movie_view.idSet = sets.idSet WHERE sets.idSet=190 ORDER BY sets.idSet
12:32:49.686 T:140241193125632   DEBUG: RunQuery took 4 ms for 2 items query: select * from movie_view  WHERE movie_view.idSet = 190
12:32:49.693 T:140241193125632   DEBUG: RunQuery took 2 ms for 5 items query: select * from movie_view  JOIN sets ON movie_view.idSet = sets.idSet WHERE sets.idSet=191 ORDER BY sets.idSet
12:32:49.698 T:140241193125632   DEBUG: RunQuery took 2 ms for 5 items query: select * from movie_view  WHERE movie_view.idSet = 191
12:32:49.705 T:140241193125632   DEBUG: RunQuery took 2 ms for 2 items query: select * from movie_view  JOIN sets ON movie_view.idSet = sets.idSet WHERE sets.idSet=192 ORDER BY sets.idSet
12:32:49.711 T:140241193125632   DEBUG: RunQuery took 3 ms for 2 items query: select * from movie_view  WHERE movie_view.idSet = 192
12:32:49.718 T:140241193125632   DEBUG: RunQuery took 3 ms for 2 items query: select * from movie_view  JOIN sets ON movie_view.idSet = sets.idSet WHERE sets.idSet=193 ORDER BY sets.idSet
12:32:49.724 T:140241193125632   DEBUG: RunQuery took 3 ms for 2 items query: select * from movie_view  WHERE movie_view.idSet = 193
12:32:49.732 T:140241193125632   DEBUG: RunQuery took 5 ms for 1 items query: select * from movie_view  JOIN sets ON movie_view.idSet = sets.idSet WHERE sets.idSet=194 ORDER BY sets.idSet
12:32:49.738 T:140241193125632   DEBUG: RunQuery took 3 ms for 1 items query: select * from movie_view  WHERE movie_view.idSet = 194
12:32:49.748 T:140241193125632   DEBUG: RunQuery took 5 ms for 2 items query: select * from movie_view  JOIN sets ON movie_view.idSet = sets.idSet WHERE sets.idSet=195 ORDER BY sets.idSet
12:32:49.754 T:140241193125632   DEBUG: RunQuery took 4 ms for 2 items query: select * from movie_view  WHERE movie_view.idSet = 195
12:32:49.763 T:140241193125632   DEBUG: RunQuery took 4 ms for 3 items query: select * from movie_view  JOIN sets ON movie_view.idSet = sets.idSet WHERE sets.idSet=196 ORDER BY sets.idSet
12:32:49.768 T:140241193125632   DEBUG: RunQuery took 2 ms for 3 items query: select * from movie_view  WHERE movie_view.idSet = 196
12:32:49.775 T:140241193125632   DEBUG: RunQuery took 3 ms for 1 items query: select * from movie_view  JOIN sets ON movie_view.idSet = sets.idSet WHERE sets.idSet=197 ORDER BY sets.idSet
12:32:49.780 T:140241193125632   DEBUG: RunQuery took 4 ms for 1 items query: select * from movie_view  WHERE movie_view.idSet = 197
12:32:49.788 T:140241193125632   DEBUG: RunQuery took 4 ms for 2 items query: select * from movie_view  JOIN sets ON movie_view.idSet = sets.idSet WHERE sets.idSet=198 ORDER BY sets.idSet
12:32:49.794 T:140241193125632   DEBUG: RunQuery took 2 ms for 2 items query: select * from movie_view  WHERE movie_view.idSet = 198
12:32:49.801 T:140241193125632   DEBUG: RunQuery took 4 ms for 3 items query: select * from movie_view  JOIN sets ON movie_view.idSet = sets.idSet WHERE sets.idSet=199 ORDER BY sets.idSet
12:32:49.807 T:140241193125632   DEBUG: RunQuery took 2 ms for 3 items query: select * from movie_view  WHERE movie_view.idSet = 199
12:32:49.814 T:140241193125632   DEBUG: RunQuery took 2 ms for 3 items query: select * from movie_view  JOIN sets ON movie_view.idSet = sets.idSet WHERE sets.idSet=200 ORDER BY sets.idSet
12:32:49.819 T:140241193125632   DEBUG: RunQuery took 2 ms for 3 items query: select * from movie_view  WHERE movie_view.idSet = 200
12:32:49.828 T:140241193125632   DEBUG: RunQuery took 4 ms for 1 items query: select * from movie_view  JOIN sets ON movie_view.idSet = sets.idSet WHERE sets.idSet=201 ORDER BY sets.idSet
12:32:49.833 T:140241193125632   DEBUG: RunQuery took 3 ms for 1 items query: select * from movie_view  WHERE movie_view.idSet = 201
12:32:49.840 T:140241193125632   DEBUG: RunQuery took 3 ms for 1 items query: select * from movie_view  JOIN sets ON movie_view.idSet = sets.idSet WHERE sets.idSet=202 ORDER BY sets.idSet
12:32:49.844 T:140241193125632   DEBUG: RunQuery took 3 ms for 1 items query: select * from movie_view  WHERE movie_view.idSet = 202
12:32:49.853 T:140241193125632   DEBUG: RunQuery took 3 ms for 1 items query: select * from movie_view  JOIN sets ON movie_view.idSet = sets.idSet WHERE sets.idSet=203 ORDER BY sets.idSet
12:32:49.859 T:140241193125632   DEBUG: RunQuery took 3 ms for 1 items query: select * from movie_view  WHERE movie_view.idSet = 203
12:32:49.867 T:140241193125632   DEBUG: RunQuery took 3 ms for 3 items query: select * from movie_view  JOIN sets ON movie_view.idSet = sets.idSet WHERE sets.idSet=204 ORDER BY sets.idSet
12:32:49.872 T:140241193125632   DEBUG: RunQuery took 2 ms for 3 items query: select * from movie_view  WHERE movie_view.idSet = 204
12:32:49.881 T:140241193125632   DEBUG: RunQuery took 3 ms for 3 items query: select * from movie_view  JOIN sets ON movie_view.idSet = sets.idSet WHERE sets.idSet=205 ORDER BY sets.idSet
12:32:49.886 T:140241193125632   DEBUG: RunQuery took 2 ms for 3 items query: select * from movie_view  WHERE movie_view.idSet = 205
12:32:49.893 T:140241193125632   DEBUG: RunQuery took 3 ms for 1 items query: select * from movie_view  JOIN sets ON movie_view.idSet = sets.idSet WHERE sets.idSet=206 ORDER BY sets.idSet
12:32:49.898 T:140241193125632   DEBUG: RunQuery took 2 ms for 1 items query: select * from movie_view  WHERE movie_view.idSet = 206
12:32:49.906 T:140241193125632   DEBUG: RunQuery took 4 ms for 2 items query: select * from movie_view  JOIN sets ON movie_view.idSet = sets.idSet WHERE sets.idSet=207 ORDER BY sets.idSet
12:32:49.911 T:140241193125632   DEBUG: RunQuery took 3 ms for 2 items query: select * from movie_view  WHERE movie_view.idSet = 207
12:32:49.918 T:140241193125632   DEBUG: RunQuery took 3 ms for 1 items query: select * from movie_view  JOIN sets ON movie_view.idSet = sets.idSet WHERE sets.idSet=208 ORDER BY sets.idSet
12:32:49.925 T:140241193125632   DEBUG: RunQuery took 5 ms for 1 items query: select * from movie_view  WHERE movie_view.idSet = 208
12:32:49.934 T:140241193125632   DEBUG: RunQuery took 5 ms for 5 items query: select * from movie_view  JOIN sets ON movie_view.idSet = sets.idSet WHERE sets.idSet=209 ORDER BY sets.idSet
12:32:49.940 T:140241193125632   DEBUG: RunQuery took 3 ms for 5 items query: select * from movie_view  WHERE movie_view.idSet = 209
12:32:49.949 T:140241193125632   DEBUG: RunQuery took 3 ms for 3 items query: select * from movie_view  JOIN sets ON movie_view.idSet = sets.idSet WHERE sets.idSet=210 ORDER BY sets.idSet
12:32:49.954 T:140241193125632   DEBUG: RunQuery took 2 ms for 3 items query: select * from movie_view  WHERE movie_view.idSet = 210
12:32:49.964 T:140241193125632   DEBUG: RunQuery took 5 ms for 2 items query: select * from movie_view  JOIN sets ON movie_view.idSet = sets.idSet WHERE sets.idSet=211 ORDER BY sets.idSet
12:32:49.969 T:140241193125632   DEBUG: RunQuery took 3 ms for 2 items query: select * from movie_view  WHERE movie_view.idSet = 211
12:32:49.979 T:140241193125632   DEBUG: RunQuery took 5 ms for 1 items query: select * from movie_view  JOIN sets ON movie_view.idSet = sets.idSet WHERE sets.idSet=212 ORDER BY sets.idSet
12:32:49.985 T:140241193125632   DEBUG: RunQuery took 3 ms for 1 items query: select * from movie_view  WHERE movie_view.idSet = 212
12:32:49.993 T:140241193125632   DEBUG: RunQuery took 4 ms for 2 items query: select * from movie_view  JOIN sets ON movie_view.idSet = sets.idSet WHERE sets.idSet=213 ORDER BY sets.idSet
12:32:49.999 T:140241193125632   DEBUG: RunQuery took 2 ms for 2 items query: select * from movie_view  WHERE movie_view.idSet = 213
12:32:50.007 T:140241193125632   DEBUG: RunQuery took 4 ms for 1 items query: select * from movie_view  JOIN sets ON movie_view.idSet = sets.idSet WHERE sets.idSet=214 ORDER BY sets.idSet
12:32:50.015 T:140241193125632   DEBUG: RunQuery took 4 ms for 1 items query: select * from movie_view  WHERE movie_view.idSet = 214
12:32:50.023 T:140241193125632   DEBUG: RunQuery took 5 ms for 5 items query: select * from movie_view  JOIN sets ON movie_view.idSet = sets.idSet WHERE sets.idSet=215 ORDER BY sets.idSet
12:32:50.030 T:140241193125632   DEBUG: RunQuery took 3 ms for 5 items query: select * from movie_view  WHERE movie_view.idSet = 215
12:32:50.037 T:140241193125632   DEBUG: RunQuery took 2 ms for 3 items query: select * from movie_view  JOIN sets ON movie_view.idSet = sets.idSet WHERE sets.idSet=216 ORDER BY sets.idSet
12:32:50.043 T:140241193125632   DEBUG: RunQuery took 3 ms for 3 items query: select * from movie_view  WHERE movie_view.idSet = 216
12:32:50.050 T:140241193125632   DEBUG: RunQuery took 3 ms for 1 items query: select * from movie_view  JOIN sets ON movie_view.idSet = sets.idSet WHERE sets.idSet=217 ORDER BY sets.idSet
12:32:50.056 T:140241193125632   DEBUG: RunQuery took 2 ms for 1 items query: select * from movie_view  WHERE movie_view.idSet = 217
12:32:50.064 T:140241193125632   DEBUG: RunQuery took 4 ms for 1 items query: select * from movie_view  JOIN sets ON movie_view.idSet = sets.idSet WHERE sets.idSet=218 ORDER BY sets.idSet
12:32:50.069 T:140241193125632   DEBUG: RunQuery took 3 ms for 1 items query: select * from movie_view  WHERE movie_view.idSet = 218
12:32:50.076 T:140241193125632   DEBUG: RunQuery took 3 ms for 1 items query: select * from movie_view  JOIN sets ON movie_view.idSet = sets.idSet WHERE sets.idSet=219 ORDER BY sets.idSet
12:32:50.081 T:140241193125632   DEBUG: RunQuery took 2 ms for 1 items query: select * from movie_view  WHERE movie_view.idSet = 219
12:32:50.083 T:140242258474752    INFO: ## LibreELEC Addon ## system::set_hostname ## office
12:32:50.083 T:140242258474752    INFO: ## LibreELEC Addon ## system::set_keyboard_layout ## us,us -model pc105
12:32:50.097 T:140241193125632   DEBUG: RunQuery took 6 ms for 1 items query: select * from movie_view  JOIN sets ON movie_view.idSet = sets.idSet WHERE sets.idSet=220 ORDER BY sets.idSet
12:32:50.104 T:140241193125632   DEBUG: RunQuery took 3 ms for 1 items query: select * from movie_view  WHERE movie_view.idSet = 220
12:32:50.113 T:140241193125632   DEBUG: RunQuery took 4 ms for 1 items query: select * from movie_view  JOIN sets ON movie_view.idSet = sets.idSet WHERE sets.idSet=221 ORDER BY sets.idSet
12:32:50.124 T:140241193125632   DEBUG: RunQuery took 7 ms for 1 items query: select * from movie_view  WHERE movie_view.idSet = 221
12:32:50.136 T:140241193125632   DEBUG: RunQuery took 5 ms for 1 items query: select * from movie_view  JOIN sets ON movie_view.idSet = sets.idSet WHERE sets.idSet=222 ORDER BY sets.idSet
12:32:50.137 T:140242258474752    INFO: ## LibreELEC Addon ## system::updateThread ## Started
12:32:50.138 T:140242258474752    INFO: ## LibreELEC Addon ## system::set_auto_update ## manual
12:32:50.141 T:140241193125632   DEBUG: RunQuery took 2 ms for 1 items query: select * from movie_view  WHERE movie_view.idSet = 222
12:32:50.153 T:140241193125632   DEBUG: RunQuery took 4 ms for 1 items query: select * from movie_view  JOIN sets ON movie_view.idSet = sets.idSet WHERE sets.idSet=223 ORDER BY sets.idSet
12:32:50.160 T:140241193125632   DEBUG: RunQuery took 4 ms for 1 items query: select * from movie_view  WHERE movie_view.idSet = 223
12:32:50.161 T:140241201518336    INFO: ## LibreELEC Addon ## _service_::run ## WAITING:
12:32:50.166 T:140241327343360    INFO: ## LibreELEC Addon ## xdbus Monitor started. ##
12:32:50.169 T:140241193125632   DEBUG: RunQuery took 4 ms for 2 items query: select * from movie_view  JOIN sets ON movie_view.idSet = sets.idSet WHERE sets.idSet=224 ORDER BY sets.idSet
12:32:50.176 T:140241193125632   DEBUG: RunQuery took 4 ms for 2 items query: select * from movie_view  WHERE movie_view.idSet = 224
12:32:50.185 T:140241193125632   DEBUG: RunQuery took 3 ms for 2 items query: select * from movie_view  JOIN sets ON movie_view.idSet = sets.idSet WHERE sets.idSet=225 ORDER BY sets.idSet
12:32:50.190 T:140241193125632   DEBUG: RunQuery took 2 ms for 2 items query: select * from movie_view  WHERE movie_view.idSet = 225
12:32:50.199 T:140241193125632   DEBUG: RunQuery took 3 ms for 3 items query: select * from movie_view  JOIN sets ON movie_view.idSet = sets.idSet WHERE sets.idSet=226 ORDER BY sets.idSet
12:32:50.204 T:140241193125632   DEBUG: RunQuery took 2 ms for 3 items query: select * from movie_view  WHERE movie_view.idSet = 226
12:32:50.213 T:140241193125632   DEBUG: RunQuery took 4 ms for 1 items query: select * from movie_view  JOIN sets ON movie_view.idSet = sets.idSet WHERE sets.idSet=227 ORDER BY sets.idSet
12:32:50.217 T:140241193125632   DEBUG: RunQuery took 3 ms for 1 items query: select * from movie_view  WHERE movie_view.idSet = 227
12:32:50.226 T:140241193125632   DEBUG: RunQuery took 4 ms for 1 items query: select * from movie_view  JOIN sets ON movie_view.idSet = sets.idSet WHERE sets.idSet=228 ORDER BY sets.idSet
12:32:50.232 T:140241193125632   DEBUG: RunQuery took 4 ms for 1 items query: select * from movie_view  WHERE movie_view.idSet = 228
12:32:50.239 T:140241193125632   DEBUG: RunQuery took 3 ms for 1 items query: select * from movie_view  JOIN sets ON movie_view.idSet = sets.idSet WHERE sets.idSet=229 ORDER BY sets.idSet
12:32:50.245 T:140241193125632   DEBUG: RunQuery took 4 ms for 1 items query: select * from movie_view  WHERE movie_view.idSet = 229
12:32:50.257 T:140241193125632   DEBUG: Skin Helper Service --> Ended Background worker...
12:32:50.513 T:140241193125632   DEBUG: CWebServer[8080]: request received for /jsonrpc
12:32:50.541 T:140244021758080   DEBUG: Previous line repeats 1 times.
12:32:50.541 T:140244021758080   DEBUG: Keyboard: scancode: 0x74, sym: 0x0112, unicode: 0x0000, modifier: 0x0
12:32:50.541 T:140244021758080   DEBUG: OnKey: down (0xf081) pressed, action is Down
12:32:50.674 T:140244021758080   DEBUG: Keyboard: scancode: 0x74, sym: 0x0112, unicode: 0x0000, modifier: 0x0
12:32:50.903 T:140241193125632   DEBUG: CWebServer[8080]: request received for /jsonrpc
12:32:51.261 T:140241209911040   DEBUG: Previous line repeats 1 times.
12:32:51.261 T:140241209911040  NOTICE: [PTV Preset Timer] DEBUG: Today is Thursday (weekday=3)
12:32:51.261 T:140241209911040  NOTICE: [PTV Preset Timer] DEBUG: Setting name: ThursdayPreset
12:32:51.261 T:140241209911040  NOTICE: [PTV Preset Timer] DEBUG: Raw preset value: '2' (int: 2)
12:32:51.261 T:140241209911040  NOTICE: [PTV Preset Timer] DEBUG: Available presets: ['Alpha', 'Omega', 'Delta', 'Epsilon', 'Gamma', 'Sigma', 'Omicron', 'Theta', 'Lambda']
12:32:51.261 T:140241209911040  NOTICE: [PTV Preset Timer] Today's preset for Thursday: Omega (index=1)
12:32:51.292 T:140244021758080   DEBUG: Keyboard: scancode: 0x74, sym: 0x0112, unicode: 0x0000, modifier: 0x0
12:32:51.292 T:140244021758080   DEBUG: OnKey: down (0xf081) pressed, action is Down
12:32:51.395 T:140244021758080   DEBUG: Keyboard: scancode: 0x74, sym: 0x0112, unicode: 0x0000, modifier: 0x0
12:32:51.506 T:140241193125632   DEBUG: CWebServer[8080]: request received for /jsonrpc
12:32:51.934 T:140244021758080   DEBUG: Previous line repeats 1 times.
12:32:51.934 T:140244021758080   DEBUG: Keyboard: scancode: 0x74, sym: 0x0112, unicode: 0x0000, modifier: 0x0
12:32:51.934 T:140244021758080   DEBUG: OnKey: down (0xf081) pressed, action is Down
12:32:52.024 T:140244021758080   DEBUG: Keyboard: scancode: 0x74, sym: 0x0112, unicode: 0x0000, modifier: 0x0
12:32:52.424 T:140244021758080   DEBUG: Previous line repeats 1 times.
12:32:52.424 T:140244021758080   DEBUG: OnKey: down (0xf081) pressed, action is Down
12:32:52.475 T:140244021758080   DEBUG: Keyboard: scancode: 0x74, sym: 0x0112, unicode: 0x0000, modifier: 0x0
12:32:52.523 T:140241193125632   DEBUG: CWebServer[8080]: request received for /jsonrpc
12:32:52.983 T:140244021758080   DEBUG: Previous line repeats 3 times.
12:32:52.983 T:140244021758080   DEBUG: Keyboard: scancode: 0x8c, sym: 0x1005ff71, unicode: 0x0000, modifier: 0x0
12:32:52.983 T:140244021758080   DEBUG: GetActionCode: Trying Hardy keycode for 0xf200
12:32:52.984 T:140244021758080   DEBUG: Previous line repeats 1 times.
12:32:52.984 T:140244021758080   DEBUG: OnKey: 0 (0xf200, obc-61697) pressed, action is select
12:32:52.984 T:140244021758080   DEBUG: Activating window ID: 10004
12:32:53.242 T:140244021758080   DEBUG: ------ Window Deinit (Home.xml) ------
12:32:53.242 T:140244021758080   DEBUG: ------ Window Init (Settings.xml) ------
12:32:53.242 T:140244021758080    INFO: Loading skin file: Settings.xml, load type: KEEP_IN_MEMORY
12:32:53.244 T:140244021758080 WARNING: Skin has invalid include: MainWindowMouseButtons
12:32:53.244 T:140244021758080 WARNING: Skin has invalid include: BehindDialogFadeOut
12:32:53.244 T:140244021758080 WARNING: Skin has invalid include: CommonWindowHeader
12:32:53.257 T:140244021758080   DEBUG: Keyboard: scancode: 0x8c, sym: 0x1005ff71, unicode: 0x0000, modifier: 0x0
12:32:53.492 T:140244021758080   DEBUG: ------ Window Deinit (Custom_RSS.xml) ------
12:32:53.511 T:140241193125632   DEBUG: CWebServer[8080]: request received for /jsonrpc
12:32:54.310 T:140244021758080   DEBUG: Previous line repeats 1 times.
12:32:54.310 T:140244021758080   DEBUG: Keyboard: scancode: 0x74, sym: 0x0112, unicode: 0x0000, modifier: 0x0
12:32:54.310 T:140244021758080   DEBUG: OnKey: down (0xf081) pressed, action is Down
12:32:54.401 T:140244021758080   DEBUG: Keyboard: scancode: 0x74, sym: 0x0112, unicode: 0x0000, modifier: 0x0
12:32:54.535 T:140241193125632   DEBUG: CWebServer[8080]: request received for /jsonrpc
12:32:54.592 T:140244021758080   DEBUG: Previous line repeats 1 times.
12:32:54.592 T:140244021758080   DEBUG: Keyboard: scancode: 0x74, sym: 0x0112, unicode: 0x0000, modifier: 0x0
12:32:54.593 T:140244021758080   DEBUG: OnKey: down (0xf081) pressed, action is Down
12:32:54.626 T:140244021758080   DEBUG: Keyboard: scancode: 0x74, sym: 0x0112, unicode: 0x0000, modifier: 0x0
12:32:54.923 T:140241193125632   DEBUG: CWebServer[8080]: request received for /jsonrpc
12:32:55.742 T:140244021758080   DEBUG: Previous line repeats 3 times.
12:32:55.742 T:140244021758080   DEBUG: ------ Window Deinit (DialogNotification.xml) ------
12:32:56.161 T:140244021758080   DEBUG: Keyboard: scancode: 0x74, sym: 0x0112, unicode: 0x0000, modifier: 0x0
12:32:56.161 T:140244021758080   DEBUG: OnKey: down (0xf081) pressed, action is Down
12:32:56.317 T:140244021758080   DEBUG: Keyboard: scancode: 0x74, sym: 0x0112, unicode: 0x0000, modifier: 0x0
12:32:56.542 T:140241193125632   DEBUG: CWebServer[8080]: request received for /jsonrpc
12:32:56.638 T:140244021758080   DEBUG: Previous line repeats 1 times.
12:32:56.638 T:140244021758080   DEBUG: Keyboard: scancode: 0x8c, sym: 0x1005ff71, unicode: 0x0000, modifier: 0x0
12:32:56.638 T:140244021758080   DEBUG: GetActionCode: Trying Hardy keycode for 0xf200
12:32:56.638 T:140244021758080   DEBUG: Previous line repeats 1 times.
12:32:56.638 T:140244021758080   DEBUG: OnKey: 0 (0xf200, obc-61697) pressed, action is select
12:32:56.639 T:140244021758080   DEBUG: Activating window ID: 10040
12:32:56.842 T:140244021758080   DEBUG: ------ Window Deinit (Settings.xml) ------
12:32:56.853 T:140244021758080   DEBUG: ------ Window Init (AddonBrowser.xml) ------
12:32:56.853 T:140244021758080    INFO: Loading skin file: AddonBrowser.xml, load type: KEEP_IN_MEMORY
12:32:56.859 T:140244021758080 WARNING: Skin has invalid include: ParagonView
12:32:56.859 T:140244021758080 WARNING: Skin has invalid include: ThumbnailsView
12:32:56.859 T:140244021758080 WARNING: Skin has invalid include: ThumbnailsView_Addons
12:32:56.859 T:140244021758080 WARNING: Skin has invalid include: ListView_Arrows
12:32:56.886 T:140244021758080   DEBUG: CDirectoryProvider[plugin://script.skin.helper.service/?action=alphabet&reload=]: refreshing..
12:32:56.886 T:140244021758080   DEBUG: Previous line repeats 1 times.
12:32:56.886 T:140244021758080   DEBUG: CGUIMediaWindow::GetDirectory (addons://)
12:32:56.886 T:140244021758080   DEBUG:   ParentPath = []
12:32:56.886 T:140241948108544   DEBUG: StartScript - calling plugin Skin Helper Service('plugin://script.skin.helper.service/','1','?action=alphabet&reload=')
12:32:56.886 T:140241193125632   DEBUG: Thread LanguageInvoker start, auto delete: false
12:32:56.886 T:140242476586752   DEBUG: StartScript - calling plugin Skin Helper Service('plugin://script.skin.helper.service/','2','?action=alphabet&reload=')
12:32:56.886 T:140241193125632    INFO: initializing python engine.
12:32:56.886 T:140241193125632   DEBUG: CPythonInvoker(16, /storage/.kodi/addons/script.skin.helper.service/plugin.py): start processing
12:32:56.886 T:140241174222592   DEBUG: Thread LanguageInvoker start, auto delete: false
12:32:56.886 T:140241174222592    INFO: initializing python engine.
12:32:56.886 T:140241174222592   DEBUG: CPythonInvoker(17, /storage/.kodi/addons/script.skin.helper.service/plugin.py): start processing
12:32:56.893 T:140241193125632   DEBUG: -->Python Interpreter Initialized<--
12:32:56.893 T:140241193125632   DEBUG: CPythonInvoker(16, /storage/.kodi/addons/script.skin.helper.service/plugin.py): the source file to load is "/storage/.kodi/addons/script.skin.helper.service/plugin.py"
12:32:56.898 T:140244021758080   DEBUG: CAddonMgr::GetAvailableUpdates took 12 ms
12:32:56.900 T:140241193125632   DEBUG: CPythonInvoker(16, /storage/.kodi/addons/script.skin.helper.service/plugin.py): setting the Python path to /storage/.kodi/addons/script.skin.helper.service:/storage/.kodi/addons/script.module.arrow/lib:/storage/.kodi/addons/script.module.backports.functools_lru_cache/lib:/storage/.kodi/addons/script.module.beautifulsoup/lib:/storage/.kodi/addons/script.module.certifi/lib:/storage/.kodi/addons/script.module.chardet/lib:/storage/.kodi/addons/script.module.dateutil/lib:/storage/.kodi/addons/script.module.idna/lib:/storage/.kodi/addons/script.module.metadatautils/lib:/storage/.kodi/addons/script.module.musicbrainz/lib:/storage/.kodi/addons/script.module.requests/lib:/storage/.kodi/addons/script.module.simplecache/lib:/storage/.kodi/addons/script.module.simplejson/lib:/storage/.kodi/addons/script.module.six/lib:/storage/.kodi/addons/script.module.thetvdb/lib:/storage/.kodi/addons/script.module.urllib3/lib:/usr/lib/python27.zip:/usr/lib/python2.7:/usr/lib/python2.7/plat-linux2:/usr/lib/python2.7/lib-tk:/usr/lib/python2.7/lib-old:/usr/lib/python2.7/lib-dynload:/usr/lib/python2.7/site-packages:/usr/lib/python2.7/site-packages/gtk-2.0
12:32:56.900 T:140241193125632   DEBUG: CPythonInvoker(16, /storage/.kodi/addons/script.skin.helper.service/plugin.py): entering source directory /storage/.kodi/addons/script.skin.helper.service
12:32:56.900 T:140241193125632   DEBUG: CPythonInvoker(16, /storage/.kodi/addons/script.skin.helper.service/plugin.py): instantiating addon using automatically obtained id of "script.skin.helper.service" dependent on version 2.13.0 of the xbmc.python api
12:32:56.901 T:140241151895296   DEBUG: Thread BackgroundLoader start, auto delete: false
12:32:56.901 T:140244021758080   DEBUG: Keyboard: scancode: 0x8c, sym: 0x1005ff71, unicode: 0x0000, modifier: 0x0
12:32:56.903 T:140244021758080   DEBUG: CDirectoryProvider[plugin://script.skin.helper.service/?action=alphabet&reload=5]: refreshing..
12:32:56.903 T:140244002825984   DEBUG: Previous line repeats 1 times.
12:32:56.903 T:140244002825984   DEBUG: StartScript - calling plugin Skin Helper Service('plugin://script.skin.helper.service/','3','?action=alphabet&reload=5')
12:32:56.903 T:140241073174272   DEBUG: Thread LanguageInvoker start, auto delete: false
12:32:56.903 T:140241073174272    INFO: initializing python engine.
12:32:56.903 T:140241073174272   DEBUG: CPythonInvoker(18, /storage/.kodi/addons/script.skin.helper.service/plugin.py): start processing
12:32:56.904 T:140241151895296   DEBUG: Thread BackgroundLoader 140241151895296 terminating
12:32:56.932 T:140241151895296   DEBUG: CWebServer[8080]: request received for /jsonrpc
12:32:57.033 T:140241193125632   DEBUG: Previous line repeats 1 times.
12:32:57.033 T:140241193125632   DEBUG: Skin Helper Simplecache --> Initialized
12:32:57.033 T:140241193125632   DEBUG: Skin Helper Service --> plugin called with parameters: {u'action': u'alphabet'}
12:32:57.034 T:140241174222592   DEBUG: -->Python Interpreter Initialized<--
12:32:57.034 T:140241174222592   DEBUG: CPythonInvoker(17, /storage/.kodi/addons/script.skin.helper.service/plugin.py): the source file to load is "/storage/.kodi/addons/script.skin.helper.service/plugin.py"
12:32:57.034 T:140241174222592   DEBUG: CPythonInvoker(17, /storage/.kodi/addons/script.skin.helper.service/plugin.py): setting the Python path to /storage/.kodi/addons/script.skin.helper.service:/storage/.kodi/addons/script.module.arrow/lib:/storage/.kodi/addons/script.module.backports.functools_lru_cache/lib:/storage/.kodi/addons/script.module.beautifulsoup/lib:/storage/.kodi/addons/script.module.certifi/lib:/storage/.kodi/addons/script.module.chardet/lib:/storage/.kodi/addons/script.module.dateutil/lib:/storage/.kodi/addons/script.module.idna/lib:/storage/.kodi/addons/script.module.metadatautils/lib:/storage/.kodi/addons/script.module.musicbrainz/lib:/storage/.kodi/addons/script.module.requests/lib:/storage/.kodi/addons/script.module.simplecache/lib:/storage/.kodi/addons/script.module.simplejson/lib:/storage/.kodi/addons/script.module.six/lib:/storage/.kodi/addons/script.module.thetvdb/lib:/storage/.kodi/addons/script.module.urllib3/lib:/usr/lib/python27.zip:/usr/lib/python2.7:/usr/lib/python2.7/plat-linux2:/usr/lib/python2.7/lib-tk:/usr/lib/python2.7/lib-old:/usr/lib/python2.7/lib-dynload:/usr/lib/python2.7/site-packages:/usr/lib/python2.7/site-packages/gtk-2.0
12:32:57.034 T:140241174222592   DEBUG: CPythonInvoker(17, /storage/.kodi/addons/script.skin.helper.service/plugin.py): entering source directory /storage/.kodi/addons/script.skin.helper.service
12:32:57.038 T:140241174222592   DEBUG: CPythonInvoker(17, /storage/.kodi/addons/script.skin.helper.service/plugin.py): instantiating addon using automatically obtained id of "script.skin.helper.service" dependent on version 2.13.0 of the xbmc.python api
12:32:57.174 T:140241073174272   DEBUG: -->Python Interpreter Initialized<--
12:32:57.174 T:140241073174272   DEBUG: CPythonInvoker(18, /storage/.kodi/addons/script.skin.helper.service/plugin.py): the source file to load is "/storage/.kodi/addons/script.skin.helper.service/plugin.py"
12:32:57.175 T:140241073174272   DEBUG: CPythonInvoker(18, /storage/.kodi/addons/script.skin.helper.service/plugin.py): setting the Python path to /storage/.kodi/addons/script.skin.helper.service:/storage/.kodi/addons/script.module.arrow/lib:/storage/.kodi/addons/script.module.backports.functools_lru_cache/lib:/storage/.kodi/addons/script.module.beautifulsoup/lib:/storage/.kodi/addons/script.module.certifi/lib:/storage/.kodi/addons/script.module.chardet/lib:/storage/.kodi/addons/script.module.dateutil/lib:/storage/.kodi/addons/script.module.idna/lib:/storage/.kodi/addons/script.module.metadatautils/lib:/storage/.kodi/addons/script.module.musicbrainz/lib:/storage/.kodi/addons/script.module.requests/lib:/storage/.kodi/addons/script.module.simplecache/lib:/storage/.kodi/addons/script.module.simplejson/lib:/storage/.kodi/addons/script.module.six/lib:/storage/.kodi/addons/script.module.thetvdb/lib:/storage/.kodi/addons/script.module.urllib3/lib:/usr/lib/python27.zip:/usr/lib/python2.7:/usr/lib/python2.7/plat-linux2:/usr/lib/python2.7/lib-tk:/usr/lib/python2.7/lib-old:/usr/lib/python2.7/lib-dynload:/usr/lib/python2.7/site-packages:/usr/lib/python2.7/site-packages/gtk-2.0
12:32:57.175 T:140241073174272   DEBUG: CPythonInvoker(18, /storage/.kodi/addons/script.skin.helper.service/plugin.py): entering source directory /storage/.kodi/addons/script.skin.helper.service
12:32:57.175 T:140241073174272   DEBUG: CPythonInvoker(18, /storage/.kodi/addons/script.skin.helper.service/plugin.py): instantiating addon using automatically obtained id of "script.skin.helper.service" dependent on version 2.13.0 of the xbmc.python api
12:32:57.183 T:140241174222592   DEBUG: Skin Helper Simplecache --> Initialized
12:32:57.183 T:140241174222592   DEBUG: Skin Helper Service --> plugin called with parameters: {u'action': u'alphabet'}
12:32:57.306 T:140241073174272   DEBUG: Skin Helper Simplecache --> Initialized
12:32:57.306 T:140241073174272   DEBUG: Skin Helper Service --> plugin called with parameters: {u'action': u'alphabet', u'reload': u'5'}
12:32:57.307 T:140241193125632   DEBUG: Skin Helper Simplecache --> Closed
12:32:57.307 T:140241193125632    INFO: CPythonInvoker(16, /storage/.kodi/addons/script.skin.helper.service/plugin.py): script successfully run
12:32:57.311 T:140241193125632    INFO: Python script stopped
12:32:57.311 T:140241193125632   DEBUG: Thread LanguageInvoker 140241193125632 terminating
12:32:57.312 T:140241948108544   DEBUG: StartScript - calling plugin Skin Helper Service('plugin://script.skin.helper.service/','4','?action=alphabet&reload=5')
12:32:57.312 T:140241193125632   DEBUG: Thread LanguageInvoker start, auto delete: false
12:32:57.312 T:140241193125632    INFO: initializing python engine.
12:32:57.312 T:140241193125632   DEBUG: CPythonInvoker(19, /storage/.kodi/addons/script.skin.helper.service/plugin.py): start processing
12:32:57.312 T:140241073174272   DEBUG: Skin Helper Simplecache --> Closed
12:32:57.318 T:140241073174272    INFO: CPythonInvoker(18, /storage/.kodi/addons/script.skin.helper.service/plugin.py): script successfully run
12:32:57.322 T:140241073174272    INFO: Python script stopped
12:32:57.322 T:140241073174272   DEBUG: Thread LanguageInvoker 140241073174272 terminating
12:32:57.324 T:140241193125632   DEBUG: -->Python Interpreter Initialized<--
12:32:57.324 T:140241193125632   DEBUG: CPythonInvoker(19, /storage/.kodi/addons/script.skin.helper.service/plugin.py): the source file to load is "/storage/.kodi/addons/script.skin.helper.service/plugin.py"
12:32:57.325 T:140241193125632   DEBUG: CPythonInvoker(19, /storage/.kodi/addons/script.skin.helper.service/plugin.py): setting the Python path to /storage/.kodi/addons/script.skin.helper.service:/storage/.kodi/addons/script.module.arrow/lib:/storage/.kodi/addons/script.module.backports.functools_lru_cache/lib:/storage/.kodi/addons/script.module.beautifulsoup/lib:/storage/.kodi/addons/script.module.certifi/lib:/storage/.kodi/addons/script.module.chardet/lib:/storage/.kodi/addons/script.module.dateutil/lib:/storage/.kodi/addons/script.module.idna/lib:/storage/.kodi/addons/script.module.metadatautils/lib:/storage/.kodi/addons/script.module.musicbrainz/lib:/storage/.kodi/addons/script.module.requests/lib:/storage/.kodi/addons/script.module.simplecache/lib:/storage/.kodi/addons/script.module.simplejson/lib:/storage/.kodi/addons/script.module.six/lib:/storage/.kodi/addons/script.module.thetvdb/lib:/storage/.kodi/addons/script.module.urllib3/lib:/usr/lib/python27.zip:/usr/lib/python2.7:/usr/lib/python2.7/plat-linux2:/usr/lib/python2.7/lib-tk:/usr/lib/python2.7/lib-old:/usr/lib/python2.7/lib-dynload:/usr/lib/python2.7/site-packages:/usr/lib/python2.7/site-packages/gtk-2.0
12:32:57.325 T:140241193125632   DEBUG: CPythonInvoker(19, /storage/.kodi/addons/script.skin.helper.service/plugin.py): entering source directory /storage/.kodi/addons/script.skin.helper.service
12:32:57.325 T:140241193125632   DEBUG: CPythonInvoker(19, /storage/.kodi/addons/script.skin.helper.service/plugin.py): instantiating addon using automatically obtained id of "script.skin.helper.service" dependent on version 2.13.0 of the xbmc.python api
12:32:57.479 T:140241174222592   DEBUG: Skin Helper Simplecache --> Closed
12:32:57.497 T:140241174222592    INFO: CPythonInvoker(17, /storage/.kodi/addons/script.skin.helper.service/plugin.py): script successfully run
12:32:57.500 T:140241174222592    INFO: Python script stopped
12:32:57.500 T:140241174222592   DEBUG: Thread LanguageInvoker 140241174222592 terminating
12:32:57.515 T:140241193125632   DEBUG: Skin Helper Simplecache --> Initialized
12:32:57.515 T:140241193125632   DEBUG: Skin Helper Service --> plugin called with parameters: {u'action': u'alphabet', u'reload': u'5'}
12:32:57.521 T:140241174222592   DEBUG: CWebServer[8080]: request received for /jsonrpc
12:32:57.559 T:140241193125632   DEBUG: Previous line repeats 1 times.
12:32:57.559 T:140241193125632   DEBUG: Skin Helper Simplecache --> Closed
12:32:57.559 T:140241193125632    INFO: CPythonInvoker(19, /storage/.kodi/addons/script.skin.helper.service/plugin.py): script successfully run
12:32:57.568 T:140241193125632    INFO: Python script stopped
12:32:57.568 T:140241193125632   DEBUG: Thread LanguageInvoker 140241193125632 terminating
12:32:57.668 T:140244021758080   DEBUG: Keyboard: scancode: 0x8c, sym: 0x1005ff71, unicode: 0x0000, modifier: 0x0
12:32:57.668 T:140244021758080   DEBUG: OnKey: 0 (0xf200, obc-61697) pressed, action is select
12:32:57.682 T:140244021758080   DEBUG: CGUIMediaWindow::GetDirectory (addons://user/)
12:32:57.682 T:140244021758080   DEBUG:   ParentPath = [addons://]
12:32:57.707 T:140244002825984   DEBUG: [Warning] CGUITextureManager::GetTexturePath: could not find texture 'DefaultAddonInfoProvider.png'
12:32:57.707 T:140244002825984   DEBUG: [Warning] CGUITextureManager::GetTexturePath: could not find texture 'DefaultAddonLookAndFeel.png'
12:32:57.708 T:140244002825984   DEBUG: [Warning] CGUITextureManager::GetTexturePath: could not find texture 'DefaultGameAddons.png'
12:32:57.709 T:140244002825984   DEBUG: [Warning] CGUITextureManager::GetTexturePath: could not find texture 'DefaultAddonPeripheral.png'
12:32:57.709 T:140244002825984   DEBUG: [Warning] CGUITextureManager::GetTexturePath: could not find texture 'DefaultAddonWeather.png'
12:32:57.710 T:140244002825984   DEBUG: [Warning] CGUITextureManager::GetTexturePath: could not find texture 'DefaultAddonRepository.png'
12:32:57.710 T:140244002825984   DEBUG: [Warning] CGUITextureManager::GetTexturePath: could not find texture 'DefaultAddonWebSkin.png'
12:32:57.711 T:140244002825984   DEBUG: [Warning] CGUITextureManager::GetTexturePath: could not find texture 'DefaultAddonService.png'
12:32:57.711 T:140244002825984   DEBUG: [Warning] CGUITextureManager::GetTexturePath: could not find texture 'DefaultAddonAudioEncoder.png'
12:32:57.711 T:140244002825984   DEBUG: [Warning] CGUITextureManager::GetTexturePath: could not find texture 'DefaultAddonContextItem.png'
12:32:57.711 T:140244002825984   DEBUG: [Warning] CGUITextureManager::GetTexturePath: could not find texture 'DefaultAddonVideo.png'
12:32:57.712 T:140244002825984   DEBUG: [Warning] CGUITextureManager::GetTexturePath: could not find texture 'DefaultAddonMusic.png'
12:32:57.712 T:140244002825984   DEBUG: [Warning] CGUITextureManager::GetTexturePath: could not find texture 'DefaultAddonProgram.png'
12:32:57.716 T:140241193125632   DEBUG: Thread BackgroundLoader start, auto delete: false
12:32:57.717 T:140244021758080   DEBUG: CDirectoryProvider[plugin://script.skin.helper.service/?action=alphabet&reload=14]: refreshing..
12:32:57.718 T:140242476586752   DEBUG: Previous line repeats 1 times.
12:32:57.718 T:140242476586752   DEBUG: StartScript - calling plugin Skin Helper Service('plugin://script.skin.helper.service/','5','?action=alphabet&reload=14')
12:32:57.718 T:140241948108544   DEBUG: StartScript - calling plugin Skin Helper Service('plugin://script.skin.helper.service/','6','?action=alphabet&reload=14')
12:32:57.718 T:140241073174272   DEBUG: Thread LanguageInvoker start, auto delete: false
12:32:57.718 T:140241073174272    INFO: initializing python engine.
12:32:57.718 T:140241073174272   DEBUG: CPythonInvoker(20, /storage/.kodi/addons/script.skin.helper.service/plugin.py): start processing
12:32:57.720 T:140241174222592   DEBUG: Thread LanguageInvoker start, auto delete: false
12:32:57.720 T:140241174222592    INFO: initializing python engine.
12:32:57.720 T:140241174222592   DEBUG: CPythonInvoker(21, /storage/.kodi/addons/script.skin.helper.service/plugin.py): start processing
12:32:57.722 T:140241193125632   DEBUG: Thread BackgroundLoader 140241193125632 terminating
12:32:57.734 T:140241073174272   DEBUG: -->Python Interpreter Initialized<--
12:32:57.734 T:140241073174272   DEBUG: CPythonInvoker(20, /storage/.kodi/addons/script.skin.helper.service/plugin.py): the source file to load is "/storage/.kodi/addons/script.skin.helper.service/plugin.py"
12:32:57.735 T:140241174222592   DEBUG: -->Python Interpreter Initialized<--
12:32:57.735 T:140241174222592   DEBUG: CPythonInvoker(21, /storage/.kodi/addons/script.skin.helper.service/plugin.py): the source file to load is "/storage/.kodi/addons/script.skin.helper.service/plugin.py"
12:32:57.736 T:140241073174272   DEBUG: CPythonInvoker(20, /storage/.kodi/addons/script.skin.helper.service/plugin.py): setting the Python path to /storage/.kodi/addons/script.skin.helper.service:/storage/.kodi/addons/script.module.arrow/lib:/storage/.kodi/addons/script.module.backports.functools_lru_cache/lib:/storage/.kodi/addons/script.module.beautifulsoup/lib:/storage/.kodi/addons/script.module.certifi/lib:/storage/.kodi/addons/script.module.chardet/lib:/storage/.kodi/addons/script.module.dateutil/lib:/storage/.kodi/addons/script.module.idna/lib:/storage/.kodi/addons/script.module.metadatautils/lib:/storage/.kodi/addons/script.module.musicbrainz/lib:/storage/.kodi/addons/script.module.requests/lib:/storage/.kodi/addons/script.module.simplecache/lib:/storage/.kodi/addons/script.module.simplejson/lib:/storage/.kodi/addons/script.module.six/lib:/storage/.kodi/addons/script.module.thetvdb/lib:/storage/.kodi/addons/script.module.urllib3/lib:/usr/lib/python27.zip:/usr/lib/python2.7:/usr/lib/python2.7/plat-linux2:/usr/lib/python2.7/lib-tk:/usr/lib/python2.7/lib-old:/usr/lib/python2.7/lib-dynload:/usr/lib/python2.7/site-packages:/usr/lib/python2.7/site-packages/gtk-2.0
12:32:57.736 T:140241073174272   DEBUG: CPythonInvoker(20, /storage/.kodi/addons/script.skin.helper.service/plugin.py): entering source directory /storage/.kodi/addons/script.skin.helper.service
