11:09:44.446 T:17656   DEBUG: LocalizeStrings: loaded 5 strings from file C:\Program Files (x86)\Kodi\addons\pvr.hdhomerun\resources\language\resource.language.en_gb\strings.po
11:09:44.446 T:17656   DEBUG: LocalizeStrings: loaded 75 strings from file C:\Program Files (x86)\Kodi\addons\pvr.hts\resources\language\resource.language.en_gb\strings.po
11:09:44.446 T:17656   DEBUG: LocalizeStrings: loaded 22 strings from file C:\Program Files (x86)\Kodi\addons\pvr.iptvsimple\resources\language\resource.language.en_gb\strings.po
11:09:44.446 T:17656   DEBUG: LocalizeStrings: loaded 71 strings from file C:\Program Files (x86)\Kodi\addons\pvr.mediaportal.tvserver\resources\language\resource.language.en_gb\strings.po
11:09:44.447 T:17656   DEBUG: LocalizeStrings: loaded 103 strings from file C:\Program Files (x86)\Kodi\addons\pvr.mythtv\resources\language\resource.language.en_gb\strings.po
11:09:44.447 T:17656   DEBUG: LocalizeStrings: loaded 28 strings from file C:\Program Files (x86)\Kodi\addons\pvr.nextpvr\resources\language\resource.language.en_gb\strings.po
11:09:44.447 T:17656   DEBUG: LocalizeStrings: loaded 2 strings from file C:\Program Files (x86)\Kodi\addons\pvr.njoy\resources\language\resource.language.en_gb\strings.po
11:09:44.447 T:17656   DEBUG: LocalizeStrings: loaded 2 strings from file C:\Program Files (x86)\Kodi\addons\pvr.octonet\resources\language\resource.language.en_gb\strings.po
11:09:44.447 T:17656   DEBUG: LocalizeStrings: loaded 8 strings from file C:\Program Files (x86)\Kodi\addons\pvr.pctv\resources\language\resource.language.en_gb\strings.po
11:09:44.449 T:17656   DEBUG: LocalizeStrings: loaded 43 strings from file C:\Program Files (x86)\Kodi\addons\pvr.stalker\resources\language\resource.language.en_gb\strings.po
11:09:44.449 T:17656   DEBUG: LocalizeStrings: loaded 25 strings from file C:\Program Files (x86)\Kodi\addons\pvr.vbox\resources\language\resource.language.en_gb\strings.po
11:09:44.449 T:17656   DEBUG: LocalizeStrings: loaded 70 strings from file C:\Program Files (x86)\Kodi\addons\pvr.vdr.vnsi\resources\language\resource.language.en_gb\strings.po
11:09:44.449 T:17656   DEBUG: LocalizeStrings: loaded 27 strings from file C:\Program Files (x86)\Kodi\addons\pvr.vuplus\resources\language\resource.language.en_gb\strings.po
11:09:44.449 T:17656   DEBUG: LocalizeStrings: loaded 70 strings from file C:\Program Files (x86)\Kodi\addons\pvr.wmc\resources\language\resource.language.en_gb\strings.po
11:09:44.450 T:17656   DEBUG: LocalizeStrings: loaded 8 strings from file C:\Program Files (x86)\Kodi\addons\screensaver.biogenesis\resources\language\English\strings.po
11:09:44.450 T:17656   DEBUG: LocalizeStrings: loaded 16 strings from file C:\Program Files (x86)\Kodi\addons\screensaver.greynetic\resources\language\English\strings.po
11:09:44.450 T:17656   DEBUG: LocalizeStrings: loaded 10 strings from file C:\Program Files (x86)\Kodi\addons\screensaver.pingpong\resources\language\English\strings.po
11:09:44.451 T:17656   DEBUG: LocalizeStrings: loaded 39 strings from file C:\Program Files (x86)\Kodi\addons\screensaver.shadertoy\resources\language\English\strings.po
11:09:44.451 T:17656   DEBUG: LocalizeStrings: loaded 6 strings from file C:\Program Files (x86)\Kodi\addons\screensaver.stars\resources\language\English\strings.po
11:09:44.452 T:17656   DEBUG: POParser: PO file has Win Style Line Endings. Converted in memory to Linux LF for file: C:\Program Files (x86)\Kodi\addons\screensaver.xbmc.builtin.dim\resources\language\resource.language.en_gb\strings.po
11:09:44.452 T:17656   DEBUG: LocalizeStrings: loaded 1 strings from file C:\Program Files (x86)\Kodi\addons\screensaver.xbmc.builtin.dim\resources\language\resource.language.en_gb\strings.po
11:09:44.452 T:17656   DEBUG: LocalizeStrings: loaded 24 strings from file C:\Users\flyp1\AppData\Roaming\Kodi\addons\service.xbmc.versioncheck\resources\language\English\strings.po
11:09:44.453 T:17656   DEBUG: LocalizeStrings: loaded 18 strings from file C:\Program Files (x86)\Kodi\addons\visualization.milkdrop\resources\language\English\strings.po
11:09:44.453 T:17656   DEBUG: LocalizeStrings: loaded 15 strings from file C:\Program Files (x86)\Kodi\addons\visualization.spectrum\resources\language\English\strings.po
11:09:44.454 T:17656   DEBUG: LocalizeStrings: loaded 11 strings from file C:\Program Files (x86)\Kodi\addons\visualization.vortex\resources\language\English\strings.po
11:09:44.454 T:17656   DEBUG: LocalizeStrings: loaded 7 strings from file C:\Users\flyp1\AppData\Roaming\Kodi\addons\script.common.plugin.cache\resources\language\resource.language.en_gb\strings.po
11:09:44.456 T:17656   DEBUG: LocalizeStrings: loaded 22 strings from file C:\Users\flyp1\AppData\Roaming\Kodi\addons\script.module.buggalo\resources\language\English\strings.xml
11:09:44.457 T:17656   DEBUG: LocalizeStrings: loaded 18 strings from file C:\Users\flyp1\AppData\Roaming\Kodi\addons\script.module.simple.downloader\resources\language\English\strings.xml
11:09:44.459 T:17656   DEBUG: LocalizeStrings: loaded 45 strings from file C:\Users\flyp1\AppData\Roaming\Kodi\addons\script.module.youtube.dl\resources\language\English\strings.po
11:09:44.460 T:17656   DEBUG: LocalizeStrings: loaded 167 strings from file C:\Users\flyp1\AppData\Roaming\Kodi\addons\script.extendedinfo\resources\language\resource.language.en_gb\strings.po
11:09:44.461 T:17656   DEBUG: LocalizeStrings: loaded 51 strings from file C:\Users\flyp1\AppData\Roaming\Kodi\addons\script.module.metadatautils\resources\language\resource.language.en_gb\strings.po
11:09:44.462 T:17656   DEBUG: LocalizeStrings: loaded 26 strings from file C:\Users\flyp1\AppData\Roaming\Kodi\addons\script.skin.helper.service\resources\language\resource.language.en_gb\strings.po
11:09:44.462 T:17656   DEBUG: LocalizeStrings: loaded 69 strings from file C:\Users\flyp1\AppData\Roaming\Kodi\addons\script.skin.helper.widgets\resources\language\resource.language.en_gb\strings.po
11:09:44.463 T:17656   DEBUG: LocalizeStrings: loaded 120 strings from file C:\Users\flyp1\AppData\Roaming\Kodi\addons\script.skinshortcuts\resources\language\English\strings.po
11:09:44.463 T:17656   DEBUG: LocalizeStrings: loaded 24 strings from file C:\Users\flyp1\AppData\Roaming\Kodi\addons\service.library.data.provider\resources\language\resource.language.en_gb\strings.po
11:09:44.463 T:17656   DEBUG: LocalizeStrings: loaded 16 strings from file C:\Users\flyp1\AppData\Roaming\Kodi\addons\weather.yahoo\resources\language\resource.language.en_gb\strings.po
11:09:44.463 T:17656   DEBUG: LocalizeStrings: loaded 62 strings from file C:\Users\flyp1\AppData\Roaming\Kodi\addons\weather.gismeteo\resources\language\resource.language.en_gb\strings.po
11:09:44.464 T:17656   DEBUG: LocalizeStrings: loaded 100 strings from file C:\Users\flyp1\AppData\Roaming\Kodi\addons\script.artwork.downloader\resources\language\English\strings.po
11:09:44.465 T:17656   DEBUG: LocalizeStrings: loaded 46 strings from file C:\Users\flyp1\AppData\Roaming\Kodi\addons\script.paragontv\resources\language\resource.language.en_gb\strings.po
11:09:44.465 T:17656   DEBUG: LocalizeStrings: loaded 12 strings from file C:\Users\flyp1\AppData\Roaming\Kodi\addons\script.keymap\resources\language\English\strings.xml
11:09:44.466 T:17656   DEBUG: PERIPHERALS::CPeripherals::LoadMappings - loaded node "Motorola Nyxboard Hybrid"
11:09:44.466 T:17656   DEBUG: PERIPHERALS::CPeripherals::LoadMappings - loaded node "CEC Adapter"
11:09:44.466 T:17656   DEBUG: PERIPHERALS::CPeripherals::LoadMappings - loaded node "Pulse-Eight CEC Adapter"
11:09:44.466 T:17656   DEBUG: PERIPHERALS::CPeripherals::LoadMappings - loaded node "iMON HID device"
11:09:44.466 T:17656   DEBUG: PERIPHERALS::CPeripherals::LoadMappings - loaded node "WETEK Play remote"
11:09:44.466 T:17656   DEBUG: PERIPHERALS::CPeripherals::LoadMappings - loaded node ""
11:09:44.466 T:17656   DEBUG: SECTION:LoadDLL(special://xbmcbin/cec.dll)
11:09:44.471 T:17656   DEBUG: Add-on bus: Registering add-on peripheral.joystick
11:09:44.471 T:17656   DEBUG: PERIPHERAL - PERIPHERALS::CPeripheralAddon::CreateAddon - creating peripheral add-on instance 'Joystick Support'
11:09:44.471 T:17656   DEBUG: ADDON: Dll Initializing - Joystick Support
11:09:44.471 T:17656   DEBUG: SECTION:LoadDLL(C:\Program Files (x86)\Kodi\addons\peripheral.joystick\peripheral.joystick.dll)
11:09:44.472 T:17656   DEBUG: AddOnLog: Joystick Support: Attempting to load XInput1_4.dll...
11:09:44.473 T:17656   DEBUG: AddOnLog: Joystick Support: Loaded XInput DLL version 1.4
11:09:44.473 T:17656   DEBUG: AddOnLog: Joystick Support: Loaded XInput symbols (GetState=5C031DF0, GetStateEx=00000000, SetState=5C032060, GetCaps=5C0322E0, GetBatteryInformation=5C032650, PowerOff=00000000)
11:09:44.474 T:17656   DEBUG: AddOnLog: Joystick Support: Loaded 14 joystick families with 97 total joysticks
11:09:44.475 T:17656   DEBUG: Calling TransferSettings for: Joystick Support
11:09:44.475 T:17656   DEBUG: SECTION:LoadDLL(special://xbmcbin/libcurl.dll)
11:09:44.475 T:7756   DEBUG: Thread PeripBusUSB start, auto delete: false
11:09:44.475 T:1040   DEBUG: Thread PeripBusCEC start, auto delete: false
11:09:44.475 T:13848   DEBUG: Thread PeripBusAddon start, auto delete: false
11:09:44.475 T:17908   DEBUG: Thread PeripEventScanner start, auto delete: false
11:09:44.481 T:18104  NOTICE: Running database version Addons27
11:09:44.482 T:18104   DEBUG: CDatabaseManager::Initialize, updating databases...
11:09:44.482 T:18104  NOTICE: Running database version ViewModes6
11:09:44.484 T:18104  NOTICE: Running database version Textures13
11:09:44.486 T:18104  NOTICE: Running database version MyMusic60
11:09:44.491 T:18104  NOTICE: Running database version MyVideos107
11:09:44.492 T:18104  NOTICE: Running database version TV29
11:09:44.493 T:18104  NOTICE: Running database version Epg11
11:09:44.495 T:18104   DEBUG: CDatabaseManager::Initialize, updating databases... DONE
11:09:44.497 T:17656   DEBUG: DPMS: supported power-saving modes: OFF STANDBY
11:09:44.524 T:17952   DEBUG: CAnnouncementManager - Announcement: OnClear from xbmc
11:09:44.524 T:17952   DEBUG: GOT ANNOUNCEMENT, type: 2, from xbmc, message OnClear
11:09:44.534 T:17656    INFO: Unloading old skin ...
11:09:44.535 T:17656    INFO:   load skin from: C:\Users\flyp1\AppData\Roaming\Kodi\addons\skin.paragon (version: 6.1.0)
11:09:44.535 T:17656    INFO:   load fonts for skin...
11:09:44.536 T:17656    INFO: Loading fonts from C:\Users\flyp1\AppData\Roaming\Kodi\addons\skin.paragon\720p\Font.xml
11:09:44.566 T:17656   ERROR: Couldn't load font name: FontSize_150BH(birth_of_a_hero.ttf), trying to substitute arial.ttf
11:09:44.572 T:17656   ERROR: Couldn't load font name: FontSize_180L(lcdml___.ttf), trying to substitute arial.ttf
11:09:44.580 T:17656   ERROR: Couldn't load font name: font10(roboto-regular.ttf), trying to substitute arial.ttf
11:09:44.584 T:17656   ERROR: Couldn't load font name: font12(roboto-regular.ttf), trying to substitute arial.ttf
11:09:44.587 T:17656   ERROR: Couldn't load font name: font13(roboto-regular.ttf), trying to substitute arial.ttf
11:09:44.591 T:17656   ERROR: Couldn't load font name: font14(roboto-regular.ttf), trying to substitute arial.ttf
11:09:44.594 T:17656   ERROR: Couldn't load font name: font16(roboto-regular.ttf), trying to substitute arial.ttf
11:09:44.597 T:17656   ERROR: Couldn't load font name: font30(roboto-regular.ttf), trying to substitute arial.ttf
11:09:44.600 T:17656   ERROR: Couldn't load font name: fontContextMenu(roboto-regular.ttf), trying to substitute arial.ttf
11:09:44.610 T:17656   ERROR: Couldn't load font name: font_MainMenu(dejavusans-bold-caps.ttf), trying to substitute arial.ttf
11:09:44.614 T:17656   ERROR: Couldn't load font name: PTVL10(poppins-medium.ttf), trying to substitute arial.ttf
11:09:44.614 T:17656   ERROR: Couldn't load font name: PTVL12(poppins-medium.ttf), trying to substitute arial.ttf
11:09:44.619 T:17656   ERROR: Couldn't load font name: PTVL13(poppins-medium.ttf), trying to substitute arial.ttf
11:09:44.619 T:17656   ERROR: Couldn't load font name: PTVL14(poppins-medium.ttf), trying to substitute arial.ttf
11:09:44.624 T:17656   DEBUG: POParser: PO file has Win Style Line Endings. Converted in memory to Linux LF for file: C:\Users\flyp1\AppData\Roaming\Kodi\addons\skin.paragon\language\English\strings.po
11:09:44.624 T:17656   DEBUG: LocalizeStrings: loaded 258 strings from file C:\Users\flyp1\AppData\Roaming\Kodi\addons\skin.paragon\language\English\strings.po
11:09:44.624 T:17656    INFO: Loading skin includes from C:\Users\flyp1\AppData\Roaming\Kodi\addons\skin.paragon\720p\includes.xml
11:09:44.681 T:17656    INFO: Error loading includes.xml file (C:\Users\flyp1\AppData\Roaming\Kodi\addons\skin.paragon\720p\IncludesHomeWidgets.xml): Error reading Attributes. (row=176, col=55)
11:09:44.714 T:17656    INFO:   load new skin...
11:09:44.714 T:17656    INFO: Loading user windows, path C:\Users\flyp1\AppData\Roaming\Kodi\addons\skin.paragon\720p
11:09:44.725 T:17656   DEBUG: Load Skin XML: 10.94ms
11:09:44.725 T:17656    INFO:   initialize new skin...
11:09:44.725 T:17656   DEBUG: guilib: Fill viewport on change for solving rendering passes
11:09:44.725 T:17656    INFO: Loading skin file: Pointer.xml, load type: LOAD_ON_GUI_INIT
11:09:44.726 T:17656    INFO: Loading skin file: DialogVolumeBar.xml, load type: LOAD_ON_GUI_INIT
11:09:44.727 T:17656    INFO: Loading skin file: DialogNotification.xml, load type: LOAD_ON_GUI_INIT
11:09:44.728 T:17656    INFO: Loading skin file: DialogSeekBar.xml, load type: LOAD_ON_GUI_INIT
11:09:44.728 T:17656    INFO: Loading skin file: DialogBusy.xml, load type: LOAD_ON_GUI_INIT
11:09:44.728 T:17656    INFO: Loading skin file: DialogExtendedProgressBar.xml, load type: LOAD_ON_GUI_INIT
11:09:44.729 T:17656    INFO: Loading resource://resource.uisounds.kodi/sounds.xml
11:09:44.738 T:17656    INFO:   skin loaded...
11:09:44.738 T:17656   DEBUG: Activating window ID: 12997
11:09:44.738 T:17656   DEBUG: ------ Window Init () ------
11:09:44.738 T:17656    INFO: load splash image: C:\Program Files (x86)\Kodi\media\Splash.png
11:09:44.746 T:17656   DEBUG: JSONRPC: JSON schema type definition references an unknown type Setting.Details.Setting
11:09:44.746 T:17656 WARNING: JSONRPC: Could not parse type "Setting.Details.SettingList"
11:09:44.746 T:17656    INFO: JSONRPC: Adding type "Setting.Details.SettingList" to list of incomplete definitions (waiting for "Setting.Details.Setting")
11:09:44.746 T:17656    INFO: JSONRPC: Resolving incomplete types/methods referencing Setting.Details.Setting
11:09:44.760 T:17656    INFO: JSONRPC v8.0.0: Successfully initialized
11:09:44.760 T:17656   DEBUG: ADDON: Starting service addons.
11:09:44.764 T:4596   DEBUG: Thread LanguageInvoker start, auto delete: false
11:09:44.764 T:4596   DEBUG: Previous line repeats 1 times.
11:09:44.764 T:4596    INFO: initializing python engine.
11:09:44.764 T:17044    INFO: Previous line repeats 1 times.
11:09:44.764 T:17044   DEBUG: Thread LanguageInvoker start, auto delete: false
11:09:44.764 T:17044    INFO: initializing python engine.
11:09:44.764 T:2908   DEBUG: Thread LanguageInvoker start, auto delete: false
11:09:44.764 T:2908    INFO: initializing python engine.
11:09:44.764 T:17656   DEBUG: Activating window ID: 12999
11:09:44.764 T:17656   DEBUG: ------ Window Init (Startup.xml) ------
11:09:44.764 T:17656    INFO: Loading skin file: Startup.xml, load type: LOAD_EVERY_TIME
11:09:44.764 T:16888   DEBUG: Thread LanguageInvoker start, auto delete: false
11:09:44.765 T:16888    INFO: initializing python engine.
11:09:44.765 T:17656   DEBUG: Activating window ID: 11114
11:09:44.765 T:17656   DEBUG: ------ Window Init (Custom_StartExit.xml) ------
11:09:44.765 T:17656    INFO: Loading skin file: Custom_StartExit.xml, load type: KEEP_IN_MEMORY
11:09:44.765 T:17656 WARNING: Label Formating: $VAR[Custom_ExitSubLabels] is not defined
11:09:44.766 T:17656 WARNING: Previous line repeats 1 times.
11:09:44.766 T:17656   DEBUG: [Warning] CGUITextureManager::GetTexturePath: could not find texture 'buttons/catbullet_nf.png'
11:09:44.766 T:17656   DEBUG: Previous line repeats 1 times.
11:09:44.766 T:17656   DEBUG: started alarm with name: close
11:09:44.766 T:17656   DEBUG: started alarm with name: starting
11:09:44.766 T:17656   DEBUG: CNetwork::NetworkMessage - Starting network services
11:09:44.766 T:16096   DEBUG: Thread AlarmClock start, auto delete: false
11:09:44.768 T:17656  NOTICE: CWebServer[808]: Started
11:09:44.768 T:17656  NOTICE: starting upnp client
11:09:44.772 T:17656    INFO: JSONRPC Server: Successfully initialized
11:09:44.772 T:11716   DEBUG: Thread EventServer start, auto delete: false
11:09:44.772 T:11716  NOTICE: ES: Starting UDP Event server on port 9777
11:09:44.772 T:11220   DEBUG: Thread TCPServer start, auto delete: false
11:09:44.772 T:11716  NOTICE: UDP: Listening on port 9777 (ipv6 : false)
11:09:44.773 T:17656   DEBUG: ------ Window Init () ------
11:09:44.799 T:4596   DEBUG: CPythonInvoker(0, C:\Users\flyp1\AppData\Roaming\Kodi\addons\service.xbmc.versioncheck\resources\lib\runner.py): start processing
11:09:44.799 T:15920   DEBUG: CPythonInvoker(1, C:\Users\flyp1\AppData\Roaming\Kodi\addons\script.module.simple.downloader\default.py): start processing
11:09:44.800 T:2908   DEBUG: CPythonInvoker(3, C:\Users\flyp1\AppData\Roaming\Kodi\addons\script.skin.helper.widgets\service.py): start processing
11:09:44.800 T:17044   DEBUG: CPythonInvoker(2, C:\Users\flyp1\AppData\Roaming\Kodi\addons\script.skin.helper.service\service.py): start processing
11:09:44.800 T:16888   DEBUG: CPythonInvoker(4, C:\Users\flyp1\AppData\Roaming\Kodi\addons\service.library.data.provider\service.py): start processing
11:09:44.829 T:4596   DEBUG: -->Python Interpreter Initialized<--
11:09:44.829 T:4596   DEBUG: CPythonInvoker(0, C:\Users\flyp1\AppData\Roaming\Kodi\addons\service.xbmc.versioncheck\resources\lib\runner.py): the source file to load is "C:\Users\flyp1\AppData\Roaming\Kodi\addons\service.xbmc.versioncheck\resources\lib\runner.py"
11:09:44.829 T:4596   DEBUG: CPythonInvoker(0, C:\Users\flyp1\AppData\Roaming\Kodi\addons\service.xbmc.versioncheck\resources\lib\runner.py): setting the Python path to C:\Users\flyp1\AppData\Roaming\Kodi\addons\service.xbmc.versioncheck\resources\lib;C:\Program Files (x86)\Kodi\system\python\DLLs;C:\Program Files (x86)\Kodi\system\python\Lib;C:\Program Files (x86)\Kodi\python27.zip;C:\Program Files (x86)\Kodi\system\python\lib\plat-win;C:\Program Files (x86)\Kodi\system\python\lib\lib-tk;C:\Program Files (x86)\Kodi;C:\Program Files (x86)\Kodi\system\python;C:\Program Files (x86)\Kodi\system\python\lib\site-packages
11:09:44.829 T:4596   DEBUG: CPythonInvoker(0, C:\Users\flyp1\AppData\Roaming\Kodi\addons\service.xbmc.versioncheck\resources\lib\runner.py): entering source directory C:\Users\flyp1\AppData\Roaming\Kodi\addons\service.xbmc.versioncheck\resources\lib
11:09:44.833 T:4596   DEBUG: CPythonInvoker(0, C:\Users\flyp1\AppData\Roaming\Kodi\addons\service.xbmc.versioncheck\resources\lib\runner.py): instantiating addon using automatically obtained id of "service.xbmc.versioncheck" dependent on version 2.14.0 of the xbmc.python api
11:09:44.963 T:15920   DEBUG: -->Python Interpreter Initialized<--
11:09:44.963 T:15920   DEBUG: CPythonInvoker(1, C:\Users\flyp1\AppData\Roaming\Kodi\addons\script.module.simple.downloader\default.py): the source file to load is "C:\Users\flyp1\AppData\Roaming\Kodi\addons\script.module.simple.downloader\default.py"
11:09:44.964 T:4596   DEBUG: Version Check: Version 0.5.14 started
11:09:44.964 T:2908   DEBUG: -->Python Interpreter Initialized<--
11:09:44.964 T:2908   DEBUG: CPythonInvoker(3, C:\Users\flyp1\AppData\Roaming\Kodi\addons\script.skin.helper.widgets\service.py): the source file to load is "C:\Users\flyp1\AppData\Roaming\Kodi\addons\script.skin.helper.widgets\service.py"
11:09:44.965 T:17044   DEBUG: -->Python Interpreter Initialized<--
11:09:44.965 T:17044   DEBUG: CPythonInvoker(2, C:\Users\flyp1\AppData\Roaming\Kodi\addons\script.skin.helper.service\service.py): the source file to load is "C:\Users\flyp1\AppData\Roaming\Kodi\addons\script.skin.helper.service\service.py"
11:09:44.966 T:16888   DEBUG: -->Python Interpreter Initialized<--
11:09:44.966 T:16888   DEBUG: CPythonInvoker(4, C:\Users\flyp1\AppData\Roaming\Kodi\addons\service.library.data.provider\service.py): the source file to load is "C:\Users\flyp1\AppData\Roaming\Kodi\addons\service.library.data.provider\service.py"
11:09:44.967 T:15920   DEBUG: CPythonInvoker(1, C:\Users\flyp1\AppData\Roaming\Kodi\addons\script.module.simple.downloader\default.py): setting the Python path to C:\Users\flyp1\AppData\Roaming\Kodi\addons\script.module.simple.downloader;C:\Users\flyp1\AppData\Roaming\Kodi\addons\script.common.plugin.cache\resources\lib\storage_server\;C:\Users\flyp1\AppData\Roaming\Kodi\addons\script.module.parsedom\lib;C:\Program Files (x86)\Kodi\system\python\DLLs;C:\Program Files (x86)\Kodi\system\python\Lib;C:\Program Files (x86)\Kodi\python27.zip;C:\Program Files (x86)\Kodi\system\python\lib\plat-win;C:\Program Files (x86)\Kodi\system\python\lib\lib-tk;C:\Program Files (x86)\Kodi;C:\Program Files (x86)\Kodi\system\python;C:\Program Files (x86)\Kodi\system\python\lib\site-packages
11:09:44.967 T:15920   DEBUG: CPythonInvoker(1, C:\Users\flyp1\AppData\Roaming\Kodi\addons\script.module.simple.downloader\default.py): entering source directory C:\Users\flyp1\AppData\Roaming\Kodi\addons\script.module.simple.downloader
11:09:44.967 T:2908   DEBUG: CPythonInvoker(3, C:\Users\flyp1\AppData\Roaming\Kodi\addons\script.skin.helper.widgets\service.py): setting the Python path to C:\Users\flyp1\AppData\Roaming\Kodi\addons\script.skin.helper.widgets;C:\Users\flyp1\AppData\Roaming\Kodi\addons\script.module.arrow\lib;C:\Users\flyp1\AppData\Roaming\Kodi\addons\script.module.backports.functools_lru_cache\lib;C:\Users\flyp1\AppData\Roaming\Kodi\addons\script.module.beautifulsoup\lib;C:\Users\flyp1\AppData\Roaming\Kodi\addons\script.module.certifi\lib;C:\Users\flyp1\AppData\Roaming\Kodi\addons\script.module.chardet\lib;C:\Users\flyp1\AppData\Roaming\Kodi\addons\script.module.dateutil\lib;C:\Users\flyp1\AppData\Roaming\Kodi\addons\script.module.idna\lib;C:\Users\flyp1\AppData\Roaming\Kodi\addons\script.module.metadatautils\lib;C:\Users\flyp1\AppData\Roaming\Kodi\addons\script.module.musicbrainz\lib;C:\Users\flyp1\AppData\Roaming\Kodi\addons\script.module.requests\lib;C:\Users\flyp1\AppData\Roaming\Kodi\addons\script.module.simplecache\lib;C:\Users\flyp1\AppData\Roaming\Kodi\addons\script.module.simplejson\lib;C:\Users\flyp1\AppData\Roaming\Kodi\addons\script.module.six\lib;C:\Users\flyp1\AppData\Roaming\Kodi\addons\script.module.thetvdb\lib;C:\Users\flyp1\AppData\Roaming\Kodi\addons\script.module.urllib3\lib;C:\Program Files (x86)\Kodi\system\python\DLLs;C:\Program Files (x86)\Kodi\system\python\Lib;C:\Program Files (x86)\Kodi\python27.zip;C:\Program Files (x86)\Kodi\system\python\lib\plat-win;C:\Program Files (x86)\Kodi\system\python\lib\lib-tk;C:\Program Files (x86)\Kodi;C:\Program Files (x86)\Kodi\system\python;C:\Program Files (x86)\Kodi\system\python\lib\site-packages
11:09:44.967 T:2908   DEBUG: CPythonInvoker(3, C:\Users\flyp1\AppData\Roaming\Kodi\addons\script.skin.helper.widgets\service.py): entering source directory C:\Users\flyp1\AppData\Roaming\Kodi\addons\script.skin.helper.widgets
11:09:44.968 T:17044   DEBUG: CPythonInvoker(2, C:\Users\flyp1\AppData\Roaming\Kodi\addons\script.skin.helper.service\service.py): setting the Python path to C:\Users\flyp1\AppData\Roaming\Kodi\addons\script.skin.helper.service;C:\Users\flyp1\AppData\Roaming\Kodi\addons\script.module.arrow\lib;C:\Users\flyp1\AppData\Roaming\Kodi\addons\script.module.backports.functools_lru_cache\lib;C:\Users\flyp1\AppData\Roaming\Kodi\addons\script.module.beautifulsoup\lib;C:\Users\flyp1\AppData\Roaming\Kodi\addons\script.module.certifi\lib;C:\Users\flyp1\AppData\Roaming\Kodi\addons\script.module.chardet\lib;C:\Users\flyp1\AppData\Roaming\Kodi\addons\script.module.dateutil\lib;C:\Users\flyp1\AppData\Roaming\Kodi\addons\script.module.idna\lib;C:\Users\flyp1\AppData\Roaming\Kodi\addons\script.module.metadatautils\lib;C:\Users\flyp1\AppData\Roaming\Kodi\addons\script.module.musicbrainz\lib;C:\Users\flyp1\AppData\Roaming\Kodi\addons\script.module.requests\lib;C:\Users\flyp1\AppData\Roaming\Kodi\addons\script.module.simplecache\lib;C:\Users\flyp1\AppData\Roaming\Kodi\addons\script.module.simplejson\lib;C:\Users\flyp1\AppData\Roaming\Kodi\addons\script.module.six\lib;C:\Users\flyp1\AppData\Roaming\Kodi\addons\script.module.thetvdb\lib;C:\Users\flyp1\AppData\Roaming\Kodi\addons\script.module.urllib3\lib;C:\Program Files (x86)\Kodi\system\python\DLLs;C:\Program Files (x86)\Kodi\system\python\Lib;C:\Program Files (x86)\Kodi\python27.zip;C:\Program Files (x86)\Kodi\system\python\lib\plat-win;C:\Program Files (x86)\Kodi\system\python\lib\lib-tk;C:\Program Files (x86)\Kodi;C:\Program Files (x86)\Kodi\system\python;C:\Program Files (x86)\Kodi\system\python\lib\site-packages
11:09:44.968 T:17044   DEBUG: CPythonInvoker(2, C:\Users\flyp1\AppData\Roaming\Kodi\addons\script.skin.helper.service\service.py): entering source directory C:\Users\flyp1\AppData\Roaming\Kodi\addons\script.skin.helper.service
11:09:44.968 T:16888   DEBUG: CPythonInvoker(4, C:\Users\flyp1\AppData\Roaming\Kodi\addons\service.library.data.provider\service.py): setting the Python path to C:\Users\flyp1\AppData\Roaming\Kodi\addons\service.library.data.provider;C:\Users\flyp1\AppData\Roaming\Kodi\addons\script.module.routing\lib;C:\Users\flyp1\AppData\Roaming\Kodi\addons\script.module.simplejson\lib;C:\Program Files (x86)\Kodi\system\python\DLLs;C:\Program Files (x86)\Kodi\system\python\Lib;C:\Program Files (x86)\Kodi\python27.zip;C:\Program Files (x86)\Kodi\system\python\lib\plat-win;C:\Program Files (x86)\Kodi\system\python\lib\lib-tk;C:\Program Files (x86)\Kodi;C:\Program Files (x86)\Kodi\system\python;C:\Program Files (x86)\Kodi\system\python\lib\site-packages
11:09:44.968 T:16888   DEBUG: CPythonInvoker(4, C:\Users\flyp1\AppData\Roaming\Kodi\addons\service.library.data.provider\service.py): entering source directory C:\Users\flyp1\AppData\Roaming\Kodi\addons\service.library.data.provider
11:09:44.968 T:15920   DEBUG: CPythonInvoker(1, C:\Users\flyp1\AppData\Roaming\Kodi\addons\script.module.simple.downloader\default.py): instantiating addon using automatically obtained id of "script.module.simple.downloader" dependent on version 2.1.0 of the xbmc.python api
11:09:44.972 T:2908   DEBUG: CPythonInvoker(3, C:\Users\flyp1\AppData\Roaming\Kodi\addons\script.skin.helper.widgets\service.py): instantiating addon using automatically obtained id of "script.skin.helper.widgets" dependent on version 2.24.0 of the xbmc.python api
11:09:44.972 T:17044   DEBUG: CPythonInvoker(2, C:\Users\flyp1\AppData\Roaming\Kodi\addons\script.skin.helper.service\service.py): instantiating addon using automatically obtained id of "script.skin.helper.service" dependent on version 2.13.0 of the xbmc.python api
11:09:44.972 T:16888   DEBUG: CPythonInvoker(4, C:\Users\flyp1\AppData\Roaming\Kodi\addons\service.library.data.provider\service.py): instantiating addon using automatically obtained id of "service.library.data.provider" dependent on version 2.25.0 of the xbmc.python api
11:09:45.065 T:18296   DEBUG: CRemoteControl::Connect - connecting to: 127.0.0.1:24000 ...
11:09:45.892 T:17044   DEBUG: Skin Helper Simplecache --> Initialized
11:09:45.893 T:17044   DEBUG: Previous line repeats 1 times.
11:09:45.893 T:17044   DEBUG: script.module.thetvdb --> Initialized
11:09:45.930 T:17044   DEBUG: Skin Helper Simplecache --> Initialized
11:09:45.936 T:15920    INFO: CPythonInvoker(1, C:\Users\flyp1\AppData\Roaming\Kodi\addons\script.module.simple.downloader\default.py): script successfully run
11:09:45.936 T:17044   DEBUG: Skin Helper Simplecache --> Initialized
11:09:45.943 T:15920    INFO: Python script stopped
11:09:45.943 T:15920   DEBUG: Thread LanguageInvoker 15920 terminating
11:09:45.952 T:2908  NOTICE: Skin Helper Widgets --> Backgroundservice started
11:09:45.982 T:16888   DEBUG: Library Data Provider: service version 0.3.2 started
11:09:45.982 T:17044   DEBUG: Skin Helper Simplecache --> Initialized
11:09:45.982 T:17044   DEBUG: Metadata and Artwork module --> Initialized
11:09:45.991 T:17044   DEBUG: Skin Helper Simplecache --> Initialized
11:09:45.992 T:9192   DEBUG: Skin Helper Service --> ListItemMonitor - started
11:09:45.992 T:17028  NOTICE: Skin Helper Service --> WebService - start helper webservice on port 52307
11:09:45.992 T:17044  NOTICE: Skin Helper Service --> Skin Helper Service version 1.1.3 started
11:09:46.009 T:17392   DEBUG: Thread Timer start, auto delete: false
11:09:46.012 T:17392   DEBUG: Thread Timer 17392 terminating
11:09:46.012 T:16472   DEBUG: Thread Timer start, auto delete: false
11:09:46.025 T:16472   DEBUG: Thread Timer 16472 terminating
11:09:46.026 T:5696   DEBUG: Thread Timer start, auto delete: false
11:09:46.037 T:5696   DEBUG: Thread Timer 5696 terminating
11:09:46.038 T:6588   DEBUG: Thread Timer start, auto delete: false
11:09:46.051 T:6588   DEBUG: Thread Timer 6588 terminating
11:09:46.052 T:9032   DEBUG: Thread Timer start, auto delete: false
11:09:46.071 T:16888   DEBUG: CVideoDatabase::RunQuery took 82 ms for 1276 items query: select * from movie_view  WHERE ((movie_view.playCount IS NULL OR movie_view.playCount < 1))
11:09:46.410 T:16888   DEBUG: CVideoDatabase::RunQuery took 217 ms for 20363 items query: select * from episode_view  WHERE ((episode_view.playCount IS NULL OR episode_view.playCount < 1))
11:09:46.554 T:9032   DEBUG: Thread Timer 9032 terminating
11:09:46.829 T:16888   DEBUG: CMusicDatabase::GetSongsFullByWhere query = SELECT sv.*, songartistview.* FROM (SELECT songview.* FROM songview  WHERE ((CAST(songview.iTimesPlayed as DECIMAL(5,1)) < 1)) ORDER BY RANDOM() LIMIT 20) AS sv JOIN songartistview ON songartistview.idsong = sv.idsong  ORDER BY songartistview.idsong, songartistview.idRole, songartistview.iOrder
11:09:46.846 T:16888   DEBUG: CMusicDatabase::GetSongsFullByWhere() - took 22 ms
11:09:46.870 T:16888   DEBUG: CMusicDatabase::GetAlbumsByWhere query: SELECT albumview.*, albumartistview.* FROM albumview JOIN albumartistview ON albumartistview.idalbum = albumview.idalbum  WHERE albumview.strReleaseType = 'album'
11:09:46.888 T:16888   DEBUG: CMusicDatabase::GetAlbumsByWhere - query took 18 ms
11:09:46.920 T:16888   DEBUG: CVideoDatabase::RunQuery took 0 ms for 0 items query: select * from musicvideo_view  WHERE ((musicvideo_view.playCount IS NULL OR musicvideo_view.playCount < 1))
11:09:46.993 T:16888   DEBUG: CVideoDatabase::RunQuery took 70 ms for 1276 items query: select * from movie_view  WHERE ((movie_view.playCount IS NULL OR movie_view.playCount < 1))
11:09:47.114 T:18296   DEBUG: CRemoteControl::Connect - failed to connect
11:09:47.114 T:18296    INFO: CRemoteControl::Process - failed to connect to irss, will keep retrying every 5 seconds
11:09:47.355 T:16888   DEBUG: CVideoDatabase::RunQuery took 209 ms for 20363 items query: select * from episode_view  WHERE ((episode_view.playCount IS NULL OR episode_view.playCount < 1))
11:09:47.976 T:16888   DEBUG: CMusicDatabase::GetAlbumsByWhere query: SELECT albumview.*, albumartistview.* FROM albumview JOIN albumartistview ON albumartistview.idalbum = albumview.idalbum  WHERE albumview.strReleaseType = 'album'
11:09:47.987 T:16888   DEBUG: CMusicDatabase::GetAlbumsByWhere - query took 10 ms
11:09:48.021 T:16888   DEBUG: CVideoDatabase::RunQuery took 1 ms for 0 items query: select * from musicvideo_view  WHERE ((musicvideo_view.playCount IS NULL OR musicvideo_view.playCount < 1))
11:09:48.027 T:16888   DEBUG: CVideoDatabase::RunQuery took 4 ms for 71 items query: select * from movie_view  WHERE (movie_view.idFile  IN (SELECT DISTINCT idFile FROM bookmark WHERE type = 1))
11:09:48.217 T:16888   DEBUG: CVideoDatabase::RunQuery took 99 ms for 179 items query: SELECT * FROM tvshow_view  WHERE ((CASE WHEN COALESCE(tvshow_view.totalCount - tvshow_view.watchedcount, 0) > 0 THEN 0 ELSE 1 END  < 1)) AND ( ((tvshow_view.watchedcount > 0 AND tvshow_view.watchedcount < tvshow_view.totalCount) OR (tvshow_view.watchedcount = 0 AND EXISTS (SELECT 1 FROM episode_view WHERE episode_view.idShow = tvshow_view.idShow AND episode_view.resumeTimeInSeconds > 0))))
11:09:48.242 T:16888   DEBUG: CVideoDatabase::RunQuery took 2 ms for 130 items query: select * from episode_view  WHERE (episode_view.idShow = 414) AND (((episode_view.playCount IS NULL OR episode_view.playCount < 1)))
11:09:48.242 T:16888   DEBUG: DatabaseUtils::GetSortFieldList: unknown field 30
11:09:48.254 T:16888   DEBUG: CVideoDatabase::RunQuery took 1 ms for 40 items query: select * from episode_view  WHERE (episode_view.idShow = 335) AND (((episode_view.playCount IS NULL OR episode_view.playCount < 1)))
11:09:48.254 T:16888   DEBUG: DatabaseUtils::GetSortFieldList: unknown field 30
11:09:48.267 T:16888   DEBUG: CVideoDatabase::RunQuery took 1 ms for 59 items query: select * from episode_view  WHERE (episode_view.idShow = 287) AND (((episode_view.playCount IS NULL OR episode_view.playCount < 1)))
11:09:48.267 T:16888   DEBUG: DatabaseUtils::GetSortFieldList: unknown field 30
11:09:48.278 T:16888   DEBUG: CVideoDatabase::RunQuery took 2 ms for 93 items query: select * from episode_view  WHERE (episode_view.idShow = 290) AND (((episode_view.playCount IS NULL OR episode_view.playCount < 1)))
11:09:48.278 T:16888   DEBUG: DatabaseUtils::GetSortFieldList: unknown field 30
11:09:48.285 T:16888   DEBUG: CVideoDatabase::RunQuery took 0 ms for 27 items query: select * from episode_view  WHERE (episode_view.idShow = 411) AND (((episode_view.playCount IS NULL OR episode_view.playCount < 1)))
11:09:48.285 T:16888   DEBUG: DatabaseUtils::GetSortFieldList: unknown field 30
11:09:48.296 T:16888   DEBUG: CVideoDatabase::RunQuery took 4 ms for 96 items query: select * from episode_view  WHERE (episode_view.idShow = 36) AND (((episode_view.playCount IS NULL OR episode_view.playCount < 1)))
11:09:48.296 T:16888   DEBUG: DatabaseUtils::GetSortFieldList: unknown field 30
11:09:48.330 T:16888   DEBUG: CVideoDatabase::RunQuery took 4 ms for 102 items query: select * from episode_view  WHERE (episode_view.idShow = 400) AND (((episode_view.playCount IS NULL OR episode_view.playCount < 1)))
11:09:48.331 T:16888   DEBUG: DatabaseUtils::GetSortFieldList: unknown field 30
11:09:48.349 T:16888   DEBUG: CVideoDatabase::RunQuery took 1 ms for 119 items query: select * from episode_view  WHERE (episode_view.idShow = 32) AND (((episode_view.playCount IS NULL OR episode_view.playCount < 1)))
11:09:48.349 T:16888   DEBUG: DatabaseUtils::GetSortFieldList: unknown field 30
11:09:48.365 T:16888   DEBUG: CVideoDatabase::RunQuery took 2 ms for 194 items query: select * from episode_view  WHERE (episode_view.idShow = 342) AND (((episode_view.playCount IS NULL OR episode_view.playCount < 1)))
11:09:48.365 T:16888   DEBUG: DatabaseUtils::GetSortFieldList: unknown field 30
11:09:48.379 T:16888   DEBUG: CVideoDatabase::RunQuery took 1 ms for 109 items query: select * from episode_view  WHERE (episode_view.idShow = 135) AND (((episode_view.playCount IS NULL OR episode_view.playCount < 1)))
11:09:48.379 T:16888   DEBUG: DatabaseUtils::GetSortFieldList: unknown field 30
11:09:48.387 T:16888   DEBUG: CVideoDatabase::RunQuery took 1 ms for 38 items query: select * from episode_view  WHERE (episode_view.idShow = 44) AND (((episode_view.playCount IS NULL OR episode_view.playCount < 1)))
11:09:48.387 T:16888   DEBUG: DatabaseUtils::GetSortFieldList: unknown field 30
11:09:48.412 T:16888   DEBUG: CVideoDatabase::RunQuery took 1 ms for 102 items query: select * from episode_view  WHERE (episode_view.idShow = 338) AND (((episode_view.playCount IS NULL OR episode_view.playCount < 1)))
11:09:48.412 T:16888   DEBUG: DatabaseUtils::GetSortFieldList: unknown field 30
11:09:48.431 T:16888   DEBUG: CVideoDatabase::RunQuery took 5 ms for 582 items query: select * from episode_view  WHERE (episode_view.idShow = 265) AND (((episode_view.playCount IS NULL OR episode_view.playCount < 1)))
11:09:48.431 T:16888   DEBUG: DatabaseUtils::GetSortFieldList: unknown field 30
11:09:48.459 T:16888   DEBUG: CVideoDatabase::RunQuery took 2 ms for 41 items query: select * from episode_view  WHERE (episode_view.idShow = 77) AND (((episode_view.playCount IS NULL OR episode_view.playCount < 1)))
11:09:48.459 T:16888   DEBUG: DatabaseUtils::GetSortFieldList: unknown field 30
11:09:48.472 T:16888   DEBUG: CVideoDatabase::RunQuery took 3 ms for 260 items query: select * from episode_view  WHERE (episode_view.idShow = 361) AND (((episode_view.playCount IS NULL OR episode_view.playCount < 1)))
11:09:48.472 T:16888   DEBUG: DatabaseUtils::GetSortFieldList: unknown field 30
11:09:48.491 T:16888   DEBUG: CVideoDatabase::RunQuery took 4 ms for 376 items query: select * from episode_view  WHERE (episode_view.idShow = 347) AND (((episode_view.playCount IS NULL OR episode_view.playCount < 1)))
11:09:48.491 T:16888   DEBUG: DatabaseUtils::GetSortFieldList: unknown field 30
11:09:48.509 T:16888   DEBUG: CVideoDatabase::RunQuery took 3 ms for 261 items query: select * from episode_view  WHERE (episode_view.idShow = 203) AND (((episode_view.playCount IS NULL OR episode_view.playCount < 1)))
11:09:48.509 T:16888   DEBUG: DatabaseUtils::GetSortFieldList: unknown field 30
11:09:48.523 T:16888   DEBUG: CVideoDatabase::RunQuery took 1 ms for 86 items query: select * from episode_view  WHERE (episode_view.idShow = 303) AND (((episode_view.playCount IS NULL OR episode_view.playCount < 1)))
11:09:48.523 T:16888   DEBUG: DatabaseUtils::GetSortFieldList: unknown field 30
11:09:48.538 T:16888   DEBUG: CVideoDatabase::RunQuery took 1 ms for 93 items query: select * from episode_view  WHERE (episode_view.idShow = 117) AND (((episode_view.playCount IS NULL OR episode_view.playCount < 1)))
11:09:48.538 T:16888   DEBUG: DatabaseUtils::GetSortFieldList: unknown field 30
11:09:48.555 T:16888   DEBUG: CVideoDatabase::RunQuery took 2 ms for 5 items query: select * from episode_view  WHERE (episode_view.idShow = 31) AND (((episode_view.playCount IS NULL OR episode_view.playCount < 1)))
11:09:48.555 T:16888   DEBUG: DatabaseUtils::GetSortFieldList: unknown field 30
11:09:48.564 T:16888   DEBUG: CMusicDatabase::GetAlbumsByWhere query: SELECT albumview.*, albumartistview.* FROM albumview JOIN albumartistview ON albumartistview.idalbum = albumview.idalbum  WHERE albumview.strReleaseType = 'album'
11:09:48.570 T:16888   DEBUG: CMusicDatabase::GetAlbumsByWhere - query took 6 ms
11:09:48.595 T:16888   DEBUG: CFavourites::Load - no system favourites found, skipping
11:09:48.595 T:16888   DEBUG: Library Data Provider: Total time needed for all queries: 0:00:02.613000
11:09:49.541 T:17656   DEBUG: ------ Window Deinit (Custom_StartExit.xml) ------
11:09:49.558 T:17656 WARNING: CApplication::Initialize - startup.xml taints init process
11:09:49.568 T:17656   DEBUG: ContextMenuManager: addon menus reloaded.
11:09:49.568 T:17656    INFO: removing tempfiles
11:09:49.568 T:17656   DEBUG: ADDON: Starting service addons.
11:09:49.572 T:17656  NOTICE: initialize done
11:09:49.572 T:18116   DEBUG: Thread LanguageInvoker start, auto delete: false
11:09:49.572 T:17656  NOTICE: Running the application...
11:09:49.572 T:10284   DEBUG: Thread LanguageInvoker start, auto delete: false
11:09:49.572 T:18116    INFO: initializing python engine.
11:09:49.572 T:18116   DEBUG: CPythonInvoker(5, C:\Users\flyp1\AppData\Roaming\Kodi\addons\script.common.plugin.cache\resources\lib\entry_point.py): start processing
11:09:49.572 T:17656   DEBUG: no profile autoexec.py (C:\Users\flyp1\AppData\Roaming\Kodi\userdata\autoexec.py) found, skipping
11:09:49.572 T:10284    INFO: initializing python engine.
11:09:49.572 T:10284   DEBUG: CPythonInvoker(6, C:\Users\flyp1\AppData\Roaming\Kodi\addons\script.paragontv\service.py): start processing
11:09:49.592 T:18116   DEBUG: -->Python Interpreter Initialized<--
11:09:49.592 T:18116   DEBUG: CPythonInvoker(5, C:\Users\flyp1\AppData\Roaming\Kodi\addons\script.common.plugin.cache\resources\lib\entry_point.py): the source file to load is "C:\Users\flyp1\AppData\Roaming\Kodi\addons\script.common.plugin.cache\resources\lib\entry_point.py"
11:09:49.592 T:18116   DEBUG: CPythonInvoker(5, C:\Users\flyp1\AppData\Roaming\Kodi\addons\script.common.plugin.cache\resources\lib\entry_point.py): setting the Python path to C:\Users\flyp1\AppData\Roaming\Kodi\addons\script.common.plugin.cache\resources\lib;C:\Program Files (x86)\Kodi\system\python\DLLs;C:\Program Files (x86)\Kodi\system\python\Lib;C:\Program Files (x86)\Kodi\python27.zip;C:\Program Files (x86)\Kodi\system\python\lib\plat-win;C:\Program Files (x86)\Kodi\system\python\lib\lib-tk;C:\Program Files (x86)\Kodi;C:\Program Files (x86)\Kodi\system\python;C:\Program Files (x86)\Kodi\system\python\lib\site-packages
11:09:49.592 T:18116   DEBUG: CPythonInvoker(5, C:\Users\flyp1\AppData\Roaming\Kodi\addons\script.common.plugin.cache\resources\lib\entry_point.py): entering source directory C:\Users\flyp1\AppData\Roaming\Kodi\addons\script.common.plugin.cache\resources\lib
11:09:49.596 T:18116   DEBUG: CPythonInvoker(5, C:\Users\flyp1\AppData\Roaming\Kodi\addons\script.common.plugin.cache\resources\lib\entry_point.py): instantiating addon using automatically obtained id of "script.common.plugin.cache" dependent on version 2.24.0 of the xbmc.python api
11:09:49.626 T:10284   DEBUG: -->Python Interpreter Initialized<--
11:09:49.627 T:10284   DEBUG: CPythonInvoker(6, C:\Users\flyp1\AppData\Roaming\Kodi\addons\script.paragontv\service.py): the source file to load is "C:\Users\flyp1\AppData\Roaming\Kodi\addons\script.paragontv\service.py"
11:09:49.627 T:10284   DEBUG: CPythonInvoker(6, C:\Users\flyp1\AppData\Roaming\Kodi\addons\script.paragontv\service.py): setting the Python path to C:\Users\flyp1\AppData\Roaming\Kodi\addons\script.paragontv;C:\Program Files (x86)\Kodi\addons\script.module.pil\lib;C:\Program Files (x86)\Kodi\system\python\DLLs;C:\Program Files (x86)\Kodi\system\python\Lib;C:\Program Files (x86)\Kodi\python27.zip;C:\Program Files (x86)\Kodi\system\python\lib\plat-win;C:\Program Files (x86)\Kodi\system\python\lib\lib-tk;C:\Program Files (x86)\Kodi;C:\Program Files (x86)\Kodi\system\python;C:\Program Files (x86)\Kodi\system\python\lib\site-packages
11:09:49.627 T:10284   DEBUG: CPythonInvoker(6, C:\Users\flyp1\AppData\Roaming\Kodi\addons\script.paragontv\service.py): entering source directory C:\Users\flyp1\AppData\Roaming\Kodi\addons\script.paragontv
11:09:49.627 T:10284   DEBUG: CPythonInvoker(6, C:\Users\flyp1\AppData\Roaming\Kodi\addons\script.paragontv\service.py): instantiating addon using automatically obtained id of "script.paragontv" dependent on version 2.14.0 of the xbmc.python api
11:09:49.649 T:10284   DEBUG: script.paragontv-Paragon TV-Paragon TV Service Started
11:09:49.649 T:10284   DEBUG: script.paragontv-Paragon TV-Version: 2.4.4
11:09:49.654 T:17604   DEBUG: script.paragontv-Paragon TV-Settings monitor started
11:09:49.654 T:10284   DEBUG: script.paragontv-Paragon TV-Starting Maintenance Timer Service
11:09:49.654 T:10284   DEBUG: script.paragontv-Paragon TV-Starting Startup Timer Service
11:09:49.655 T:10284   DEBUG: script.paragontv-Paragon TV-Starting Shutdown Scheduler Service
11:09:49.655 T:10284  NOTICE: script.paragontv-Paragon TV-Starting Preset System Timer Service
11:09:49.658 T:3668   DEBUG: Thread LanguageInvoker start, auto delete: false
11:09:49.658 T:3668    INFO: initializing python engine.
11:09:49.658 T:3668   DEBUG: CPythonInvoker(7, C:\Users\flyp1\AppData\Roaming\Kodi\addons\script.paragontv\resources\lib\ptv_maintenance_timer.py): start processing
11:09:49.658 T:14784   DEBUG: Thread LanguageInvoker start, auto delete: false
11:09:49.658 T:14784    INFO: initializing python engine.
11:09:49.658 T:14784   DEBUG: CPythonInvoker(8, C:\Users\flyp1\AppData\Roaming\Kodi\addons\script.paragontv\resources\lib\ptv_startup_timer.py): start processing
11:09:49.658 T:17516   DEBUG: Thread LanguageInvoker start, auto delete: false
11:09:49.658 T:17516    INFO: initializing python engine.
11:09:49.658 T:17516   DEBUG: CPythonInvoker(9, C:\Users\flyp1\AppData\Roaming\Kodi\addons\script.paragontv\resources\lib\ptv_shutdown_timer.py): start processing
11:09:49.659 T:18224   DEBUG: Thread LanguageInvoker start, auto delete: false
11:09:49.659 T:18224    INFO: initializing python engine.
11:09:49.659 T:18224   DEBUG: CPythonInvoker(10, C:\Users\flyp1\AppData\Roaming\Kodi\addons\script.paragontv\resources\lib\ptv_preset_timer.py): start processing
11:09:49.689 T:5684   DEBUG: [StorageClient-2.6.3] Service loaded, starting server ...
11:09:49.791 T:17656   DEBUG: Activating window ID: 10000
11:09:49.791 T:17656   DEBUG: ------ Window Deinit (Startup.xml) ------
11:09:49.791 T:17656   DEBUG: ------ Window Init (Home.xml) ------
11:09:49.791 T:17656    INFO: Loading skin file: Home.xml, load type: KEEP_IN_MEMORY
11:09:49.791 T:17656 WARNING: Skin has invalid include:
11:09:49.792 T:17656 WARNING: Previous line repeats 7 times.
11:09:49.792 T:17656 WARNING: Skin has invalid include: HomeWidgets_Lists
11:09:49.792 T:17656 WARNING: Skin has invalid include:
11:09:49.792 T:17656 WARNING: Skin has invalid include: HomeWidgets_Lists
11:09:49.792 T:17656 WARNING: Skin has invalid include:
11:09:49.792 T:17656 WARNING: Skin has invalid include: HomeWidgets_Lists
11:09:49.792 T:17656 WARNING: Skin has invalid include: HomeWidgets_ContentInfo
11:09:49.792 T:17656 WARNING: Skin has invalid include: TopHomeMenu
11:09:49.792 T:17656 WARNING: Skin has invalid include:
11:09:49.792 T:17656 WARNING: Skin has invalid include: HomeWidgets_Lists
11:09:49.792 T:17656 WARNING: Skin has invalid include: HomeWidgets_ContentInfo
11:09:49.792 T:17656 WARNING: Skin has invalid include: TopHomeMenu
11:09:49.814 T:9592   DEBUG: Thread Timer start, auto delete: false
11:09:49.816 T:17656   DEBUG: started alarm with name: clear
11:09:49.816 T:18104   DEBUG: CRecentlyAddedJob::UpdateMusic() - Running RecentlyAdded home screen update
11:09:49.816 T:3440   DEBUG: Thread LanguageInvoker start, auto delete: false
11:09:49.816 T:3440    INFO: initializing python engine.
11:09:49.816 T:3440   DEBUG: CPythonInvoker(11, C:\Users\flyp1\AppData\Roaming\Kodi\addons\script.skinshortcuts\default.py): start processing
11:09:49.821 T:18104   DEBUG: GetRecentlyAddedAlbumSongs() query: SELECT songview.*, songartistview.* FROM (SELECT idAlbum FROM album ORDER BY idAlbum DESC LIMIT 10) AS recentalbums JOIN songview ON songview.idAlbum = recentalbums.idAlbum JOIN songartistview ON songview.idSong = songartistview.idSong ORDER BY songview.idAlbum DESC, songview.idSong, songartistview.idRole, songartistview.iOrder
11:09:49.827 T:3668   DEBUG: -->Python Interpreter Initialized<--
11:09:49.827 T:3668   DEBUG: CPythonInvoker(7, C:\Users\flyp1\AppData\Roaming\Kodi\addons\script.paragontv\resources\lib\ptv_maintenance_timer.py): the source file to load is "C:\Users\flyp1\AppData\Roaming\Kodi\addons\script.paragontv\resources\lib\ptv_maintenance_timer.py"
11:09:49.827 T:3668 WARNING: CPythonInvoker(7): Script invoked without an addon. Adding all addon modules installed to python path as fallback. This behaviour will be removed in future version.
11:09:49.831 T:14784   DEBUG: -->Python Interpreter Initialized<--
11:09:49.831 T:14784   DEBUG: CPythonInvoker(8, C:\Users\flyp1\AppData\Roaming\Kodi\addons\script.paragontv\resources\lib\ptv_startup_timer.py): the source file to load is "C:\Users\flyp1\AppData\Roaming\Kodi\addons\script.paragontv\resources\lib\ptv_startup_timer.py"
11:09:49.831 T:14784 WARNING: CPythonInvoker(8): Script invoked without an addon. Adding all addon modules installed to python path as fallback. This behaviour will be removed in future version.
11:09:49.838 T:17516   DEBUG: -->Python Interpreter Initialized<--
11:09:49.838 T:17516   DEBUG: CPythonInvoker(9, C:\Users\flyp1\AppData\Roaming\Kodi\addons\script.paragontv\resources\lib\ptv_shutdown_timer.py): the source file to load is "C:\Users\flyp1\AppData\Roaming\Kodi\addons\script.paragontv\resources\lib\ptv_shutdown_timer.py"
11:09:49.838 T:17516 WARNING: CPythonInvoker(9): Script invoked without an addon. Adding all addon modules installed to python path as fallback. This behaviour will be removed in future version.
11:09:49.843 T:18104   DEBUG: CMusicDatabase::GetRecentlyAddedAlbums query: SELECT albumview.*, albumartistview.* FROM (SELECT idAlbum FROM album WHERE strAlbum != '' ORDER BY idAlbum DESC LIMIT 10) AS recentalbums JOIN albumview ON albumview.idAlbum = recentalbums.idAlbum JOIN albumartistview ON albumview.idAlbum = albumartistview.idAlbum ORDER BY albumview.idAlbum desc, albumartistview.iOrder
11:09:49.844 T:18224   DEBUG: -->Python Interpreter Initialized<--
11:09:49.844 T:18224   DEBUG: CPythonInvoker(10, C:\Users\flyp1\AppData\Roaming\Kodi\addons\script.paragontv\resources\lib\ptv_preset_timer.py): the source file to load is "C:\Users\flyp1\AppData\Roaming\Kodi\addons\script.paragontv\resources\lib\ptv_preset_timer.py"
11:09:49.844 T:18224 WARNING: CPythonInvoker(10): Script invoked without an addon. Adding all addon modules installed to python path as fallback. This behaviour will be removed in future version.
