13:13:23.667 T:140590100485888   DEBUG: RunQuery took 5 ms for 254 items query: select * from episode_view  WHERE (episode_view.idShow = 1063) AND (((episode_view.playCount IS NULL OR episode_view.playCount < 1)))
13:13:23.667 T:140590100485888   DEBUG: DatabaseUtils::GetSortFieldList: unknown field 30
13:13:23.680 T:140590100485888   DEBUG: RunQuery took 5 ms for 262 items query: select * from episode_view  WHERE (episode_view.idShow = 927) AND (((episode_view.playCount IS NULL OR episode_view.playCount < 1)))
13:13:23.680 T:140590100485888   DEBUG: DatabaseUtils::GetSortFieldList: unknown field 30
13:13:23.688 T:140590100485888   DEBUG: RunQuery took 0 ms for 40 items query: select * from episode_view  WHERE (episode_view.idShow = 781) AND (((episode_view.playCount IS NULL OR episode_view.playCount < 1)))
13:13:23.688 T:140590100485888   DEBUG: DatabaseUtils::GetSortFieldList: unknown field 30
13:13:23.698 T:140590100485888   DEBUG: RunQuery took 4 ms for 226 items query: select * from episode_view  WHERE (episode_view.idShow = 788) AND (((episode_view.playCount IS NULL OR episode_view.playCount < 1)))
13:13:23.698 T:140590100485888   DEBUG: DatabaseUtils::GetSortFieldList: unknown field 30
13:13:23.706 T:140590100485888   DEBUG: RunQuery took 0 ms for 114 items query: select * from episode_view  WHERE (episode_view.idShow = 1212) AND (((episode_view.playCount IS NULL OR episode_view.playCount < 1)))
13:13:23.706 T:140590100485888   DEBUG: DatabaseUtils::GetSortFieldList: unknown field 30
13:13:23.712 T:140590100485888   DEBUG: RunQuery took 0 ms for 94 items query: select * from episode_view  WHERE (episode_view.idShow = 743) AND (((episode_view.playCount IS NULL OR episode_view.playCount < 1)))
13:13:23.712 T:140590100485888   DEBUG: DatabaseUtils::GetSortFieldList: unknown field 30
13:13:23.725 T:140590100485888   DEBUG: RunQuery took 0 ms for 55 items query: select * from episode_view  WHERE (episode_view.idShow = 1010) AND (((episode_view.playCount IS NULL OR episode_view.playCount < 1)))
13:13:23.725 T:140590100485888   DEBUG: DatabaseUtils::GetSortFieldList: unknown field 30
13:13:23.730 T:140590100485888   DEBUG: RunQuery took 0 ms for 2 items query: select * from episode_view  WHERE (episode_view.idShow = 739) AND (((episode_view.playCount IS NULL OR episode_view.playCount < 1)))
13:13:23.730 T:140590100485888   DEBUG: DatabaseUtils::GetSortFieldList: unknown field 30
13:13:23.736 T:140590100485888   DEBUG: RunQuery took 0 ms for 55 items query: select * from episode_view  WHERE (episode_view.idShow = 837) AND (((episode_view.playCount IS NULL OR episode_view.playCount < 1)))
13:13:23.736 T:140590100485888   DEBUG: DatabaseUtils::GetSortFieldList: unknown field 30
13:13:23.741 T:140590100485888   DEBUG: RunQuery took 1 ms for 106 items query: select * from episode_view  WHERE (episode_view.idShow = 1215) AND (((episode_view.playCount IS NULL OR episode_view.playCount < 1)))
13:13:23.741 T:140590100485888   DEBUG: DatabaseUtils::GetSortFieldList: unknown field 30
13:13:23.748 T:140590100485888   DEBUG: RunQuery took 0 ms for 11 items query: select * from episode_view  WHERE (episode_view.idShow = 796) AND (((episode_view.playCount IS NULL OR episode_view.playCount < 1)))
13:13:23.748 T:140590100485888   DEBUG: DatabaseUtils::GetSortFieldList: unknown field 30
13:13:23.753 T:140590100485888   DEBUG: RunQuery took 0 ms for 38 items query: select * from episode_view  WHERE (episode_view.idShow = 832) AND (((episode_view.playCount IS NULL OR episode_view.playCount < 1)))
13:13:23.753 T:140590100485888   DEBUG: DatabaseUtils::GetSortFieldList: unknown field 30
13:13:23.758 T:140590100485888   DEBUG: GetAlbumsByWhere query: SELECT albumview.*, albumartistview.* FROM albumview JOIN albumartistview ON albumartistview.idalbum = albumview.idalbum  WHERE albumview.strReleaseType = 'album'
13:13:23.758 T:140590100485888   DEBUG: GetAlbumsByWhere - query took 1 ms
13:13:23.771 T:140590100485888   DEBUG: CFavourites::Load - no system favourites found, skipping
13:13:23.845 T:140588992440064   DEBUG: CWebServer[8080]: request received for /jsonrpc?GetActivePlayers
13:13:23.860 T:140590100485888   DEBUG: RunQuery took 86 ms for 473 items query: SELECT * FROM tvshow_view  WHERE ((CASE WHEN COALESCE(tvshow_view.totalCount - tvshow_view.watchedcount, 0) > 0 THEN 0 ELSE 1 END  < 1))
13:13:23.993 T:140590100485888   DEBUG: RunQuery took 0 ms for 89 items query: select * from episode_view  WHERE (episode_view.idShow = 821) AND (((episode_view.playCount IS NULL OR episode_view.playCount < 1)) AND ((episode_view.playCount IS NULL OR episode_view.playCount < 1)))
13:13:23.993 T:140590100485888   DEBUG: DatabaseUtils::GetSortFieldList: unknown field 30
13:13:24.000 T:140590100485888   DEBUG: RunQuery took 1 ms for 179 items query: select * from episode_view  WHERE (episode_view.idShow = 996) AND (((episode_view.playCount IS NULL OR episode_view.playCount < 1)) AND ((episode_view.playCount IS NULL OR episode_view.playCount < 1)))
13:13:24.000 T:140590100485888   DEBUG: DatabaseUtils::GetSortFieldList: unknown field 30
13:13:24.012 T:140590100485888   DEBUG: RunQuery took 5 ms for 282 items query: select * from episode_view  WHERE (episode_view.idShow = 1024) AND (((episode_view.playCount IS NULL OR episode_view.playCount < 1)) AND ((episode_view.playCount IS NULL OR episode_view.playCount < 1)))
13:13:24.012 T:140590100485888   DEBUG: DatabaseUtils::GetSortFieldList: unknown field 30
13:13:24.025 T:140590100485888   DEBUG: RunQuery took 4 ms for 217 items query: select * from episode_view  WHERE (episode_view.idShow = 1147) AND (((episode_view.playCount IS NULL OR episode_view.playCount < 1)) AND ((episode_view.playCount IS NULL OR episode_view.playCount < 1)))
13:13:24.025 T:140590100485888   DEBUG: DatabaseUtils::GetSortFieldList: unknown field 30
13:13:24.033 T:140590100485888   DEBUG: RunQuery took 1 ms for 19 items query: select * from episode_view  WHERE (episode_view.idShow = 986) AND (((episode_view.playCount IS NULL OR episode_view.playCount < 1)) AND ((episode_view.playCount IS NULL OR episode_view.playCount < 1)))
13:13:24.033 T:140590100485888   DEBUG: DatabaseUtils::GetSortFieldList: unknown field 30
13:13:24.042 T:140590100485888   DEBUG: RunQuery took 3 ms for 200 items query: select * from episode_view  WHERE (episode_view.idShow = 1044) AND (((episode_view.playCount IS NULL OR episode_view.playCount < 1)) AND ((episode_view.playCount IS NULL OR episode_view.playCount < 1)))
13:13:24.042 T:140590100485888   DEBUG: DatabaseUtils::GetSortFieldList: unknown field 30
13:13:24.051 T:140590100485888   DEBUG: RunQuery took 0 ms for 56 items query: select * from episode_view  WHERE (episode_view.idShow = 911) AND (((episode_view.playCount IS NULL OR episode_view.playCount < 1)) AND ((episode_view.playCount IS NULL OR episode_view.playCount < 1)))
13:13:24.051 T:140590100485888   DEBUG: DatabaseUtils::GetSortFieldList: unknown field 30
13:13:24.059 T:140590100485888   DEBUG: RunQuery took 3 ms for 126 items query: select * from episode_view  WHERE (episode_view.idShow = 1116) AND (((episode_view.playCount IS NULL OR episode_view.playCount < 1)) AND ((episode_view.playCount IS NULL OR episode_view.playCount < 1)))
13:13:24.059 T:140590100485888   DEBUG: DatabaseUtils::GetSortFieldList: unknown field 30
13:13:24.067 T:140590100485888   DEBUG: RunQuery took 0 ms for 2 items query: select * from episode_view  WHERE (episode_view.idShow = 739) AND (((episode_view.playCount IS NULL OR episode_view.playCount < 1)) AND ((episode_view.playCount IS NULL OR episode_view.playCount < 1)))
13:13:24.067 T:140590100485888   DEBUG: DatabaseUtils::GetSortFieldList: unknown field 30
13:13:24.070 T:140590100485888   DEBUG: Library Data Provider: Total time needed for all queries: 0:00:02.342838
13:13:24.105 T:140589286803200   DEBUG: CWebServer[8080]: request received for /jsonrpc
13:13:24.845 T:140588992440064   DEBUG: Previous line repeats 5 times.
13:13:24.845 T:140588992440064   DEBUG: CWebServer[8080]: request received for /jsonrpc?GetActivePlayers
13:13:26.030 T:140591100061824   DEBUG: Previous line repeats 1 times.
13:13:26.030 T:140591100061824   DEBUG: ------ Window Deinit (Custom_StartExit.xml) ------
13:13:26.031 T:140591100061824 WARNING: CApplication::Initialize - startup.xml taints init process
13:13:26.040 T:140591100061824   DEBUG: ContextMenuManager: addon menus reloaded.
13:13:26.040 T:140591100061824    INFO: removing tempfiles
13:13:26.041 T:140591100061824   DEBUG: ADDON: Starting service addons.
13:13:26.047 T:140589009975040   DEBUG: Thread LanguageInvoker start, auto delete: false
13:13:26.047 T:140589009975040   DEBUG: Previous line repeats 1 times.
13:13:26.047 T:140589009975040    INFO: initializing python engine.
13:13:26.047 T:140588596836096   DEBUG: Thread LanguageInvoker start, auto delete: false
13:13:26.047 T:140589286803200   DEBUG: Previous line repeats 1 times.
13:13:26.047 T:140589286803200    INFO: initializing python engine.
13:13:26.047 T:140589009975040    INFO: Previous line repeats 1 times.
13:13:26.047 T:140589009975040   DEBUG: CPythonInvoker(7, /usr/share/kodi/addons/service.libreelec.settings/service.py): start processing
13:13:26.047 T:140588588443392    INFO: initializing python engine.
13:13:26.047 T:140591100061824  NOTICE: initialize done
13:13:26.047 T:140589286803200   DEBUG: CPythonInvoker(8, /storage/.kodi/addons/script.common.plugin.cache/resources/lib/entry_point.py): start processing
13:13:26.047 T:140588596836096   DEBUG: CPythonInvoker(9, /storage/.kodi/addons/script.service.alarmclock/default.py): start processing
13:13:26.047 T:140588588443392   DEBUG: CPythonInvoker(10, /storage/.kodi/addons/script.paragontv/service.py): start processing
13:13:26.047 T:140591100061824  NOTICE: Running the application...
13:13:26.047 T:140591100061824   DEBUG: no profile autoexec.py (/storage/.kodi/userdata/autoexec.py) found, skipping
13:13:26.065 T:140589009975040   DEBUG: -->Python Interpreter Initialized<--
13:13:26.065 T:140589009975040   DEBUG: CPythonInvoker(7, /usr/share/kodi/addons/service.libreelec.settings/service.py): the source file to load is "/usr/share/kodi/addons/service.libreelec.settings/service.py"
13:13:26.065 T:140589009975040   DEBUG: CPythonInvoker(7, /usr/share/kodi/addons/service.libreelec.settings/service.py): setting the Python path to /usr/share/kodi/addons/service.libreelec.settings:/usr/lib/python27.zip:/usr/lib/python2.7:/usr/lib/python2.7/plat-linux2:/usr/lib/python2.7/lib-tk:/usr/lib/python2.7/lib-old:/usr/lib/python2.7/lib-dynload:/usr/lib/python2.7/site-packages:/usr/lib/python2.7/site-packages/gtk-2.0
13:13:26.065 T:140589009975040   DEBUG: CPythonInvoker(7, /usr/share/kodi/addons/service.libreelec.settings/service.py): entering source directory /usr/share/kodi/addons/service.libreelec.settings
13:13:26.065 T:140589009975040   DEBUG: CPythonInvoker(7, /usr/share/kodi/addons/service.libreelec.settings/service.py): instantiating addon using automatically obtained id of "service.libreelec.settings" dependent on version 2.1.0 of the xbmc.python api
13:13:26.067 T:140588588443392   DEBUG: -->Python Interpreter Initialized<--
13:13:26.067 T:140588588443392   DEBUG: CPythonInvoker(10, /storage/.kodi/addons/script.paragontv/service.py): the source file to load is "/storage/.kodi/addons/script.paragontv/service.py"
13:13:26.098 T:140589009975040   DEBUG: ## LibreELEC Addon ## 8.2.0
13:13:26.104 T:140588588443392   DEBUG: CPythonInvoker(10, /storage/.kodi/addons/script.paragontv/service.py): setting the Python path to /storage/.kodi/addons/script.paragontv:/usr/share/kodi/addons/script.module.pil/lib:/usr/lib/python27.zip:/usr/lib/python2.7:/usr/lib/python2.7/plat-linux2:/usr/lib/python2.7/lib-tk:/usr/lib/python2.7/lib-old:/usr/lib/python2.7/lib-dynload:/usr/lib/python2.7/site-packages:/usr/lib/python2.7/site-packages/gtk-2.0
13:13:26.104 T:140588588443392   DEBUG: CPythonInvoker(10, /storage/.kodi/addons/script.paragontv/service.py): entering source directory /storage/.kodi/addons/script.paragontv
13:13:26.104 T:140588588443392   DEBUG: CPythonInvoker(10, /storage/.kodi/addons/script.paragontv/service.py): instantiating addon using automatically obtained id of "script.paragontv" dependent on version 2.14.0 of the xbmc.python api
13:13:26.106 T:140589286803200   DEBUG: -->Python Interpreter Initialized<--
13:13:26.106 T:140589286803200   DEBUG: CPythonInvoker(8, /storage/.kodi/addons/script.common.plugin.cache/resources/lib/entry_point.py): the source file to load is "/storage/.kodi/addons/script.common.plugin.cache/resources/lib/entry_point.py"
13:13:26.111 T:140589286803200   DEBUG: CPythonInvoker(8, /storage/.kodi/addons/script.common.plugin.cache/resources/lib/entry_point.py): setting the Python path to /storage/.kodi/addons/script.common.plugin.cache/resources/lib:/usr/lib/python27.zip:/usr/lib/python2.7:/usr/lib/python2.7/plat-linux2:/usr/lib/python2.7/lib-tk:/usr/lib/python2.7/lib-old:/usr/lib/python2.7/lib-dynload:/usr/lib/python2.7/site-packages:/usr/lib/python2.7/site-packages/gtk-2.0
13:13:26.111 T:140589286803200   DEBUG: CPythonInvoker(8, /storage/.kodi/addons/script.common.plugin.cache/resources/lib/entry_point.py): entering source directory /storage/.kodi/addons/script.common.plugin.cache/resources/lib
13:13:26.114 T:140588431173376   DEBUG: CWebServer[8080]: request received for /jsonrpc
13:13:26.123 T:140589286803200   DEBUG: Previous line repeats 1 times.
13:13:26.123 T:140589286803200   DEBUG: CPythonInvoker(8, /storage/.kodi/addons/script.common.plugin.cache/resources/lib/entry_point.py): instantiating addon using automatically obtained id of "script.common.plugin.cache" dependent on version 2.24.0 of the xbmc.python api
13:13:26.141 T:140588431173376   DEBUG: CWebServer[8080]: request received for /jsonrpc
13:13:26.176 T:140588588443392   DEBUG: Previous line repeats 1 times.
13:13:26.176 T:140588588443392   DEBUG: script.paragontv-Paragon TV-Paragon TV Service Started
13:13:26.176 T:140588588443392   DEBUG: script.paragontv-Paragon TV-Version: 2.4.4
13:13:26.182 T:140588596836096   DEBUG: -->Python Interpreter Initialized<--
13:13:26.182 T:140588596836096   DEBUG: CPythonInvoker(9, /storage/.kodi/addons/script.service.alarmclock/default.py): the source file to load is "/storage/.kodi/addons/script.service.alarmclock/default.py"
13:13:26.183 T:140588422780672   DEBUG: script.paragontv-Paragon TV-Settings monitor started
13:13:26.183 T:140588588443392   DEBUG: script.paragontv-Paragon TV-Starting Maintenance Timer Service
13:13:26.184 T:140588588443392   DEBUG: script.paragontv-Paragon TV-Starting Startup Timer Service
13:13:26.184 T:140588588443392   DEBUG: script.paragontv-Paragon TV-Starting Shutdown Scheduler Service
13:13:26.184 T:140588588443392  NOTICE: script.paragontv-Paragon TV-Starting Preset System Timer Service
13:13:26.196 T:140588414387968   DEBUG: Thread LanguageInvoker start, auto delete: false
13:13:26.196 T:140588414387968    INFO: initializing python engine.
13:13:26.196 T:140588414387968   DEBUG: CPythonInvoker(11, /storage/.kodi/addons/script.paragontv/resources/lib/ptv_maintenance_timer.py): start processing
13:13:26.196 T:140588397602560   DEBUG: Thread LanguageInvoker start, auto delete: false
13:13:26.196 T:140588397602560   DEBUG: Previous line repeats 1 times.
13:13:26.196 T:140588397602560    INFO: initializing python engine.
13:13:26.196 T:140588397602560    INFO: Previous line repeats 1 times.
13:13:26.196 T:140588397602560   DEBUG: CPythonInvoker(13, /storage/.kodi/addons/script.paragontv/resources/lib/ptv_shutdown_timer.py): start processing
13:13:26.196 T:140588405995264   DEBUG: CPythonInvoker(12, /storage/.kodi/addons/script.paragontv/resources/lib/ptv_startup_timer.py): start processing
13:13:26.196 T:140588389209856   DEBUG: Thread LanguageInvoker start, auto delete: false
13:13:26.196 T:140588389209856    INFO: initializing python engine.
13:13:26.196 T:140588389209856   DEBUG: CPythonInvoker(14, /storage/.kodi/addons/script.paragontv/resources/lib/ptv_preset_timer.py): start processing
13:13:26.198 T:140588596836096   DEBUG: CPythonInvoker(9, /storage/.kodi/addons/script.service.alarmclock/default.py): setting the Python path to /storage/.kodi/addons/script.service.alarmclock:/usr/lib/python27.zip:/usr/lib/python2.7:/usr/lib/python2.7/plat-linux2:/usr/lib/python2.7/lib-tk:/usr/lib/python2.7/lib-old:/usr/lib/python2.7/lib-dynload:/usr/lib/python2.7/site-packages:/usr/lib/python2.7/site-packages/gtk-2.0
13:13:26.198 T:140588596836096   DEBUG: CPythonInvoker(9, /storage/.kodi/addons/script.service.alarmclock/default.py): entering source directory /storage/.kodi/addons/script.service.alarmclock
13:13:26.198 T:140588596836096   DEBUG: CPythonInvoker(9, /storage/.kodi/addons/script.service.alarmclock/default.py): instantiating addon using automatically obtained id of "script.service.alarmclock" dependent on version 2.1.0 of the xbmc.python api
13:13:26.200 T:140588431173376   DEBUG: [StorageClient-2.6.1] Service loaded, starting server ...
13:13:26.262 T:140591100061824   DEBUG: Activating window ID: 10000
13:13:26.262 T:140591100061824   DEBUG: ------ Window Deinit (Startup.xml) ------
13:13:26.262 T:140591100061824   DEBUG: ------ Window Init (Home.xml) ------
13:13:26.262 T:140591100061824    INFO: Loading skin file: Home.xml, load type: KEEP_IN_MEMORY
13:13:26.262 T:140591100061824 WARNING: Skin has invalid include:
13:13:26.264 T:140591100061824 WARNING: Previous line repeats 7 times.
13:13:26.264 T:140591100061824 WARNING: Skin has invalid include: HomeWidgets_Lists
13:13:26.264 T:140591100061824 WARNING: Skin has invalid include:
13:13:26.264 T:140591100061824 WARNING: Skin has invalid include: HomeWidgets_Lists
13:13:26.264 T:140591100061824 WARNING: Skin has invalid include:
13:13:26.264 T:140591100061824 WARNING: Skin has invalid include: HomeWidgets_Lists
13:13:26.264 T:140591100061824 WARNING: Skin has invalid include: HomeWidgets_ContentInfo
13:13:26.264 T:140591100061824 WARNING: Skin has invalid include: TopHomeMenu
13:13:26.264 T:140591100061824 WARNING: Skin has invalid include:
13:13:26.264 T:140591100061824 WARNING: Skin has invalid include: HomeWidgets_Lists
13:13:26.264 T:140591100061824 WARNING: Skin has invalid include: HomeWidgets_ContentInfo
13:13:26.264 T:140591100061824 WARNING: Skin has invalid include: TopHomeMenu
13:13:26.281 T:140588305348352   DEBUG: Thread Timer start, auto delete: false
13:13:26.284 T:140588296955648   DEBUG: Thread LanguageInvoker start, auto delete: false
13:13:26.284 T:140588296955648    INFO: initializing python engine.
13:13:26.284 T:140588296955648   DEBUG: CPythonInvoker(15, /storage/.kodi/addons/script.skinshortcuts/default.py): start processing
13:13:26.284 T:140591100061824   DEBUG: started alarm with name: clear
13:13:26.284 T:140589026760448   DEBUG: CRecentlyAddedJob::UpdateMusic() - Running RecentlyAdded home screen update
13:13:26.288 T:140589026760448   DEBUG: GetRecentlyAddedAlbumSongs() query: SELECT songview.*, songartistview.* FROM (SELECT idAlbum FROM album ORDER BY idAlbum DESC LIMIT 10) AS recentalbums JOIN songview ON songview.idAlbum = recentalbums.idAlbum JOIN songartistview ON songview.idSong = songartistview.idSong ORDER BY songview.idAlbum DESC, songview.idSong, songartistview.idRole, songartistview.iOrder
13:13:26.297 T:140589026760448   DEBUG: GetRecentlyAddedAlbums query: SELECT albumview.*, albumartistview.* FROM (SELECT idAlbum FROM album WHERE strAlbum != '' ORDER BY idAlbum DESC LIMIT 10) AS recentalbums JOIN albumview ON albumview.idAlbum = recentalbums.idAlbum JOIN albumartistview ON albumview.idAlbum = albumartistview.idAlbum ORDER BY albumview.idAlbum desc, albumartistview.iOrder
13:13:26.331 T:140591100061824   DEBUG: ------ Window Init (Custom_Overlay.xml) ------
13:13:26.331 T:140591100061824    INFO: Loading skin file: Custom_Overlay.xml, load type: KEEP_IN_MEMORY
13:13:26.342 T:140591100061824   DEBUG: ------ Window Init (Custom_RSS.xml) ------
13:13:26.342 T:140591100061824    INFO: Loading skin file: Custom_RSS.xml, load type: KEEP_IN_MEMORY
13:13:26.343 T:140591100061824   DEBUG: ------ Window Init (Custom_Refresh.xml) ------
13:13:26.343 T:140591100061824    INFO: Loading skin file: Custom_Refresh.xml, load type: KEEP_IN_MEMORY
13:13:26.343 T:140589026760448   DEBUG: CRecentlyAddedJob::UpdateVideos() - Running RecentlyAdded home screen update
13:13:26.368 T:140589026760448   DEBUG: RunQuery took 21 ms for 10 items query: select * from movie_view  ORDER BY dateAdded desc, idMovie desc LIMIT 10
13:13:26.373 T:140589026760448   DEBUG: RunQuery took 0 ms for 10 items query: select * from episode_view  ORDER BY dateAdded desc, idEpisode desc LIMIT 10
13:13:26.377 T:140589026760448   DEBUG: RunQuery took 0 ms for 0 items query: select * from musicvideo_view  ORDER BY dateAdded desc, idMVideo desc LIMIT 10
13:13:26.377 T:140589026760448   DEBUG: CRecentlyAddedJob::UpdateTotal() - Running RecentlyAdded home screen update
13:13:26.379 T:140589026760448   DEBUG: GetArtistsByWhere query: SELECT COUNT(DISTINCT artistview.idArtist) FROM artistview  WHERE (EXISTS (SELECT 1 FROM album_artist WHERE album_artist.idArtist = artistview.idArtist)) AND (artistview.strArtist != '')
13:13:26.396 T:140591100061824   DEBUG: ------ Window Deinit (Custom_Refresh.xml) ------
13:13:26.396 T:140588389209856   DEBUG: -->Python Interpreter Initialized<--
13:13:26.396 T:140588389209856   DEBUG: CPythonInvoker(14, /storage/.kodi/addons/script.paragontv/resources/lib/ptv_preset_timer.py): the source file to load is "/storage/.kodi/addons/script.paragontv/resources/lib/ptv_preset_timer.py"
13:13:26.396 T:140588389209856 WARNING: CPythonInvoker(14): Script invoked without an addon. Adding all addon modules installed to python path as fallback. This behaviour will be removed in future version.
13:13:26.399 T:140588405995264   DEBUG: -->Python Interpreter Initialized<--
13:13:26.399 T:140588405995264   DEBUG: CPythonInvoker(12, /storage/.kodi/addons/script.paragontv/resources/lib/ptv_startup_timer.py): the source file to load is "/storage/.kodi/addons/script.paragontv/resources/lib/ptv_startup_timer.py"
13:13:26.399 T:140588405995264 WARNING: CPythonInvoker(12): Script invoked without an addon. Adding all addon modules installed to python path as fallback. This behaviour will be removed in future version.
13:13:26.401 T:140588414387968   DEBUG: -->Python Interpreter Initialized<--
13:13:26.401 T:140588414387968   DEBUG: CPythonInvoker(11, /storage/.kodi/addons/script.paragontv/resources/lib/ptv_maintenance_timer.py): the source file to load is "/storage/.kodi/addons/script.paragontv/resources/lib/ptv_maintenance_timer.py"
13:13:26.401 T:140588414387968 WARNING: CPythonInvoker(11): Script invoked without an addon. Adding all addon modules installed to python path as fallback. This behaviour will be removed in future version.
13:13:26.403 T:140588405995264   DEBUG: CPythonInvoker(12, /storage/.kodi/addons/script.paragontv/resources/lib/ptv_startup_timer.py): setting the Python path to /storage/.kodi/addons/script.paragontv/resources/lib:/usr/share/kodi/addons/script.module.pil/lib:/storage/.kodi/addons/script.module.simplejson/lib:/storage/.kodi/addons/script.module.autocompletion/lib:/storage/.kodi/addons/script.module.certifi/lib:/storage/.kodi/addons/script.module.chardet/lib:/storage/.kodi/addons/script.module.idna/lib:/storage/.kodi/addons/script.module.urllib3/lib:/storage/.kodi/addons/script.module.requests/lib:/storage/.kodi/addons/script.module.addon.signals/lib:/storage/.kodi/addons/script.module.youtube.dl/lib:/storage/.kodi/addons/script.module.kodi65/lib:/storage/.kodi/addons/script.module.routing/lib:/storage/.kodi/addons/script.module.backports.functools_lru_cache/lib:/storage/.kodi/addons/script.module.six/lib:/storage/.kodi/addons/script.module.dateutil/lib:/storage/.kodi/addons/script.module.arrow/lib:/storage/.kodi/addons/script.module.beautifulsoup/lib:/storage/.kodi/addons/script.module.musicbrainz/lib:/storage/.kodi/addons/script.module.simplecache/lib:/storage/.kodi/addons/script.module.thetvdb/lib:/storage/.kodi/addons/script.module.metadatautils/lib:/storage/.kodi/addons/script.module.unidecode/lib:/storage/.kodi/addons/script.common.plugin.cache/resources/lib/storage_server/:/storage/.kodi/addons/script.module.future/libs:/storage/.kodi/addons/plugin.video.youtube/resources/lib/:/storage/.kodi/addons/script.module.buggalo/lib:/storage/.kodi/addons/script.module.feedparser/lib:/storage/.kodi/addons/script.module.addon.common/lib:/storage/.kodi/addons/script.module.myconnpy/lib:/storage/.kodi/addons/script.module.metahandler/lib:/storage/.kodi/addons/script.module.pyfscache/lib:/storage/.kodi/addons/script.module.parsedom/lib:/storage/.kodi/addons/script.module.simple.downloader/lib:/storage/.kodi/addons/script.module.t0mm0.common/lib:/storage/.kodi/addons/script.module.urlresolver/lib:/storage/.kodi/addons/script.module.simpleplugin3/libs:/usr/lib/python27.zip:/usr/lib/python2.7:/usr/lib/python2.7/plat-linux2:/usr/lib/python2.7/lib-tk:/usr/lib/python2.7/lib-old:/usr/lib/python2.7/lib-dynload:/usr/lib/python2.7/site-packages:/usr/lib/python2.7/site-packages/gtk-2.0
13:13:26.403 T:140588405995264   DEBUG: CPythonInvoker(12, /storage/.kodi/addons/script.paragontv/resources/lib/ptv_startup_timer.py): entering source directory /storage/.kodi/addons/script.paragontv/resources/lib
13:13:26.405 T:140588414387968   DEBUG: CPythonInvoker(11, /storage/.kodi/addons/script.paragontv/resources/lib/ptv_maintenance_timer.py): setting the Python path to /storage/.kodi/addons/script.paragontv/resources/lib:/usr/share/kodi/addons/script.module.pil/lib:/storage/.kodi/addons/script.module.simplejson/lib:/storage/.kodi/addons/script.module.autocompletion/lib:/storage/.kodi/addons/script.module.certifi/lib:/storage/.kodi/addons/script.module.chardet/lib:/storage/.kodi/addons/script.module.idna/lib:/storage/.kodi/addons/script.module.urllib3/lib:/storage/.kodi/addons/script.module.requests/lib:/storage/.kodi/addons/script.module.addon.signals/lib:/storage/.kodi/addons/script.module.youtube.dl/lib:/storage/.kodi/addons/script.module.kodi65/lib:/storage/.kodi/addons/script.module.routing/lib:/storage/.kodi/addons/script.module.backports.functools_lru_cache/lib:/storage/.kodi/addons/script.module.six/lib:/storage/.kodi/addons/script.module.dateutil/lib:/storage/.kodi/addons/script.module.arrow/lib:/storage/.kodi/addons/script.module.beautifulsoup/lib:/storage/.kodi/addons/script.module.musicbrainz/lib:/storage/.kodi/addons/script.module.simplecache/lib:/storage/.kodi/addons/script.module.thetvdb/lib:/storage/.kodi/addons/script.module.metadatautils/lib:/storage/.kodi/addons/script.module.unidecode/lib:/storage/.kodi/addons/script.common.plugin.cache/resources/lib/storage_server/:/storage/.kodi/addons/script.module.future/libs:/storage/.kodi/addons/plugin.video.youtube/resources/lib/:/storage/.kodi/addons/script.module.buggalo/lib:/storage/.kodi/addons/script.module.feedparser/lib:/storage/.kodi/addons/script.module.addon.common/lib:/storage/.kodi/addons/script.module.myconnpy/lib:/storage/.kodi/addons/script.module.metahandler/lib:/storage/.kodi/addons/script.module.pyfscache/lib:/storage/.kodi/addons/script.module.parsedom/lib:/storage/.kodi/addons/script.module.simple.downloader/lib:/storage/.kodi/addons/script.module.t0mm0.common/lib:/storage/.kodi/addons/script.module.urlresolver/lib:/storage/.kodi/addons/script.module.simpleplugin3/libs:/usr/lib/python27.zip:/usr/lib/python2.7:/usr/lib/python2.7/plat-linux2:/usr/lib/python2.7/lib-tk:/usr/lib/python2.7/lib-old:/usr/lib/python2.7/lib-dynload:/usr/lib/python2.7/site-packages:/usr/lib/python2.7/site-packages/gtk-2.0
13:13:26.405 T:140588414387968   DEBUG: CPythonInvoker(11, /storage/.kodi/addons/script.paragontv/resources/lib/ptv_maintenance_timer.py): entering source directory /storage/.kodi/addons/script.paragontv/resources/lib
13:13:26.407 T:140588596836096   DEBUG: events fetched: []
13:13:26.407 T:140588596836096   DEBUG: Starting alarm clock..
13:13:26.408 T:140588397602560   DEBUG: -->Python Interpreter Initialized<--
13:13:26.408 T:140588397602560   DEBUG: CPythonInvoker(13, /storage/.kodi/addons/script.paragontv/resources/lib/ptv_shutdown_timer.py): the source file to load is "/storage/.kodi/addons/script.paragontv/resources/lib/ptv_shutdown_timer.py"
13:13:26.408 T:140588397602560 WARNING: CPythonInvoker(13): Script invoked without an addon. Adding all addon modules installed to python path as fallback. This behaviour will be removed in future version.
13:13:26.409 T:140588389209856   DEBUG: CPythonInvoker(14, /storage/.kodi/addons/script.paragontv/resources/lib/ptv_preset_timer.py): setting the Python path to /storage/.kodi/addons/script.paragontv/resources/lib:/usr/share/kodi/addons/script.module.pil/lib:/storage/.kodi/addons/script.module.simplejson/lib:/storage/.kodi/addons/script.module.autocompletion/lib:/storage/.kodi/addons/script.module.certifi/lib:/storage/.kodi/addons/script.module.chardet/lib:/storage/.kodi/addons/script.module.idna/lib:/storage/.kodi/addons/script.module.urllib3/lib:/storage/.kodi/addons/script.module.requests/lib:/storage/.kodi/addons/script.module.addon.signals/lib:/storage/.kodi/addons/script.module.youtube.dl/lib:/storage/.kodi/addons/script.module.kodi65/lib:/storage/.kodi/addons/script.module.routing/lib:/storage/.kodi/addons/script.module.backports.functools_lru_cache/lib:/storage/.kodi/addons/script.module.six/lib:/storage/.kodi/addons/script.module.dateutil/lib:/storage/.kodi/addons/script.module.arrow/lib:/storage/.kodi/addons/script.module.beautifulsoup/lib:/storage/.kodi/addons/script.module.musicbrainz/lib:/storage/.kodi/addons/script.module.simplecache/lib:/storage/.kodi/addons/script.module.thetvdb/lib:/storage/.kodi/addons/script.module.metadatautils/lib:/storage/.kodi/addons/script.module.unidecode/lib:/storage/.kodi/addons/script.common.plugin.cache/resources/lib/storage_server/:/storage/.kodi/addons/script.module.future/libs:/storage/.kodi/addons/plugin.video.youtube/resources/lib/:/storage/.kodi/addons/script.module.buggalo/lib:/storage/.kodi/addons/script.module.feedparser/lib:/storage/.kodi/addons/script.module.addon.common/lib:/storage/.kodi/addons/script.module.myconnpy/lib:/storage/.kodi/addons/script.module.metahandler/lib:/storage/.kodi/addons/script.module.pyfscache/lib:/storage/.kodi/addons/script.module.parsedom/lib:/storage/.kodi/addons/script.module.simple.downloader/lib:/storage/.kodi/addons/script.module.t0mm0.common/lib:/storage/.kodi/addons/script.module.urlresolver/lib:/storage/.kodi/addons/script.module.simpleplugin3/libs:/usr/lib/python27.zip:/usr/lib/python2.7:/usr/lib/python2.7/plat-linux2:/usr/lib/python2.7/lib-tk:/usr/lib/python2.7/lib-old:/usr/lib/python2.7/lib-dynload:/usr/lib/python2.7/site-packages:/usr/lib/python2.7/site-packages/gtk-2.0
13:13:26.409 T:140588389209856   DEBUG: CPythonInvoker(14, /storage/.kodi/addons/script.paragontv/resources/lib/ptv_preset_timer.py): entering source directory /storage/.kodi/addons/script.paragontv/resources/lib
13:13:26.420 T:140588405995264   ERROR: [PTV Startup Timer] Starting PTV Startup Timer
13:13:26.420 T:140588296955648   DEBUG: -->Python Interpreter Initialized<--
13:13:26.420 T:140588296955648   DEBUG: CPythonInvoker(15, /storage/.kodi/addons/script.skinshortcuts/default.py): the source file to load is "/storage/.kodi/addons/script.skinshortcuts/default.py"
13:13:26.428 T:140588397602560   DEBUG: CPythonInvoker(13, /storage/.kodi/addons/script.paragontv/resources/lib/ptv_shutdown_timer.py): setting the Python path to /storage/.kodi/addons/script.paragontv/resources/lib:/usr/share/kodi/addons/script.module.pil/lib:/storage/.kodi/addons/script.module.simplejson/lib:/storage/.kodi/addons/script.module.autocompletion/lib:/storage/.kodi/addons/script.module.certifi/lib:/storage/.kodi/addons/script.module.chardet/lib:/storage/.kodi/addons/script.module.idna/lib:/storage/.kodi/addons/script.module.urllib3/lib:/storage/.kodi/addons/script.module.requests/lib:/storage/.kodi/addons/script.module.addon.signals/lib:/storage/.kodi/addons/script.module.youtube.dl/lib:/storage/.kodi/addons/script.module.kodi65/lib:/storage/.kodi/addons/script.module.routing/lib:/storage/.kodi/addons/script.module.backports.functools_lru_cache/lib:/storage/.kodi/addons/script.module.six/lib:/storage/.kodi/addons/script.module.dateutil/lib:/storage/.kodi/addons/script.module.arrow/lib:/storage/.kodi/addons/script.module.beautifulsoup/lib:/storage/.kodi/addons/script.module.musicbrainz/lib:/storage/.kodi/addons/script.module.simplecache/lib:/storage/.kodi/addons/script.module.thetvdb/lib:/storage/.kodi/addons/script.module.metadatautils/lib:/storage/.kodi/addons/script.module.unidecode/lib:/storage/.kodi/addons/script.common.plugin.cache/resources/lib/storage_server/:/storage/.kodi/addons/script.module.future/libs:/storage/.kodi/addons/plugin.video.youtube/resources/lib/:/storage/.kodi/addons/script.module.buggalo/lib:/storage/.kodi/addons/script.module.feedparser/lib:/storage/.kodi/addons/script.module.addon.common/lib:/storage/.kodi/addons/script.module.myconnpy/lib:/storage/.kodi/addons/script.module.metahandler/lib:/storage/.kodi/addons/script.module.pyfscache/lib:/storage/.kodi/addons/script.module.parsedom/lib:/storage/.kodi/addons/script.module.simple.downloader/lib:/storage/.kodi/addons/script.module.t0mm0.common/lib:/storage/.kodi/addons/script.module.urlresolver/lib:/storage/.kodi/addons/script.module.simpleplugin3/libs:/usr/lib/python27.zip:/usr/lib/python2.7:/usr/lib/python2.7/plat-linux2:/usr/lib/python2.7/lib-tk:/usr/lib/python2.7/lib-old:/usr/lib/python2.7/lib-dynload:/usr/lib/python2.7/site-packages:/usr/lib/python2.7/site-packages/gtk-2.0
13:13:26.428 T:140588397602560   DEBUG: CPythonInvoker(13, /storage/.kodi/addons/script.paragontv/resources/lib/ptv_shutdown_timer.py): entering source directory /storage/.kodi/addons/script.paragontv/resources/lib
13:13:26.428 T:140588414387968   ERROR: [PTV Maintenance Timer] Starting PTV Maintenance Timer
13:13:26.430 T:140591100061824   DEBUG: ------ Window Init (DialogNotification.xml) ------
13:13:26.439 T:140588296955648   DEBUG: CPythonInvoker(15, /storage/.kodi/addons/script.skinshortcuts/default.py): setting the Python path to /storage/.kodi/addons/script.skinshortcuts:/storage/.kodi/addons/script.module.simplejson/lib:/storage/.kodi/addons/script.module.unidecode/lib:/usr/lib/python27.zip:/usr/lib/python2.7:/usr/lib/python2.7/plat-linux2:/usr/lib/python2.7/lib-tk:/usr/lib/python2.7/lib-old:/usr/lib/python2.7/lib-dynload:/usr/lib/python2.7/site-packages:/usr/lib/python2.7/site-packages/gtk-2.0
13:13:26.439 T:140588296955648   DEBUG: CPythonInvoker(15, /storage/.kodi/addons/script.skinshortcuts/default.py): entering source directory /storage/.kodi/addons/script.skinshortcuts
13:13:26.439 T:140588296955648   DEBUG: CPythonInvoker(15, /storage/.kodi/addons/script.skinshortcuts/default.py): instantiating addon using automatically obtained id of "script.skinshortcuts" dependent on version 2.20.0 of the xbmc.python api
13:13:26.444 T:140588397602560   ERROR: [PTV Shutdown Timer] Starting PTV Shutdown Timer
13:13:26.453 T:140588397602560   ERROR: [PTV Shutdown Timer] Checking schedule 'Bedtime'
13:13:26.453 T:140588397602560   ERROR: [PTV Shutdown Timer] Current time: 13:13
13:13:26.453 T:140588397602560   ERROR: [PTV Shutdown Timer] Shutdown time: 0:15
13:13:26.453 T:140588397602560   ERROR: [PTV Shutdown Timer] Minutes from midnight - Current: 793, Shutdown: 15
13:13:26.453 T:140588397602560   ERROR: [PTV Shutdown Timer] Time match (within window): False
13:13:26.453 T:140588397602560   ERROR: [PTV Shutdown Timer] Current day index: 3
13:13:26.453 T:140588397602560   ERROR: [PTV Shutdown Timer] Day match: False
13:13:26.453 T:140588397602560   ERROR: [PTV Shutdown Timer] Shutdown should trigger: False (Action: 1)
13:13:26.453 T:140588397602560   ERROR: [PTV Shutdown Timer] Checking schedule 'Late Night'
13:13:26.453 T:140588397602560   ERROR: [PTV Shutdown Timer] Current time: 13:13
13:13:26.453 T:140588397602560   ERROR: [PTV Shutdown Timer] Shutdown time: 3:30
13:13:26.453 T:140588397602560   ERROR: [PTV Shutdown Timer] Minutes from midnight - Current: 793, Shutdown: 210
13:13:26.453 T:140588397602560   ERROR: [PTV Shutdown Timer] Time match (within window): False
13:13:26.453 T:140588397602560   ERROR: [PTV Shutdown Timer] Current day index: 3
13:13:26.453 T:140588397602560   ERROR: [PTV Shutdown Timer] Day match: True
13:13:26.453 T:140588397602560   ERROR: [PTV Shutdown Timer] Shutdown should trigger: False (Action: 1)
13:13:26.453 T:140588389209856  NOTICE: [PTV Preset Timer] PTV Preset Refresh Timer (9-Phase Consolidated System) initialized
13:13:26.453 T:140588389209856  NOTICE: [PTV Preset Timer] Starting PTV Preset Refresh Timer (9-Phase Consolidated System)
13:13:26.477 T:140588389209856  NOTICE: [PTV Preset Timer] DEBUG: Today is Thursday (weekday=3)
13:13:26.477 T:140588389209856  NOTICE: [PTV Preset Timer] DEBUG: Setting name: ThursdayPreset
13:13:26.477 T:140588389209856  NOTICE: [PTV Preset Timer] DEBUG: Raw preset value: '2' (int: 2)
13:13:26.477 T:140588389209856  NOTICE: [PTV Preset Timer] DEBUG: Available presets: ['Alpha', 'Omega', 'Delta', 'Epsilon', 'Gamma', 'Sigma', 'Omicron', 'Theta', 'Lambda']
13:13:26.477 T:140588389209856  NOTICE: [PTV Preset Timer] Today's preset for Thursday: Omega (index=1)
13:13:26.522 T:140588296955648    INFO: CPythonInvoker(15, /storage/.kodi/addons/script.skinshortcuts/default.py): script successfully run
13:13:26.528 T:140588305348352   DEBUG: Thread Timer 140588305348352 terminating
13:13:26.528 T:140588243547904   DEBUG: Thread Timer start, auto delete: false
13:13:26.530 T:140588243547904   DEBUG: Thread Timer 140588243547904 terminating
13:13:26.530 T:140588305348352   DEBUG: Thread Timer start, auto delete: false
13:13:26.546 T:140591100061824   DEBUG: LogindUPowerSyscall - Received unknown signal NameAcquired
13:13:26.551 T:140588296955648    INFO: Python script stopped
13:13:26.551 T:140588296955648   DEBUG: Thread LanguageInvoker 140588296955648 terminating
13:13:26.844 T:140588296955648   DEBUG: CWebServer[8080]: request received for /jsonrpc
13:13:26.854 T:140588992440064   DEBUG: Previous line repeats 1 times.
13:13:26.854 T:140588992440064   DEBUG: CWebServer[8080]: request received for /jsonrpc?GetActivePlayers
13:13:26.947 T:140588296955648   DEBUG: Skin Helper Service --> Started Background worker...
13:13:26.988 T:140588296955648   DEBUG: CFavourites::Load - no system favourites found, skipping
13:13:27.016 T:140588296955648   DEBUG: RunQuery took 17 ms for 229 items query: select * from movie_view  JOIN sets ON movie_view.idSet = sets.idSet ORDER BY sets.idSet
13:13:27.032 T:140588305348352   DEBUG: Thread Timer 140588305348352 terminating
13:13:27.052 T:140588296955648   DEBUG: RunQuery took 1 ms for 8 items query: select * from movie_view  JOIN sets ON movie_view.idSet = sets.idSet WHERE sets.idSet=113 ORDER BY sets.idSet
13:13:27.055 T:140588296955648   DEBUG: RunQuery took 1 ms for 8 items query: select * from movie_view  WHERE movie_view.idSet = 113
13:13:27.060 T:140588296955648   DEBUG: RunQuery took 0 ms for 1 items query: select * from movie_view  JOIN sets ON movie_view.idSet = sets.idSet WHERE sets.idSet=114 ORDER BY sets.idSet
13:13:27.063 T:140588296955648   DEBUG: RunQuery took 0 ms for 1 items query: select * from movie_view  WHERE movie_view.idSet = 114
13:13:27.069 T:140588296955648   DEBUG: RunQuery took 0 ms for 1 items query: select * from movie_view  JOIN sets ON movie_view.idSet = sets.idSet WHERE sets.idSet=115 ORDER BY sets.idSet
13:13:27.072 T:140588296955648   DEBUG: RunQuery took 0 ms for 1 items query: select * from movie_view  WHERE movie_view.idSet = 115
13:13:27.076 T:140588296955648   DEBUG: RunQuery took 1 ms for 1 items query: select * from movie_view  JOIN sets ON movie_view.idSet = sets.idSet WHERE sets.idSet=116 ORDER BY sets.idSet
13:13:27.079 T:140588296955648   DEBUG: RunQuery took 0 ms for 1 items query: select * from movie_view  WHERE movie_view.idSet = 116
13:13:27.084 T:140588296955648   DEBUG: RunQuery took 1 ms for 2 items query: select * from movie_view  JOIN sets ON movie_view.idSet = sets.idSet WHERE sets.idSet=117 ORDER BY sets.idSet
13:13:27.087 T:140588296955648   DEBUG: RunQuery took 1 ms for 2 items query: select * from movie_view  WHERE movie_view.idSet = 117
13:13:27.092 T:140588296955648   DEBUG: RunQuery took 0 ms for 1 items query: select * from movie_view  JOIN sets ON movie_view.idSet = sets.idSet WHERE sets.idSet=118 ORDER BY sets.idSet
13:13:27.094 T:140588296955648   DEBUG: RunQuery took 1 ms for 1 items query: select * from movie_view  WHERE movie_view.idSet = 118
13:13:27.100 T:140588296955648   DEBUG: RunQuery took 0 ms for 1 items query: select * from movie_view  JOIN sets ON movie_view.idSet = sets.idSet WHERE sets.idSet=119 ORDER BY sets.idSet
13:13:27.103 T:140588296955648   DEBUG: RunQuery took 1 ms for 1 items query: select * from movie_view  WHERE movie_view.idSet = 119
13:13:27.108 T:140588296955648   DEBUG: RunQuery took 0 ms for 2 items query: select * from movie_view  JOIN sets ON movie_view.idSet = sets.idSet WHERE sets.idSet=120 ORDER BY sets.idSet
13:13:27.111 T:140588296955648   DEBUG: RunQuery took 0 ms for 2 items query: select * from movie_view  WHERE movie_view.idSet = 120
13:13:27.116 T:140588296955648   DEBUG: RunQuery took 1 ms for 2 items query: select * from movie_view  JOIN sets ON movie_view.idSet = sets.idSet WHERE sets.idSet=121 ORDER BY sets.idSet
13:13:27.119 T:140588296955648   DEBUG: RunQuery took 0 ms for 2 items query: select * from movie_view  WHERE movie_view.idSet = 121
13:13:27.123 T:140588296955648   DEBUG: RunQuery took 0 ms for 2 items query: select * from movie_view  JOIN sets ON movie_view.idSet = sets.idSet WHERE sets.idSet=122 ORDER BY sets.idSet
13:13:27.126 T:140588296955648   DEBUG: RunQuery took 0 ms for 2 items query: select * from movie_view  WHERE movie_view.idSet = 122
13:13:27.131 T:140588296955648   DEBUG: RunQuery took 0 ms for 2 items query: select * from movie_view  JOIN sets ON movie_view.idSet = sets.idSet WHERE sets.idSet=123 ORDER BY sets.idSet
13:13:27.135 T:140588296955648   DEBUG: RunQuery took 0 ms for 2 items query: select * from movie_view  WHERE movie_view.idSet = 123
13:13:27.139 T:140588296955648   DEBUG: RunQuery took 1 ms for 1 items query: select * from movie_view  JOIN sets ON movie_view.idSet = sets.idSet WHERE sets.idSet=124 ORDER BY sets.idSet
13:13:27.142 T:140588296955648   DEBUG: RunQuery took 0 ms for 1 items query: select * from movie_view  WHERE movie_view.idSet = 124
13:13:27.146 T:140588296955648   DEBUG: RunQuery took 0 ms for 3 items query: select * from movie_view  JOIN sets ON movie_view.idSet = sets.idSet WHERE sets.idSet=125 ORDER BY sets.idSet
13:13:27.150 T:140588296955648   DEBUG: RunQuery took 0 ms for 3 items query: select * from movie_view  WHERE movie_view.idSet = 125
13:13:27.155 T:140588296955648   DEBUG: RunQuery took 0 ms for 2 items query: select * from movie_view  JOIN sets ON movie_view.idSet = sets.idSet WHERE sets.idSet=126 ORDER BY sets.idSet
13:13:27.158 T:140588296955648   DEBUG: RunQuery took 0 ms for 2 items query: select * from movie_view  WHERE movie_view.idSet = 126
13:13:27.166 T:140588296955648   DEBUG: RunQuery took 3 ms for 4 items query: select * from movie_view  JOIN sets ON movie_view.idSet = sets.idSet WHERE sets.idSet=127 ORDER BY sets.idSet
13:13:27.172 T:140588296955648   DEBUG: RunQuery took 2 ms for 4 items query: select * from movie_view  WHERE movie_view.idSet = 127
13:13:27.177 T:140588296955648   DEBUG: RunQuery took 0 ms for 2 items query: select * from movie_view  JOIN sets ON movie_view.idSet = sets.idSet WHERE sets.idSet=128 ORDER BY sets.idSet
13:13:27.179 T:140588296955648   DEBUG: RunQuery took 0 ms for 2 items query: select * from movie_view  WHERE movie_view.idSet = 128
13:13:27.187 T:140588296955648   DEBUG: RunQuery took 0 ms for 2 items query: select * from movie_view  JOIN sets ON movie_view.idSet = sets.idSet WHERE sets.idSet=129 ORDER BY sets.idSet
13:13:27.189 T:140588296955648   DEBUG: RunQuery took 0 ms for 2 items query: select * from movie_view  WHERE movie_view.idSet = 129
13:13:27.194 T:140588296955648   DEBUG: RunQuery took 0 ms for 2 items query: select * from movie_view  JOIN sets ON movie_view.idSet = sets.idSet WHERE sets.idSet=130 ORDER BY sets.idSet
13:13:27.197 T:140588296955648   DEBUG: RunQuery took 0 ms for 2 items query: select * from movie_view  WHERE movie_view.idSet = 130
13:13:27.203 T:140588296955648   DEBUG: RunQuery took 0 ms for 2 items query: select * from movie_view  JOIN sets ON movie_view.idSet = sets.idSet WHERE sets.idSet=131 ORDER BY sets.idSet
13:13:27.206 T:140588296955648   DEBUG: RunQuery took 0 ms for 2 items query: select * from movie_view  WHERE movie_view.idSet = 131
13:13:27.210 T:140588296955648   DEBUG: RunQuery took 0 ms for 1 items query: select * from movie_view  JOIN sets ON movie_view.idSet = sets.idSet WHERE sets.idSet=132 ORDER BY sets.idSet
13:13:27.212 T:140588296955648   DEBUG: RunQuery took 1 ms for 1 items query: select * from movie_view  WHERE movie_view.idSet = 132
13:13:27.218 T:140588296955648   DEBUG: RunQuery took 0 ms for 4 items query: select * from movie_view  JOIN sets ON movie_view.idSet = sets.idSet WHERE sets.idSet=133 ORDER BY sets.idSet
13:13:27.221 T:140588296955648   DEBUG: RunQuery took 0 ms for 4 items query: select * from movie_view  WHERE movie_view.idSet = 133
13:13:27.226 T:140588296955648   DEBUG: RunQuery took 0 ms for 5 items query: select * from movie_view  JOIN sets ON movie_view.idSet = sets.idSet WHERE sets.idSet=135 ORDER BY sets.idSet
13:13:27.229 T:140588296955648   DEBUG: RunQuery took 0 ms for 5 items query: select * from movie_view  WHERE movie_view.idSet = 135
13:13:27.235 T:140588296955648   DEBUG: RunQuery took 0 ms for 2 items query: select * from movie_view  JOIN sets ON movie_view.idSet = sets.idSet WHERE sets.idSet=136 ORDER BY sets.idSet
13:13:27.237 T:140588296955648   DEBUG: RunQuery took 0 ms for 2 items query: select * from movie_view  WHERE movie_view.idSet = 136
13:13:27.242 T:140588296955648   DEBUG: RunQuery took 0 ms for 1 items query: select * from movie_view  JOIN sets ON movie_view.idSet = sets.idSet WHERE sets.idSet=137 ORDER BY sets.idSet
13:13:27.244 T:140588296955648   DEBUG: RunQuery took 0 ms for 1 items query: select * from movie_view  WHERE movie_view.idSet = 137
13:13:27.250 T:140588296955648   DEBUG: RunQuery took 1 ms for 1 items query: select * from movie_view  JOIN sets ON movie_view.idSet = sets.idSet WHERE sets.idSet=138 ORDER BY sets.idSet
13:13:27.253 T:140588296955648   DEBUG: RunQuery took 0 ms for 1 items query: select * from movie_view  WHERE movie_view.idSet = 138
13:13:27.258 T:140588296955648   DEBUG: RunQuery took 0 ms for 3 items query: select * from movie_view  JOIN sets ON movie_view.idSet = sets.idSet WHERE sets.idSet=139 ORDER BY sets.idSet
13:13:27.260 T:140588296955648   DEBUG: RunQuery took 0 ms for 3 items query: select * from movie_view  WHERE movie_view.idSet = 139
13:13:27.266 T:140588296955648   DEBUG: RunQuery took 0 ms for 4 items query: select * from movie_view  JOIN sets ON movie_view.idSet = sets.idSet WHERE sets.idSet=140 ORDER BY sets.idSet
13:13:27.269 T:140588296955648   DEBUG: RunQuery took 1 ms for 4 items query: select * from movie_view  WHERE movie_view.idSet = 140
13:13:27.274 T:140588296955648   DEBUG: RunQuery took 0 ms for 1 items query: select * from movie_view  JOIN sets ON movie_view.idSet = sets.idSet WHERE sets.idSet=141 ORDER BY sets.idSet
13:13:27.277 T:140588296955648   DEBUG: RunQuery took 0 ms for 1 items query: select * from movie_view  WHERE movie_view.idSet = 141
13:13:27.282 T:140588296955648   DEBUG: RunQuery took 0 ms for 1 items query: select * from movie_view  JOIN sets ON movie_view.idSet = sets.idSet WHERE sets.idSet=142 ORDER BY sets.idSet
13:13:27.285 T:140588296955648   DEBUG: RunQuery took 1 ms for 1 items query: select * from movie_view  WHERE movie_view.idSet = 142
13:13:27.290 T:140588296955648   DEBUG: RunQuery took 0 ms for 2 items query: select * from movie_view  JOIN sets ON movie_view.idSet = sets.idSet WHERE sets.idSet=143 ORDER BY sets.idSet
13:13:27.292 T:140588296955648   DEBUG: RunQuery took 0 ms for 2 items query: select * from movie_view  WHERE movie_view.idSet = 143
13:13:27.297 T:140588296955648   DEBUG: RunQuery took 0 ms for 4 items query: select * from movie_view  JOIN sets ON movie_view.idSet = sets.idSet WHERE sets.idSet=144 ORDER BY sets.idSet
13:13:27.302 T:140588296955648   DEBUG: RunQuery took 0 ms for 4 items query: select * from movie_view  WHERE movie_view.idSet = 144
13:13:27.307 T:140588296955648   DEBUG: RunQuery took 0 ms for 2 items query: select * from movie_view  JOIN sets ON movie_view.idSet = sets.idSet WHERE sets.idSet=145 ORDER BY sets.idSet
13:13:27.310 T:140588296955648   DEBUG: RunQuery took 0 ms for 2 items query: select * from movie_view  WHERE movie_view.idSet = 145
13:13:27.315 T:140588296955648   DEBUG: RunQuery took 0 ms for 1 items query: select * from movie_view  JOIN sets ON movie_view.idSet = sets.idSet WHERE sets.idSet=146 ORDER BY sets.idSet
13:13:27.318 T:140588296955648   DEBUG: RunQuery took 0 ms for 1 items query: select * from movie_view  WHERE movie_view.idSet = 146
13:13:27.323 T:140588296955648   DEBUG: RunQuery took 0 ms for 2 items query: select * from movie_view  JOIN sets ON movie_view.idSet = sets.idSet WHERE sets.idSet=147 ORDER BY sets.idSet
13:13:27.326 T:140588296955648   DEBUG: RunQuery took 0 ms for 2 items query: select * from movie_view  WHERE movie_view.idSet = 147
