12:32:42.576 T:140244021758080  NOTICE: GL_EXTENSIONS = GL_ARB_multisample GL_EXT_abgr GL_EXT_bgra GL_EXT_blend_color GL_EXT_blend_minmax GL_EXT_blend_subtract GL_EXT_copy_texture GL_EXT_polygon_offset GL_EXT_subtexture GL_EXT_texture_object GL_EXT_vertex_array GL_EXT_compiled_vertex_array GL_EXT_texture GL_EXT_texture3D GL_IBM_rasterpos_clip GL_ARB_point_parameters GL_EXT_draw_range_elements GL_EXT_packed_pixels GL_EXT_point_parameters GL_EXT_rescale_normal GL_EXT_separate_specular_color GL_EXT_texture_edge_clamp GL_SGIS_generate_mipmap GL_SGIS_texture_border_clamp GL_SGIS_texture_edge_clamp GL_SGIS_texture_lod GL_ARB_framebuffer_sRGB GL_ARB_multitexture GL_EXT_framebuffer_sRGB GL_IBM_multimode_draw_arrays GL_IBM_texture_mirrored_repeat GL_3DFX_texture_compression_FXT1 GL_ARB_texture_cube_map GL_ARB_texture_env_add GL_ARB_transpose_matrix GL_EXT_blend_func_separate GL_EXT_fog_coord GL_EXT_multi_draw_arrays GL_EXT_secondary_color GL_EXT_texture_env_add GL_EXT_texture_filter_anisotropic GL_EXT_texture_lod_bias GL_INGR_blend_func_separate GL_NV_blend_square GL_NV_light_max_exponent GL_NV_texgen_reflection GL_NV_texture_env_combine4 GL_S3_s3tc GL_SUN_multi_draw_arrays GL_ARB_texture_border_clamp GL_ARB_texture_compression GL_EXT_framebuffer_object GL_EXT_texture_env_combine GL_EXT_texture_env_dot3 GL_MESA_window_pos GL_NV_packed_depth_stencil GL_NV_texture_rectangle GL_ARB_depth_texture GL_ARB_occlusion_query GL_ARB_shadow GL_ARB_texture_env_combine GL_ARB_texture_env_crossbar GL_ARB_texture_env_dot3 GL_ARB_texture_mirrored_repeat GL_ARB_window_pos GL_EXT_stencil_two_side GL_EXT_texture_cube_map GL_NV_depth_clamp GL_APPLE_packed_pixels GL_APPLE_vertex_array_object GL_ARB_draw_buffers GL_ARB_fragment_program GL_ARB_fragment_shader GL_ARB_shader_objects GL_ARB_vertex_program GL_ARB_vertex_shader GL_ATI_draw_buffers GL_ATI_texture_env_combine3 GL_ATI_texture_float GL_EXT_shadow_funcs GL_EXT_stencil_wrap GL_MESA_pack_invert GL_NV_primitive_restart GL_ARB_depth_clamp GL_ARB_fragment_program_shadow GL_ARB_half_float_pixel GL_ARB_occlusion_query2 GL_ARB_point_sprite GL_ARB_shading_language_100 GL_ARB_sync GL_ARB_texture_non_power_of_two GL_ARB_vertex_buffer_object GL_ATI_blend_equation_separate GL_EXT_blend_equation_separate GL_OES_read_format GL_ARB_color_buffer_float GL_ARB_pixel_buffer_object GL_ARB_texture_compression_rgtc GL_ARB_texture_float GL_ARB_texture_rectangle GL_EXT_packed_float GL_EXT_pixel_buffer_object GL_EXT_texture_compression_dxt1 GL_EXT_texture_compression_rgtc GL_EXT_texture_rectangle GL_EXT_texture_sRGB GL_EXT_texture_shared_exponent GL_ARB_framebuffer_object GL_EXT_framebuffer_blit GL_EXT_framebuffer_multisample GL_EXT_packed_depth_stencil GL_APPLE_object_purgeable GL_ARB_vertex_array_object GL_ATI_separate_stencil GL_EXT_draw_buffers2 GL_EXT_draw_instanced GL_EXT_gpu_program_parameters GL_EXT_texture_array GL_EXT_texture_integer GL_EXT_texture_sRGB_decode GL_EXT_timer_query GL_OES_EGL_image GL_ARB_copy_buffer GL_ARB_depth_buffer_float GL_ARB_draw_instanced GL_ARB_half_float_vertex GL_ARB_instanced_arrays GL_ARB_map_buffer_range GL_ARB_texture_rg GL_ARB_texture_swizzle GL_ARB_vertex_array_bgra GL_EXT_texture_swizzle GL_EXT_vertex_array_bgra GL_NV_conditional_render GL_AMD_conservative_depth GL_AMD_draw_buffers_blend GL_AMD_seamless_cubemap_per_texture GL_AMD_shader_stencil_export GL_ARB_ES2_compatibility GL_ARB_blend_func_extended GL_ARB_debug_output GL_ARB_draw_buffers_blend GL_ARB_draw_elements_base_vertex GL_ARB_explicit_attrib_location GL_ARB_fragment_coord_conventions GL_ARB_provoking_vertex GL_ARB_sample_shading GL_ARB_sampler_objects GL_ARB_seamless_cube_map GL_ARB_shader_stencil_export GL_ARB_shader_texture_lod GL_ARB_texture_cube_map_array GL_ARB_texture_gather GL_ARB_texture_multisample GL_ARB_texture_query_lod GL_ARB_texture_rgb10_a2ui GL_ARB_uniform_buffer_object GL_ARB_vertex_type_2_10_10_10_rev GL_EXT_provoking_vertex GL_EXT_texture_snorm GL_MESA_texture_signed_rgba GL_NV_texture_barrier GL_ARB_get_program_binary GL_ARB_robustness GL_ARB_separate_shader_objects GL_ARB_shader_bit_encoding GL_ARB_shader_precision GL_ARB_texture_compression_bptc GL_ARB_timer_query GL_ARB_transform_feedback2 GL_ARB_transform_feedback3 GL_ANGLE_texture_compression_dxt3 GL_ANGLE_texture_compression_dxt5 GL_ARB_compressed_texture_pixel_storage GL_ARB_conservative_depth GL_ARB_internalformat_query GL_ARB_map_buffer_alignment GL_ARB_shader_atomic_counters GL_ARB_shader_image_load_store GL_ARB_shading_language_420pack GL_ARB_shading_language_packing GL_ARB_texture_storage GL_ARB_transform_feedback_instanced GL_EXT_framebuffer_multisample_blit_scaled GL_EXT_transform_feedback GL_AMD_shader_trinary_minmax GL_ARB_ES3_compatibility GL_ARB_arrays_of_arrays GL_ARB_clear_buffer_object GL_ARB_compute_shader GL_ARB_copy_image GL_ARB_explicit_uniform_location GL_ARB_framebuffer_no_attachments GL_ARB_invalidate_subdata GL_ARB_program_interface_query GL_ARB_robust_buffer_access_behavior GL_ARB_shader_image_size GL_ARB_shader_storage_buffer_object GL_ARB_stencil_texturing GL_ARB_texture_query_levels GL_ARB_texture_storage_multisample GL_ARB_texture_view GL_ARB_vertex_attrib_binding GL_KHR_debug GL_KHR_robustness GL_KHR_texture_compression_astc_ldr GL_ARB_buffer_storage GL_ARB_clear_texture GL_ARB_internalformat_query2 GL_ARB_multi_bind GL_ARB_query_buffer_object GL_ARB_seamless_cubemap_per_texture GL_ARB_shader_draw_parameters GL_ARB_texture_mirror_clamp_to_edge GL_ARB_texture_stencil8 GL_ARB_vertex_type_10f_11f_11f_rev GL_EXT_shader_integer_mix GL_INTEL_performance_query GL_ARB_clip_control GL_ARB_conditional_render_inverted GL_ARB_cull_distance GL_ARB_derivative_control GL_ARB_get_texture_sub_image GL_ARB_pipeline_statistics_query GL_ARB_shader_texture_image_samples GL_ARB_texture_barrier GL_ARB_transform_feedback_overflow_query GL_EXT_polygon_offset_clamp GL_KHR_blend_equation_advanced GL_KHR_blend_equation_advanced_coherent GL_KHR_context_flush_control GL_KHR_robust_buffer_access_behavior GL_ARB_shader_atomic_counter_ops GL_ARB_shader_clock GL_EXT_shader_samples_identical GL_KHR_texture_compression_astc_sliced_3d GL_MESA_shader_integer_functions
12:32:42.576 T:140244021758080    INFO: GL: Maximum texture width: 16384
12:32:42.647 T:140244021758080    INFO: GL: Enabling VSYNC
12:32:42.650 T:140244021758080    INFO: load keymapping
12:32:42.651 T:140244021758080    INFO: Loading special://xbmc/system/keymaps/appcommand.xml
12:32:42.651 T:140244021758080    INFO: Loading special://xbmc/system/keymaps/customcontroller.AppleRemote.xml
12:32:42.651 T:140244021758080    INFO: Loading special://xbmc/system/keymaps/customcontroller.Harmony.xml
12:32:42.653 T:140244021758080    INFO: Loading special://xbmc/system/keymaps/gamepad.xml
12:32:42.654 T:140244021758080    INFO: Loading special://xbmc/system/keymaps/joystick.xml
12:32:42.655 T:140244021758080    INFO: Loading special://xbmc/system/keymaps/keyboard.xml
12:32:42.658 T:140244021758080    INFO: Loading special://xbmc/system/keymaps/mouse.xml
12:32:42.659 T:140244021758080    INFO: Loading special://xbmc/system/keymaps/remote.xml
12:32:42.661 T:140244021758080    INFO: Loading special://xbmc/system/keymaps/touchscreen.xml
12:32:42.662 T:140244021758080    INFO: Loading special://masterprofile/keymaps/gen.xml
12:32:42.662 T:140244021758080    INFO: Loading special://profile/keymaps/gen.xml
12:32:42.662 T:140244021758080    INFO: Loading special://xbmc/system/Lircmap.xml
12:32:42.663 T:140244021758080    INFO: * Adding remote mapping for device 'mceusb'
12:32:42.663 T:140244021758080    INFO: * Adding remote mapping for device 'XboxDVDDongle'
12:32:42.663 T:140244021758080    INFO: * Adding remote mapping for device 'Microsoft_Xbox'
12:32:42.663 T:140244021758080    INFO: * Adding remote mapping for device 'PinnacleSysPCTVRemote'
12:32:42.663 T:140244021758080    INFO: * Adding remote mapping for device 'anysee'
12:32:42.663 T:140244021758080    INFO: * Adding remote mapping for device 'iMON-PAD'
12:32:42.663 T:140244021758080    INFO: * Adding remote mapping for device 'Antec_Veris_RM200'
12:32:42.663 T:140244021758080    INFO: * Adding remote mapping for device 'MCE_via_iMON'
12:32:42.663 T:140244021758080    INFO: * Adding remote mapping for device 'TwinHanRemote'
12:32:42.663 T:140244021758080    INFO: * Adding remote mapping for device 'linux-input-layer'
12:32:42.663 T:140244021758080    INFO: * Linking remote mapping for 'linux-input-layer' to 'cx23885_remote'
12:32:42.663 T:140244021758080    INFO: * Adding remote mapping for device 'mediacenter'
12:32:42.663 T:140244021758080    INFO: * Adding remote mapping for device 'devinput'
12:32:42.664 T:140244021758080   DEBUG: CButtonTranslator::Load - no userdata Lircmap.xml found, skipping
12:32:42.664 T:140244021758080    INFO: GUI format 1920x1080, Display 1920x1080@ 60.00 - Full Screen
12:32:42.664 T:140244021758080   DEBUG: guilib: Fill viewport on change for solving rendering passes
12:32:42.664 T:140244021758080    INFO: CLangInfo: loading resource.language.en_gb language information...
12:32:42.664 T:140244021758080   DEBUG: trying to set locale to en_US.UTF-8
12:32:42.665 T:140244021758080    INFO: global locale set to C
12:32:42.665 T:140244021758080    INFO: CLangInfo: loading resource.language.en_gb language strings...
12:32:42.672 T:140244021758080   DEBUG: LocalizeStrings: loaded 3789 strings from file resource://resource.language.en_gb/strings.po
12:32:42.677 T:140244021758080   DEBUG: LocalizeStrings: loaded 1 strings from file /usr/share/kodi/addons/audioencoder.xbmc.builtin.aac/resources/language/English/strings.po
12:32:42.677 T:140244021758080   DEBUG: LocalizeStrings: loaded 1 strings from file /usr/share/kodi/addons/audioencoder.xbmc.builtin.wma/resources/language/English/strings.po
12:32:42.677 T:140244021758080   DEBUG: LocalizeStrings: loaded 18 strings from file /usr/share/kodi/addons/game.controller.default/resources/language/resource.language.en_gb/strings.po
12:32:42.677 T:140244021758080   DEBUG: LocalizeStrings: loaded 13 strings from file /storage/.kodi/addons/metadata.album.universal/resources/language/English/strings.po
12:32:42.677 T:140244021758080   DEBUG: LocalizeStrings: loaded 26 strings from file /storage/.kodi/addons/metadata.artists.universal/resources/language/English/strings.po
12:32:42.678 T:140244021758080   DEBUG: LocalizeStrings: loaded 9 strings from file /storage/.kodi/addons/metadata.themoviedb.org/resources/language/resource.language.en_gb/strings.po
12:32:42.678 T:140244021758080   DEBUG: LocalizeStrings: loaded 10 strings from file /storage/.kodi/addons/metadata.tvdb.com/resources/language/resource.language.en_gb/strings.po
12:32:42.679 T:140244021758080   DEBUG: LocalizeStrings: loaded 1 strings from file /usr/share/kodi/addons/screensaver.xbmc.builtin.dim/resources/language/resource.language.en_gb/strings.po
12:32:42.680 T:140244021758080   DEBUG: LocalizeStrings: loaded 206 strings from file /usr/share/kodi/addons/service.libreelec.settings/resources/language/English/strings.po
12:32:42.681 T:140244021758080   DEBUG: LocalizeStrings: loaded 45 strings from file /storage/.kodi/addons/script.module.youtube.dl/resources/language/English/strings.po
12:32:42.682 T:140244021758080   DEBUG: LocalizeStrings: loaded 167 strings from file /storage/.kodi/addons/script.extendedinfo/resources/language/resource.language.en_gb/strings.po
12:32:42.683 T:140244021758080   DEBUG: LocalizeStrings: loaded 51 strings from file /storage/.kodi/addons/script.module.metadatautils/resources/language/resource.language.en_gb/strings.po
12:32:42.683 T:140244021758080   DEBUG: LocalizeStrings: loaded 26 strings from file /storage/.kodi/addons/script.skin.helper.service/resources/language/resource.language.en_gb/strings.po
12:32:42.683 T:140244021758080   DEBUG: LocalizeStrings: loaded 69 strings from file /storage/.kodi/addons/script.skin.helper.widgets/resources/language/resource.language.en_gb/strings.po
12:32:42.683 T:140244021758080   DEBUG: LocalizeStrings: loaded 120 strings from file /storage/.kodi/addons/script.skinshortcuts/resources/language/English/strings.po
12:32:42.683 T:140244021758080   DEBUG: LocalizeStrings: loaded 24 strings from file /storage/.kodi/addons/service.library.data.provider/resources/language/resource.language.en_gb/strings.po
12:32:42.683 T:140244021758080   DEBUG: LocalizeStrings: loaded 7 strings from file /storage/.kodi/addons/script.common.plugin.cache/resources/language/resource.language.en_gb/strings.po
12:32:42.684 T:140244021758080   DEBUG: LocalizeStrings: loaded 100 strings from file /storage/.kodi/addons/script.artwork.downloader/resources/language/English/strings.po
12:32:42.684 T:140244021758080   DEBUG: LocalizeStrings: loaded 297 strings from file /storage/.kodi/addons/plugin.video.youtube/resources/language/resource.language.en_gb/strings.po
12:32:42.685 T:140244021758080   DEBUG: LocalizeStrings: loaded 22 strings from file /storage/.kodi/addons/script.module.buggalo/resources/language/English/strings.xml
12:32:42.685 T:140244021758080   DEBUG: LocalizeStrings: loaded 18 strings from file /storage/.kodi/addons/script.module.simple.downloader/resources/language/English/strings.xml
12:32:42.686 T:140244021758080   DEBUG: LocalizeStrings: loaded 12 strings from file /storage/.kodi/addons/script.keymap/resources/language/English/strings.xml
12:32:42.686 T:140244021758080   DEBUG: LocalizeStrings: loaded 3 strings from file /storage/.kodi/addons/plugin.program.autocompletion/resources/language/English/strings.po
12:32:42.687 T:140244021758080   DEBUG: LocalizeStrings: loaded 3 strings from file /storage/.kodi/addons/script.favourites/resources/language/resource.language.en_GB/strings.po
12:32:42.687 T:140244021758080   DEBUG: LocalizeStrings: loaded 25 strings from file /storage/.kodi/addons/script.service.alarmclock/resources/language/English/strings.po
12:32:42.687 T:140244021758080   DEBUG: LocalizeStrings: loaded 62 strings from file /storage/.kodi/addons/weather.gismeteo/resources/language/resource.language.en_gb/strings.po
12:32:42.687 T:140244021758080   DEBUG: LocalizeStrings: loaded 54 strings from file /storage/.kodi/addons/weather.weatherbit.io/resources/language/English/strings.po
12:32:42.688 T:140244021758080   DEBUG: LocalizeStrings: loaded 48 strings from file /storage/.kodi/addons/service.system.docker/resources/language/English/strings.po
12:32:42.688 T:140244021758080   DEBUG: LocalizeStrings: loaded 46 strings from file /storage/.kodi/addons/script.paragontv/resources/language/resource.language.en_gb/strings.po
12:32:42.689 T:140244021758080   DEBUG: LoadMappings - loaded node "Motorola Nyxboard Hybrid"
12:32:42.689 T:140244021758080   DEBUG: LoadMappings - loaded node "CEC Adapter"
12:32:42.689 T:140244021758080   DEBUG: LoadMappings - loaded node "Pulse-Eight CEC Adapter"
12:32:42.689 T:140244021758080   DEBUG: LoadMappings - loaded node "iMON HID device"
12:32:42.689 T:140244021758080   DEBUG: LoadMappings - loaded node "WETEK Play remote"
12:32:42.689 T:140244021758080   DEBUG: LoadMappings - loaded node ""
12:32:42.689 T:140244021758080   DEBUG: CPeripheralBusUSB - initialised udev monitor
12:32:42.689 T:140244021758080   DEBUG: SECTION:LoadDLL(libcec.so.4)
12:32:42.689 T:140244021758080   DEBUG: Loading: libcec.so.4
12:32:42.697 T:140244021758080   DEBUG: Add-on bus: Registering add-on peripheral.joystick
12:32:42.697 T:140244021758080   DEBUG: PERIPHERAL - CreateAddon - creating peripheral add-on instance 'Joystick Support'
12:32:42.697 T:140244021758080   DEBUG: ADDON: Dll Initializing - Joystick Support
12:32:42.697 T:140244021758080   DEBUG: SECTION:LoadDLL(/usr/lib/kodi/addons/peripheral.joystick/peripheral.joystick.so.1.3.4)
12:32:42.697 T:140244021758080   DEBUG: Loading: /usr/lib/kodi/addons/peripheral.joystick/peripheral.joystick.so.1.3.4
12:32:42.701 T:140244021758080   DEBUG: AddOnLog: Joystick Support: Loaded 14 joystick families with 97 total joysticks
12:32:42.702 T:140244021758080   DEBUG: Calling TransferSettings for: Joystick Support
12:32:42.702 T:140243860391680   DEBUG: Thread PeripBusUSBUdev start, auto delete: false
12:32:42.702 T:140243851998976   DEBUG: Thread PeripBusCEC start, auto delete: false
12:32:42.703 T:140243432896256   DEBUG: Thread PeripBusAddon start, auto delete: false
12:32:42.703 T:140244021758080   DEBUG: SECTION:LoadDLL(libcurl.so.4)
12:32:42.703 T:140243424503552   DEBUG: Thread PeripEventScanner start, auto delete: false
12:32:42.703 T:140244021758080   DEBUG: Loading: libcurl.so.4
12:32:42.705 T:140244002825984  NOTICE: Running database version Addons27
12:32:42.705 T:140244002825984   DEBUG: Initialize, updating databases...
12:32:42.706 T:140244002825984  NOTICE: Running database version ViewModes6
12:32:42.707 T:140244002825984  NOTICE: Running database version Textures13
12:32:42.711 T:140244002825984    INFO: MYSQL: Connected to version 5.5.5-10.3.39-MariaDB-1:10.3.39+maria~ubu2004
12:32:42.713 T:140244002825984  NOTICE: Running database version MyMusic60
12:32:42.715 T:140244002825984  NOTICE: Running database version MyVideos107
12:32:42.715 T:140244002825984  NOTICE: Running database version TV29
12:32:42.716 T:140244002825984  NOTICE: Running database version Epg11
12:32:42.716 T:140244002825984   DEBUG: Initialize, updating databases... DONE
12:32:42.719 T:140244021758080  NOTICE: start dvd mediatype detection
12:32:42.719 T:140243970422528   DEBUG: Thread DetectDVDMedia start, auto delete: false
12:32:42.719 T:140243970422528   DEBUG: Compiled with libcdio Version 0.94
12:32:42.719 T:140244021758080   DEBUG: DPMS: supported power-saving modes: SUSPEND OFF STANDBY
12:32:42.719 T:140243970422528   DEBUG: Thread DetectDVDMedia 140243970422528 terminating
12:32:42.732 T:140244021753600   DEBUG: CAnnouncementManager - Announcement: OnClear from xbmc
12:32:42.733 T:140244021753600   DEBUG: GOT ANNOUNCEMENT, type: 2, from xbmc, message OnClear
12:32:42.741 T:140244021758080    INFO: Unloading old skin ...
12:32:42.743 T:140244021758080    INFO:   load skin from: /storage/.kodi/addons/skin.paragon (version: 6.1.0)
12:32:42.743 T:140244021758080    INFO:   load fonts for skin...
12:32:42.744 T:140244021758080    INFO: Loading fonts from /storage/.kodi/addons/skin.paragon/720p/Font.xml
12:32:42.793 T:140244021758080   ERROR: Couldn't load font name: FontSize_150BH(birth_of_a_hero.ttf), trying to substitute arial.ttf
12:32:42.801 T:140244021758080   ERROR: Couldn't load font name: FontSize_180L(lcdml___.ttf), trying to substitute arial.ttf
12:32:42.846 T:140244021758080   ERROR: Couldn't load font name: font10(roboto-regular.ttf), trying to substitute arial.ttf
12:32:42.847 T:140244021758080   ERROR: Couldn't load font name: font12(roboto-regular.ttf), trying to substitute arial.ttf
12:32:42.848 T:140244021758080   ERROR: Couldn't load font name: font13(roboto-regular.ttf), trying to substitute arial.ttf
12:32:42.850 T:140244021758080   ERROR: Couldn't load font name: font14(roboto-regular.ttf), trying to substitute arial.ttf
12:32:42.851 T:140244021758080   ERROR: Couldn't load font name: font16(roboto-regular.ttf), trying to substitute arial.ttf
12:32:42.852 T:140244021758080   ERROR: Couldn't load font name: font30(roboto-regular.ttf), trying to substitute arial.ttf
12:32:42.853 T:140244021758080   ERROR: Couldn't load font name: fontContextMenu(roboto-regular.ttf), trying to substitute arial.ttf
12:32:42.857 T:140244021758080   ERROR: Couldn't load font name: font_MainMenu(dejavusans-bold-caps.ttf), trying to substitute arial.ttf
12:32:42.859 T:140244021758080   ERROR: Couldn't load font name: PTVL10(poppins-medium.ttf), trying to substitute arial.ttf
12:32:42.859 T:140244021758080   ERROR: Couldn't load font name: PTVL12(poppins-medium.ttf), trying to substitute arial.ttf
12:32:42.861 T:140244021758080   ERROR: Couldn't load font name: PTVL13(poppins-medium.ttf), trying to substitute arial.ttf
12:32:42.861 T:140244021758080   ERROR: Couldn't load font name: PTVL14(poppins-medium.ttf), trying to substitute arial.ttf
12:32:42.863 T:140244021758080   DEBUG: POParser: PO file has Win Style Line Endings. Converted in memory to Linux LF for file: /storage/.kodi/addons/skin.paragon/language/English/strings.po
12:32:42.864 T:140244021758080   DEBUG: LocalizeStrings: loaded 258 strings from file /storage/.kodi/addons/skin.paragon/language/English/strings.po
12:32:42.864 T:140244021758080    INFO: Loading skin includes from /storage/.kodi/addons/skin.paragon/720p/includes.xml
12:32:42.915 T:140244021758080    INFO: Error loading includes.xml file (/storage/.kodi/addons/skin.paragon/720p/IncludesHomeWidgets.xml): Error reading Attributes. (row=176, col=55)
12:32:42.944 T:140244021758080    INFO:   load new skin...
12:32:42.944 T:140244021758080    INFO: Loading user windows, path /storage/.kodi/addons/skin.paragon/720p
12:32:42.953 T:140244021758080   DEBUG: Load Skin XML: 9.19ms
12:32:42.953 T:140244021758080    INFO:   initialize new skin...
12:32:42.953 T:140244021758080   DEBUG: guilib: Fill viewport on change for solving rendering passes
12:32:42.953 T:140244021758080    INFO: Loading skin file: Pointer.xml, load type: LOAD_ON_GUI_INIT
12:32:42.954 T:140244021758080    INFO: Loading skin file: DialogVolumeBar.xml, load type: LOAD_ON_GUI_INIT
12:32:42.955 T:140244021758080    INFO: Loading skin file: DialogNotification.xml, load type: LOAD_ON_GUI_INIT
12:32:42.956 T:140244021758080    INFO: Loading skin file: DialogSeekBar.xml, load type: LOAD_ON_GUI_INIT
12:32:42.956 T:140244021758080    INFO: Loading skin file: DialogBusy.xml, load type: LOAD_ON_GUI_INIT
12:32:42.956 T:140244021758080    INFO: Loading skin file: DialogExtendedProgressBar.xml, load type: LOAD_ON_GUI_INIT
12:32:42.958 T:140244021758080    INFO: Loading resource://resource.uisounds.kodi/sounds.xml
12:32:42.972 T:140244021758080    INFO:   skin loaded...
12:32:42.972 T:140244021758080   DEBUG: Activating window ID: 12997
12:32:42.972 T:140244021758080   DEBUG: ------ Window Init () ------
12:32:42.972 T:140244021758080    INFO: load splash image: /usr/share/kodi/media/Splash.png
12:32:42.982 T:140244021758080   DEBUG: JSONRPC: JSON schema type definition references an unknown type Setting.Details.Setting
12:32:42.982 T:140244021758080 WARNING: JSONRPC: Could not parse type "Setting.Details.SettingList"
12:32:42.982 T:140244021758080    INFO: JSONRPC: Adding type "Setting.Details.SettingList" to list of incomplete definitions (waiting for "Setting.Details.Setting")
12:32:42.982 T:140244021758080    INFO: JSONRPC: Resolving incomplete types/methods referencing Setting.Details.Setting
12:32:42.995 T:140244021758080    INFO: JSONRPC v8.0.0: Successfully initialized
12:32:42.995 T:140244021758080   DEBUG: ADDON: Starting service addons.
12:32:42.997 T:140243039618816   DEBUG: Thread LanguageInvoker start, auto delete: false
12:32:42.997 T:140243039618816    INFO: initializing python engine.
12:32:42.997 T:140243031226112   DEBUG: Thread LanguageInvoker start, auto delete: false
12:32:42.997 T:140243031226112   DEBUG: Previous line repeats 1 times.
12:32:42.997 T:140243031226112    INFO: initializing python engine.
12:32:42.997 T:140243014440704    INFO: Previous line repeats 1 times.
12:32:42.997 T:140243014440704   DEBUG: Thread LanguageInvoker start, auto delete: false
12:32:42.997 T:140243014440704    INFO: initializing python engine.
12:32:42.997 T:140243006048000   DEBUG: Thread LanguageInvoker start, auto delete: false
12:32:42.997 T:140243006048000   DEBUG: Previous line repeats 1 times.
12:32:42.997 T:140243006048000    INFO: initializing python engine.
12:32:42.997 T:140242989262592    INFO: Previous line repeats 1 times.
12:32:42.997 T:140242989262592   DEBUG: Thread LanguageInvoker start, auto delete: false
12:32:42.997 T:140242989262592    INFO: initializing python engine.
12:32:42.997 T:140244021758080   DEBUG: Activating window ID: 12999
12:32:42.997 T:140244021758080   DEBUG: ------ Window Init (Startup.xml) ------
12:32:42.997 T:140244021758080    INFO: Loading skin file: Startup.xml, load type: LOAD_EVERY_TIME
12:32:42.997 T:140244021758080   DEBUG: Activating window ID: 11114
12:32:42.997 T:140244021758080   DEBUG: ------ Window Init (Custom_StartExit.xml) ------
12:32:42.997 T:140244021758080    INFO: Loading skin file: Custom_StartExit.xml, load type: KEEP_IN_MEMORY
12:32:42.998 T:140244021758080 WARNING: Label Formating: $VAR[Custom_ExitSubLabels] is not defined
12:32:42.998 T:140244021758080 WARNING: Previous line repeats 1 times.
12:32:42.998 T:140244021758080   DEBUG: [Warning] CGUITextureManager::GetTexturePath: could not find texture 'buttons/catbullet_nf.png'
12:32:42.999 T:140242980869888   DEBUG: Previous line repeats 1 times.
12:32:42.999 T:140242980869888   DEBUG: Thread AlarmClock start, auto delete: false
12:32:42.999 T:140244021758080   DEBUG: started alarm with name: close
12:32:42.999 T:140244021758080   DEBUG: started alarm with name: starting
12:32:42.999 T:140244021758080   DEBUG: NetworkMessage - Starting network services
12:32:43.000 T:140244021758080   DEBUG: CZeroconfAvahi::clientCallback: client is up and running
12:32:43.000 T:140244021758080  NOTICE: starting zeroconf publishing
12:32:43.000 T:140244021758080  NOTICE: CWebServer[8080]: Started
12:32:43.001 T:140244002825984   DEBUG: CZeroconfAvahi::doPublishService identifier: servers.webserver type: _http._tcp name:Kodi (office) port:8080
12:32:43.001 T:140244021758080  NOTICE: starting upnp client
12:32:43.001 T:140244002825984   DEBUG: CZeroconfAvahi::addService() named: Kodi (office) type: _http._tcp port:8080
12:32:43.001 T:140242476586752   DEBUG: Thread JobWorker start, auto delete: true
12:32:43.001 T:140242476586752   DEBUG: CZeroconfAvahi::doPublishService identifier: servers.jsonrpc-http type: _xbmc-jsonrpc-h._tcp name:Kodi (office) port:8080
12:32:43.001 T:140244021758080  NOTICE: starting upnp renderer
12:32:43.002 T:140242476586752   DEBUG: CZeroconfAvahi::addService() named: Kodi (office) type: _xbmc-jsonrpc-h._tcp port:8080
12:32:43.019 T:140244021758080    INFO: JSONRPC Server: Successfully initialized
12:32:43.019 T:140242250082048   DEBUG: Thread EventServer start, auto delete: false
12:32:43.019 T:140242250082048  NOTICE: ES: Starting UDP Event server on port 9777
12:32:43.019 T:140242241689344   DEBUG: Thread TCPServer start, auto delete: false
12:32:43.019 T:140244021758080   DEBUG: SECTION:LoadDLL(libshairplay.so.0)
12:32:43.019 T:140244002825984   DEBUG: CZeroconfAvahi::doPublishService identifier: servers.jsonrpc-tpc type: _xbmc-jsonrpc._tcp name:Kodi (office) port:9090
12:32:43.019 T:140242250082048  NOTICE: UDP: Listening on port 9777 (ipv6 : true)
12:32:43.019 T:140244002825984   DEBUG: CZeroconfAvahi::addService() named: Kodi (office) type: _xbmc-jsonrpc._tcp port:9090
12:32:43.020 T:140242476586752   DEBUG: CZeroconfAvahi::doPublishService identifier: servers.eventserver type: _xbmc-events._udp name:Kodi (office) port:9777
12:32:43.020 T:140244021758080   DEBUG: Loading: libshairplay.so.0
12:32:43.020 T:140244021758080    INFO: AIRPLAY: Cleaning up photoassetcache
12:32:43.020 T:140241948108544   DEBUG: Thread JobWorker start, auto delete: true
12:32:43.020 T:140241948108544   DEBUG: CZeroconfAvahi::doPublishService identifier: servers.airtunes type: _raop._tcp name:9C5C8E2076E0@Kodi (office) port:36666
12:32:43.021 T:140242476586752   DEBUG: CZeroconfAvahi::addService() named: Kodi (office) type: _xbmc-events._udp port:9777
12:32:43.021 T:140244021758080    INFO: AIRPLAY Server: Successfully initialized
12:32:43.021 T:140244002825984   DEBUG: CZeroconfAvahi::doPublishService identifier: servers.airplay type: _airplay._tcp name:Kodi (office) port:36667
12:32:43.021 T:140241939715840   DEBUG: Thread AirPlayServer start, auto delete: false
12:32:43.022 T:140244021758080   DEBUG: ------ Window Init () ------
12:32:43.022 T:140241948108544   DEBUG: CZeroconfAvahi::addService() named: 9C5C8E2076E0@Kodi (office) type: _raop._tcp port:36666
12:32:43.023 T:140244002825984   DEBUG: CZeroconfAvahi::addService() named: Kodi (office) type: _airplay._tcp port:36667
12:32:43.025 T:140243039618816   DEBUG: CPythonInvoker(0, /storage/.kodi/addons/script.skin.helper.service/service.py): start processing
12:32:43.025 T:140243031226112   DEBUG: CPythonInvoker(1, /storage/.kodi/addons/script.skin.helper.widgets/service.py): start processing
12:32:43.025 T:140243022833408   DEBUG: CPythonInvoker(2, /storage/.kodi/addons/service.library.data.provider/service.py): start processing
12:32:43.026 T:140243014440704   DEBUG: CPythonInvoker(3, /storage/.kodi/addons/plugin.video.youtube/resources/lib/startup.py): start processing
12:32:43.026 T:140243006048000   DEBUG: CPythonInvoker(4, /storage/.kodi/addons/script.module.simple.downloader/default.py): start processing
12:32:43.026 T:140242997655296   DEBUG: CPythonInvoker(5, /storage/.kodi/addons/script.grab.fanart/service.py): start processing
12:32:43.026 T:140242989262592   DEBUG: CPythonInvoker(6, /storage/.kodi/addons/service.system.docker/default.py): start processing
12:32:43.033 T:140243039618816   DEBUG: -->Python Interpreter Initialized<--
12:32:43.033 T:140243039618816   DEBUG: CPythonInvoker(0, /storage/.kodi/addons/script.skin.helper.service/service.py): the source file to load is "/storage/.kodi/addons/script.skin.helper.service/service.py"
12:32:43.044 T:140243039618816   DEBUG: CPythonInvoker(0, /storage/.kodi/addons/script.skin.helper.service/service.py): setting the Python path to /storage/.kodi/addons/script.skin.helper.service:/storage/.kodi/addons/script.module.arrow/lib:/storage/.kodi/addons/script.module.backports.functools_lru_cache/lib:/storage/.kodi/addons/script.module.beautifulsoup/lib:/storage/.kodi/addons/script.module.certifi/lib:/storage/.kodi/addons/script.module.chardet/lib:/storage/.kodi/addons/script.module.dateutil/lib:/storage/.kodi/addons/script.module.idna/lib:/storage/.kodi/addons/script.module.metadatautils/lib:/storage/.kodi/addons/script.module.musicbrainz/lib:/storage/.kodi/addons/script.module.requests/lib:/storage/.kodi/addons/script.module.simplecache/lib:/storage/.kodi/addons/script.module.simplejson/lib:/storage/.kodi/addons/script.module.six/lib:/storage/.kodi/addons/script.module.thetvdb/lib:/storage/.kodi/addons/script.module.urllib3/lib:/usr/lib/python27.zip:/usr/lib/python2.7:/usr/lib/python2.7/plat-linux2:/usr/lib/python2.7/lib-tk:/usr/lib/python2.7/lib-old:/usr/lib/python2.7/lib-dynload:/usr/lib/python2.7/site-packages:/usr/lib/python2.7/site-packages/gtk-2.0
12:32:43.044 T:140243039618816   DEBUG: CPythonInvoker(0, /storage/.kodi/addons/script.skin.helper.service/service.py): entering source directory /storage/.kodi/addons/script.skin.helper.service
12:32:43.044 T:140243039618816   DEBUG: CPythonInvoker(0, /storage/.kodi/addons/script.skin.helper.service/service.py): instantiating addon using automatically obtained id of "script.skin.helper.service" dependent on version 2.13.0 of the xbmc.python api
12:32:43.144 T:140241914537728   DEBUG: CWebServer[8080]: request received for /jsonrpc?GetActivePlayers
12:32:43.194 T:140243039618816   DEBUG: Skin Helper Simplecache --> Initialized
12:32:43.195 T:140243039618816   DEBUG: Previous line repeats 1 times.
12:32:43.195 T:140243039618816   DEBUG: script.module.thetvdb --> Initialized
12:32:43.195 T:140243022833408   DEBUG: -->Python Interpreter Initialized<--
12:32:43.195 T:140243022833408   DEBUG: CPythonInvoker(2, /storage/.kodi/addons/service.library.data.provider/service.py): the source file to load is "/storage/.kodi/addons/service.library.data.provider/service.py"
12:32:43.200 T:140242989262592   DEBUG: -->Python Interpreter Initialized<--
12:32:43.200 T:140242989262592   DEBUG: CPythonInvoker(6, /storage/.kodi/addons/service.system.docker/default.py): the source file to load is "/storage/.kodi/addons/service.system.docker/default.py"
12:32:43.200 T:140243039618816   DEBUG: Skin Helper Simplecache --> Initialized
12:32:43.206 T:140243022833408   DEBUG: CPythonInvoker(2, /storage/.kodi/addons/service.library.data.provider/service.py): setting the Python path to /storage/.kodi/addons/service.library.data.provider:/storage/.kodi/addons/script.module.routing/lib:/storage/.kodi/addons/script.module.simplejson/lib:/usr/lib/python27.zip:/usr/lib/python2.7:/usr/lib/python2.7/plat-linux2:/usr/lib/python2.7/lib-tk:/usr/lib/python2.7/lib-old:/usr/lib/python2.7/lib-dynload:/usr/lib/python2.7/site-packages:/usr/lib/python2.7/site-packages/gtk-2.0
12:32:43.206 T:140243022833408   DEBUG: CPythonInvoker(2, /storage/.kodi/addons/service.library.data.provider/service.py): entering source directory /storage/.kodi/addons/service.library.data.provider
12:32:43.206 T:140243022833408   DEBUG: CPythonInvoker(2, /storage/.kodi/addons/service.library.data.provider/service.py): instantiating addon using automatically obtained id of "service.library.data.provider" dependent on version 2.25.0 of the xbmc.python api
12:32:43.207 T:140243014440704   DEBUG: -->Python Interpreter Initialized<--
12:32:43.208 T:140243014440704   DEBUG: CPythonInvoker(3, /storage/.kodi/addons/plugin.video.youtube/resources/lib/startup.py): the source file to load is "/storage/.kodi/addons/plugin.video.youtube/resources/lib/startup.py"
12:32:43.211 T:140243039618816   DEBUG: Skin Helper Simplecache --> Initialized
12:32:43.213 T:140243031226112   DEBUG: -->Python Interpreter Initialized<--
12:32:43.213 T:140243031226112   DEBUG: CPythonInvoker(1, /storage/.kodi/addons/script.skin.helper.widgets/service.py): the source file to load is "/storage/.kodi/addons/script.skin.helper.widgets/service.py"
12:32:43.214 T:140242989262592   DEBUG: CPythonInvoker(6, /storage/.kodi/addons/service.system.docker/default.py): setting the Python path to /storage/.kodi/addons/service.system.docker:/usr/lib/python27.zip:/usr/lib/python2.7:/usr/lib/python2.7/plat-linux2:/usr/lib/python2.7/lib-tk:/usr/lib/python2.7/lib-old:/usr/lib/python2.7/lib-dynload:/usr/lib/python2.7/site-packages:/usr/lib/python2.7/site-packages/gtk-2.0
12:32:43.214 T:140242989262592   DEBUG: CPythonInvoker(6, /storage/.kodi/addons/service.system.docker/default.py): entering source directory /storage/.kodi/addons/service.system.docker
12:32:43.214 T:140242989262592   DEBUG: CPythonInvoker(6, /storage/.kodi/addons/service.system.docker/default.py): instantiating addon using automatically obtained id of "service.system.docker" dependent on version 2.1.0 of the xbmc.python api
12:32:43.252 T:140242989262592   DEBUG: ## LibreELEC Addon ## 8.2.0
12:32:43.253 T:140243006048000   DEBUG: -->Python Interpreter Initialized<--
12:32:43.253 T:140243006048000   DEBUG: CPythonInvoker(4, /storage/.kodi/addons/script.module.simple.downloader/default.py): the source file to load is "/storage/.kodi/addons/script.module.simple.downloader/default.py"
12:32:43.253 T:140243014440704   DEBUG: CPythonInvoker(3, /storage/.kodi/addons/plugin.video.youtube/resources/lib/startup.py): setting the Python path to /storage/.kodi/addons/plugin.video.youtube/resources/lib:/storage/.kodi/addons/script.module.certifi/lib:/storage/.kodi/addons/script.module.chardet/lib:/storage/.kodi/addons/script.module.idna/lib:/storage/.kodi/addons/script.module.requests/lib:/storage/.kodi/addons/script.module.six/lib:/storage/.kodi/addons/script.module.urllib3/lib:/usr/lib/python27.zip:/usr/lib/python2.7:/usr/lib/python2.7/plat-linux2:/usr/lib/python2.7/lib-tk:/usr/lib/python2.7/lib-old:/usr/lib/python2.7/lib-dynload:/usr/lib/python2.7/site-packages:/usr/lib/python2.7/site-packages/gtk-2.0
12:32:43.253 T:140243014440704   DEBUG: CPythonInvoker(3, /storage/.kodi/addons/plugin.video.youtube/resources/lib/startup.py): entering source directory /storage/.kodi/addons/plugin.video.youtube/resources/lib
12:32:43.254 T:140243039618816   DEBUG: Skin Helper Simplecache --> Initialized
12:32:43.254 T:140243039618816   DEBUG: Metadata and Artwork module --> Initialized
12:32:43.254 T:140243014440704   DEBUG: CPythonInvoker(3, /storage/.kodi/addons/plugin.video.youtube/resources/lib/startup.py): instantiating addon using automatically obtained id of "plugin.video.youtube" dependent on version 2.20.0 of the xbmc.python api
12:32:43.254 T:140243031226112   DEBUG: CPythonInvoker(1, /storage/.kodi/addons/script.skin.helper.widgets/service.py): setting the Python path to /storage/.kodi/addons/script.skin.helper.widgets:/storage/.kodi/addons/script.module.arrow/lib:/storage/.kodi/addons/script.module.backports.functools_lru_cache/lib:/storage/.kodi/addons/script.module.beautifulsoup/lib:/storage/.kodi/addons/script.module.certifi/lib:/storage/.kodi/addons/script.module.chardet/lib:/storage/.kodi/addons/script.module.dateutil/lib:/storage/.kodi/addons/script.module.idna/lib:/storage/.kodi/addons/script.module.metadatautils/lib:/storage/.kodi/addons/script.module.musicbrainz/lib:/storage/.kodi/addons/script.module.requests/lib:/storage/.kodi/addons/script.module.simplecache/lib:/storage/.kodi/addons/script.module.simplejson/lib:/storage/.kodi/addons/script.module.six/lib:/storage/.kodi/addons/script.module.thetvdb/lib:/storage/.kodi/addons/script.module.urllib3/lib:/usr/lib/python27.zip:/usr/lib/python2.7:/usr/lib/python2.7/plat-linux2:/usr/lib/python2.7/lib-tk:/usr/lib/python2.7/lib-old:/usr/lib/python2.7/lib-dynload:/usr/lib/python2.7/site-packages:/usr/lib/python2.7/site-packages/gtk-2.0
12:32:43.254 T:140243031226112   DEBUG: CPythonInvoker(1, /storage/.kodi/addons/script.skin.helper.widgets/service.py): entering source directory /storage/.kodi/addons/script.skin.helper.widgets
12:32:43.254 T:140243031226112   DEBUG: CPythonInvoker(1, /storage/.kodi/addons/script.skin.helper.widgets/service.py): instantiating addon using automatically obtained id of "script.skin.helper.widgets" dependent on version 2.24.0 of the xbmc.python api
12:32:43.258 T:140243039618816   DEBUG: Skin Helper Simplecache --> Initialized
12:32:43.258 T:140242997655296   DEBUG: -->Python Interpreter Initialized<--
12:32:43.259 T:140242997655296   DEBUG: CPythonInvoker(5, /storage/.kodi/addons/script.grab.fanart/service.py): the source file to load is "/storage/.kodi/addons/script.grab.fanart/service.py"
12:32:43.259 T:140241610471168   DEBUG: Skin Helper Service --> ListItemMonitor - started
12:32:43.259 T:140241602078464  NOTICE: Skin Helper Service --> WebService - start helper webservice on port 52307
12:32:43.259 T:140243006048000   DEBUG: CPythonInvoker(4, /storage/.kodi/addons/script.module.simple.downloader/default.py): setting the Python path to /storage/.kodi/addons/script.module.simple.downloader:/storage/.kodi/addons/script.common.plugin.cache/resources/lib/storage_server/:/storage/.kodi/addons/script.module.parsedom/lib:/usr/lib/python27.zip:/usr/lib/python2.7:/usr/lib/python2.7/plat-linux2:/usr/lib/python2.7/lib-tk:/usr/lib/python2.7/lib-old:/usr/lib/python2.7/lib-dynload:/usr/lib/python2.7/site-packages:/usr/lib/python2.7/site-packages/gtk-2.0
12:32:43.259 T:140243006048000   DEBUG: CPythonInvoker(4, /storage/.kodi/addons/script.module.simple.downloader/default.py): entering source directory /storage/.kodi/addons/script.module.simple.downloader
12:32:43.293 T:140243006048000   DEBUG: CPythonInvoker(4, /storage/.kodi/addons/script.module.simple.downloader/default.py): instantiating addon using automatically obtained id of "script.module.simple.downloader" dependent on version 2.1.0 of the xbmc.python api
12:32:43.397 T:140243014440704   DEBUG: [plugin.video.youtube] send_notification: |check_settings| -> |{"httpd_address": "0.0.0.0", "use_httpd": false, "whitelist": "", "httpd_port": 50152}|
12:32:43.397 T:140243014440704   DEBUG: [plugin.video.youtube] JSONStore Load |/storage/.kodi/userdata/addon_data/plugin.video.youtube/api_keys.json|
12:32:43.398 T:140243014440704   DEBUG: [plugin.video.youtube] JSONStore Load |/storage/.kodi/userdata/addon_data/plugin.video.youtube/access_manager.json|
12:32:43.404 T:140243014440704   DEBUG: [plugin.video.youtube] User: |0| Using API key set: |own|
12:32:43.407 T:140244021753600   DEBUG: CAnnouncementManager - Announcement: check_settings from plugin.video.youtube
12:32:43.407 T:140244021753600   DEBUG: GOT ANNOUNCEMENT, type: 512, from plugin.video.youtube, message check_settings
12:32:43.413 T:140243014440704   DEBUG: [plugin.video.youtube] YouTube service initialization...
12:32:43.445 T:140243039618816  NOTICE: Skin Helper Service --> Skin Helper Service version 1.1.3 started
12:32:43.445 T:140243031226112  NOTICE: Skin Helper Widgets --> Backgroundservice started
12:32:43.447 T:140242997655296   DEBUG: CPythonInvoker(5, /storage/.kodi/addons/script.grab.fanart/service.py): setting the Python path to /storage/.kodi/addons/script.grab.fanart:/usr/lib/python27.zip:/usr/lib/python2.7:/usr/lib/python2.7/plat-linux2:/usr/lib/python2.7/lib-tk:/usr/lib/python2.7/lib-old:/usr/lib/python2.7/lib-dynload:/usr/lib/python2.7/site-packages:/usr/lib/python2.7/site-packages/gtk-2.0
12:32:43.447 T:140242997655296   DEBUG: CPythonInvoker(5, /storage/.kodi/addons/script.grab.fanart/service.py): entering source directory /storage/.kodi/addons/script.grab.fanart
12:32:43.448 T:140242997655296   DEBUG: CPythonInvoker(5, /storage/.kodi/addons/script.grab.fanart/service.py): instantiating addon using automatically obtained id of "script.grab.fanart" dependent on version 2.19.0 of the xbmc.python api
12:32:43.476 T:140243006048000    INFO: CPythonInvoker(4, /storage/.kodi/addons/script.module.simple.downloader/default.py): script successfully run
12:32:43.478 T:140243022833408   DEBUG: Library Data Provider: service version 0.3.2 started
12:32:43.491 T:140241577690880   DEBUG: CWebServer[8080]: request received for /jsonrpc
12:32:43.502 T:140243006048000   DEBUG: Previous line repeats 1 times.
12:32:43.502 T:140243006048000    INFO: Python script stopped
12:32:43.502 T:140243006048000   DEBUG: Thread LanguageInvoker 140243006048000 terminating
12:32:43.526 T:140242997655296  NOTICE: script.grab.fanart: Grab Fanart Service Started
12:32:43.526 T:140242997655296   DEBUG: script.grab.fanart: media type is: random
12:32:43.538 T:140243022833408   DEBUG: RunQuery took 26 ms for 365 items query: select * from movie_view  WHERE ((movie_view.playCount IS NULL OR movie_view.playCount < 1))
12:32:43.545 T:140241352521472   DEBUG: Thread Timer start, auto delete: false
12:32:43.546 T:140241352521472   DEBUG: Previous line repeats 1 times.
12:32:43.546 T:140241352521472   DEBUG: Thread Timer 140241352521472 terminating
12:32:43.547 T:140241335736064   DEBUG: Thread Timer 140241335736064 terminating
12:32:43.547 T:140241352521472   DEBUG: Thread Timer start, auto delete: false
12:32:43.549 T:140241352521472   DEBUG: Thread Timer 140241352521472 terminating
12:32:43.551 T:140241335736064   DEBUG: Thread Timer start, auto delete: false
12:32:43.551 T:140242997655296   DEBUG: RunQuery took 23 ms for 392 items query: select * from movie_view
12:32:43.556 T:140241335736064   DEBUG: Thread Timer 140241335736064 terminating
12:32:43.559 T:140241327343360   DEBUG: Thread Timer start, auto delete: false
12:32:43.635 T:140243039618816   DEBUG: Skin Helper Service --> Kodi_Monitor: sender plugin.video.youtube - method: Other.check_settings  - data: ["%7B%22httpd_address%22%3A%20%220.0.0.0%22%2C%20%22use_httpd%22%3A%20false%2C%20%22whitelist%22%3A%20%22%22%2C%20%22httpd_port%22%3A%2050152%7D"]
12:32:43.683 T:140242997655296   DEBUG: script.grab.fanart: found 392 movies files
12:32:43.802 T:140242997655296   DEBUG: RunQuery took 118 ms for 519 items query: SELECT * FROM tvshow_view
12:32:43.934 T:140242997655296   DEBUG: script.grab.fanart: found 430 tv files
12:32:43.936 T:140242997655296   DEBUG: GetArtistsByWhere query: SELECT artistview.* FROM artistview  WHERE (EXISTS (SELECT 1 FROM album_artist WHERE album_artist.idArtist = artistview.idArtist)) AND (artistview.strArtist != '')
12:32:43.944 T:140242972477184   DEBUG: CZeroconfAvahi::groupCallback: Service successfully established
12:32:43.959 T:140242997655296   DEBUG: Previous line repeats 1 times.
12:32:43.959 T:140242997655296   DEBUG: Time to retrieve artists from dataset = 23
12:32:43.964 T:140242972477184   DEBUG: CZeroconfAvahi::groupCallback: Service successfully established
12:32:43.990 T:140242997655296   DEBUG: Previous line repeats 3 times.
12:32:43.990 T:140242997655296   DEBUG: script.grab.fanart: found 147 music files
12:32:44.021 T:140243022833408   DEBUG: RunQuery took 401 ms for 20643 items query: select * from episode_view  WHERE ((episode_view.playCount IS NULL OR episode_view.playCount < 1))
12:32:44.060 T:140241327343360   DEBUG: Thread Timer 140241327343360 terminating
12:32:44.247 T:140243022833408   DEBUG: GetSongsFullByWhere query = SELECT sv.*, songartistview.* FROM (SELECT songview.* FROM songview  WHERE ((CAST(songview.iTimesPlayed as DECIMAL(5,1)) < 1)) ORDER BY RAND() LIMIT 20) AS sv JOIN songartistview ON songartistview.idsong = sv.idsong  ORDER BY songartistview.idsong, songartistview.idRole, songartistview.iOrder
12:32:44.266 T:140243022833408   DEBUG: GetSongsFullByWhere() - took 20 ms
12:32:44.282 T:140243022833408   DEBUG: GetAlbumsByWhere query: SELECT albumview.*, albumartistview.* FROM albumview JOIN albumartistview ON albumartistview.idalbum = albumview.idalbum  WHERE albumview.strReleaseType = 'album'
12:32:44.283 T:140243022833408   DEBUG: GetAlbumsByWhere - query took 1 ms
12:32:44.297 T:140243022833408   DEBUG: RunQuery took 0 ms for 0 items query: select * from musicvideo_view  WHERE ((musicvideo_view.playCount IS NULL OR musicvideo_view.playCount < 1))
12:32:44.316 T:140243022833408   DEBUG: RunQuery took 17 ms for 365 items query: select * from movie_view  WHERE ((movie_view.playCount IS NULL OR movie_view.playCount < 1))
12:32:44.741 T:140243022833408   DEBUG: RunQuery took 345 ms for 20643 items query: select * from episode_view  WHERE ((episode_view.playCount IS NULL OR episode_view.playCount < 1))
12:32:45.185 T:140243022833408   DEBUG: GetAlbumsByWhere query: SELECT albumview.*, albumartistview.* FROM albumview JOIN albumartistview ON albumartistview.idalbum = albumview.idalbum  WHERE albumview.strReleaseType = 'album'
12:32:45.185 T:140243022833408   DEBUG: GetAlbumsByWhere - query took 1 ms
12:32:45.201 T:140243022833408   DEBUG: RunQuery took 1 ms for 0 items query: select * from musicvideo_view  WHERE ((musicvideo_view.playCount IS NULL OR musicvideo_view.playCount < 1))
12:32:45.207 T:140243022833408   DEBUG: RunQuery took 3 ms for 22 items query: select * from movie_view  WHERE (movie_view.idFile  IN (SELECT DISTINCT idFile FROM bookmark WHERE type = 1))
12:32:45.354 T:140243022833408   DEBUG: RunQuery took 90 ms for 190 items query: SELECT * FROM tvshow_view  WHERE ((CASE WHEN COALESCE(tvshow_view.totalCount - tvshow_view.watchedcount, 0) > 0 THEN 0 ELSE 1 END  < 1)) AND ( ((tvshow_view.watchedcount > 0 AND tvshow_view.watchedcount < tvshow_view.totalCount) OR (tvshow_view.watchedcount = 0 AND EXISTS (SELECT 1 FROM episode_view WHERE episode_view.idShow = tvshow_view.idShow AND episode_view.resumeTimeInSeconds > 0))))
12:32:45.365 T:140243022833408   DEBUG: RunQuery took 1 ms for 49 items query: select * from episode_view  WHERE (episode_view.idShow = 1213) AND (((episode_view.playCount IS NULL OR episode_view.playCount < 1)))
12:32:45.365 T:140243022833408   DEBUG: DatabaseUtils::GetSortFieldList: unknown field 30
12:32:45.373 T:140243022833408   DEBUG: RunQuery took 3 ms for 126 items query: select * from episode_view  WHERE (episode_view.idShow = 1116) AND (((episode_view.playCount IS NULL OR episode_view.playCount < 1)))
12:32:45.373 T:140243022833408   DEBUG: DatabaseUtils::GetSortFieldList: unknown field 30
12:32:45.380 T:140243022833408   DEBUG: RunQuery took 0 ms for 16 items query: select * from episode_view  WHERE (episode_view.idShow = 1082) AND (((episode_view.playCount IS NULL OR episode_view.playCount < 1)))
12:32:45.380 T:140243022833408   DEBUG: DatabaseUtils::GetSortFieldList: unknown field 30
12:32:45.385 T:140243022833408   DEBUG: RunQuery took 0 ms for 37 items query: select * from episode_view  WHERE (episode_view.idShow = 863) AND (((episode_view.playCount IS NULL OR episode_view.playCount < 1)))
12:32:45.385 T:140243022833408   DEBUG: DatabaseUtils::GetSortFieldList: unknown field 30
12:32:45.395 T:140243022833408   DEBUG: RunQuery took 5 ms for 282 items query: select * from episode_view  WHERE (episode_view.idShow = 1024) AND (((episode_view.playCount IS NULL OR episode_view.playCount < 1)))
12:32:45.395 T:140243022833408   DEBUG: DatabaseUtils::GetSortFieldList: unknown field 30
12:32:45.403 T:140243022833408   DEBUG: RunQuery took 1 ms for 90 items query: select * from episode_view  WHERE (episode_view.idShow = 843) AND (((episode_view.playCount IS NULL OR episode_view.playCount < 1)))
12:32:45.403 T:140243022833408   DEBUG: DatabaseUtils::GetSortFieldList: unknown field 30
12:32:45.414 T:140243022833408   DEBUG: RunQuery took 4 ms for 262 items query: select * from episode_view  WHERE (episode_view.idShow = 1219) AND (((episode_view.playCount IS NULL OR episode_view.playCount < 1)))
12:32:45.414 T:140243022833408   DEBUG: DatabaseUtils::GetSortFieldList: unknown field 30
12:32:45.424 T:140243022833408   DEBUG: RunQuery took 2 ms for 137 items query: select * from episode_view  WHERE (episode_view.idShow = 1109) AND (((episode_view.playCount IS NULL OR episode_view.playCount < 1)))
12:32:45.424 T:140243022833408   DEBUG: DatabaseUtils::GetSortFieldList: unknown field 30
12:32:45.435 T:140243022833408   DEBUG: RunQuery took 4 ms for 254 items query: select * from episode_view  WHERE (episode_view.idShow = 1063) AND (((episode_view.playCount IS NULL OR episode_view.playCount < 1)))
12:32:45.435 T:140243022833408   DEBUG: DatabaseUtils::GetSortFieldList: unknown field 30
