15:39:44.415 T:139946411292800  NOTICE: GL_EXTENSIONS = GL_ARB_multisample GL_EXT_abgr GL_EXT_bgra GL_EXT_blend_color GL_EXT_blend_minmax GL_EXT_blend_subtract GL_EXT_copy_texture GL_EXT_polygon_offset GL_EXT_subtexture GL_EXT_texture_object GL_EXT_vertex_array GL_EXT_compiled_vertex_array GL_EXT_texture GL_EXT_texture3D GL_IBM_rasterpos_clip GL_ARB_point_parameters GL_EXT_draw_range_elements GL_EXT_packed_pixels GL_EXT_point_parameters GL_EXT_rescale_normal GL_EXT_separate_specular_color GL_EXT_texture_edge_clamp GL_SGIS_generate_mipmap GL_SGIS_texture_border_clamp GL_SGIS_texture_edge_clamp GL_SGIS_texture_lod GL_ARB_framebuffer_sRGB GL_ARB_multitexture GL_EXT_framebuffer_sRGB GL_IBM_multimode_draw_arrays GL_IBM_texture_mirrored_repeat GL_3DFX_texture_compression_FXT1 GL_ARB_texture_cube_map GL_ARB_texture_env_add GL_ARB_transpose_matrix GL_EXT_blend_func_separate GL_EXT_fog_coord GL_EXT_multi_draw_arrays GL_EXT_secondary_color GL_EXT_texture_env_add GL_EXT_texture_filter_anisotropic GL_EXT_texture_lod_bias GL_INGR_blend_func_separate GL_NV_blend_square GL_NV_light_max_exponent GL_NV_texgen_reflection GL_NV_texture_env_combine4 GL_S3_s3tc GL_SUN_multi_draw_arrays GL_ARB_texture_border_clamp GL_ARB_texture_compression GL_EXT_framebuffer_object GL_EXT_texture_env_combine GL_EXT_texture_env_dot3 GL_MESA_window_pos GL_NV_packed_depth_stencil GL_NV_texture_rectangle GL_ARB_depth_texture GL_ARB_occlusion_query GL_ARB_shadow GL_ARB_texture_env_combine GL_ARB_texture_env_crossbar GL_ARB_texture_env_dot3 GL_ARB_texture_mirrored_repeat GL_ARB_window_pos GL_EXT_stencil_two_side GL_EXT_texture_cube_map GL_NV_depth_clamp GL_APPLE_packed_pixels GL_APPLE_vertex_array_object GL_ARB_draw_buffers GL_ARB_fragment_program GL_ARB_fragment_shader GL_ARB_shader_objects GL_ARB_vertex_program GL_ARB_vertex_shader GL_ATI_draw_buffers GL_ATI_texture_env_combine3 GL_ATI_texture_float GL_EXT_shadow_funcs GL_EXT_stencil_wrap GL_MESA_pack_invert GL_NV_primitive_restart GL_ARB_depth_clamp GL_ARB_fragment_program_shadow GL_ARB_half_float_pixel GL_ARB_occlusion_query2 GL_ARB_point_sprite GL_ARB_shading_language_100 GL_ARB_sync GL_ARB_texture_non_power_of_two GL_ARB_vertex_buffer_object GL_ATI_blend_equation_separate GL_EXT_blend_equation_separate GL_OES_read_format GL_ARB_color_buffer_float GL_ARB_pixel_buffer_object GL_ARB_texture_compression_rgtc GL_ARB_texture_float GL_ARB_texture_rectangle GL_EXT_packed_float GL_EXT_pixel_buffer_object GL_EXT_texture_compression_dxt1 GL_EXT_texture_compression_rgtc GL_EXT_texture_rectangle GL_EXT_texture_sRGB GL_EXT_texture_shared_exponent GL_ARB_framebuffer_object GL_EXT_framebuffer_blit GL_EXT_framebuffer_multisample GL_EXT_packed_depth_stencil GL_APPLE_object_purgeable GL_ARB_vertex_array_object GL_ATI_separate_stencil GL_EXT_draw_buffers2 GL_EXT_draw_instanced GL_EXT_gpu_program_parameters GL_EXT_texture_array GL_EXT_texture_integer GL_EXT_texture_sRGB_decode GL_EXT_timer_query GL_OES_EGL_image GL_ARB_copy_buffer GL_ARB_depth_buffer_float GL_ARB_draw_instanced GL_ARB_half_float_vertex GL_ARB_instanced_arrays GL_ARB_map_buffer_range GL_ARB_texture_rg GL_ARB_texture_swizzle GL_ARB_vertex_array_bgra GL_EXT_texture_swizzle GL_EXT_vertex_array_bgra GL_NV_conditional_render GL_AMD_conservative_depth GL_AMD_draw_buffers_blend GL_AMD_seamless_cubemap_per_texture GL_AMD_shader_stencil_export GL_ARB_ES2_compatibility GL_ARB_blend_func_extended GL_ARB_debug_output GL_ARB_draw_buffers_blend GL_ARB_draw_elements_base_vertex GL_ARB_explicit_attrib_location GL_ARB_fragment_coord_conventions GL_ARB_provoking_vertex GL_ARB_sample_shading GL_ARB_sampler_objects GL_ARB_seamless_cube_map GL_ARB_shader_stencil_export GL_ARB_shader_texture_lod GL_ARB_texture_cube_map_array GL_ARB_texture_gather GL_ARB_texture_multisample GL_ARB_texture_query_lod GL_ARB_texture_rgb10_a2ui GL_ARB_uniform_buffer_object GL_ARB_vertex_type_2_10_10_10_rev GL_EXT_provoking_vertex GL_EXT_texture_snorm GL_MESA_texture_signed_rgba GL_NV_texture_barrier GL_ARB_get_program_binary GL_ARB_robustness GL_ARB_separate_shader_objects GL_ARB_shader_bit_encoding GL_ARB_shader_precision GL_ARB_texture_compression_bptc GL_ARB_timer_query GL_ARB_transform_feedback2 GL_ARB_transform_feedback3 GL_ANGLE_texture_compression_dxt3 GL_ANGLE_texture_compression_dxt5 GL_ARB_compressed_texture_pixel_storage GL_ARB_conservative_depth GL_ARB_internalformat_query GL_ARB_map_buffer_alignment GL_ARB_shader_atomic_counters GL_ARB_shader_image_load_store GL_ARB_shading_language_420pack GL_ARB_shading_language_packing GL_ARB_texture_storage GL_ARB_transform_feedback_instanced GL_EXT_framebuffer_multisample_blit_scaled GL_EXT_transform_feedback GL_AMD_shader_trinary_minmax GL_ARB_ES3_compatibility GL_ARB_arrays_of_arrays GL_ARB_clear_buffer_object GL_ARB_compute_shader GL_ARB_copy_image GL_ARB_explicit_uniform_location GL_ARB_framebuffer_no_attachments GL_ARB_invalidate_subdata GL_ARB_program_interface_query GL_ARB_robust_buffer_access_behavior GL_ARB_shader_image_size GL_ARB_shader_storage_buffer_object GL_ARB_stencil_texturing GL_ARB_texture_query_levels GL_ARB_texture_storage_multisample GL_ARB_texture_view GL_ARB_vertex_attrib_binding GL_KHR_debug GL_KHR_robustness GL_KHR_texture_compression_astc_ldr GL_ARB_buffer_storage GL_ARB_clear_texture GL_ARB_internalformat_query2 GL_ARB_multi_bind GL_ARB_query_buffer_object GL_ARB_seamless_cubemap_per_texture GL_ARB_shader_draw_parameters GL_ARB_texture_mirror_clamp_to_edge GL_ARB_texture_stencil8 GL_ARB_vertex_type_10f_11f_11f_rev GL_EXT_shader_integer_mix GL_INTEL_performance_query GL_ARB_clip_control GL_ARB_conditional_render_inverted GL_ARB_cull_distance GL_ARB_derivative_control GL_ARB_get_texture_sub_image GL_ARB_pipeline_statistics_query GL_ARB_shader_texture_image_samples GL_ARB_texture_barrier GL_ARB_transform_feedback_overflow_query GL_EXT_polygon_offset_clamp GL_KHR_blend_equation_advanced GL_KHR_blend_equation_advanced_coherent GL_KHR_context_flush_control GL_KHR_robust_buffer_access_behavior GL_ARB_shader_atomic_counter_ops GL_ARB_shader_clock GL_EXT_shader_samples_identical GL_KHR_texture_compression_astc_sliced_3d GL_MESA_shader_integer_functions
15:39:44.415 T:139946411292800    INFO: GL: Maximum texture width: 16384
15:39:44.490 T:139946411292800    INFO: GL: Enabling VSYNC
15:39:44.499 T:139946411292800    INFO: load keymapping
15:39:44.500 T:139946411292800    INFO: Loading special://xbmc/system/keymaps/appcommand.xml
15:39:44.500 T:139946411292800    INFO: Loading special://xbmc/system/keymaps/customcontroller.AppleRemote.xml
15:39:44.500 T:139946411292800    INFO: Loading special://xbmc/system/keymaps/customcontroller.Harmony.xml
15:39:44.502 T:139946411292800    INFO: Loading special://xbmc/system/keymaps/gamepad.xml
15:39:44.503 T:139946411292800    INFO: Loading special://xbmc/system/keymaps/joystick.xml
15:39:44.504 T:139946411292800    INFO: Loading special://xbmc/system/keymaps/keyboard.xml
15:39:44.507 T:139946411292800    INFO: Loading special://xbmc/system/keymaps/mouse.xml
15:39:44.508 T:139946411292800    INFO: Loading special://xbmc/system/keymaps/remote.xml
15:39:44.510 T:139946411292800    INFO: Loading special://xbmc/system/keymaps/touchscreen.xml
15:39:44.511 T:139946411292800    INFO: Loading special://masterprofile/keymaps/gen.xml
15:39:44.511 T:139946411292800    INFO: Loading special://profile/keymaps/gen.xml
15:39:44.512 T:139946411292800    INFO: Loading special://xbmc/system/Lircmap.xml
15:39:44.513 T:139946411292800    INFO: * Adding remote mapping for device 'mceusb'
15:39:44.513 T:139946411292800    INFO: * Adding remote mapping for device 'XboxDVDDongle'
15:39:44.513 T:139946411292800    INFO: * Adding remote mapping for device 'Microsoft_Xbox'
15:39:44.513 T:139946411292800    INFO: * Adding remote mapping for device 'PinnacleSysPCTVRemote'
15:39:44.513 T:139946411292800    INFO: * Adding remote mapping for device 'anysee'
15:39:44.513 T:139946411292800    INFO: * Adding remote mapping for device 'iMON-PAD'
15:39:44.513 T:139946411292800    INFO: * Adding remote mapping for device 'Antec_Veris_RM200'
15:39:44.513 T:139946411292800    INFO: * Adding remote mapping for device 'MCE_via_iMON'
15:39:44.513 T:139946411292800    INFO: * Adding remote mapping for device 'TwinHanRemote'
15:39:44.513 T:139946411292800    INFO: * Adding remote mapping for device 'linux-input-layer'
15:39:44.513 T:139946411292800    INFO: * Linking remote mapping for 'linux-input-layer' to 'cx23885_remote'
15:39:44.513 T:139946411292800    INFO: * Adding remote mapping for device 'mediacenter'
15:39:44.513 T:139946411292800    INFO: * Adding remote mapping for device 'devinput'
15:39:44.513 T:139946411292800   DEBUG: CButtonTranslator::Load - no userdata Lircmap.xml found, skipping
15:39:44.513 T:139946411292800    INFO: GUI format 3840x2160, Display 3840x2160@ 30.00 - Full Screen
15:39:44.513 T:139946411292800   DEBUG: guilib: Fill viewport on change for solving rendering passes
15:39:44.513 T:139946411292800    INFO: CLangInfo: loading resource.language.en_gb language information...
15:39:44.514 T:139946411292800   DEBUG: trying to set locale to en_US.UTF-8
15:39:44.514 T:139946411292800    INFO: global locale set to C
15:39:44.514 T:139946411292800    INFO: CLangInfo: loading resource.language.en_gb language strings...
15:39:44.522 T:139946411292800   DEBUG: LocalizeStrings: loaded 3789 strings from file resource://resource.language.en_gb/strings.po
15:39:44.526 T:139946411292800   DEBUG: LocalizeStrings: loaded 1 strings from file /usr/share/kodi/addons/audioencoder.xbmc.builtin.aac/resources/language/English/strings.po
15:39:44.526 T:139946411292800   DEBUG: LocalizeStrings: loaded 1 strings from file /usr/share/kodi/addons/audioencoder.xbmc.builtin.wma/resources/language/English/strings.po
15:39:44.526 T:139946411292800   DEBUG: LocalizeStrings: loaded 18 strings from file /usr/share/kodi/addons/game.controller.default/resources/language/resource.language.en_gb/strings.po
15:39:44.526 T:139946411292800   DEBUG: LocalizeStrings: loaded 13 strings from file /storage/.kodi/addons/metadata.album.universal/resources/language/English/strings.po
15:39:44.526 T:139946411292800   DEBUG: LocalizeStrings: loaded 26 strings from file /storage/.kodi/addons/metadata.artists.universal/resources/language/English/strings.po
15:39:44.527 T:139946411292800   DEBUG: LocalizeStrings: loaded 9 strings from file /storage/.kodi/addons/metadata.themoviedb.org/resources/language/resource.language.en_gb/strings.po
15:39:44.527 T:139946411292800   DEBUG: LocalizeStrings: loaded 10 strings from file /storage/.kodi/addons/metadata.tvdb.com/resources/language/resource.language.en_gb/strings.po
15:39:44.528 T:139946411292800   DEBUG: LocalizeStrings: loaded 1 strings from file /usr/share/kodi/addons/screensaver.xbmc.builtin.dim/resources/language/resource.language.en_gb/strings.po
15:39:44.529 T:139946411292800   DEBUG: LocalizeStrings: loaded 206 strings from file /usr/share/kodi/addons/service.libreelec.settings/resources/language/English/strings.po
15:39:44.530 T:139946411292800   DEBUG: LocalizeStrings: loaded 45 strings from file /storage/.kodi/addons/script.module.youtube.dl/resources/language/English/strings.po
15:39:44.531 T:139946411292800   DEBUG: LocalizeStrings: loaded 167 strings from file /storage/.kodi/addons/script.extendedinfo/resources/language/resource.language.en_gb/strings.po
15:39:44.532 T:139946411292800   DEBUG: LocalizeStrings: loaded 51 strings from file /storage/.kodi/addons/script.module.metadatautils/resources/language/resource.language.en_gb/strings.po
15:39:44.532 T:139946411292800   DEBUG: LocalizeStrings: loaded 26 strings from file /storage/.kodi/addons/script.skin.helper.service/resources/language/resource.language.en_gb/strings.po
15:39:44.532 T:139946411292800   DEBUG: LocalizeStrings: loaded 69 strings from file /storage/.kodi/addons/script.skin.helper.widgets/resources/language/resource.language.en_gb/strings.po
15:39:44.532 T:139946411292800   DEBUG: LocalizeStrings: loaded 120 strings from file /storage/.kodi/addons/script.skinshortcuts/resources/language/English/strings.po
15:39:44.532 T:139946411292800   DEBUG: LocalizeStrings: loaded 24 strings from file /storage/.kodi/addons/service.library.data.provider/resources/language/resource.language.en_gb/strings.po
15:39:44.532 T:139946411292800   DEBUG: LocalizeStrings: loaded 7 strings from file /storage/.kodi/addons/script.common.plugin.cache/resources/language/resource.language.en_gb/strings.po
15:39:44.533 T:139946411292800   DEBUG: LocalizeStrings: loaded 100 strings from file /storage/.kodi/addons/script.artwork.downloader/resources/language/English/strings.po
15:39:44.533 T:139946411292800   DEBUG: LocalizeStrings: loaded 297 strings from file /storage/.kodi/addons/plugin.video.youtube/resources/language/resource.language.en_gb/strings.po
15:39:44.534 T:139946411292800   DEBUG: LocalizeStrings: loaded 22 strings from file /storage/.kodi/addons/script.module.buggalo/resources/language/English/strings.xml
15:39:44.534 T:139946411292800   DEBUG: LocalizeStrings: loaded 18 strings from file /storage/.kodi/addons/script.module.simple.downloader/resources/language/English/strings.xml
15:39:44.535 T:139946411292800   DEBUG: LocalizeStrings: loaded 12 strings from file /storage/.kodi/addons/script.keymap/resources/language/English/strings.xml
15:39:44.535 T:139946411292800   DEBUG: LocalizeStrings: loaded 3 strings from file /storage/.kodi/addons/plugin.program.autocompletion/resources/language/English/strings.po
15:39:44.536 T:139946411292800   DEBUG: LocalizeStrings: loaded 3 strings from file /storage/.kodi/addons/script.favourites/resources/language/resource.language.en_GB/strings.po
15:39:44.536 T:139946411292800   DEBUG: LocalizeStrings: loaded 25 strings from file /storage/.kodi/addons/script.service.alarmclock/resources/language/English/strings.po
15:39:44.536 T:139946411292800   DEBUG: LocalizeStrings: loaded 62 strings from file /storage/.kodi/addons/weather.gismeteo/resources/language/resource.language.en_gb/strings.po
15:39:44.536 T:139946411292800   DEBUG: LocalizeStrings: loaded 54 strings from file /storage/.kodi/addons/weather.weatherbit.io/resources/language/English/strings.po
15:39:44.537 T:139946411292800   DEBUG: LocalizeStrings: loaded 48 strings from file /storage/.kodi/addons/service.system.docker/resources/language/English/strings.po
15:39:44.537 T:139946411292800   DEBUG: LocalizeStrings: loaded 46 strings from file /storage/.kodi/addons/script.paragontv/resources/language/resource.language.en_gb/strings.po
15:39:44.538 T:139946411292800   DEBUG: LoadMappings - loaded node "Motorola Nyxboard Hybrid"
15:39:44.538 T:139946411292800   DEBUG: LoadMappings - loaded node "CEC Adapter"
15:39:44.538 T:139946411292800   DEBUG: LoadMappings - loaded node "Pulse-Eight CEC Adapter"
15:39:44.538 T:139946411292800   DEBUG: LoadMappings - loaded node "iMON HID device"
15:39:44.538 T:139946411292800   DEBUG: LoadMappings - loaded node "WETEK Play remote"
15:39:44.538 T:139946411292800   DEBUG: LoadMappings - loaded node ""
15:39:44.538 T:139946411292800   DEBUG: CPeripheralBusUSB - initialised udev monitor
15:39:44.538 T:139946411292800   DEBUG: SECTION:LoadDLL(libcec.so.4)
15:39:44.538 T:139946411292800   DEBUG: Loading: libcec.so.4
15:39:44.547 T:139946411292800   DEBUG: Add-on bus: Registering add-on peripheral.joystick
15:39:44.547 T:139946411292800   DEBUG: PERIPHERAL - CreateAddon - creating peripheral add-on instance 'Joystick Support'
15:39:44.547 T:139946411292800   DEBUG: ADDON: Dll Initializing - Joystick Support
15:39:44.547 T:139946411292800   DEBUG: SECTION:LoadDLL(/usr/lib/kodi/addons/peripheral.joystick/peripheral.joystick.so.1.3.4)
15:39:44.547 T:139946411292800   DEBUG: Loading: /usr/lib/kodi/addons/peripheral.joystick/peripheral.joystick.so.1.3.4
15:39:44.551 T:139946411292800   DEBUG: AddOnLog: Joystick Support: Loaded 14 joystick families with 97 total joysticks
15:39:44.551 T:139946411292800   DEBUG: Calling TransferSettings for: Joystick Support
15:39:44.551 T:139946249135872   DEBUG: Thread PeripBusUSBUdev start, auto delete: false
15:39:44.551 T:139946240743168   DEBUG: Thread PeripBusCEC start, auto delete: false
15:39:44.551 T:139946232350464   DEBUG: Thread PeripBusAddon start, auto delete: false
15:39:44.551 T:139946411292800   DEBUG: SECTION:LoadDLL(libcurl.so.4)
15:39:44.551 T:139946223957760   DEBUG: Thread PeripEventScanner start, auto delete: false
15:39:44.552 T:139946411292800   DEBUG: Loading: libcurl.so.4
15:39:44.553 T:139946392360704  NOTICE: Running database version Addons27
15:39:44.553 T:139946392360704   DEBUG: Initialize, updating databases...
15:39:44.553 T:139946392360704  NOTICE: Running database version ViewModes6
15:39:44.555 T:139946392360704  NOTICE: Running database version Textures13
15:39:44.558 T:139946392360704    INFO: MYSQL: Connected to version 5.5.5-10.3.39-MariaDB-1:10.3.39+maria~ubu2004
15:39:44.559 T:139946392360704  NOTICE: Running database version MyMusic60
15:39:44.560 T:139946392360704  NOTICE: Running database version MyVideos107
15:39:44.561 T:139946392360704  NOTICE: Running database version TV29
15:39:44.561 T:139946392360704  NOTICE: Running database version Epg11
15:39:44.562 T:139946392360704   DEBUG: Initialize, updating databases... DONE
15:39:44.564 T:139946411292800  NOTICE: start dvd mediatype detection
15:39:44.564 T:139946343401216   DEBUG: Thread DetectDVDMedia start, auto delete: false
15:39:44.564 T:139946343401216   DEBUG: Compiled with libcdio Version 0.94
15:39:44.564 T:139946411292800   DEBUG: DPMS: supported power-saving modes: SUSPEND OFF STANDBY
15:39:44.564 T:139946343401216   DEBUG: Thread DetectDVDMedia 139946343401216 terminating
15:39:44.574 T:139946411288320   DEBUG: CAnnouncementManager - Announcement: OnClear from xbmc
15:39:44.574 T:139946411288320   DEBUG: GOT ANNOUNCEMENT, type: 2, from xbmc, message OnClear
15:39:44.580 T:139946411292800    INFO: Unloading old skin ...
15:39:44.580 T:139946411292800    INFO:   load skin from: /storage/.kodi/addons/skin.paragon (version: 6.1.0)
15:39:44.580 T:139946411292800    INFO:   load fonts for skin...
15:39:44.582 T:139946411292800    INFO: Loading fonts from /storage/.kodi/addons/skin.paragon/720p/Font.xml
15:39:44.679 T:139946411292800   ERROR: Couldn't load font name: FontSize_150BH(birth_of_a_hero.ttf), trying to substitute arial.ttf
15:39:44.705 T:139946411292800   ERROR: Couldn't load font name: FontSize_180L(lcdml___.ttf), trying to substitute arial.ttf
15:39:44.794 T:139946411292800   ERROR: Couldn't load font name: font10(roboto-regular.ttf), trying to substitute arial.ttf
15:39:44.795 T:139946411292800   ERROR: Couldn't load font name: font12(roboto-regular.ttf), trying to substitute arial.ttf
15:39:44.797 T:139946411292800   ERROR: Couldn't load font name: font13(roboto-regular.ttf), trying to substitute arial.ttf
15:39:44.798 T:139946411292800   ERROR: Couldn't load font name: font14(roboto-regular.ttf), trying to substitute arial.ttf
15:39:44.799 T:139946411292800   ERROR: Couldn't load font name: font16(roboto-regular.ttf), trying to substitute arial.ttf
15:39:44.801 T:139946411292800   ERROR: Couldn't load font name: font30(roboto-regular.ttf), trying to substitute arial.ttf
15:39:44.802 T:139946411292800   ERROR: Couldn't load font name: fontContextMenu(roboto-regular.ttf), trying to substitute arial.ttf
15:39:44.807 T:139946411292800   ERROR: Couldn't load font name: font_MainMenu(dejavusans-bold-caps.ttf), trying to substitute arial.ttf
15:39:44.811 T:139946411292800   ERROR: Couldn't load font name: PTVL10(poppins-medium.ttf), trying to substitute arial.ttf
15:39:44.811 T:139946411292800   ERROR: Couldn't load font name: PTVL12(poppins-medium.ttf), trying to substitute arial.ttf
15:39:44.812 T:139946411292800   ERROR: Couldn't load font name: PTVL13(poppins-medium.ttf), trying to substitute arial.ttf
15:39:44.812 T:139946411292800   ERROR: Couldn't load font name: PTVL14(poppins-medium.ttf), trying to substitute arial.ttf
15:39:44.815 T:139946411292800   DEBUG: POParser: PO file has Win Style Line Endings. Converted in memory to Linux LF for file: /storage/.kodi/addons/skin.paragon/language/English/strings.po
15:39:44.815 T:139946411292800   DEBUG: LocalizeStrings: loaded 258 strings from file /storage/.kodi/addons/skin.paragon/language/English/strings.po
15:39:44.815 T:139946411292800    INFO: Loading skin includes from /storage/.kodi/addons/skin.paragon/720p/includes.xml
15:39:44.866 T:139946411292800    INFO: Error loading includes.xml file (/storage/.kodi/addons/skin.paragon/720p/IncludesHomeWidgets.xml): Error reading Attributes. (row=176, col=55)
15:39:44.896 T:139946411292800    INFO:   load new skin...
15:39:44.896 T:139946411292800    INFO: Loading user windows, path /storage/.kodi/addons/skin.paragon/720p
15:39:44.905 T:139946411292800   DEBUG: Load Skin XML: 9.24ms
15:39:44.905 T:139946411292800    INFO:   initialize new skin...
15:39:44.905 T:139946411292800   DEBUG: guilib: Fill viewport on change for solving rendering passes
15:39:44.905 T:139946411292800    INFO: Loading skin file: Pointer.xml, load type: LOAD_ON_GUI_INIT
15:39:44.906 T:139946411292800    INFO: Loading skin file: DialogVolumeBar.xml, load type: LOAD_ON_GUI_INIT
15:39:44.907 T:139946411292800    INFO: Loading skin file: DialogNotification.xml, load type: LOAD_ON_GUI_INIT
15:39:44.908 T:139946411292800    INFO: Loading skin file: DialogSeekBar.xml, load type: LOAD_ON_GUI_INIT
15:39:44.908 T:139946411292800    INFO: Loading skin file: DialogBusy.xml, load type: LOAD_ON_GUI_INIT
15:39:44.908 T:139946411292800    INFO: Loading skin file: DialogExtendedProgressBar.xml, load type: LOAD_ON_GUI_INIT
15:39:44.909 T:139946411292800    INFO: Loading resource://resource.uisounds.kodi/sounds.xml
15:39:44.924 T:139946411292800    INFO:   skin loaded...
15:39:44.924 T:139946411292800   DEBUG: Activating window ID: 12997
15:39:44.924 T:139946411292800   DEBUG: ------ Window Init () ------
15:39:44.924 T:139946411292800    INFO: load splash image: /usr/share/kodi/media/Splash.png
15:39:44.934 T:139946411292800   DEBUG: JSONRPC: JSON schema type definition references an unknown type Setting.Details.Setting
15:39:44.934 T:139946411292800 WARNING: JSONRPC: Could not parse type "Setting.Details.SettingList"
15:39:44.934 T:139946411292800    INFO: JSONRPC: Adding type "Setting.Details.SettingList" to list of incomplete definitions (waiting for "Setting.Details.Setting")
15:39:44.934 T:139946411292800    INFO: JSONRPC: Resolving incomplete types/methods referencing Setting.Details.Setting
15:39:44.947 T:139946411292800    INFO: JSONRPC v8.0.0: Successfully initialized
15:39:44.947 T:139946411292800   DEBUG: ADDON: Starting service addons.
15:39:44.948 T:139945102432000   DEBUG: Thread LanguageInvoker start, auto delete: false
15:39:44.948 T:139945102432000    INFO: initializing python engine.
15:39:44.948 T:139945094039296   DEBUG: Thread LanguageInvoker start, auto delete: false
15:39:44.948 T:139945094039296   DEBUG: Previous line repeats 1 times.
15:39:44.948 T:139945094039296    INFO: initializing python engine.
15:39:44.948 T:139945077253888    INFO: Previous line repeats 1 times.
15:39:44.948 T:139945077253888   DEBUG: Thread LanguageInvoker start, auto delete: false
15:39:44.948 T:139945077253888   DEBUG: Previous line repeats 1 times.
15:39:44.949 T:139945077253888    INFO: initializing python engine.
15:39:44.949 T:139944857167616    INFO: Previous line repeats 1 times.
15:39:44.949 T:139944857167616   DEBUG: Thread LanguageInvoker start, auto delete: false
15:39:44.949 T:139946411292800   DEBUG: Activating window ID: 12999
15:39:44.949 T:139944848774912   DEBUG: Thread LanguageInvoker start, auto delete: false
15:39:44.949 T:139944857167616    INFO: initializing python engine.
15:39:44.949 T:139946411292800   DEBUG: ------ Window Init (Startup.xml) ------
15:39:44.949 T:139944848774912    INFO: initializing python engine.
15:39:44.949 T:139946411292800    INFO: Loading skin file: Startup.xml, load type: LOAD_EVERY_TIME
15:39:44.949 T:139946411292800   DEBUG: Activating window ID: 11114
15:39:44.949 T:139946411292800   DEBUG: ------ Window Init (Custom_StartExit.xml) ------
15:39:44.949 T:139946411292800    INFO: Loading skin file: Custom_StartExit.xml, load type: KEEP_IN_MEMORY
15:39:44.949 T:139946411292800 WARNING: Label Formating: $VAR[Custom_ExitSubLabels] is not defined
15:39:44.950 T:139946411292800 WARNING: Previous line repeats 1 times.
15:39:44.950 T:139946411292800   DEBUG: [Warning] CGUITextureManager::GetTexturePath: could not find texture 'buttons/catbullet_nf.png'
15:39:44.950 T:139944840382208   DEBUG: Previous line repeats 1 times.
15:39:44.950 T:139944840382208   DEBUG: Thread AlarmClock start, auto delete: false
15:39:44.950 T:139946411292800   DEBUG: started alarm with name: close
15:39:44.950 T:139946411292800   DEBUG: started alarm with name: starting
15:39:44.950 T:139946411292800   DEBUG: NetworkMessage - Starting network services
15:39:44.951 T:139946411292800   DEBUG: CZeroconfAvahi::clientCallback: client is up and running
15:39:44.951 T:139946411292800  NOTICE: starting zeroconf publishing
15:39:44.951 T:139946411292800  NOTICE: CWebServer[8080]: Started
15:39:44.951 T:139946392360704   DEBUG: CZeroconfAvahi::doPublishService identifier: servers.webserver type: _http._tcp name:Kodi (office) port:8080
15:39:44.952 T:139946411292800  NOTICE: starting upnp client
15:39:44.952 T:139944462907136   DEBUG: Thread JobWorker start, auto delete: true
15:39:44.952 T:139946392360704   DEBUG: CZeroconfAvahi::addService() named: Kodi (office) type: _http._tcp port:8080
15:39:44.952 T:139944462907136   DEBUG: CZeroconfAvahi::doPublishService identifier: servers.jsonrpc-http type: _xbmc-jsonrpc-h._tcp name:Kodi (office) port:8080
15:39:44.952 T:139944462907136   DEBUG: CZeroconfAvahi::addService() named: Kodi (office) type: _xbmc-jsonrpc-h._tcp port:8080
15:39:44.954 T:139946411292800  NOTICE: starting upnp renderer
15:39:44.974 T:139946411292800    INFO: JSONRPC Server: Successfully initialized
15:39:44.974 T:139944077006592   DEBUG: Thread EventServer start, auto delete: false
15:39:44.974 T:139944077006592  NOTICE: ES: Starting UDP Event server on port 9777
15:39:44.974 T:139946392360704   DEBUG: CZeroconfAvahi::doPublishService identifier: servers.jsonrpc-tpc type: _xbmc-jsonrpc._tcp name:Kodi (office) port:9090
15:39:44.974 T:139946411292800   DEBUG: SECTION:LoadDLL(libshairplay.so.0)
15:39:44.974 T:139944077006592  NOTICE: UDP: Listening on port 9777 (ipv6 : true)
15:39:44.974 T:139946392360704   DEBUG: CZeroconfAvahi::addService() named: Kodi (office) type: _xbmc-jsonrpc._tcp port:9090
15:39:44.974 T:139943993145088   DEBUG: Thread TCPServer start, auto delete: false
15:39:44.974 T:139944462907136   DEBUG: CZeroconfAvahi::doPublishService identifier: servers.eventserver type: _xbmc-events._udp name:Kodi (office) port:9777
15:39:44.975 T:139946411292800   DEBUG: Loading: libshairplay.so.0
15:39:44.977 T:139944462907136   DEBUG: CZeroconfAvahi::addService() named: Kodi (office) type: _xbmc-events._udp port:9777
15:39:44.977 T:139946411292800    INFO: AIRPLAY: Cleaning up photoassetcache
15:39:44.977 T:139946392360704   DEBUG: CZeroconfAvahi::doPublishService identifier: servers.airtunes type: _raop._tcp name:9C5C8E2076E0@Kodi (office) port:36666
15:39:44.979 T:139946392360704   DEBUG: CZeroconfAvahi::addService() named: 9C5C8E2076E0@Kodi (office) type: _raop._tcp port:36666
15:39:44.980 T:139946411292800    INFO: AIRPLAY Server: Successfully initialized
15:39:44.981 T:139944462907136   DEBUG: CZeroconfAvahi::doPublishService identifier: servers.airplay type: _airplay._tcp name:Kodi (office) port:36667
15:39:44.981 T:139946411292800   DEBUG: ------ Window Init () ------
15:39:44.982 T:139945102432000   DEBUG: CPythonInvoker(0, /storage/.kodi/addons/script.skin.helper.service/service.py): start processing
15:39:44.982 T:139945094039296   DEBUG: CPythonInvoker(1, /storage/.kodi/addons/script.skin.helper.widgets/service.py): start processing
15:39:44.982 T:139945085646592   DEBUG: CPythonInvoker(2, /storage/.kodi/addons/service.library.data.provider/service.py): start processing
15:39:44.982 T:139944462907136   DEBUG: CZeroconfAvahi::addService() named: Kodi (office) type: _airplay._tcp port:36667
15:39:44.982 T:139945077253888   DEBUG: CPythonInvoker(3, /storage/.kodi/addons/plugin.video.youtube/resources/lib/startup.py): start processing
15:39:44.982 T:139944865560320   DEBUG: CPythonInvoker(4, /storage/.kodi/addons/script.module.simple.downloader/default.py): start processing
15:39:44.982 T:139944857167616   DEBUG: CPythonInvoker(5, /storage/.kodi/addons/script.grab.fanart/service.py): start processing
15:39:44.982 T:139944848774912   DEBUG: CPythonInvoker(6, /storage/.kodi/addons/service.system.docker/default.py): start processing
15:39:44.983 T:139943976359680   DEBUG: Thread AirPlayServer start, auto delete: false
15:39:44.983 T:139943967966976   DEBUG: CWebServer[8080]: request received for /jsonrpc
15:39:44.998 T:139945102432000   DEBUG: Previous line repeats 1 times.
15:39:44.998 T:139945102432000   DEBUG: -->Python Interpreter Initialized<--
15:39:44.998 T:139945102432000   DEBUG: CPythonInvoker(0, /storage/.kodi/addons/script.skin.helper.service/service.py): the source file to load is "/storage/.kodi/addons/script.skin.helper.service/service.py"
15:39:45.012 T:139945102432000   DEBUG: CPythonInvoker(0, /storage/.kodi/addons/script.skin.helper.service/service.py): setting the Python path to /storage/.kodi/addons/script.skin.helper.service:/storage/.kodi/addons/script.module.arrow/lib:/storage/.kodi/addons/script.module.backports.functools_lru_cache/lib:/storage/.kodi/addons/script.module.beautifulsoup/lib:/storage/.kodi/addons/script.module.certifi/lib:/storage/.kodi/addons/script.module.chardet/lib:/storage/.kodi/addons/script.module.dateutil/lib:/storage/.kodi/addons/script.module.idna/lib:/storage/.kodi/addons/script.module.metadatautils/lib:/storage/.kodi/addons/script.module.musicbrainz/lib:/storage/.kodi/addons/script.module.requests/lib:/storage/.kodi/addons/script.module.simplecache/lib:/storage/.kodi/addons/script.module.simplejson/lib:/storage/.kodi/addons/script.module.six/lib:/storage/.kodi/addons/script.module.thetvdb/lib:/storage/.kodi/addons/script.module.urllib3/lib:/usr/lib/python27.zip:/usr/lib/python2.7:/usr/lib/python2.7/plat-linux2:/usr/lib/python2.7/lib-tk:/usr/lib/python2.7/lib-old:/usr/lib/python2.7/lib-dynload:/usr/lib/python2.7/site-packages:/usr/lib/python2.7/site-packages/gtk-2.0
15:39:45.012 T:139945102432000   DEBUG: CPythonInvoker(0, /storage/.kodi/addons/script.skin.helper.service/service.py): entering source directory /storage/.kodi/addons/script.skin.helper.service
15:39:45.012 T:139945102432000   DEBUG: CPythonInvoker(0, /storage/.kodi/addons/script.skin.helper.service/service.py): instantiating addon using automatically obtained id of "script.skin.helper.service" dependent on version 2.13.0 of the xbmc.python api
15:39:45.176 T:139945102432000   DEBUG: Skin Helper Simplecache --> Initialized
15:39:45.177 T:139945102432000   DEBUG: Previous line repeats 1 times.
15:39:45.177 T:139945102432000   DEBUG: script.module.thetvdb --> Initialized
15:39:45.184 T:139945077253888   DEBUG: -->Python Interpreter Initialized<--
15:39:45.184 T:139945077253888   DEBUG: CPythonInvoker(3, /storage/.kodi/addons/plugin.video.youtube/resources/lib/startup.py): the source file to load is "/storage/.kodi/addons/plugin.video.youtube/resources/lib/startup.py"
15:39:45.185 T:139945094039296   DEBUG: -->Python Interpreter Initialized<--
15:39:45.185 T:139945094039296   DEBUG: CPythonInvoker(1, /storage/.kodi/addons/script.skin.helper.widgets/service.py): the source file to load is "/storage/.kodi/addons/script.skin.helper.widgets/service.py"
15:39:45.185 T:139945085646592   DEBUG: -->Python Interpreter Initialized<--
15:39:45.185 T:139945085646592   DEBUG: CPythonInvoker(2, /storage/.kodi/addons/service.library.data.provider/service.py): the source file to load is "/storage/.kodi/addons/service.library.data.provider/service.py"
15:39:45.185 T:139945102432000   DEBUG: Skin Helper Simplecache --> Initialized
15:39:45.185 T:139944857167616   DEBUG: -->Python Interpreter Initialized<--
15:39:45.185 T:139944857167616   DEBUG: CPythonInvoker(5, /storage/.kodi/addons/script.grab.fanart/service.py): the source file to load is "/storage/.kodi/addons/script.grab.fanart/service.py"
15:39:45.186 T:139945077253888   DEBUG: CPythonInvoker(3, /storage/.kodi/addons/plugin.video.youtube/resources/lib/startup.py): setting the Python path to /storage/.kodi/addons/plugin.video.youtube/resources/lib:/storage/.kodi/addons/script.module.certifi/lib:/storage/.kodi/addons/script.module.chardet/lib:/storage/.kodi/addons/script.module.idna/lib:/storage/.kodi/addons/script.module.requests/lib:/storage/.kodi/addons/script.module.six/lib:/storage/.kodi/addons/script.module.urllib3/lib:/usr/lib/python27.zip:/usr/lib/python2.7:/usr/lib/python2.7/plat-linux2:/usr/lib/python2.7/lib-tk:/usr/lib/python2.7/lib-old:/usr/lib/python2.7/lib-dynload:/usr/lib/python2.7/site-packages:/usr/lib/python2.7/site-packages/gtk-2.0
15:39:45.186 T:139945077253888   DEBUG: CPythonInvoker(3, /storage/.kodi/addons/plugin.video.youtube/resources/lib/startup.py): entering source directory /storage/.kodi/addons/plugin.video.youtube/resources/lib
15:39:45.186 T:139944848774912   DEBUG: -->Python Interpreter Initialized<--
15:39:45.186 T:139944848774912   DEBUG: CPythonInvoker(6, /storage/.kodi/addons/service.system.docker/default.py): the source file to load is "/storage/.kodi/addons/service.system.docker/default.py"
15:39:45.186 T:139945077253888   DEBUG: CPythonInvoker(3, /storage/.kodi/addons/plugin.video.youtube/resources/lib/startup.py): instantiating addon using automatically obtained id of "plugin.video.youtube" dependent on version 2.20.0 of the xbmc.python api
15:39:45.186 T:139944857167616   DEBUG: CPythonInvoker(5, /storage/.kodi/addons/script.grab.fanart/service.py): setting the Python path to /storage/.kodi/addons/script.grab.fanart:/usr/lib/python27.zip:/usr/lib/python2.7:/usr/lib/python2.7/plat-linux2:/usr/lib/python2.7/lib-tk:/usr/lib/python2.7/lib-old:/usr/lib/python2.7/lib-dynload:/usr/lib/python2.7/site-packages:/usr/lib/python2.7/site-packages/gtk-2.0
15:39:45.186 T:139944857167616   DEBUG: CPythonInvoker(5, /storage/.kodi/addons/script.grab.fanart/service.py): entering source directory /storage/.kodi/addons/script.grab.fanart
15:39:45.186 T:139945102432000   DEBUG: Skin Helper Simplecache --> Initialized
15:39:45.186 T:139944857167616   DEBUG: CPythonInvoker(5, /storage/.kodi/addons/script.grab.fanart/service.py): instantiating addon using automatically obtained id of "script.grab.fanart" dependent on version 2.19.0 of the xbmc.python api
15:39:45.328 T:139945077253888   DEBUG: [plugin.video.youtube] send_notification: |check_settings| -> |{"httpd_address": "0.0.0.0", "use_httpd": false, "whitelist": "", "httpd_port": 50152}|
15:39:45.328 T:139945077253888   DEBUG: [plugin.video.youtube] JSONStore Load |/storage/.kodi/userdata/addon_data/plugin.video.youtube/api_keys.json|
15:39:45.329 T:139945077253888   DEBUG: [plugin.video.youtube] JSONStore Load |/storage/.kodi/userdata/addon_data/plugin.video.youtube/access_manager.json|
15:39:45.335 T:139945077253888   DEBUG: [plugin.video.youtube] User: |0| Using API key set: |own|
15:39:45.338 T:139945077253888   DEBUG: [plugin.video.youtube] YouTube service initialization...
15:39:45.340 T:139945085646592   DEBUG: CPythonInvoker(2, /storage/.kodi/addons/service.library.data.provider/service.py): setting the Python path to /storage/.kodi/addons/service.library.data.provider:/storage/.kodi/addons/script.module.routing/lib:/storage/.kodi/addons/script.module.simplejson/lib:/usr/lib/python27.zip:/usr/lib/python2.7:/usr/lib/python2.7/plat-linux2:/usr/lib/python2.7/lib-tk:/usr/lib/python2.7/lib-old:/usr/lib/python2.7/lib-dynload:/usr/lib/python2.7/site-packages:/usr/lib/python2.7/site-packages/gtk-2.0
15:39:45.340 T:139945085646592   DEBUG: CPythonInvoker(2, /storage/.kodi/addons/service.library.data.provider/service.py): entering source directory /storage/.kodi/addons/service.library.data.provider
15:39:45.340 T:139944865560320   DEBUG: -->Python Interpreter Initialized<--
15:39:45.340 T:139944865560320   DEBUG: CPythonInvoker(4, /storage/.kodi/addons/script.module.simple.downloader/default.py): the source file to load is "/storage/.kodi/addons/script.module.simple.downloader/default.py"
15:39:45.340 T:139945085646592   DEBUG: CPythonInvoker(2, /storage/.kodi/addons/service.library.data.provider/service.py): instantiating addon using automatically obtained id of "service.library.data.provider" dependent on version 2.25.0 of the xbmc.python api
15:39:45.342 T:139945094039296   DEBUG: CPythonInvoker(1, /storage/.kodi/addons/script.skin.helper.widgets/service.py): setting the Python path to /storage/.kodi/addons/script.skin.helper.widgets:/storage/.kodi/addons/script.module.arrow/lib:/storage/.kodi/addons/script.module.backports.functools_lru_cache/lib:/storage/.kodi/addons/script.module.beautifulsoup/lib:/storage/.kodi/addons/script.module.certifi/lib:/storage/.kodi/addons/script.module.chardet/lib:/storage/.kodi/addons/script.module.dateutil/lib:/storage/.kodi/addons/script.module.idna/lib:/storage/.kodi/addons/script.module.metadatautils/lib:/storage/.kodi/addons/script.module.musicbrainz/lib:/storage/.kodi/addons/script.module.requests/lib:/storage/.kodi/addons/script.module.simplecache/lib:/storage/.kodi/addons/script.module.simplejson/lib:/storage/.kodi/addons/script.module.six/lib:/storage/.kodi/addons/script.module.thetvdb/lib:/storage/.kodi/addons/script.module.urllib3/lib:/usr/lib/python27.zip:/usr/lib/python2.7:/usr/lib/python2.7/plat-linux2:/usr/lib/python2.7/lib-tk:/usr/lib/python2.7/lib-old:/usr/lib/python2.7/lib-dynload:/usr/lib/python2.7/site-packages:/usr/lib/python2.7/site-packages/gtk-2.0
15:39:45.342 T:139945094039296   DEBUG: CPythonInvoker(1, /storage/.kodi/addons/script.skin.helper.widgets/service.py): entering source directory /storage/.kodi/addons/script.skin.helper.widgets
15:39:45.342 T:139945094039296   DEBUG: CPythonInvoker(1, /storage/.kodi/addons/script.skin.helper.widgets/service.py): instantiating addon using automatically obtained id of "script.skin.helper.widgets" dependent on version 2.24.0 of the xbmc.python api
15:39:45.342 T:139944848774912   DEBUG: CPythonInvoker(6, /storage/.kodi/addons/service.system.docker/default.py): setting the Python path to /storage/.kodi/addons/service.system.docker:/usr/lib/python27.zip:/usr/lib/python2.7:/usr/lib/python2.7/plat-linux2:/usr/lib/python2.7/lib-tk:/usr/lib/python2.7/lib-old:/usr/lib/python2.7/lib-dynload:/usr/lib/python2.7/site-packages:/usr/lib/python2.7/site-packages/gtk-2.0
15:39:45.342 T:139944848774912   DEBUG: CPythonInvoker(6, /storage/.kodi/addons/service.system.docker/default.py): entering source directory /storage/.kodi/addons/service.system.docker
15:39:45.342 T:139944848774912   DEBUG: CPythonInvoker(6, /storage/.kodi/addons/service.system.docker/default.py): instantiating addon using automatically obtained id of "service.system.docker" dependent on version 2.1.0 of the xbmc.python api
15:39:45.346 T:139946411288320   DEBUG: CAnnouncementManager - Announcement: check_settings from plugin.video.youtube
15:39:45.346 T:139946411288320   DEBUG: GOT ANNOUNCEMENT, type: 512, from plugin.video.youtube, message check_settings
15:39:45.350 T:139944865560320   DEBUG: CPythonInvoker(4, /storage/.kodi/addons/script.module.simple.downloader/default.py): setting the Python path to /storage/.kodi/addons/script.module.simple.downloader:/storage/.kodi/addons/script.common.plugin.cache/resources/lib/storage_server/:/storage/.kodi/addons/script.module.parsedom/lib:/usr/lib/python27.zip:/usr/lib/python2.7:/usr/lib/python2.7/plat-linux2:/usr/lib/python2.7/lib-tk:/usr/lib/python2.7/lib-old:/usr/lib/python2.7/lib-dynload:/usr/lib/python2.7/site-packages:/usr/lib/python2.7/site-packages/gtk-2.0
15:39:45.350 T:139944865560320   DEBUG: CPythonInvoker(4, /storage/.kodi/addons/script.module.simple.downloader/default.py): entering source directory /storage/.kodi/addons/script.module.simple.downloader
15:39:45.353 T:139944865560320   DEBUG: CPythonInvoker(4, /storage/.kodi/addons/script.module.simple.downloader/default.py): instantiating addon using automatically obtained id of "script.module.simple.downloader" dependent on version 2.1.0 of the xbmc.python api
15:39:45.371 T:139945094039296  NOTICE: Skin Helper Widgets --> Backgroundservice started
15:39:45.371 T:139945102432000   DEBUG: Skin Helper Simplecache --> Initialized
15:39:45.371 T:139945102432000   DEBUG: Metadata and Artwork module --> Initialized
15:39:45.380 T:139945102432000   DEBUG: Skin Helper Simplecache --> Initialized
15:39:45.383 T:139943967966976   DEBUG: Skin Helper Service --> ListItemMonitor - started
15:39:45.384 T:139943951181568  NOTICE: Skin Helper Service --> WebService - start helper webservice on port 52307
15:39:45.384 T:139945102432000  NOTICE: Skin Helper Service --> Skin Helper Service version 1.1.3 started
15:39:45.387 T:139945085646592   DEBUG: Library Data Provider: service version 0.3.2 started
15:39:45.429 T:139944865560320    INFO: CPythonInvoker(4, /storage/.kodi/addons/script.module.simple.downloader/default.py): script successfully run
15:39:45.452 T:139945085646592   DEBUG: RunQuery took 21 ms for 365 items query: select * from movie_view  WHERE ((movie_view.playCount IS NULL OR movie_view.playCount < 1))
15:39:45.471 T:139944848774912   DEBUG: ## LibreELEC Addon ## 8.2.0
15:39:45.496 T:139944865560320    INFO: Python script stopped
15:39:45.496 T:139944865560320   DEBUG: Thread LanguageInvoker 139944865560320 terminating
15:39:45.499 T:139944857167616  NOTICE: script.grab.fanart: Grab Fanart Service Started
15:39:45.506 T:139944857167616   DEBUG: script.grab.fanart: media type is: random
15:39:45.530 T:139944857167616   DEBUG: RunQuery took 22 ms for 392 items query: select * from movie_view
15:39:45.546 T:139943413786368   DEBUG: Thread Timer start, auto delete: false
15:39:45.548 T:139943413786368   DEBUG: Thread Timer 139943413786368 terminating
15:39:45.548 T:139943405393664   DEBUG: Thread Timer start, auto delete: false
15:39:45.550 T:139943405393664   DEBUG: Thread Timer 139943405393664 terminating
15:39:45.551 T:139943413786368   DEBUG: Thread Timer start, auto delete: false
15:39:45.553 T:139943413786368   DEBUG: Thread Timer 139943413786368 terminating
15:39:45.556 T:139943405393664   DEBUG: Thread Timer start, auto delete: false
15:39:45.556 T:139943405393664   DEBUG: Thread Timer 139943405393664 terminating
15:39:45.556 T:139943413786368   DEBUG: Thread Timer start, auto delete: false
15:39:45.570 T:139945077253888   DEBUG: [plugin.video.youtube] onNotification: |check_settings| -> |{"httpd_address": "0.0.0.0", "use_httpd": false, "whitelist": "", "httpd_port": 50152}|
15:39:45.732 T:139944857167616   DEBUG: script.grab.fanart: found 392 movies files
15:39:45.813 T:139944831989504   DEBUG: CZeroconfAvahi::groupCallback: Service successfully established
15:39:45.831 T:139944857167616   DEBUG: Previous line repeats 1 times.
15:39:45.831 T:139944857167616   DEBUG: RunQuery took 97 ms for 519 items query: SELECT * FROM tvshow_view
15:39:45.838 T:139944831989504   DEBUG: CZeroconfAvahi::groupCallback: Service successfully established
15:39:45.955 T:139945085646592   DEBUG: Previous line repeats 3 times.
15:39:45.955 T:139945085646592   DEBUG: RunQuery took 384 ms for 20641 items query: select * from episode_view  WHERE ((episode_view.playCount IS NULL OR episode_view.playCount < 1))
15:39:46.045 T:139944857167616   DEBUG: script.grab.fanart: found 430 tv files
15:39:46.047 T:139944857167616   DEBUG: GetArtistsByWhere query: SELECT artistview.* FROM artistview  WHERE (EXISTS (SELECT 1 FROM album_artist WHERE album_artist.idArtist = artistview.idArtist)) AND (artistview.strArtist != '')
15:39:46.057 T:139943413786368   DEBUG: Thread Timer 139943413786368 terminating
15:39:46.070 T:139944857167616   DEBUG: Time to retrieve artists from dataset = 23
15:39:46.103 T:139944857167616   DEBUG: script.grab.fanart: found 147 music files
15:39:46.170 T:139945085646592   DEBUG: GetSongsFullByWhere query = SELECT sv.*, songartistview.* FROM (SELECT songview.* FROM songview  WHERE ((CAST(songview.iTimesPlayed as DECIMAL(5,1)) < 1)) ORDER BY RAND() LIMIT 20) AS sv JOIN songartistview ON songartistview.idsong = sv.idsong  ORDER BY songartistview.idsong, songartistview.idRole, songartistview.iOrder
15:39:46.189 T:139945085646592   DEBUG: GetSongsFullByWhere() - took 19 ms
15:39:46.206 T:139945085646592   DEBUG: GetAlbumsByWhere query: SELECT albumview.*, albumartistview.* FROM albumview JOIN albumartistview ON albumartistview.idalbum = albumview.idalbum  WHERE albumview.strReleaseType = 'album'
15:39:46.206 T:139945085646592   DEBUG: GetAlbumsByWhere - query took 1 ms
15:39:46.223 T:139945085646592   DEBUG: RunQuery took 0 ms for 0 items query: select * from musicvideo_view  WHERE ((musicvideo_view.playCount IS NULL OR musicvideo_view.playCount < 1))
15:39:46.241 T:139945085646592   DEBUG: RunQuery took 16 ms for 365 items query: select * from movie_view  WHERE ((movie_view.playCount IS NULL OR movie_view.playCount < 1))
15:39:46.669 T:139945085646592   DEBUG: RunQuery took 336 ms for 20641 items query: select * from episode_view  WHERE ((episode_view.playCount IS NULL OR episode_view.playCount < 1))
15:39:46.999 T:139944412550912   DEBUG: CWebServer[8080]: request received for /jsonrpc
15:39:47.133 T:139945085646592   DEBUG: Previous line repeats 1 times.
15:39:47.133 T:139945085646592   DEBUG: GetAlbumsByWhere query: SELECT albumview.*, albumartistview.* FROM albumview JOIN albumartistview ON albumartistview.idalbum = albumview.idalbum  WHERE albumview.strReleaseType = 'album'
15:39:47.134 T:139945085646592   DEBUG: GetAlbumsByWhere - query took 0 ms
15:39:47.149 T:139945085646592   DEBUG: RunQuery took 0 ms for 0 items query: select * from musicvideo_view  WHERE ((musicvideo_view.playCount IS NULL OR musicvideo_view.playCount < 1))
15:39:47.155 T:139945085646592   DEBUG: RunQuery took 4 ms for 22 items query: select * from movie_view  WHERE (movie_view.idFile  IN (SELECT DISTINCT idFile FROM bookmark WHERE type = 1))
15:39:48.603 T:139943422703360   DEBUG: CWebServer[8080]: request received for /jsonrpc
15:39:49.779 T:139946411292800   DEBUG: Previous line repeats 5 times.
15:39:50.162 T:139946411292800   DEBUG: ------ Window Deinit (Custom_StartExit.xml) ------
15:39:50.163 T:139946411292800 WARNING: CApplication::Initialize - startup.xml taints init process
15:39:50.166 T:139945085646592   DEBUG: RunQuery took 2941 ms for 190 items query: SELECT * FROM tvshow_view  WHERE ((CASE WHEN COALESCE(tvshow_view.totalCount - tvshow_view.watchedcount, 0) > 0 THEN 0 ELSE 1 END  < 1)) AND ( ((tvshow_view.watchedcount > 0 AND tvshow_view.watchedcount < tvshow_view.totalCount) OR (tvshow_view.watchedcount = 0 AND EXISTS (SELECT 1 FROM episode_view WHERE episode_view.idShow = tvshow_view.idShow AND episode_view.resumeTimeInSeconds > 0))))
15:39:50.168 T:139946411292800   DEBUG: ContextMenuManager: addon menus reloaded.
15:39:50.168 T:139946411292800    INFO: removing tempfiles
15:39:50.169 T:139946411292800   DEBUG: ADDON: Starting service addons.
15:39:50.171 T:139943413786368   DEBUG: Thread LanguageInvoker start, auto delete: false
15:39:50.171 T:139943413786368   DEBUG: Previous line repeats 1 times.
15:39:50.171 T:139943413786368    INFO: initializing python engine.
15:39:50.171 T:139943413786368   DEBUG: CPythonInvoker(7, /usr/share/kodi/addons/service.libreelec.settings/service.py): start processing
15:39:50.171 T:139943422703360    INFO: initializing python engine.
15:39:50.171 T:139943431096064   DEBUG: Thread LanguageInvoker start, auto delete: false
15:39:50.171 T:139946411292800  NOTICE: initialize done
15:39:50.171 T:139943422703360   DEBUG: CPythonInvoker(8, /storage/.kodi/addons/script.common.plugin.cache/resources/lib/entry_point.py): start processing
15:39:50.171 T:139944123692800   DEBUG: Thread LanguageInvoker start, auto delete: false
15:39:50.171 T:139946411292800  NOTICE: Running the application...
15:39:50.171 T:139943431096064    INFO: initializing python engine.
15:39:50.171 T:139946411292800    INFO: Previous line repeats 1 times.
15:39:50.171 T:139946411292800   DEBUG: no profile autoexec.py (/storage/.kodi/userdata/autoexec.py) found, skipping
15:39:50.171 T:139943431096064   DEBUG: CPythonInvoker(9, /storage/.kodi/addons/script.service.alarmclock/default.py): start processing
15:39:50.171 T:139944123692800   DEBUG: CPythonInvoker(10, /storage/.kodi/addons/script.paragontv/service.py): start processing
15:39:50.171 T:139946411292800   DEBUG: Activating window ID: 10000
15:39:50.171 T:139946411292800   DEBUG: ------ Window Deinit (Startup.xml) ------
15:39:50.171 T:139946411292800   DEBUG: ------ Window Init (Home.xml) ------
15:39:50.171 T:139946411292800    INFO: Loading skin file: Home.xml, load type: KEEP_IN_MEMORY
15:39:50.172 T:139946411292800 WARNING: Skin has invalid include:
15:39:50.173 T:139946411292800 WARNING: Previous line repeats 7 times.
15:39:50.173 T:139946411292800 WARNING: Skin has invalid include: HomeWidgets_Lists
15:39:50.173 T:139946411292800 WARNING: Skin has invalid include:
15:39:50.173 T:139946411292800 WARNING: Skin has invalid include: HomeWidgets_Lists
15:39:50.173 T:139946411292800 WARNING: Skin has invalid include:
15:39:50.173 T:139946411292800 WARNING: Skin has invalid include: HomeWidgets_Lists
15:39:50.173 T:139946411292800 WARNING: Skin has invalid include: HomeWidgets_ContentInfo
15:39:50.173 T:139946411292800 WARNING: Skin has invalid include: TopHomeMenu
