12:36:01.290 T:140241209911040  NOTICE: [PTV Preset Timer] DEBUG: Available presets: ['Alpha', 'Omega', 'Delta', 'Epsilon', 'Gamma', 'Sigma', 'Omicron', 'Theta', 'Lambda']
12:36:01.290 T:140241209911040  NOTICE: [PTV Preset Timer] Today's preset for Thursday: Omega (index=1)
12:36:01.344 T:140241589491456   DEBUG: CWebServer[8080]: request received for /jsonrpc
12:36:04.442 T:140241046423296   DEBUG: Previous line repeats 11 times.
12:36:04.442 T:140241046423296   DEBUG: CNFSFile::Open - opened mnt/user/TELEVISION/Motionless In White/01x01 - Another Life [Official Video] - Motionless In White - Music - 1080 - None - None - None.nfo
12:36:04.448 T:140241046423296   DEBUG: CNFSFile::Close closing file mnt/user/TELEVISION/Motionless In White/01x01 - Another Life [Official Video] - Motionless In White - Music - 1080 - None - None - None.nfo
12:36:05.369 T:140241118488320   DEBUG: CWebServer[8080]: request received for /jsonrpc
12:36:06.908 T:140241046423296   DEBUG: Previous line repeats 5 times.
12:36:06.908 T:140241046423296   DEBUG: CNFSFile::Open - opened mnt/user/TELEVISION/Modern Family/Season 11/11x17-x18.nfo
12:36:06.915 T:140241046423296   DEBUG: CNFSFile::Close closing file mnt/user/TELEVISION/Modern Family/Season 11/11x17-x18.nfo
12:36:07.378 T:140241589491456   DEBUG: CWebServer[8080]: request received for /jsonrpc
12:36:08.196 T:140241218303744   DEBUG: Previous line repeats 5 times.
12:36:08.196 T:140241218303744   ERROR: [PTV Shutdown Timer] Checking schedule 'Bedtime'
12:36:08.196 T:140241218303744   ERROR: [PTV Shutdown Timer] Current time: 12:36
12:36:08.196 T:140241218303744   ERROR: [PTV Shutdown Timer] Shutdown time: 0:15
12:36:08.196 T:140241218303744   ERROR: [PTV Shutdown Timer] Minutes from midnight - Current: 756, Shutdown: 15
12:36:08.196 T:140241218303744   ERROR: [PTV Shutdown Timer] Time match (within window): False
12:36:08.196 T:140241218303744   ERROR: [PTV Shutdown Timer] Current day index: 3
12:36:08.196 T:140241218303744   ERROR: [PTV Shutdown Timer] Day match: False
12:36:08.196 T:140241218303744   ERROR: [PTV Shutdown Timer] Shutdown should trigger: False (Action: 1)
12:36:08.196 T:140241218303744   ERROR: [PTV Shutdown Timer] Checking schedule 'Late Night'
12:36:08.196 T:140241218303744   ERROR: [PTV Shutdown Timer] Current time: 12:36
12:36:08.196 T:140241218303744   ERROR: [PTV Shutdown Timer] Shutdown time: 3:30
12:36:08.196 T:140241218303744   ERROR: [PTV Shutdown Timer] Minutes from midnight - Current: 756, Shutdown: 210
12:36:08.196 T:140241218303744   ERROR: [PTV Shutdown Timer] Time match (within window): False
12:36:08.196 T:140241218303744   ERROR: [PTV Shutdown Timer] Current day index: 3
12:36:08.196 T:140241218303744   ERROR: [PTV Shutdown Timer] Day match: True
12:36:08.196 T:140241218303744   ERROR: [PTV Shutdown Timer] Shutdown should trigger: False (Action: 1)
12:36:08.663 T:140241046423296   DEBUG: CNFSFile::Open - opened mnt/user/TELEVISION/Metalocalypse/Season 2/02x19-x20.nfo
12:36:08.669 T:140241046423296   DEBUG: CNFSFile::Close closing file mnt/user/TELEVISION/Metalocalypse/Season 2/02x19-x20.nfo
12:36:08.682 T:140241046423296   DEBUG: CNFSFile::Open - opened mnt/user/TELEVISION/Metalocalypse/Season 2/02x16-x17.nfo
12:36:08.688 T:140241046423296   DEBUG: CNFSFile::Close closing file mnt/user/TELEVISION/Metalocalypse/Season 2/02x16-x17.nfo
12:36:09.024 T:140241046423296   DEBUG: CNFSFile::Open - opened mnt/user/TELEVISION/Megaprojects/03x23 - Tallest Skyscraper By Country - Part 2 - Megaprojects - Bumpers - 1080 - None - AAC - None.nfo
12:36:09.028 T:140241046423296   DEBUG: CNFSFile::Close closing file mnt/user/TELEVISION/Megaprojects/03x23 - Tallest Skyscraper By Country - Part 2 - Megaprojects - Bumpers - 1080 - None - AAC - None.nfo
12:36:09.047 T:140241046423296   DEBUG: CNFSFile::Open - opened mnt/user/TELEVISION/Megaprojects/05x07 - Turkey'S Controversial $1.7Bn Mega Dam - Megaprojects - Bumpers - 1080 - 1.7 - AAC - None.nfo
12:36:09.051 T:140241046423296   DEBUG: CNFSFile::Close closing file mnt/user/TELEVISION/Megaprojects/05x07 - Turkey'S Controversial $1.7Bn Mega Dam - Megaprojects - Bumpers - 1080 - 1.7 - AAC - None.nfo
12:36:09.070 T:140241046423296   DEBUG: CNFSFile::Open - opened mnt/user/TELEVISION/Megaprojects/03x08 - New $1.5Bn Bernabéu Vs. $1Bn Camp Nou - Megaprojects - Bumpers - 1080 - 1.5 - AAC - None.nfo
12:36:09.074 T:140241046423296   DEBUG: CNFSFile::Close closing file mnt/user/TELEVISION/Megaprojects/03x08 - New $1.5Bn Bernabéu Vs. $1Bn Camp Nou - Megaprojects - Bumpers - 1080 - 1.5 - AAC - None.nfo
12:36:09.187 T:140241046423296   DEBUG: CNFSFile::Open - opened mnt/user/TELEVISION/Megaprojects/02x15 - Mexico’S $4.5Bn Panama Canal Rival - Megaprojects - Bumpers - 1080 - 4.5 - AAC - None.nfo
12:36:09.191 T:140241046423296   DEBUG: CNFSFile::Close closing file mnt/user/TELEVISION/Megaprojects/02x15 - Mexico’S $4.5Bn Panama Canal Rival - Megaprojects - Bumpers - 1080 - 4.5 - AAC - None.nfo
12:36:09.217 T:140241046423296   DEBUG: CNFSFile::Open - opened mnt/user/TELEVISION/Megaprojects/04x02 - Telosa - America'S $400 Billion Future City - Megaprojects - Bumpers - 1080 - None - AAC - None.nfo
12:36:09.221 T:140241046423296   DEBUG: CNFSFile::Close closing file mnt/user/TELEVISION/Megaprojects/04x02 - Telosa - America'S $400 Billion Future City - Megaprojects - Bumpers - 1080 - None - AAC - None.nfo
12:36:09.257 T:140241046423296   DEBUG: CNFSFile::Open - opened mnt/user/TELEVISION/Megaprojects/01x18 - Dubai’S Transformation & Its Future - Megaprojects - Bumpers - None - None - None - None.nfo
12:36:09.261 T:140241046423296   DEBUG: CNFSFile::Close closing file mnt/user/TELEVISION/Megaprojects/01x18 - Dubai’S Transformation & Its Future - Megaprojects - Bumpers - None - None - None - None.nfo
12:36:09.359 T:140241046423296   DEBUG: CNFSFile::Open - opened mnt/user/TELEVISION/Megaprojects/03x24 - Tallest Skyscrapers By Country - Part 1 - Megaprojects - Bumpers - 1080 - None - AAC - None.nfo
12:36:09.363 T:140241046423296   DEBUG: CNFSFile::Close closing file mnt/user/TELEVISION/Megaprojects/03x24 - Tallest Skyscrapers By Country - Part 1 - Megaprojects - Bumpers - 1080 - None - AAC - None.nfo
12:36:09.388 T:140241902876416   DEBUG: CWebServer[8080]: request received for /jsonrpc
12:36:09.463 T:140241046423296   DEBUG: Previous line repeats 1 times.
12:36:09.463 T:140241046423296   DEBUG: CNFSFile::Open - opened mnt/user/TELEVISION/Megaprojects/02x13 - Las Vegas $2.3Bn Mega Sphere - Megaprojects - Bumpers - 1080 - 2.3 - AAC - None.nfo
12:36:09.467 T:140241046423296   DEBUG: CNFSFile::Close closing file mnt/user/TELEVISION/Megaprojects/02x13 - Las Vegas $2.3Bn Mega Sphere - Megaprojects - Bumpers - 1080 - 2.3 - AAC - None.nfo
12:36:09.489 T:140241046423296   DEBUG: CNFSFile::Open - opened mnt/user/TELEVISION/Megaprojects/01x24 - Green Buildings - The Future Of Construction - Megaprojects - Bumpers - 1080 - None - AAC - None.nfo
12:36:09.494 T:140241046423296   DEBUG: CNFSFile::Close closing file mnt/user/TELEVISION/Megaprojects/01x24 - Green Buildings - The Future Of Construction - Megaprojects - Bumpers - 1080 - None - AAC - None.nfo
12:36:09.519 T:140241046423296   DEBUG: CNFSFile::Open - opened mnt/user/TELEVISION/Megaprojects/02x11 - Italy'S $12.7Bn Bridge To Sicily - Megaprojects - Bumpers - 1080 - 12.7 - AAC - None.nfo
12:36:09.524 T:140241046423296   DEBUG: CNFSFile::Close closing file mnt/user/TELEVISION/Megaprojects/02x11 - Italy'S $12.7Bn Bridge To Sicily - Megaprojects - Bumpers - 1080 - 12.7 - AAC - None.nfo
12:36:09.819 T:140241902876416   DEBUG: CWebServer[8080]: request received for /jsonrpc
12:36:11.291 T:140241209911040   DEBUG: Previous line repeats 3 times.
12:36:11.291 T:140241209911040  NOTICE: [PTV Preset Timer] DEBUG: Today is Thursday (weekday=3)
12:36:11.292 T:140241209911040  NOTICE: [PTV Preset Timer] DEBUG: Setting name: ThursdayPreset
12:36:11.292 T:140241209911040  NOTICE: [PTV Preset Timer] DEBUG: Raw preset value: '2' (int: 2)
12:36:11.292 T:140241209911040  NOTICE: [PTV Preset Timer] DEBUG: Available presets: ['Alpha', 'Omega', 'Delta', 'Epsilon', 'Gamma', 'Sigma', 'Omicron', 'Theta', 'Lambda']
12:36:11.292 T:140241209911040  NOTICE: [PTV Preset Timer] Today's preset for Thursday: Omega (index=1)
12:36:11.398 T:140241118488320   DEBUG: CWebServer[8080]: request received for /jsonrpc
12:36:13.734 T:140241046423296   DEBUG: Previous line repeats 7 times.
12:36:13.735 T:140241046423296   DEBUG: CNFSFile::Open - opened mnt/user/TELEVISION/Letterkenny/Season 5/05x01-02-03-04-05-06 - We Don't Fight at Weddings + The Ol' College Try + Hard Right Jay + Letterkenny Spelling Bee + Back to Back to Back + Bock et Biche.nfo
12:36:13.741 T:140241046423296   DEBUG: CNFSFile::Close closing file mnt/user/TELEVISION/Letterkenny/Season 5/05x01-02-03-04-05-06 - We Don't Fight at Weddings + The Ol' College Try + Hard Right Jay + Letterkenny Spelling Bee + Back to Back to Back + Bock et Biche.nfo
12:36:13.837 T:140241589491456   DEBUG: CWebServer[8080]: request received for /jsonrpc
12:36:18.197 T:140241218303744   DEBUG: Previous line repeats 15 times.
12:36:18.197 T:140241218303744   ERROR: [PTV Shutdown Timer] Checking schedule 'Bedtime'
12:36:18.197 T:140241218303744   ERROR: [PTV Shutdown Timer] Current time: 12:36
12:36:18.198 T:140241218303744   ERROR: [PTV Shutdown Timer] Shutdown time: 0:15
12:36:18.198 T:140241218303744   ERROR: [PTV Shutdown Timer] Minutes from midnight - Current: 756, Shutdown: 15
12:36:18.198 T:140241218303744   ERROR: [PTV Shutdown Timer] Time match (within window): False
12:36:18.198 T:140241218303744   ERROR: [PTV Shutdown Timer] Current day index: 3
12:36:18.198 T:140241218303744   ERROR: [PTV Shutdown Timer] Day match: False
12:36:18.198 T:140241218303744   ERROR: [PTV Shutdown Timer] Shutdown should trigger: False (Action: 1)
12:36:18.198 T:140241218303744   ERROR: [PTV Shutdown Timer] Checking schedule 'Late Night'
12:36:18.198 T:140241218303744   ERROR: [PTV Shutdown Timer] Current time: 12:36
12:36:18.198 T:140241218303744   ERROR: [PTV Shutdown Timer] Shutdown time: 3:30
12:36:18.198 T:140241218303744   ERROR: [PTV Shutdown Timer] Minutes from midnight - Current: 756, Shutdown: 210
12:36:18.198 T:140241218303744   ERROR: [PTV Shutdown Timer] Time match (within window): False
12:36:18.198 T:140241218303744   ERROR: [PTV Shutdown Timer] Current day index: 3
12:36:18.198 T:140241218303744   ERROR: [PTV Shutdown Timer] Day match: True
12:36:18.198 T:140241218303744   ERROR: [PTV Shutdown Timer] Shutdown should trigger: False (Action: 1)
12:36:19.436 T:140242476586752   DEBUG: CWebServer[8080]: request received for /jsonrpc
12:36:21.293 T:140241209911040   DEBUG: Previous line repeats 5 times.
12:36:21.293 T:140241209911040  NOTICE: [PTV Preset Timer] DEBUG: Today is Thursday (weekday=3)
12:36:21.293 T:140241209911040  NOTICE: [PTV Preset Timer] DEBUG: Setting name: ThursdayPreset
12:36:21.293 T:140241209911040  NOTICE: [PTV Preset Timer] DEBUG: Raw preset value: '2' (int: 2)
12:36:21.293 T:140241209911040  NOTICE: [PTV Preset Timer] DEBUG: Available presets: ['Alpha', 'Omega', 'Delta', 'Epsilon', 'Gamma', 'Sigma', 'Omicron', 'Theta', 'Lambda']
12:36:21.293 T:140241209911040  NOTICE: [PTV Preset Timer] Today's preset for Thursday: Omega (index=1)
12:36:21.446 T:140241193125632   DEBUG: CWebServer[8080]: request received for /jsonrpc
12:36:28.198 T:140241218303744   DEBUG: Previous line repeats 23 times.
12:36:28.198 T:140241218303744   ERROR: [PTV Shutdown Timer] Checking schedule 'Bedtime'
12:36:28.198 T:140241218303744   ERROR: [PTV Shutdown Timer] Current time: 12:36
12:36:28.198 T:140241218303744   ERROR: [PTV Shutdown Timer] Shutdown time: 0:15
12:36:28.198 T:140241218303744   ERROR: [PTV Shutdown Timer] Minutes from midnight - Current: 756, Shutdown: 15
12:36:28.198 T:140241218303744   ERROR: [PTV Shutdown Timer] Time match (within window): False
12:36:28.198 T:140241218303744   ERROR: [PTV Shutdown Timer] Current day index: 3
12:36:28.198 T:140241218303744   ERROR: [PTV Shutdown Timer] Day match: False
12:36:28.198 T:140241218303744   ERROR: [PTV Shutdown Timer] Shutdown should trigger: False (Action: 1)
12:36:28.198 T:140241218303744   ERROR: [PTV Shutdown Timer] Checking schedule 'Late Night'
12:36:28.198 T:140241218303744   ERROR: [PTV Shutdown Timer] Current time: 12:36
12:36:28.198 T:140241218303744   ERROR: [PTV Shutdown Timer] Shutdown time: 3:30
12:36:28.198 T:140241218303744   ERROR: [PTV Shutdown Timer] Minutes from midnight - Current: 756, Shutdown: 210
12:36:28.198 T:140241218303744   ERROR: [PTV Shutdown Timer] Time match (within window): False
12:36:28.199 T:140241218303744   ERROR: [PTV Shutdown Timer] Current day index: 3
12:36:28.199 T:140241218303744   ERROR: [PTV Shutdown Timer] Day match: True
12:36:28.199 T:140241218303744   ERROR: [PTV Shutdown Timer] Shutdown should trigger: False (Action: 1)
12:36:28.776 T:140241046423296   DEBUG: CNFSFile::Open - opened mnt/user/TELEVISION/Falling Skies/04x06 - Door Number Three - Falling Skies - Science Fiction - 1080 - None - None - None.nfo
12:36:28.781 T:140241046423296   DEBUG: CNFSFile::Close closing file mnt/user/TELEVISION/Falling Skies/04x06 - Door Number Three - Falling Skies - Science Fiction - 1080 - None - None - None.nfo
12:36:28.793 T:140241046423296   DEBUG: CNFSFile::Open - opened mnt/user/TELEVISION/Falling Skies/tvshow.nfo
12:36:28.799 T:140241046423296   DEBUG: CNFSFile::Close closing file mnt/user/TELEVISION/Falling Skies/tvshow.nfo
12:36:29.483 T:140241193125632   DEBUG: CWebServer[8080]: request received for /jsonrpc
12:36:31.295 T:140241209911040   DEBUG: Previous line repeats 5 times.
12:36:31.295 T:140241209911040  NOTICE: [PTV Preset Timer] DEBUG: Today is Thursday (weekday=3)
12:36:31.295 T:140241209911040  NOTICE: [PTV Preset Timer] DEBUG: Setting name: ThursdayPreset
12:36:31.295 T:140241209911040  NOTICE: [PTV Preset Timer] DEBUG: Raw preset value: '2' (int: 2)
12:36:31.295 T:140241209911040  NOTICE: [PTV Preset Timer] DEBUG: Available presets: ['Alpha', 'Omega', 'Delta', 'Epsilon', 'Gamma', 'Sigma', 'Omicron', 'Theta', 'Lambda']
12:36:31.295 T:140241209911040  NOTICE: [PTV Preset Timer] Today's preset for Thursday: Omega (index=1)
12:36:31.496 T:140241193125632   DEBUG: CWebServer[8080]: request received for /jsonrpc
12:36:32.649 T:140241046423296   DEBUG: Previous line repeats 5 times.
12:36:32.649 T:140241046423296   DEBUG: CNFSFile::Open - opened mnt/user/TELEVISION/Becker/Season 5/05x16 - The Job - Becker - Comedy - 1080 - None - None - None.nfo
12:36:32.655 T:140241046423296   DEBUG: CNFSFile::Close closing file mnt/user/TELEVISION/Becker/Season 5/05x16 - The Job - Becker - Comedy - 1080 - None - None - None.nfo
12:36:32.668 T:140241046423296   DEBUG: CNFSFile::Open - opened mnt/user/TELEVISION/Becker/tvshow.nfo
12:36:32.673 T:140241046423296   DEBUG: CNFSFile::Close closing file mnt/user/TELEVISION/Becker/tvshow.nfo
12:36:32.850 T:140241046423296   DEBUG: CNFSFile::Open - opened mnt/user/TELEVISION/Becker/Season 4/04x20 - Piece Talks - Becker - Comedy - 1080 - None - None - None.nfo
12:36:32.856 T:140241046423296   DEBUG: CNFSFile::Close closing file mnt/user/TELEVISION/Becker/Season 4/04x20 - Piece Talks - Becker - Comedy - 1080 - None - None - None.nfo
12:36:32.868 T:140241046423296   DEBUG: CNFSFile::Open - opened mnt/user/TELEVISION/Becker/tvshow.nfo
12:36:32.873 T:140241046423296   DEBUG: CNFSFile::Close closing file mnt/user/TELEVISION/Becker/tvshow.nfo
12:36:32.902 T:140241046423296   DEBUG: CNFSFile::Open - opened mnt/user/TELEVISION/Becker/Season 4/04x09 - The Buddy System - Becker - Comedy - 1080 - None - None - None.nfo
12:36:32.910 T:140241046423296   DEBUG: CNFSFile::Close closing file mnt/user/TELEVISION/Becker/Season 4/04x09 - The Buddy System - Becker - Comedy - 1080 - None - None - None.nfo
12:36:33.502 T:140241193125632   DEBUG: CWebServer[8080]: request received for /jsonrpc
12:36:38.199 T:140241218303744   DEBUG: Previous line repeats 17 times.
12:36:38.199 T:140241218303744   ERROR: [PTV Shutdown Timer] Checking schedule 'Bedtime'
12:36:38.199 T:140241218303744   ERROR: [PTV Shutdown Timer] Current time: 12:36
12:36:38.199 T:140241218303744   ERROR: [PTV Shutdown Timer] Shutdown time: 0:15
12:36:38.199 T:140241218303744   ERROR: [PTV Shutdown Timer] Minutes from midnight - Current: 756, Shutdown: 15
12:36:38.199 T:140241218303744   ERROR: [PTV Shutdown Timer] Time match (within window): False
12:36:38.199 T:140241218303744   ERROR: [PTV Shutdown Timer] Current day index: 3
12:36:38.199 T:140241218303744   ERROR: [PTV Shutdown Timer] Day match: False
12:36:38.199 T:140241218303744   ERROR: [PTV Shutdown Timer] Shutdown should trigger: False (Action: 1)
12:36:38.200 T:140241218303744   ERROR: [PTV Shutdown Timer] Checking schedule 'Late Night'
12:36:38.200 T:140241218303744   ERROR: [PTV Shutdown Timer] Current time: 12:36
12:36:38.200 T:140241218303744   ERROR: [PTV Shutdown Timer] Shutdown time: 3:30
12:36:38.200 T:140241218303744   ERROR: [PTV Shutdown Timer] Minutes from midnight - Current: 756, Shutdown: 210
12:36:38.200 T:140241218303744   ERROR: [PTV Shutdown Timer] Time match (within window): False
12:36:38.200 T:140241218303744   ERROR: [PTV Shutdown Timer] Current day index: 3
12:36:38.200 T:140241218303744   ERROR: [PTV Shutdown Timer] Day match: True
12:36:38.200 T:140241218303744   ERROR: [PTV Shutdown Timer] Shutdown should trigger: False (Action: 1)
12:36:39.532 T:140241193125632   DEBUG: CWebServer[8080]: request received for /jsonrpc
12:36:41.295 T:140241209911040   DEBUG: Previous line repeats 5 times.
12:36:41.295 T:140241209911040  NOTICE: [PTV Preset Timer] DEBUG: Today is Thursday (weekday=3)
12:36:41.295 T:140241209911040  NOTICE: [PTV Preset Timer] DEBUG: Setting name: ThursdayPreset
12:36:41.295 T:140241209911040  NOTICE: [PTV Preset Timer] DEBUG: Raw preset value: '2' (int: 2)
12:36:41.295 T:140241209911040  NOTICE: [PTV Preset Timer] DEBUG: Available presets: ['Alpha', 'Omega', 'Delta', 'Epsilon', 'Gamma', 'Sigma', 'Omicron', 'Theta', 'Lambda']
12:36:41.295 T:140241209911040  NOTICE: [PTV Preset Timer] Today's preset for Thursday: Omega (index=1)
12:36:41.539 T:140241193125632   DEBUG: CWebServer[8080]: request received for /jsonrpc
12:36:41.605 T:140241914537728   DEBUG: Previous line repeats 1 times.
12:36:41.605 T:140241914537728   DEBUG: CWebServer[8080]: request received for /jsonrpc?GetActivePlayers
12:36:41.982 T:140241193125632   DEBUG: CWebServer[8080]: request received for /jsonrpc
12:36:42.613 T:140241046423296   DEBUG: Previous line repeats 3 times.
12:36:42.613 T:140241046423296   DEBUG: CNFSFile::Open - opened mnt/user/TELEVISION/Westworld/Season 2/02x08 - Kiksuya - Westworld - Western - 1080 - None - None - None.nfo
12:36:42.620 T:140241046423296   DEBUG: CNFSFile::Close closing file mnt/user/TELEVISION/Westworld/Season 2/02x08 - Kiksuya - Westworld - Western - 1080 - None - None - None.nfo
12:36:42.635 T:140241046423296   DEBUG: CNFSFile::Open - opened mnt/user/TELEVISION/Westworld/tvshow.nfo
12:36:42.640 T:140241046423296   DEBUG: CNFSFile::Close closing file mnt/user/TELEVISION/Westworld/tvshow.nfo
12:36:42.785 T:140241046423296   DEBUG: CNFSFile::Open - opened mnt/user/TELEVISION/Westworld/Season 1/01x02 - Chestnut - Westworld - Western - 1080 - None - None - None.nfo
12:36:42.791 T:140241046423296   DEBUG: CNFSFile::Close closing file mnt/user/TELEVISION/Westworld/Season 1/01x02 - Chestnut - Westworld - Western - 1080 - None - None - None.nfo
12:36:42.803 T:140241046423296   DEBUG: CNFSFile::Open - opened mnt/user/TELEVISION/Westworld/tvshow.nfo
12:36:42.808 T:140241046423296   DEBUG: CNFSFile::Close closing file mnt/user/TELEVISION/Westworld/tvshow.nfo
12:36:43.401 T:140241046423296   DEBUG: CNFSFile::Open - opened mnt/user/TELEVISION/Victorious/Season 1/01x13-x14.nfo
12:36:43.408 T:140241046423296   DEBUG: CNFSFile::Close closing file mnt/user/TELEVISION/Victorious/Season 1/01x13-x14.nfo
12:36:43.551 T:140241193125632   DEBUG: CWebServer[8080]: request received for /jsonrpc
12:36:48.201 T:140241218303744   DEBUG: Previous line repeats 17 times.
12:36:48.201 T:140241218303744   ERROR: [PTV Shutdown Timer] Checking schedule 'Bedtime'
12:36:48.201 T:140241218303744   ERROR: [PTV Shutdown Timer] Current time: 12:36
12:36:48.201 T:140241218303744   ERROR: [PTV Shutdown Timer] Shutdown time: 0:15
12:36:48.201 T:140241218303744   ERROR: [PTV Shutdown Timer] Minutes from midnight - Current: 756, Shutdown: 15
12:36:48.201 T:140241218303744   ERROR: [PTV Shutdown Timer] Time match (within window): False
12:36:48.202 T:140241218303744   ERROR: [PTV Shutdown Timer] Current day index: 3
12:36:48.202 T:140241218303744   ERROR: [PTV Shutdown Timer] Day match: False
12:36:48.202 T:140241218303744   ERROR: [PTV Shutdown Timer] Shutdown should trigger: False (Action: 1)
12:36:48.202 T:140241218303744   ERROR: [PTV Shutdown Timer] Checking schedule 'Late Night'
12:36:48.202 T:140241218303744   ERROR: [PTV Shutdown Timer] Current time: 12:36
12:36:48.202 T:140241218303744   ERROR: [PTV Shutdown Timer] Shutdown time: 3:30
12:36:48.202 T:140241218303744   ERROR: [PTV Shutdown Timer] Minutes from midnight - Current: 756, Shutdown: 210
12:36:48.202 T:140241218303744   ERROR: [PTV Shutdown Timer] Time match (within window): False
12:36:48.202 T:140241218303744   ERROR: [PTV Shutdown Timer] Current day index: 3
12:36:48.202 T:140241218303744   ERROR: [PTV Shutdown Timer] Day match: True
12:36:48.202 T:140241218303744   ERROR: [PTV Shutdown Timer] Shutdown should trigger: False (Action: 1)
12:36:49.579 T:140241193125632   DEBUG: CWebServer[8080]: request received for /jsonrpc
12:36:51.296 T:140241209911040   DEBUG: Previous line repeats 5 times.
12:36:51.296 T:140241209911040  NOTICE: [PTV Preset Timer] DEBUG: Today is Thursday (weekday=3)
12:36:51.296 T:140241209911040  NOTICE: [PTV Preset Timer] DEBUG: Setting name: ThursdayPreset
12:36:51.296 T:140241209911040  NOTICE: [PTV Preset Timer] DEBUG: Raw preset value: '2' (int: 2)
12:36:51.297 T:140241209911040  NOTICE: [PTV Preset Timer] DEBUG: Available presets: ['Alpha', 'Omega', 'Delta', 'Epsilon', 'Gamma', 'Sigma', 'Omicron', 'Theta', 'Lambda']
12:36:51.297 T:140241209911040  NOTICE: [PTV Preset Timer] Today's preset for Thursday: Omega (index=1)
12:36:51.586 T:140241193125632   DEBUG: CWebServer[8080]: request received for /jsonrpc
12:36:58.203 T:140241218303744   DEBUG: Previous line repeats 23 times.
12:36:58.203 T:140241218303744   ERROR: [PTV Shutdown Timer] Checking schedule 'Bedtime'
12:36:58.203 T:140241218303744   ERROR: [PTV Shutdown Timer] Current time: 12:36
12:36:58.203 T:140241218303744   ERROR: [PTV Shutdown Timer] Shutdown time: 0:15
12:36:58.203 T:140241218303744   ERROR: [PTV Shutdown Timer] Minutes from midnight - Current: 756, Shutdown: 15
12:36:58.203 T:140241218303744   ERROR: [PTV Shutdown Timer] Time match (within window): False
12:36:58.203 T:140241218303744   ERROR: [PTV Shutdown Timer] Current day index: 3
12:36:58.203 T:140241218303744   ERROR: [PTV Shutdown Timer] Day match: False
12:36:58.203 T:140241218303744   ERROR: [PTV Shutdown Timer] Shutdown should trigger: False (Action: 1)
12:36:58.203 T:140241218303744   ERROR: [PTV Shutdown Timer] Checking schedule 'Late Night'
12:36:58.203 T:140241218303744   ERROR: [PTV Shutdown Timer] Current time: 12:36
12:36:58.203 T:140241218303744   ERROR: [PTV Shutdown Timer] Shutdown time: 3:30
12:36:58.203 T:140241218303744   ERROR: [PTV Shutdown Timer] Minutes from midnight - Current: 756, Shutdown: 210
12:36:58.203 T:140241218303744   ERROR: [PTV Shutdown Timer] Time match (within window): False
12:36:58.203 T:140241218303744   ERROR: [PTV Shutdown Timer] Current day index: 3
12:36:58.203 T:140241218303744   ERROR: [PTV Shutdown Timer] Day match: True
12:36:58.203 T:140241218303744   ERROR: [PTV Shutdown Timer] Shutdown should trigger: False (Action: 1)
12:36:59.621 T:140241569298176   DEBUG: CWebServer[8080]: request received for /jsonrpc
12:37:00.139 T:140241046423296   DEBUG: Previous line repeats 5 times.
12:37:00.139 T:140241046423296   DEBUG: CNFSFile::Open - opened mnt/user/TELEVISION/Alcatraz/Season 1/01x01-x02.nfo
12:37:00.145 T:140241046423296   DEBUG: CNFSFile::Close closing file mnt/user/TELEVISION/Alcatraz/Season 1/01x01-x02.nfo
12:37:01.298 T:140241209911040  NOTICE: [PTV Preset Timer] DEBUG: Today is Thursday (weekday=3)
12:37:01.298 T:140241209911040  NOTICE: [PTV Preset Timer] DEBUG: Setting name: ThursdayPreset
12:37:01.298 T:140241209911040  NOTICE: [PTV Preset Timer] DEBUG: Raw preset value: '2' (int: 2)
12:37:01.298 T:140241209911040  NOTICE: [PTV Preset Timer] DEBUG: Available presets: ['Alpha', 'Omega', 'Delta', 'Epsilon', 'Gamma', 'Sigma', 'Omicron', 'Theta', 'Lambda']
12:37:01.298 T:140241209911040  NOTICE: [PTV Preset Timer] Today's preset for Thursday: Omega (index=1)
12:37:01.628 T:140241569298176   DEBUG: CWebServer[8080]: request received for /jsonrpc
12:37:02.430 T:140241046423296   DEBUG: Previous line repeats 5 times.
12:37:02.430 T:140241046423296   DEBUG: CNFSFile::Open - opened mnt/user/TELEVISION/Poseidon Entertainment/01x09 - Seuss Landing - One Of Universal'S Best Lands - Poseidon Entertainment - Themepark Documentary - 1080 - None - AAC - None.nfo
12:37:02.435 T:140241046423296   DEBUG: CNFSFile::Close closing file mnt/user/TELEVISION/Poseidon Entertainment/01x09 - Seuss Landing - One Of Universal'S Best Lands - Poseidon Entertainment - Themepark Documentary - 1080 - None - AAC - None.nfo
12:37:03.497 T:140241046423296   DEBUG: CNFSFile::Open - opened mnt/user/TELEVISION/Defiance/Season 3/03x01-x02.nfo
12:37:03.503 T:140241046423296   DEBUG: CNFSFile::Close closing file mnt/user/TELEVISION/Defiance/Season 3/03x01-x02.nfo
12:37:03.635 T:140241569298176   DEBUG: CWebServer[8080]: request received for /jsonrpc
12:37:08.204 T:140241218303744   DEBUG: Previous line repeats 17 times.
12:37:08.204 T:140241218303744   ERROR: [PTV Shutdown Timer] Checking schedule 'Bedtime'
12:37:08.204 T:140241218303744   ERROR: [PTV Shutdown Timer] Current time: 12:37
12:37:08.204 T:140241218303744   ERROR: [PTV Shutdown Timer] Shutdown time: 0:15
12:37:08.204 T:140241218303744   ERROR: [PTV Shutdown Timer] Minutes from midnight - Current: 757, Shutdown: 15
12:37:08.204 T:140241218303744   ERROR: [PTV Shutdown Timer] Time match (within window): False
12:37:08.204 T:140241218303744   ERROR: [PTV Shutdown Timer] Current day index: 3
12:37:08.204 T:140241218303744   ERROR: [PTV Shutdown Timer] Day match: False
12:37:08.204 T:140241218303744   ERROR: [PTV Shutdown Timer] Shutdown should trigger: False (Action: 1)
12:37:08.204 T:140241218303744   ERROR: [PTV Shutdown Timer] Checking schedule 'Late Night'
12:37:08.204 T:140241218303744   ERROR: [PTV Shutdown Timer] Current time: 12:37
12:37:08.204 T:140241218303744   ERROR: [PTV Shutdown Timer] Shutdown time: 3:30
12:37:08.204 T:140241218303744   ERROR: [PTV Shutdown Timer] Minutes from midnight - Current: 757, Shutdown: 210
12:37:08.204 T:140241218303744   ERROR: [PTV Shutdown Timer] Time match (within window): False
12:37:08.204 T:140241218303744   ERROR: [PTV Shutdown Timer] Current day index: 3
12:37:08.204 T:140241218303744   ERROR: [PTV Shutdown Timer] Day match: True
12:37:08.204 T:140241218303744   ERROR: [PTV Shutdown Timer] Shutdown should trigger: False (Action: 1)
12:37:09.662 T:140241902876416   DEBUG: CWebServer[8080]: request received for /jsonrpc
12:37:11.300 T:140241209911040   DEBUG: Previous line repeats 5 times.
12:37:11.300 T:140241209911040  NOTICE: [PTV Preset Timer] DEBUG: Today is Thursday (weekday=3)
12:37:11.300 T:140241209911040  NOTICE: [PTV Preset Timer] DEBUG: Setting name: ThursdayPreset
12:37:11.300 T:140241209911040  NOTICE: [PTV Preset Timer] DEBUG: Raw preset value: '2' (int: 2)
12:37:11.300 T:140241209911040  NOTICE: [PTV Preset Timer] DEBUG: Available presets: ['Alpha', 'Omega', 'Delta', 'Epsilon', 'Gamma', 'Sigma', 'Omicron', 'Theta', 'Lambda']
12:37:11.300 T:140241209911040  NOTICE: [PTV Preset Timer] Today's preset for Thursday: Omega (index=1)
12:37:11.670 T:140241569298176   DEBUG: CWebServer[8080]: request received for /jsonrpc
12:37:13.640 T:140241046423296   DEBUG: Previous line repeats 5 times.
12:37:13.640 T:140241046423296   DEBUG: CNFSFile::Open - opened mnt/user/TELEVISION/BoJack Horseman/Season 1/01x01-x12.nfo
12:37:13.647 T:140241046423296   DEBUG: CNFSFile::Close closing file mnt/user/TELEVISION/BoJack Horseman/Season 1/01x01-x12.nfo
12:37:13.677 T:140241569298176   DEBUG: CWebServer[8080]: request received for /jsonrpc
12:37:15.165 T:140241046423296   DEBUG: Previous line repeats 5 times.
12:37:15.165 T:140241046423296   DEBUG: CNFSFile::Open - opened mnt/user/TELEVISION/30 Rock/Season 7/07x12-x13.nfo
12:37:15.171 T:140241046423296   DEBUG: CNFSFile::Close closing file mnt/user/TELEVISION/30 Rock/Season 7/07x12-x13.nfo
12:37:15.289 T:140241046423296   DEBUG: CNFSFile::Open - opened mnt/user/TELEVISION/30 Rock/Season 6/06x06-x07.nfo
12:37:15.296 T:140241046423296   DEBUG: CNFSFile::Close closing file mnt/user/TELEVISION/30 Rock/Season 6/06x06-x07.nfo
12:37:15.690 T:140241569298176   DEBUG: CWebServer[8080]: request received for /jsonrpc
12:37:18.205 T:140241218303744   DEBUG: Previous line repeats 11 times.
12:37:18.205 T:140241218303744   ERROR: [PTV Shutdown Timer] Checking schedule 'Bedtime'
12:37:18.205 T:140241218303744   ERROR: [PTV Shutdown Timer] Current time: 12:37
12:37:18.205 T:140241218303744   ERROR: [PTV Shutdown Timer] Shutdown time: 0:15
12:37:18.205 T:140241218303744   ERROR: [PTV Shutdown Timer] Minutes from midnight - Current: 757, Shutdown: 15
12:37:18.205 T:140241218303744   ERROR: [PTV Shutdown Timer] Time match (within window): False
12:37:18.205 T:140241218303744   ERROR: [PTV Shutdown Timer] Current day index: 3
12:37:18.206 T:140241218303744   ERROR: [PTV Shutdown Timer] Day match: False
12:37:18.206 T:140241218303744   ERROR: [PTV Shutdown Timer] Shutdown should trigger: False (Action: 1)
12:37:18.206 T:140241218303744   ERROR: [PTV Shutdown Timer] Checking schedule 'Late Night'
12:37:18.206 T:140241218303744   ERROR: [PTV Shutdown Timer] Current time: 12:37
12:37:18.206 T:140241218303744   ERROR: [PTV Shutdown Timer] Shutdown time: 3:30
12:37:18.206 T:140241218303744   ERROR: [PTV Shutdown Timer] Minutes from midnight - Current: 757, Shutdown: 210
12:37:18.206 T:140241218303744   ERROR: [PTV Shutdown Timer] Time match (within window): False
12:37:18.206 T:140241218303744   ERROR: [PTV Shutdown Timer] Current day index: 3
12:37:18.206 T:140241218303744   ERROR: [PTV Shutdown Timer] Day match: True
12:37:18.206 T:140241218303744   ERROR: [PTV Shutdown Timer] Shutdown should trigger: False (Action: 1)
12:37:19.399 T:140241046423296   DEBUG: CNFSFile::Open - opened mnt/user/TELEVISION/Death of a Game/07x23 - Titanfall 1 & 2 - Death Of A Game - Technology Documentary - None - None - None - None.nfo
12:37:19.404 T:140241046423296   DEBUG: CNFSFile::Close closing file mnt/user/TELEVISION/Death of a Game/07x23 - Titanfall 1 & 2 - Death Of A Game - Technology Documentary - None - None - None - None.nfo
12:37:19.705 T:140241569298176   DEBUG: CWebServer[8080]: request received for /jsonrpc
12:37:19.991 T:140241046423296   DEBUG: Previous line repeats 1 times.
12:37:19.991 T:140241046423296   DEBUG: CNFSFile::Open - opened mnt/user/TELEVISION/Death of a Game/02x21 - Asheron'S Call 1 & 2 - Death Of A Game - Technology Documentary - None - None - None - None.nfo
12:37:19.996 T:140241046423296   DEBUG: CNFSFile::Close closing file mnt/user/TELEVISION/Death of a Game/02x21 - Asheron'S Call 1 & 2 - Death Of A Game - Technology Documentary - None - None - None - None.nfo
12:37:20.061 T:140241046423296   DEBUG: CNFSFile::Open - opened mnt/user/TELEVISION/Death of a Game/02x19 - Archlord (& Archlord 2) - Death Of A Game - Technology Documentary - None - None - None - None.nfo
12:37:20.066 T:140241046423296   DEBUG: CNFSFile::Close closing file mnt/user/TELEVISION/Death of a Game/02x19 - Archlord (& Archlord 2) - Death Of A Game - Technology Documentary - None - None - None - None.nfo
12:37:20.132 T:140241569298176   DEBUG: CWebServer[8080]: request received for /jsonrpc
12:37:21.301 T:140241209911040   DEBUG: Previous line repeats 3 times.
12:37:21.301 T:140241209911040  NOTICE: [PTV Preset Timer] DEBUG: Today is Thursday (weekday=3)
12:37:21.301 T:140241209911040  NOTICE: [PTV Preset Timer] DEBUG: Setting name: ThursdayPreset
12:37:21.301 T:140241209911040  NOTICE: [PTV Preset Timer] DEBUG: Raw preset value: '2' (int: 2)
12:37:21.301 T:140241209911040  NOTICE: [PTV Preset Timer] DEBUG: Available presets: ['Alpha', 'Omega', 'Delta', 'Epsilon', 'Gamma', 'Sigma', 'Omicron', 'Theta', 'Lambda']
12:37:21.301 T:140241209911040  NOTICE: [PTV Preset Timer] Today's preset for Thursday: Omega (index=1)
12:37:21.710 T:140241046423296   DEBUG: CNFSFile::Open - opened mnt/user/TELEVISION/BEHIND THE BANDS/02x09 - Scream Bloody Gore - The Story Of Death - Behind The Bands - Music Documentary - 1080 - None - AAC - None.nfo
12:37:21.712 T:140241569298176   DEBUG: CWebServer[8080]: request received for /jsonrpc
12:37:21.714 T:140241046423296   DEBUG: Previous line repeats 1 times.
12:37:21.714 T:140241046423296   DEBUG: CNFSFile::Close closing file mnt/user/TELEVISION/BEHIND THE BANDS/02x09 - Scream Bloody Gore - The Story Of Death - Behind The Bands - Music Documentary - 1080 - None - AAC - None.nfo
12:37:21.744 T:140241046423296   DEBUG: CNFSFile::Open - opened mnt/user/TELEVISION/BEHIND THE BANDS/02x14 - The Jackass Forever Story - Behind The Bands - Music Documentary - 1080 - None - AAC - None.nfo
12:37:21.748 T:140241046423296   DEBUG: CNFSFile::Close closing file mnt/user/TELEVISION/BEHIND THE BANDS/02x14 - The Jackass Forever Story - Behind The Bands - Music Documentary - 1080 - None - AAC - None.nfo
12:37:21.778 T:140241046423296   DEBUG: CNFSFile::Open - opened mnt/user/TELEVISION/BEHIND THE BANDS/02x11 - Six String Samurai - The Story Of Japanese Heavy Metal - Behind The Bands - Music Documentary - 1080 - None - AAC - None.nfo
12:37:21.784 T:140241046423296   DEBUG: CNFSFile::Close closing file mnt/user/TELEVISION/BEHIND THE BANDS/02x11 - Six String Samurai - The Story Of Japanese Heavy Metal - Behind The Bands - Music Documentary - 1080 - None - AAC - None.nfo
12:37:21.823 T:140241046423296   DEBUG: CNFSFile::Open - opened mnt/user/TELEVISION/BEHIND THE BANDS/01x04 - Between Heaven & Hell Lies A Mask - The Slipknot Story - Behind The Bands - Music Documentary - None - None - None - None.nfo
12:37:21.828 T:140241046423296   DEBUG: CNFSFile::Close closing file mnt/user/TELEVISION/BEHIND THE BANDS/01x04 - Between Heaven & Hell Lies A Mask - The Slipknot Story - Behind The Bands - Music Documentary - None - None - None - None.nfo
12:37:21.840 T:140241046423296   DEBUG: CNFSFile::Open - opened mnt/user/TELEVISION/BEHIND THE BANDS/01x16 - I Want My Mtv - The Death Of A Generation - Behind The Bands - Music Documentary - 1080 - None - AAC - None.nfo
12:37:21.846 T:140241046423296   DEBUG: CNFSFile::Close closing file mnt/user/TELEVISION/BEHIND THE BANDS/01x16 - I Want My Mtv - The Death Of A Generation - Behind The Bands - Music Documentary - 1080 - None - AAC - None.nfo
12:37:21.901 T:140241046423296   DEBUG: CNFSFile::Open - opened mnt/user/TELEVISION/BEHIND THE BANDS/01x22 - Lucifer Rising - The Story Of Satanism In Heavy Metal - Behind The Bands - Music Documentary - 1080 - None - AAC - None.nfo
12:37:21.905 T:140241046423296   DEBUG: CNFSFile::Close closing file mnt/user/TELEVISION/BEHIND THE BANDS/01x22 - Lucifer Rising - The Story Of Satanism In Heavy Metal - Behind The Bands - Music Documentary - 1080 - None - AAC - None.nfo
12:37:22.136 T:140241569298176   DEBUG: CWebServer[8080]: request received for /jsonrpc
12:37:22.150 T:140241046423296   DEBUG: Previous line repeats 1 times.
12:37:22.150 T:140241046423296   DEBUG: CNFSFile::Open - opened mnt/user/TELEVISION/Avenger Expansion/04x23 - Trap& Moombahton - Avenger Expansion - Bumpers - None - None - None - None.nfo
12:37:22.155 T:140241046423296   DEBUG: CNFSFile::Close closing file mnt/user/TELEVISION/Avenger Expansion/04x23 - Trap& Moombahton - Avenger Expansion - Bumpers - None - None - None - None.nfo
12:37:22.165 T:140241569298176   DEBUG: CWebServer[8080]: request received for /jsonrpc
12:37:22.387 T:140241046423296   DEBUG: Previous line repeats 1 times.
12:37:22.388 T:140241046423296   DEBUG: CNFSFile::Open - opened mnt/user/TELEVISION/Avenger Expansion/04x04 - Moombahton& Trap - Avenger Expansion - Bumpers - None - None - None - None.nfo
12:37:22.392 T:140241046423296   DEBUG: CNFSFile::Close closing file mnt/user/TELEVISION/Avenger Expansion/04x04 - Moombahton& Trap - Avenger Expansion - Bumpers - None - None - None - None.nfo
12:37:23.721 T:140241569298176   DEBUG: CWebServer[8080]: request received for /jsonrpc
12:37:26.421 T:140241046423296   DEBUG: Previous line repeats 11 times.
12:37:26.421 T:140241046423296   DEBUG: CNFSFile::Open - opened mnt/user/TELEVISION/THE WHY FILES/Season 2024/2024x31 - Operation Eagle Flight - The Escape from Berlin to Bariloche.nfo
12:37:26.427 T:140241046423296   DEBUG: CNFSFile::Close closing file mnt/user/TELEVISION/THE WHY FILES/Season 2024/2024x31 - Operation Eagle Flight - The Escape from Berlin to Bariloche.nfo
12:37:26.444 T:140241046423296   DEBUG: CNFSFile::Open - opened mnt/user/TELEVISION/THE WHY FILES/Season 2024/2024x26 - Alien Implants Vol. 1 - Devil’s Den UFO Encounter - What Was Found Inside Terry Lovelace.nfo
12:37:26.449 T:140241046423296   DEBUG: CNFSFile::Close closing file mnt/user/TELEVISION/THE WHY FILES/Season 2024/2024x26 - Alien Implants Vol. 1 - Devil’s Den UFO Encounter - What Was Found Inside Terry Lovelace.nfo
12:37:26.464 T:140241046423296   DEBUG: CNFSFile::Open - opened mnt/user/TELEVISION/THE WHY FILES/Season 2024/2024x27 - Project Blue Beam - Staging a Fake Alien Attack to Take Over the World.nfo
12:37:26.469 T:140241046423296   DEBUG: CNFSFile::Close closing file mnt/user/TELEVISION/THE WHY FILES/Season 2024/2024x27 - Project Blue Beam - Staging a Fake Alien Attack to Take Over the World.nfo
12:37:26.486 T:140241046423296   DEBUG: CNFSFile::Open - opened mnt/user/TELEVISION/THE WHY FILES/Season 2024/2024x19 - The Dark Side of DARPA The Human Cost of Technological Supremacy.nfo
12:37:26.491 T:140241046423296   DEBUG: CNFSFile::Close closing file mnt/user/TELEVISION/THE WHY FILES/Season 2024/2024x19 - The Dark Side of DARPA The Human Cost of Technological Supremacy.nfo
12:37:26.509 T:140241046423296   DEBUG: CNFSFile::Open - opened mnt/user/TELEVISION/THE WHY FILES/Season 2024/2024x28 - Symbols of Power - Deciphering the Language of the Secret Elite.nfo
12:37:26.514 T:140241046423296   DEBUG: CNFSFile::Close closing file mnt/user/TELEVISION/THE WHY FILES/Season 2024/2024x28 - Symbols of Power - Deciphering the Language of the Secret Elite.nfo
12:37:26.533 T:140241046423296   DEBUG: CNFSFile::Open - opened mnt/user/TELEVISION/THE WHY FILES/Season 2024/2024x25 - Operation Sunray Hunting the Entity in the Tsarichina Hole.nfo
12:37:26.538 T:140241046423296   DEBUG: CNFSFile::Close closing file mnt/user/TELEVISION/THE WHY FILES/Season 2024/2024x25 - Operation Sunray Hunting the Entity in the Tsarichina Hole.nfo
12:37:27.070 T:140244021758080   DEBUG: ------ Window Init (DialogConfirm.xml) ------
12:37:27.070 T:140244021758080    INFO: Loading skin file: DialogConfirm.xml, load type: KEEP_IN_MEMORY
12:37:27.074 T:140244021758080 WARNING: Skin has invalid include: dialogeffect
12:37:27.074 T:140244021758080 WARNING: Skin has invalid include: DialogBackgroundCommons
12:37:27.297 T:140244021758080 WARNING: Previous line repeats 1 times.
12:37:27.297 T:140244021758080   DEBUG: ------ Window Deinit (DialogConfirm.xml) ------
12:37:27.739 T:140241118488320   DEBUG: CWebServer[8080]: request received for /jsonrpc
12:37:28.207 T:140241218303744   DEBUG: Previous line repeats 5 times.
12:37:28.207 T:140241218303744   ERROR: [PTV Shutdown Timer] Checking schedule 'Bedtime'
12:37:28.207 T:140241218303744   ERROR: [PTV Shutdown Timer] Current time: 12:37
12:37:28.207 T:140241218303744   ERROR: [PTV Shutdown Timer] Shutdown time: 0:15
12:37:28.207 T:140241218303744   ERROR: [PTV Shutdown Timer] Minutes from midnight - Current: 757, Shutdown: 15
12:37:28.207 T:140241218303744   ERROR: [PTV Shutdown Timer] Time match (within window): False
12:37:28.207 T:140241218303744   ERROR: [PTV Shutdown Timer] Current day index: 3
12:37:28.207 T:140241218303744   ERROR: [PTV Shutdown Timer] Day match: False
12:37:28.207 T:140241218303744   ERROR: [PTV Shutdown Timer] Shutdown should trigger: False (Action: 1)
12:37:28.208 T:140241218303744   ERROR: [PTV Shutdown Timer] Checking schedule 'Late Night'
12:37:28.208 T:140241218303744   ERROR: [PTV Shutdown Timer] Current time: 12:37
12:37:28.208 T:140241218303744   ERROR: [PTV Shutdown Timer] Shutdown time: 3:30
12:37:28.208 T:140241218303744   ERROR: [PTV Shutdown Timer] Minutes from midnight - Current: 757, Shutdown: 210
12:37:28.208 T:140241218303744   ERROR: [PTV Shutdown Timer] Time match (within window): False
12:37:28.208 T:140241218303744   ERROR: [PTV Shutdown Timer] Current day index: 3
12:37:28.208 T:140241218303744   ERROR: [PTV Shutdown Timer] Day match: True
12:37:28.208 T:140241218303744   ERROR: [PTV Shutdown Timer] Shutdown should trigger: False (Action: 1)
12:37:29.749 T:140241118488320   DEBUG: CWebServer[8080]: request received for /jsonrpc
12:37:31.302 T:140241209911040   DEBUG: Previous line repeats 5 times.
12:37:31.302 T:140241209911040  NOTICE: [PTV Preset Timer] DEBUG: Today is Thursday (weekday=3)
12:37:31.302 T:140241209911040  NOTICE: [PTV Preset Timer] DEBUG: Setting name: ThursdayPreset
12:37:31.302 T:140241209911040  NOTICE: [PTV Preset Timer] DEBUG: Raw preset value: '2' (int: 2)
12:37:31.302 T:140241209911040  NOTICE: [PTV Preset Timer] DEBUG: Available presets: ['Alpha', 'Omega', 'Delta', 'Epsilon', 'Gamma', 'Sigma', 'Omicron', 'Theta', 'Lambda']
12:37:31.302 T:140241209911040  NOTICE: [PTV Preset Timer] Today's preset for Thursday: Omega (index=1)
12:37:31.756 T:140241118488320   DEBUG: CWebServer[8080]: request received for /jsonrpc
12:37:36.295 T:140244021758080   DEBUG: Previous line repeats 17 times.
12:37:36.296 T:140244021758080   DEBUG: Keyboard: scancode: 0x8c, sym: 0x1005ff71, unicode: 0x0000, modifier: 0x0
12:37:36.296 T:140244021758080   DEBUG: OnKey: 0 (0xf200, obc-61697) pressed, action is select
12:37:36.296 T:140243984283392    INFO: CActiveAESink::OpenSink - initialize sink
12:37:36.297 T:140243984283392   DEBUG: CActiveAESink::OpenSink - trying to open device ALSA:hdmi:CARD=PCH,DEV=1
12:37:36.297 T:140243984283392    INFO: CAESinkALSA::Initialize - Attempting to open device "hdmi:CARD=PCH,DEV=1"
12:37:36.316 T:140243984283392    INFO: CAESinkALSA::Initialize - Opened device "hdmi:CARD=PCH,DEV=1,AES0=0x04,AES1=0x82,AES2=0x00,AES3=0x00"
12:37:36.318 T:140243984283392    INFO: CAESinkALSA::InitializeHW - Your hardware does not support AE_FMT_FLOAT, trying other formats
12:37:36.318 T:140243984283392    INFO: CAESinkALSA::InitializeHW - Using data format AE_FMT_S32NE
12:37:36.318 T:140243984283392   DEBUG: CAESinkALSA::InitializeHW - Request: periodSize 2205, bufferSize 8820
12:37:36.333 T:140243984283392   DEBUG: CAESinkALSA::InitializeHW - Got: periodSize 2205, bufferSize 8820
12:37:36.333 T:140243984283392   DEBUG: CAESinkALSA::InitializeHW - Setting timeout to 200 ms
12:37:36.335 T:140243984283392   DEBUG: CAESinkALSA::GetChannelLayout - Input Channel Count: 2 Output Channel Count: 2
12:37:36.335 T:140243984283392   DEBUG: CAESinkALSA::GetChannelLayout - Requested Layout: FL,FR
12:37:36.335 T:140243984283392   DEBUG: CAESinkALSA::GetChannelLayout - Got Layout: FL,FR (ALSA: FL FR)
12:37:36.335 T:140243984283392   DEBUG: CActiveAESink::OpenSink - ALSA Initialized:
12:37:36.335 T:140243984283392   DEBUG:   Output Device : HDA Intel PCH
12:37:36.335 T:140243984283392   DEBUG:   Sample Rate   : 44100
12:37:36.335 T:140243984283392   DEBUG:   Sample Format : AE_FMT_S32NE
12:37:36.335 T:140243984283392   DEBUG:   Channel Count : 2
12:37:36.335 T:140243984283392   DEBUG:   Channel Layout: FL,FR
12:37:36.335 T:140243984283392   DEBUG:   Frames        : 2205
12:37:36.335 T:140243984283392   DEBUG:   Frame Size    : 8
12:37:36.378 T:140244021758080   DEBUG: Keyboard: scancode: 0x8c, sym: 0x1005ff71, unicode: 0x0000, modifier: 0x0
12:37:36.546 T:140244021758080   DEBUG: ------ Window Deinit (DialogConfirm.xml) ------
12:37:36.549 T:140241046423296    INFO: CPythonInvoker(24, /storage/.kodi/addons/script.paragontv/resources/lib/nfo_renamer_television.py): script aborted
12:37:36.553 T:140241046423296    INFO: Python script stopped
12:37:36.553 T:140241046423296   DEBUG: Thread LanguageInvoker 140241046423296 terminating
12:37:37.781 T:140241046423296   DEBUG: CWebServer[8080]: request received for /jsonrpc
12:37:38.210 T:140241218303744   DEBUG: Previous line repeats 3 times.
12:37:38.210 T:140241218303744   ERROR: [PTV Shutdown Timer] Checking schedule 'Bedtime'
12:37:38.210 T:140241218303744   ERROR: [PTV Shutdown Timer] Current time: 12:37
12:37:38.210 T:140241218303744   ERROR: [PTV Shutdown Timer] Shutdown time: 0:15
12:37:38.210 T:140241218303744   ERROR: [PTV Shutdown Timer] Minutes from midnight - Current: 757, Shutdown: 15
12:37:38.210 T:140241218303744   ERROR: [PTV Shutdown Timer] Time match (within window): False
12:37:38.210 T:140241218303744   ERROR: [PTV Shutdown Timer] Current day index: 3
12:37:38.210 T:140241218303744   ERROR: [PTV Shutdown Timer] Day match: False
12:37:38.210 T:140241218303744   ERROR: [PTV Shutdown Timer] Shutdown should trigger: False (Action: 1)
12:37:38.210 T:140241218303744   ERROR: [PTV Shutdown Timer] Checking schedule 'Late Night'
12:37:38.210 T:140241218303744   ERROR: [PTV Shutdown Timer] Current time: 12:37
12:37:38.210 T:140241218303744   ERROR: [PTV Shutdown Timer] Shutdown time: 3:30
12:37:38.210 T:140241218303744   ERROR: [PTV Shutdown Timer] Minutes from midnight - Current: 757, Shutdown: 210
12:37:38.211 T:140241218303744   ERROR: [PTV Shutdown Timer] Time match (within window): False
12:37:38.211 T:140241218303744   ERROR: [PTV Shutdown Timer] Current day index: 3
12:37:38.211 T:140241218303744   ERROR: [PTV Shutdown Timer] Day match: True
12:37:38.211 T:140241218303744   ERROR: [PTV Shutdown Timer] Shutdown should trigger: False (Action: 1)
12:37:38.233 T:140241046423296   DEBUG: CWebServer[8080]: request received for /jsonrpc
12:37:41.304 T:140241209911040   DEBUG: Previous line repeats 7 times.
12:37:41.304 T:140241209911040  NOTICE: [PTV Preset Timer] DEBUG: Today is Thursday (weekday=3)
12:37:41.304 T:140241209911040  NOTICE: [PTV Preset Timer] DEBUG: Setting name: ThursdayPreset
12:37:41.304 T:140241209911040  NOTICE: [PTV Preset Timer] DEBUG: Raw preset value: '2' (int: 2)
12:37:41.304 T:140241209911040  NOTICE: [PTV Preset Timer] DEBUG: Available presets: ['Alpha', 'Omega', 'Delta', 'Epsilon', 'Gamma', 'Sigma', 'Omicron', 'Theta', 'Lambda']
12:37:41.304 T:140241209911040  NOTICE: [PTV Preset Timer] Today's preset for Thursday: Omega (index=1)
12:37:41.613 T:140241914537728   DEBUG: CWebServer[8080]: request received for /jsonrpc?GetActivePlayers
12:37:41.796 T:140241046423296   DEBUG: CWebServer[8080]: request received for /jsonrpc
12:37:48.211 T:140241218303744   DEBUG: Previous line repeats 21 times.
12:37:48.211 T:140241218303744   ERROR: [PTV Shutdown Timer] Checking schedule 'Bedtime'
12:37:48.211 T:140241218303744   ERROR: [PTV Shutdown Timer] Current time: 12:37
12:37:48.211 T:140241218303744   ERROR: [PTV Shutdown Timer] Shutdown time: 0:15
12:37:48.211 T:140241218303744   ERROR: [PTV Shutdown Timer] Minutes from midnight - Current: 757, Shutdown: 15
12:37:48.211 T:140241218303744   ERROR: [PTV Shutdown Timer] Time match (within window): False
12:37:48.211 T:140241218303744   ERROR: [PTV Shutdown Timer] Current day index: 3
12:37:48.212 T:140241218303744   ERROR: [PTV Shutdown Timer] Day match: False
12:37:48.212 T:140241218303744   ERROR: [PTV Shutdown Timer] Shutdown should trigger: False (Action: 1)
12:37:48.212 T:140241218303744   ERROR: [PTV Shutdown Timer] Checking schedule 'Late Night'
12:37:48.212 T:140241218303744   ERROR: [PTV Shutdown Timer] Current time: 12:37
12:37:48.212 T:140241218303744   ERROR: [PTV Shutdown Timer] Shutdown time: 3:30
12:37:48.212 T:140241218303744   ERROR: [PTV Shutdown Timer] Minutes from midnight - Current: 757, Shutdown: 210
12:37:48.212 T:140241218303744   ERROR: [PTV Shutdown Timer] Time match (within window): False
12:37:48.212 T:140241218303744   ERROR: [PTV Shutdown Timer] Current day index: 3
12:37:48.212 T:140241218303744   ERROR: [PTV Shutdown Timer] Day match: True
12:37:48.212 T:140241218303744   ERROR: [PTV Shutdown Timer] Shutdown should trigger: False (Action: 1)
12:37:48.296 T:140241046423296   DEBUG: CWebServer[8080]: request received for /jsonrpc
12:37:51.306 T:140241209911040   DEBUG: Previous line repeats 7 times.
12:37:51.306 T:140241209911040  NOTICE: [PTV Preset Timer] DEBUG: Today is Thursday (weekday=3)
12:37:51.306 T:140241209911040  NOTICE: [PTV Preset Timer] DEBUG: Setting name: ThursdayPreset
12:37:51.306 T:140241209911040  NOTICE: [PTV Preset Timer] DEBUG: Raw preset value: '2' (int: 2)
12:37:51.306 T:140241209911040  NOTICE: [PTV Preset Timer] DEBUG: Available presets: ['Alpha', 'Omega', 'Delta', 'Epsilon', 'Gamma', 'Sigma', 'Omicron', 'Theta', 'Lambda']
12:37:51.306 T:140241209911040  NOTICE: [PTV Preset Timer] Today's preset for Thursday: Omega (index=1)
12:37:51.840 T:140241902876416   DEBUG: CWebServer[8080]: request received for /jsonrpc
12:37:58.213 T:140241218303744   DEBUG: Previous line repeats 21 times.
12:37:58.213 T:140241218303744   ERROR: [PTV Shutdown Timer] Checking schedule 'Bedtime'
12:37:58.213 T:140241218303744   ERROR: [PTV Shutdown Timer] Current time: 12:37
