16:08:35.810 T:15068   DEBUG: LocalizeStrings: loaded 3 strings from file C:\Program Files (x86)\Kodi\addons\pvr.filmon\resources\language\resource.language.en_gb\strings.po
16:08:35.810 T:15068   DEBUG: LocalizeStrings: loaded 5 strings from file C:\Program Files (x86)\Kodi\addons\pvr.hdhomerun\resources\language\resource.language.en_gb\strings.po
16:08:35.811 T:15068   DEBUG: LocalizeStrings: loaded 75 strings from file C:\Program Files (x86)\Kodi\addons\pvr.hts\resources\language\resource.language.en_gb\strings.po
16:08:35.811 T:15068   DEBUG: LocalizeStrings: loaded 22 strings from file C:\Program Files (x86)\Kodi\addons\pvr.iptvsimple\resources\language\resource.language.en_gb\strings.po
16:08:35.812 T:15068   DEBUG: LocalizeStrings: loaded 71 strings from file C:\Program Files (x86)\Kodi\addons\pvr.mediaportal.tvserver\resources\language\resource.language.en_gb\strings.po
16:08:35.813 T:15068   DEBUG: LocalizeStrings: loaded 103 strings from file C:\Program Files (x86)\Kodi\addons\pvr.mythtv\resources\language\resource.language.en_gb\strings.po
16:08:35.813 T:15068   DEBUG: LocalizeStrings: loaded 28 strings from file C:\Program Files (x86)\Kodi\addons\pvr.nextpvr\resources\language\resource.language.en_gb\strings.po
16:08:35.814 T:15068   DEBUG: LocalizeStrings: loaded 2 strings from file C:\Program Files (x86)\Kodi\addons\pvr.njoy\resources\language\resource.language.en_gb\strings.po
16:08:35.814 T:15068   DEBUG: LocalizeStrings: loaded 2 strings from file C:\Program Files (x86)\Kodi\addons\pvr.octonet\resources\language\resource.language.en_gb\strings.po
16:08:35.815 T:15068   DEBUG: LocalizeStrings: loaded 8 strings from file C:\Program Files (x86)\Kodi\addons\pvr.pctv\resources\language\resource.language.en_gb\strings.po
16:08:35.815 T:15068   DEBUG: LocalizeStrings: loaded 43 strings from file C:\Program Files (x86)\Kodi\addons\pvr.stalker\resources\language\resource.language.en_gb\strings.po
16:08:35.816 T:15068   DEBUG: LocalizeStrings: loaded 25 strings from file C:\Program Files (x86)\Kodi\addons\pvr.vbox\resources\language\resource.language.en_gb\strings.po
16:08:35.817 T:15068   DEBUG: LocalizeStrings: loaded 70 strings from file C:\Program Files (x86)\Kodi\addons\pvr.vdr.vnsi\resources\language\resource.language.en_gb\strings.po
16:08:35.817 T:15068   DEBUG: LocalizeStrings: loaded 27 strings from file C:\Program Files (x86)\Kodi\addons\pvr.vuplus\resources\language\resource.language.en_gb\strings.po
16:08:35.818 T:15068   DEBUG: LocalizeStrings: loaded 70 strings from file C:\Program Files (x86)\Kodi\addons\pvr.wmc\resources\language\resource.language.en_gb\strings.po
16:08:35.819 T:15068   DEBUG: LocalizeStrings: loaded 8 strings from file C:\Program Files (x86)\Kodi\addons\screensaver.biogenesis\resources\language\English\strings.po
16:08:35.820 T:15068   DEBUG: LocalizeStrings: loaded 16 strings from file C:\Program Files (x86)\Kodi\addons\screensaver.greynetic\resources\language\English\strings.po
16:08:35.820 T:15068   DEBUG: LocalizeStrings: loaded 10 strings from file C:\Program Files (x86)\Kodi\addons\screensaver.pingpong\resources\language\English\strings.po
16:08:35.821 T:15068   DEBUG: LocalizeStrings: loaded 39 strings from file C:\Program Files (x86)\Kodi\addons\screensaver.shadertoy\resources\language\English\strings.po
16:08:35.822 T:15068   DEBUG: LocalizeStrings: loaded 6 strings from file C:\Program Files (x86)\Kodi\addons\screensaver.stars\resources\language\English\strings.po
16:08:35.823 T:15068   DEBUG: POParser: PO file has Win Style Line Endings. Converted in memory to Linux LF for file: C:\Program Files (x86)\Kodi\addons\screensaver.xbmc.builtin.dim\resources\language\resource.language.en_gb\strings.po
16:08:35.823 T:15068   DEBUG: LocalizeStrings: loaded 1 strings from file C:\Program Files (x86)\Kodi\addons\screensaver.xbmc.builtin.dim\resources\language\resource.language.en_gb\strings.po
16:08:35.823 T:15068   DEBUG: LocalizeStrings: loaded 24 strings from file C:\Users\flyp1\AppData\Roaming\Kodi\addons\service.xbmc.versioncheck\resources\language\English\strings.po
16:08:35.824 T:15068   DEBUG: LocalizeStrings: loaded 18 strings from file C:\Program Files (x86)\Kodi\addons\visualization.milkdrop\resources\language\English\strings.po
16:08:35.826 T:15068   DEBUG: LocalizeStrings: loaded 15 strings from file C:\Program Files (x86)\Kodi\addons\visualization.spectrum\resources\language\English\strings.po
16:08:35.826 T:15068   DEBUG: LocalizeStrings: loaded 11 strings from file C:\Program Files (x86)\Kodi\addons\visualization.vortex\resources\language\English\strings.po
16:08:35.827 T:15068   DEBUG: LocalizeStrings: loaded 7 strings from file C:\Users\flyp1\AppData\Roaming\Kodi\addons\script.common.plugin.cache\resources\language\resource.language.en_gb\strings.po
16:08:35.829 T:15068   DEBUG: LocalizeStrings: loaded 22 strings from file C:\Users\flyp1\AppData\Roaming\Kodi\addons\script.module.buggalo\resources\language\English\strings.xml
16:08:35.831 T:15068   DEBUG: LocalizeStrings: loaded 18 strings from file C:\Users\flyp1\AppData\Roaming\Kodi\addons\script.module.simple.downloader\resources\language\English\strings.xml
16:08:35.832 T:15068   DEBUG: LocalizeStrings: loaded 45 strings from file C:\Users\flyp1\AppData\Roaming\Kodi\addons\script.module.youtube.dl\resources\language\English\strings.po
16:08:35.834 T:15068   DEBUG: LocalizeStrings: loaded 167 strings from file C:\Users\flyp1\AppData\Roaming\Kodi\addons\script.extendedinfo\resources\language\resource.language.en_gb\strings.po
16:08:35.836 T:15068   DEBUG: LocalizeStrings: loaded 51 strings from file C:\Users\flyp1\AppData\Roaming\Kodi\addons\script.module.metadatautils\resources\language\resource.language.en_gb\strings.po
16:08:35.837 T:15068   DEBUG: LocalizeStrings: loaded 26 strings from file C:\Users\flyp1\AppData\Roaming\Kodi\addons\script.skin.helper.service\resources\language\resource.language.en_gb\strings.po
16:08:35.838 T:15068   DEBUG: LocalizeStrings: loaded 69 strings from file C:\Users\flyp1\AppData\Roaming\Kodi\addons\script.skin.helper.widgets\resources\language\resource.language.en_gb\strings.po
16:08:35.839 T:15068   DEBUG: LocalizeStrings: loaded 120 strings from file C:\Users\flyp1\AppData\Roaming\Kodi\addons\script.skinshortcuts\resources\language\English\strings.po
16:08:35.839 T:15068   DEBUG: LocalizeStrings: loaded 24 strings from file C:\Users\flyp1\AppData\Roaming\Kodi\addons\service.library.data.provider\resources\language\resource.language.en_gb\strings.po
16:08:35.841 T:15068   DEBUG: LocalizeStrings: loaded 16 strings from file C:\Users\flyp1\AppData\Roaming\Kodi\addons\weather.yahoo\resources\language\resource.language.en_gb\strings.po
16:08:35.842 T:15068   DEBUG: LocalizeStrings: loaded 62 strings from file C:\Users\flyp1\AppData\Roaming\Kodi\addons\weather.gismeteo\resources\language\resource.language.en_gb\strings.po
16:08:35.843 T:15068   DEBUG: LocalizeStrings: loaded 100 strings from file C:\Users\flyp1\AppData\Roaming\Kodi\addons\script.artwork.downloader\resources\language\English\strings.po
16:08:35.844 T:15068   DEBUG: LocalizeStrings: loaded 46 strings from file C:\Users\flyp1\AppData\Roaming\Kodi\addons\script.paragontv\resources\language\resource.language.en_gb\strings.po
16:08:35.845 T:15068   DEBUG: LocalizeStrings: loaded 12 strings from file C:\Users\flyp1\AppData\Roaming\Kodi\addons\script.keymap\resources\language\English\strings.xml
16:08:35.846 T:15068   DEBUG: PERIPHERALS::CPeripherals::LoadMappings - loaded node "Motorola Nyxboard Hybrid"
16:08:35.846 T:15068   DEBUG: PERIPHERALS::CPeripherals::LoadMappings - loaded node "CEC Adapter"
16:08:35.846 T:15068   DEBUG: PERIPHERALS::CPeripherals::LoadMappings - loaded node "Pulse-Eight CEC Adapter"
16:08:35.846 T:15068   DEBUG: PERIPHERALS::CPeripherals::LoadMappings - loaded node "iMON HID device"
16:08:35.846 T:15068   DEBUG: PERIPHERALS::CPeripherals::LoadMappings - loaded node "WETEK Play remote"
16:08:35.846 T:15068   DEBUG: PERIPHERALS::CPeripherals::LoadMappings - loaded node ""
16:08:35.846 T:15068   DEBUG: SECTION:LoadDLL(special://xbmcbin/cec.dll)
16:08:35.850 T:15068   DEBUG: Add-on bus: Registering add-on peripheral.joystick
16:08:35.851 T:15068   DEBUG: PERIPHERAL - PERIPHERALS::CPeripheralAddon::CreateAddon - creating peripheral add-on instance 'Joystick Support'
16:08:35.851 T:15068   DEBUG: ADDON: Dll Initializing - Joystick Support
16:08:35.851 T:15068   DEBUG: SECTION:LoadDLL(C:\Program Files (x86)\Kodi\addons\peripheral.joystick\peripheral.joystick.dll)
16:08:35.855 T:15068   DEBUG: AddOnLog: Joystick Support: Attempting to load XInput1_4.dll...
16:08:35.856 T:15068   DEBUG: AddOnLog: Joystick Support: Loaded XInput DLL version 1.4
16:08:35.856 T:15068   DEBUG: AddOnLog: Joystick Support: Loaded XInput symbols (GetState=5C651DF0, GetStateEx=00000000, SetState=5C652060, GetCaps=5C6522E0, GetBatteryInformation=5C652650, PowerOff=00000000)
16:08:35.858 T:15068   DEBUG: AddOnLog: Joystick Support: Loaded 14 joystick families with 97 total joysticks
16:08:35.858 T:15068   DEBUG: Calling TransferSettings for: Joystick Support
16:08:35.858 T:15068   DEBUG: SECTION:LoadDLL(special://xbmcbin/libcurl.dll)
16:08:35.858 T:12564   DEBUG: Thread PeripBusUSB start, auto delete: false
16:08:35.858 T:16200   DEBUG: Thread PeripBusCEC start, auto delete: false
16:08:35.858 T:13540   DEBUG: Thread PeripBusAddon start, auto delete: false
16:08:35.858 T:15208   DEBUG: Thread PeripEventScanner start, auto delete: false
16:08:35.864 T:12412  NOTICE: Running database version Addons27
16:08:35.864 T:12412   DEBUG: CDatabaseManager::Initialize, updating databases...
16:08:35.866 T:12412  NOTICE: Running database version ViewModes6
16:08:35.868 T:12412  NOTICE: Running database version Textures13
16:08:35.870 T:12412  NOTICE: Running database version MyMusic60
16:08:35.872 T:12412  NOTICE: Running database version MyVideos107
16:08:35.874 T:12412  NOTICE: Running database version TV29
16:08:35.875 T:12412  NOTICE: Running database version Epg11
16:08:35.878 T:12412   DEBUG: CDatabaseManager::Initialize, updating databases... DONE
16:08:35.880 T:15068   DEBUG: DPMS: supported power-saving modes: OFF STANDBY
16:08:35.903 T:16876   DEBUG: CAnnouncementManager - Announcement: OnClear from xbmc
16:08:35.903 T:16876   DEBUG: GOT ANNOUNCEMENT, type: 2, from xbmc, message OnClear
16:08:35.914 T:15068    INFO: Unloading old skin ...
16:08:35.915 T:15068    INFO:   load skin from: C:\Users\flyp1\AppData\Roaming\Kodi\addons\skin.paragon (version: 6.1.0)
16:08:35.915 T:15068    INFO:   load fonts for skin...
16:08:35.917 T:15068    INFO: Loading fonts from C:\Users\flyp1\AppData\Roaming\Kodi\addons\skin.paragon\720p\Font.xml
16:08:35.942 T:15068   ERROR: Couldn't load font name: FontSize_150BH(birth_of_a_hero.ttf), trying to substitute arial.ttf
16:08:35.955 T:15068   ERROR: Couldn't load font name: FontSize_180L(lcdml___.ttf), trying to substitute arial.ttf
16:08:35.964 T:15068   ERROR: Couldn't load font name: font10(roboto-regular.ttf), trying to substitute arial.ttf
16:08:35.967 T:15068   ERROR: Couldn't load font name: font12(roboto-regular.ttf), trying to substitute arial.ttf
16:08:35.969 T:15068   ERROR: Couldn't load font name: font13(roboto-regular.ttf), trying to substitute arial.ttf
16:08:35.972 T:15068   ERROR: Couldn't load font name: font14(roboto-regular.ttf), trying to substitute arial.ttf
16:08:35.975 T:15068   ERROR: Couldn't load font name: font16(roboto-regular.ttf), trying to substitute arial.ttf
16:08:35.978 T:15068   ERROR: Couldn't load font name: font30(roboto-regular.ttf), trying to substitute arial.ttf
16:08:35.981 T:15068   ERROR: Couldn't load font name: fontContextMenu(roboto-regular.ttf), trying to substitute arial.ttf
16:08:35.989 T:15068   ERROR: Couldn't load font name: font_MainMenu(dejavusans-bold-caps.ttf), trying to substitute arial.ttf
16:08:35.993 T:15068   ERROR: Couldn't load font name: PTVL10(poppins-medium.ttf), trying to substitute arial.ttf
16:08:35.993 T:15068   ERROR: Couldn't load font name: PTVL12(poppins-medium.ttf), trying to substitute arial.ttf
16:08:35.996 T:15068   ERROR: Couldn't load font name: PTVL13(poppins-medium.ttf), trying to substitute arial.ttf
16:08:35.997 T:15068   ERROR: Couldn't load font name: PTVL14(poppins-medium.ttf), trying to substitute arial.ttf
16:08:36.002 T:15068   DEBUG: POParser: PO file has Win Style Line Endings. Converted in memory to Linux LF for file: C:\Users\flyp1\AppData\Roaming\Kodi\addons\skin.paragon\language\English\strings.po
16:08:36.003 T:15068   DEBUG: LocalizeStrings: loaded 258 strings from file C:\Users\flyp1\AppData\Roaming\Kodi\addons\skin.paragon\language\English\strings.po
16:08:36.003 T:15068    INFO: Loading skin includes from C:\Users\flyp1\AppData\Roaming\Kodi\addons\skin.paragon\720p\includes.xml
16:08:36.057 T:15068    INFO: Error loading includes.xml file (C:\Users\flyp1\AppData\Roaming\Kodi\addons\skin.paragon\720p\IncludesHomeWidgets.xml): Error reading Attributes. (row=176, col=55)
16:08:36.088 T:15068    INFO:   load new skin...
16:08:36.088 T:15068    INFO: Loading user windows, path C:\Users\flyp1\AppData\Roaming\Kodi\addons\skin.paragon\720p
16:08:36.102 T:15068   DEBUG: Load Skin XML: 14.34ms
16:08:36.102 T:15068    INFO:   initialize new skin...
16:08:36.102 T:15068   DEBUG: guilib: Fill viewport on change for solving rendering passes
16:08:36.102 T:15068    INFO: Loading skin file: Pointer.xml, load type: LOAD_ON_GUI_INIT
16:08:36.104 T:15068    INFO: Loading skin file: DialogVolumeBar.xml, load type: LOAD_ON_GUI_INIT
16:08:36.105 T:15068    INFO: Loading skin file: DialogNotification.xml, load type: LOAD_ON_GUI_INIT
16:08:36.106 T:15068    INFO: Loading skin file: DialogSeekBar.xml, load type: LOAD_ON_GUI_INIT
16:08:36.106 T:15068    INFO: Loading skin file: DialogBusy.xml, load type: LOAD_ON_GUI_INIT
16:08:36.107 T:15068    INFO: Loading skin file: DialogExtendedProgressBar.xml, load type: LOAD_ON_GUI_INIT
16:08:36.108 T:15068    INFO: Loading resource://resource.uisounds.kodi/sounds.xml
16:08:36.121 T:15068    INFO:   skin loaded...
16:08:36.121 T:15068   DEBUG: Activating window ID: 12997
16:08:36.121 T:15068   DEBUG: ------ Window Init () ------
16:08:36.121 T:15068    INFO: load splash image: C:\Program Files (x86)\Kodi\media\Splash.png
16:08:36.134 T:15068   DEBUG: JSONRPC: JSON schema type definition references an unknown type Setting.Details.Setting
16:08:36.134 T:15068 WARNING: JSONRPC: Could not parse type "Setting.Details.SettingList"
16:08:36.134 T:15068    INFO: JSONRPC: Adding type "Setting.Details.SettingList" to list of incomplete definitions (waiting for "Setting.Details.Setting")
16:08:36.134 T:15068    INFO: JSONRPC: Resolving incomplete types/methods referencing Setting.Details.Setting
16:08:36.147 T:15068    INFO: JSONRPC v8.0.0: Successfully initialized
16:08:36.147 T:15068   DEBUG: ADDON: Starting service addons.
16:08:36.151 T:7540   DEBUG: Thread LanguageInvoker start, auto delete: false
16:08:36.151 T:7540   DEBUG: Previous line repeats 1 times.
16:08:36.151 T:7540    INFO: initializing python engine.
16:08:36.152 T:16840    INFO: Previous line repeats 1 times.
16:08:36.152 T:16840   DEBUG: Thread LanguageInvoker start, auto delete: false
16:08:36.152 T:16840    INFO: initializing python engine.
16:08:36.152 T:1836   DEBUG: Thread LanguageInvoker start, auto delete: false
16:08:36.152 T:1836    INFO: initializing python engine.
16:08:36.152 T:15068   DEBUG: Activating window ID: 12999
16:08:36.152 T:15068   DEBUG: ------ Window Init (Startup.xml) ------
16:08:36.152 T:15068    INFO: Loading skin file: Startup.xml, load type: LOAD_EVERY_TIME
16:08:36.152 T:9196   DEBUG: Thread LanguageInvoker start, auto delete: false
16:08:36.152 T:9196    INFO: initializing python engine.
16:08:36.153 T:15068   DEBUG: Activating window ID: 11114
16:08:36.153 T:15068   DEBUG: ------ Window Init (Custom_StartExit.xml) ------
16:08:36.153 T:15068    INFO: Loading skin file: Custom_StartExit.xml, load type: KEEP_IN_MEMORY
16:08:36.153 T:15068 WARNING: Label Formating: $VAR[Custom_ExitSubLabels] is not defined
16:08:36.153 T:15068 WARNING: Previous line repeats 1 times.
16:08:36.153 T:15068   DEBUG: [Warning] CGUITextureManager::GetTexturePath: could not find texture 'buttons/catbullet_nf.png'
16:08:36.154 T:15068   DEBUG: Previous line repeats 1 times.
16:08:36.154 T:15068   DEBUG: started alarm with name: close
16:08:36.154 T:15068   DEBUG: started alarm with name: starting
16:08:36.154 T:15068   DEBUG: CNetwork::NetworkMessage - Starting network services
16:08:36.154 T:5824   DEBUG: Thread AlarmClock start, auto delete: false
16:08:36.155 T:15068  NOTICE: CWebServer[808]: Started
16:08:36.155 T:15068  NOTICE: starting upnp client
16:08:36.160 T:15068    INFO: JSONRPC Server: Successfully initialized
16:08:36.160 T:8760   DEBUG: Thread EventServer start, auto delete: false
16:08:36.160 T:8760  NOTICE: ES: Starting UDP Event server on port 9777
16:08:36.160 T:8760  NOTICE: UDP: Listening on port 9777 (ipv6 : false)
16:08:36.161 T:17400   DEBUG: Thread TCPServer start, auto delete: false
16:08:36.162 T:15068   DEBUG: ------ Window Init () ------
16:08:36.186 T:7540   DEBUG: CPythonInvoker(0, C:\Users\flyp1\AppData\Roaming\Kodi\addons\service.xbmc.versioncheck\resources\lib\runner.py): start processing
16:08:36.186 T:7416   DEBUG: CPythonInvoker(1, C:\Users\flyp1\AppData\Roaming\Kodi\addons\script.module.simple.downloader\default.py): start processing
16:08:36.186 T:1836   DEBUG: CPythonInvoker(3, C:\Users\flyp1\AppData\Roaming\Kodi\addons\script.skin.helper.widgets\service.py): start processing
16:08:36.186 T:9196   DEBUG: CPythonInvoker(4, C:\Users\flyp1\AppData\Roaming\Kodi\addons\service.library.data.provider\service.py): start processing
16:08:36.186 T:16840   DEBUG: CPythonInvoker(2, C:\Users\flyp1\AppData\Roaming\Kodi\addons\script.skin.helper.service\service.py): start processing
16:08:36.209 T:7540   DEBUG: -->Python Interpreter Initialized<--
16:08:36.209 T:7540   DEBUG: CPythonInvoker(0, C:\Users\flyp1\AppData\Roaming\Kodi\addons\service.xbmc.versioncheck\resources\lib\runner.py): the source file to load is "C:\Users\flyp1\AppData\Roaming\Kodi\addons\service.xbmc.versioncheck\resources\lib\runner.py"
16:08:36.209 T:7540   DEBUG: CPythonInvoker(0, C:\Users\flyp1\AppData\Roaming\Kodi\addons\service.xbmc.versioncheck\resources\lib\runner.py): setting the Python path to C:\Users\flyp1\AppData\Roaming\Kodi\addons\service.xbmc.versioncheck\resources\lib;C:\Program Files (x86)\Kodi\system\python\DLLs;C:\Program Files (x86)\Kodi\system\python\Lib;C:\Program Files (x86)\Kodi\python27.zip;C:\Program Files (x86)\Kodi\system\python\lib\plat-win;C:\Program Files (x86)\Kodi\system\python\lib\lib-tk;C:\Program Files (x86)\Kodi;C:\Program Files (x86)\Kodi\system\python;C:\Program Files (x86)\Kodi\system\python\lib\site-packages
16:08:36.209 T:7540   DEBUG: CPythonInvoker(0, C:\Users\flyp1\AppData\Roaming\Kodi\addons\service.xbmc.versioncheck\resources\lib\runner.py): entering source directory C:\Users\flyp1\AppData\Roaming\Kodi\addons\service.xbmc.versioncheck\resources\lib
16:08:36.211 T:7540   DEBUG: CPythonInvoker(0, C:\Users\flyp1\AppData\Roaming\Kodi\addons\service.xbmc.versioncheck\resources\lib\runner.py): instantiating addon using automatically obtained id of "service.xbmc.versioncheck" dependent on version 2.14.0 of the xbmc.python api
16:08:36.309 T:7416   DEBUG: -->Python Interpreter Initialized<--
16:08:36.309 T:7416   DEBUG: CPythonInvoker(1, C:\Users\flyp1\AppData\Roaming\Kodi\addons\script.module.simple.downloader\default.py): the source file to load is "C:\Users\flyp1\AppData\Roaming\Kodi\addons\script.module.simple.downloader\default.py"
16:08:36.309 T:7540   DEBUG: Version Check: Version 0.5.14 started
16:08:36.309 T:1836   DEBUG: -->Python Interpreter Initialized<--
16:08:36.309 T:1836   DEBUG: CPythonInvoker(3, C:\Users\flyp1\AppData\Roaming\Kodi\addons\script.skin.helper.widgets\service.py): the source file to load is "C:\Users\flyp1\AppData\Roaming\Kodi\addons\script.skin.helper.widgets\service.py"
16:08:36.311 T:9196   DEBUG: -->Python Interpreter Initialized<--
16:08:36.311 T:9196   DEBUG: CPythonInvoker(4, C:\Users\flyp1\AppData\Roaming\Kodi\addons\service.library.data.provider\service.py): the source file to load is "C:\Users\flyp1\AppData\Roaming\Kodi\addons\service.library.data.provider\service.py"
16:08:36.311 T:16840   DEBUG: -->Python Interpreter Initialized<--
16:08:36.311 T:16840   DEBUG: CPythonInvoker(2, C:\Users\flyp1\AppData\Roaming\Kodi\addons\script.skin.helper.service\service.py): the source file to load is "C:\Users\flyp1\AppData\Roaming\Kodi\addons\script.skin.helper.service\service.py"
16:08:36.313 T:7416   DEBUG: CPythonInvoker(1, C:\Users\flyp1\AppData\Roaming\Kodi\addons\script.module.simple.downloader\default.py): setting the Python path to C:\Users\flyp1\AppData\Roaming\Kodi\addons\script.module.simple.downloader;C:\Users\flyp1\AppData\Roaming\Kodi\addons\script.common.plugin.cache\resources\lib\storage_server\;C:\Users\flyp1\AppData\Roaming\Kodi\addons\script.module.parsedom\lib;C:\Program Files (x86)\Kodi\system\python\DLLs;C:\Program Files (x86)\Kodi\system\python\Lib;C:\Program Files (x86)\Kodi\python27.zip;C:\Program Files (x86)\Kodi\system\python\lib\plat-win;C:\Program Files (x86)\Kodi\system\python\lib\lib-tk;C:\Program Files (x86)\Kodi;C:\Program Files (x86)\Kodi\system\python;C:\Program Files (x86)\Kodi\system\python\lib\site-packages
16:08:36.313 T:7416   DEBUG: CPythonInvoker(1, C:\Users\flyp1\AppData\Roaming\Kodi\addons\script.module.simple.downloader\default.py): entering source directory C:\Users\flyp1\AppData\Roaming\Kodi\addons\script.module.simple.downloader
16:08:36.313 T:1836   DEBUG: CPythonInvoker(3, C:\Users\flyp1\AppData\Roaming\Kodi\addons\script.skin.helper.widgets\service.py): setting the Python path to C:\Users\flyp1\AppData\Roaming\Kodi\addons\script.skin.helper.widgets;C:\Users\flyp1\AppData\Roaming\Kodi\addons\script.module.arrow\lib;C:\Users\flyp1\AppData\Roaming\Kodi\addons\script.module.backports.functools_lru_cache\lib;C:\Users\flyp1\AppData\Roaming\Kodi\addons\script.module.beautifulsoup\lib;C:\Users\flyp1\AppData\Roaming\Kodi\addons\script.module.certifi\lib;C:\Users\flyp1\AppData\Roaming\Kodi\addons\script.module.chardet\lib;C:\Users\flyp1\AppData\Roaming\Kodi\addons\script.module.dateutil\lib;C:\Users\flyp1\AppData\Roaming\Kodi\addons\script.module.idna\lib;C:\Users\flyp1\AppData\Roaming\Kodi\addons\script.module.metadatautils\lib;C:\Users\flyp1\AppData\Roaming\Kodi\addons\script.module.musicbrainz\lib;C:\Users\flyp1\AppData\Roaming\Kodi\addons\script.module.requests\lib;C:\Users\flyp1\AppData\Roaming\Kodi\addons\script.module.simplecache\lib;C:\Users\flyp1\AppData\Roaming\Kodi\addons\script.module.simplejson\lib;C:\Users\flyp1\AppData\Roaming\Kodi\addons\script.module.six\lib;C:\Users\flyp1\AppData\Roaming\Kodi\addons\script.module.thetvdb\lib;C:\Users\flyp1\AppData\Roaming\Kodi\addons\script.module.urllib3\lib;C:\Program Files (x86)\Kodi\system\python\DLLs;C:\Program Files (x86)\Kodi\system\python\Lib;C:\Program Files (x86)\Kodi\python27.zip;C:\Program Files (x86)\Kodi\system\python\lib\plat-win;C:\Program Files (x86)\Kodi\system\python\lib\lib-tk;C:\Program Files (x86)\Kodi;C:\Program Files (x86)\Kodi\system\python;C:\Program Files (x86)\Kodi\system\python\lib\site-packages
16:08:36.313 T:1836   DEBUG: CPythonInvoker(3, C:\Users\flyp1\AppData\Roaming\Kodi\addons\script.skin.helper.widgets\service.py): entering source directory C:\Users\flyp1\AppData\Roaming\Kodi\addons\script.skin.helper.widgets
16:08:36.313 T:9196   DEBUG: CPythonInvoker(4, C:\Users\flyp1\AppData\Roaming\Kodi\addons\service.library.data.provider\service.py): setting the Python path to C:\Users\flyp1\AppData\Roaming\Kodi\addons\service.library.data.provider;C:\Users\flyp1\AppData\Roaming\Kodi\addons\script.module.routing\lib;C:\Users\flyp1\AppData\Roaming\Kodi\addons\script.module.simplejson\lib;C:\Program Files (x86)\Kodi\system\python\DLLs;C:\Program Files (x86)\Kodi\system\python\Lib;C:\Program Files (x86)\Kodi\python27.zip;C:\Program Files (x86)\Kodi\system\python\lib\plat-win;C:\Program Files (x86)\Kodi\system\python\lib\lib-tk;C:\Program Files (x86)\Kodi;C:\Program Files (x86)\Kodi\system\python;C:\Program Files (x86)\Kodi\system\python\lib\site-packages
16:08:36.313 T:9196   DEBUG: CPythonInvoker(4, C:\Users\flyp1\AppData\Roaming\Kodi\addons\service.library.data.provider\service.py): entering source directory C:\Users\flyp1\AppData\Roaming\Kodi\addons\service.library.data.provider
16:08:36.313 T:7416   DEBUG: CPythonInvoker(1, C:\Users\flyp1\AppData\Roaming\Kodi\addons\script.module.simple.downloader\default.py): instantiating addon using automatically obtained id of "script.module.simple.downloader" dependent on version 2.1.0 of the xbmc.python api
16:08:36.313 T:16840   DEBUG: CPythonInvoker(2, C:\Users\flyp1\AppData\Roaming\Kodi\addons\script.skin.helper.service\service.py): setting the Python path to C:\Users\flyp1\AppData\Roaming\Kodi\addons\script.skin.helper.service;C:\Users\flyp1\AppData\Roaming\Kodi\addons\script.module.arrow\lib;C:\Users\flyp1\AppData\Roaming\Kodi\addons\script.module.backports.functools_lru_cache\lib;C:\Users\flyp1\AppData\Roaming\Kodi\addons\script.module.beautifulsoup\lib;C:\Users\flyp1\AppData\Roaming\Kodi\addons\script.module.certifi\lib;C:\Users\flyp1\AppData\Roaming\Kodi\addons\script.module.chardet\lib;C:\Users\flyp1\AppData\Roaming\Kodi\addons\script.module.dateutil\lib;C:\Users\flyp1\AppData\Roaming\Kodi\addons\script.module.idna\lib;C:\Users\flyp1\AppData\Roaming\Kodi\addons\script.module.metadatautils\lib;C:\Users\flyp1\AppData\Roaming\Kodi\addons\script.module.musicbrainz\lib;C:\Users\flyp1\AppData\Roaming\Kodi\addons\script.module.requests\lib;C:\Users\flyp1\AppData\Roaming\Kodi\addons\script.module.simplecache\lib;C:\Users\flyp1\AppData\Roaming\Kodi\addons\script.module.simplejson\lib;C:\Users\flyp1\AppData\Roaming\Kodi\addons\script.module.six\lib;C:\Users\flyp1\AppData\Roaming\Kodi\addons\script.module.thetvdb\lib;C:\Users\flyp1\AppData\Roaming\Kodi\addons\script.module.urllib3\lib;C:\Program Files (x86)\Kodi\system\python\DLLs;C:\Program Files (x86)\Kodi\system\python\Lib;C:\Program Files (x86)\Kodi\python27.zip;C:\Program Files (x86)\Kodi\system\python\lib\plat-win;C:\Program Files (x86)\Kodi\system\python\lib\lib-tk;C:\Program Files (x86)\Kodi;C:\Program Files (x86)\Kodi\system\python;C:\Program Files (x86)\Kodi\system\python\lib\site-packages
16:08:36.313 T:16840   DEBUG: CPythonInvoker(2, C:\Users\flyp1\AppData\Roaming\Kodi\addons\script.skin.helper.service\service.py): entering source directory C:\Users\flyp1\AppData\Roaming\Kodi\addons\script.skin.helper.service
16:08:36.315 T:1836   DEBUG: CPythonInvoker(3, C:\Users\flyp1\AppData\Roaming\Kodi\addons\script.skin.helper.widgets\service.py): instantiating addon using automatically obtained id of "script.skin.helper.widgets" dependent on version 2.24.0 of the xbmc.python api
16:08:36.316 T:9196   DEBUG: CPythonInvoker(4, C:\Users\flyp1\AppData\Roaming\Kodi\addons\service.library.data.provider\service.py): instantiating addon using automatically obtained id of "service.library.data.provider" dependent on version 2.25.0 of the xbmc.python api
16:08:36.317 T:16840   DEBUG: CPythonInvoker(2, C:\Users\flyp1\AppData\Roaming\Kodi\addons\script.skin.helper.service\service.py): instantiating addon using automatically obtained id of "script.skin.helper.service" dependent on version 2.13.0 of the xbmc.python api
16:08:37.119 T:16840   DEBUG: Skin Helper Simplecache --> Initialized
16:08:37.120 T:16840   DEBUG: Previous line repeats 1 times.
16:08:37.120 T:16840   DEBUG: script.module.thetvdb --> Initialized
16:08:37.157 T:16840   DEBUG: Skin Helper Simplecache --> Initialized
16:08:37.161 T:7416    INFO: CPythonInvoker(1, C:\Users\flyp1\AppData\Roaming\Kodi\addons\script.module.simple.downloader\default.py): script successfully run
16:08:37.161 T:16840   DEBUG: Skin Helper Simplecache --> Initialized
16:08:37.161 T:1836  NOTICE: Skin Helper Widgets --> Backgroundservice started
16:08:37.168 T:7416    INFO: Python script stopped
16:08:37.168 T:7416   DEBUG: Thread LanguageInvoker 7416 terminating
16:08:37.197 T:9196   DEBUG: Library Data Provider: service version 0.3.2 started
16:08:37.197 T:16840   DEBUG: Skin Helper Simplecache --> Initialized
16:08:37.197 T:16840   DEBUG: Metadata and Artwork module --> Initialized
16:08:37.213 T:16840   DEBUG: Skin Helper Simplecache --> Initialized
16:08:37.215 T:2804   DEBUG: Skin Helper Service --> ListItemMonitor - started
16:08:37.215 T:10472  NOTICE: Skin Helper Service --> WebService - start helper webservice on port 52307
16:08:37.215 T:16840  NOTICE: Skin Helper Service --> Skin Helper Service version 1.1.3 started
16:08:37.230 T:3980   DEBUG: Thread Timer start, auto delete: false
16:08:37.231 T:3980   DEBUG: Thread Timer 3980 terminating
16:08:37.232 T:6344   DEBUG: Thread Timer start, auto delete: false
16:08:37.241 T:6344   DEBUG: Thread Timer 6344 terminating
16:08:37.241 T:11908   DEBUG: Thread Timer start, auto delete: false
16:08:37.251 T:11908   DEBUG: Thread Timer 11908 terminating
16:08:37.251 T:6056   DEBUG: Thread Timer start, auto delete: false
16:08:37.261 T:6056   DEBUG: Thread Timer 6056 terminating
16:08:37.261 T:5448   DEBUG: Thread Timer start, auto delete: false
16:08:37.446 T:10572   DEBUG: CRemoteControl::Connect - connecting to: 127.0.0.1:24000 ...
16:08:37.761 T:5448   DEBUG: Thread Timer 5448 terminating
16:08:37.859 T:9196   DEBUG: CVideoDatabase::RunQuery took 659 ms for 1276 items query: select * from movie_view  WHERE ((movie_view.playCount IS NULL OR movie_view.playCount < 1))
16:08:38.191 T:9196   DEBUG: CVideoDatabase::RunQuery took 164 ms for 20363 items query: select * from episode_view  WHERE ((episode_view.playCount IS NULL OR episode_view.playCount < 1))
16:08:38.556 T:9196   DEBUG: CMusicDatabase::GetSongsFullByWhere query = SELECT sv.*, songartistview.* FROM (SELECT songview.* FROM songview  WHERE ((CAST(songview.iTimesPlayed as DECIMAL(5,1)) < 1)) ORDER BY RANDOM() LIMIT 20) AS sv JOIN songartistview ON songartistview.idsong = sv.idsong  ORDER BY songartistview.idsong, songartistview.idRole, songartistview.iOrder
16:08:38.573 T:9196   DEBUG: CMusicDatabase::GetSongsFullByWhere() - took 56 ms
16:08:38.598 T:9196   DEBUG: CMusicDatabase::GetAlbumsByWhere query: SELECT albumview.*, albumartistview.* FROM albumview JOIN albumartistview ON albumartistview.idalbum = albumview.idalbum  WHERE albumview.strReleaseType = 'album'
16:08:38.608 T:9196   DEBUG: CMusicDatabase::GetAlbumsByWhere - query took 10 ms
16:08:38.628 T:9196   DEBUG: CVideoDatabase::RunQuery took 0 ms for 0 items query: select * from musicvideo_view  WHERE ((musicvideo_view.playCount IS NULL OR musicvideo_view.playCount < 1))
16:08:38.690 T:9196   DEBUG: CVideoDatabase::RunQuery took 58 ms for 1276 items query: select * from movie_view  WHERE ((movie_view.playCount IS NULL OR movie_view.playCount < 1))
16:08:39.007 T:9196   DEBUG: CVideoDatabase::RunQuery took 179 ms for 20363 items query: select * from episode_view  WHERE ((episode_view.playCount IS NULL OR episode_view.playCount < 1))
16:08:39.454 T:9196   DEBUG: CMusicDatabase::GetAlbumsByWhere query: SELECT albumview.*, albumartistview.* FROM albumview JOIN albumartistview ON albumartistview.idalbum = albumview.idalbum  WHERE albumview.strReleaseType = 'album'
16:08:39.462 T:9196   DEBUG: CMusicDatabase::GetAlbumsByWhere - query took 7 ms
16:08:39.481 T:10572   DEBUG: CRemoteControl::Connect - failed to connect
16:08:39.481 T:10572    INFO: CRemoteControl::Process - failed to connect to irss, will keep retrying every 5 seconds
16:08:39.485 T:9196   DEBUG: CVideoDatabase::RunQuery took 0 ms for 0 items query: select * from musicvideo_view  WHERE ((musicvideo_view.playCount IS NULL OR musicvideo_view.playCount < 1))
16:08:39.492 T:9196   DEBUG: CVideoDatabase::RunQuery took 4 ms for 71 items query: select * from movie_view  WHERE (movie_view.idFile  IN (SELECT DISTINCT idFile FROM bookmark WHERE type = 1))
16:08:39.688 T:9196   DEBUG: CVideoDatabase::RunQuery took 61 ms for 181 items query: SELECT * FROM tvshow_view  WHERE ((CASE WHEN COALESCE(tvshow_view.totalCount - tvshow_view.watchedcount, 0) > 0 THEN 0 ELSE 1 END  < 1)) AND ( ((tvshow_view.watchedcount > 0 AND tvshow_view.watchedcount < tvshow_view.totalCount) OR (tvshow_view.watchedcount = 0 AND EXISTS (SELECT 1 FROM episode_view WHERE episode_view.idShow = tvshow_view.idShow AND episode_view.resumeTimeInSeconds > 0))))
16:08:39.704 T:9196   DEBUG: CVideoDatabase::RunQuery took 1 ms for 107 items query: select * from episode_view  WHERE (episode_view.idShow = 4) AND (((episode_view.playCount IS NULL OR episode_view.playCount < 1)))
16:08:39.704 T:9196   DEBUG: DatabaseUtils::GetSortFieldList: unknown field 30
16:08:39.715 T:9196   DEBUG: CVideoDatabase::RunQuery took 3 ms for 261 items query: select * from episode_view  WHERE (episode_view.idShow = 203) AND (((episode_view.playCount IS NULL OR episode_view.playCount < 1)))
16:08:39.715 T:9196   DEBUG: DatabaseUtils::GetSortFieldList: unknown field 30
16:08:39.725 T:9196   DEBUG: CVideoDatabase::RunQuery took 1 ms for 59 items query: select * from episode_view  WHERE (episode_view.idShow = 287) AND (((episode_view.playCount IS NULL OR episode_view.playCount < 1)))
16:08:39.725 T:9196   DEBUG: DatabaseUtils::GetSortFieldList: unknown field 30
16:08:39.733 T:9196   DEBUG: CVideoDatabase::RunQuery took 2 ms for 148 items query: select * from episode_view  WHERE (episode_view.idShow = 202) AND (((episode_view.playCount IS NULL OR episode_view.playCount < 1)))
16:08:39.733 T:9196   DEBUG: DatabaseUtils::GetSortFieldList: unknown field 30
16:08:39.742 T:9196   DEBUG: CVideoDatabase::RunQuery took 1 ms for 172 items query: select * from episode_view  WHERE (episode_view.idShow = 58) AND (((episode_view.playCount IS NULL OR episode_view.playCount < 1)))
16:08:39.742 T:9196   DEBUG: DatabaseUtils::GetSortFieldList: unknown field 30
16:08:39.761 T:9196   DEBUG: CVideoDatabase::RunQuery took 2 ms for 207 items query: select * from episode_view  WHERE (episode_view.idShow = 79) AND (((episode_view.playCount IS NULL OR episode_view.playCount < 1)))
16:08:39.761 T:9196   DEBUG: DatabaseUtils::GetSortFieldList: unknown field 30
16:08:39.771 T:9196   DEBUG: CVideoDatabase::RunQuery took 1 ms for 130 items query: select * from episode_view  WHERE (episode_view.idShow = 414) AND (((episode_view.playCount IS NULL OR episode_view.playCount < 1)))
16:08:39.771 T:9196   DEBUG: DatabaseUtils::GetSortFieldList: unknown field 30
16:08:39.780 T:9196   DEBUG: CVideoDatabase::RunQuery took 0 ms for 40 items query: select * from episode_view  WHERE (episode_view.idShow = 335) AND (((episode_view.playCount IS NULL OR episode_view.playCount < 1)))
16:08:39.780 T:9196   DEBUG: DatabaseUtils::GetSortFieldList: unknown field 30
16:08:39.789 T:9196   DEBUG: CVideoDatabase::RunQuery took 1 ms for 93 items query: select * from episode_view  WHERE (episode_view.idShow = 290) AND (((episode_view.playCount IS NULL OR episode_view.playCount < 1)))
16:08:39.789 T:9196   DEBUG: DatabaseUtils::GetSortFieldList: unknown field 30
16:08:39.797 T:9196   DEBUG: CVideoDatabase::RunQuery took 0 ms for 27 items query: select * from episode_view  WHERE (episode_view.idShow = 411) AND (((episode_view.playCount IS NULL OR episode_view.playCount < 1)))
16:08:39.797 T:9196   DEBUG: DatabaseUtils::GetSortFieldList: unknown field 30
16:08:39.805 T:9196   DEBUG: CVideoDatabase::RunQuery took 1 ms for 96 items query: select * from episode_view  WHERE (episode_view.idShow = 36) AND (((episode_view.playCount IS NULL OR episode_view.playCount < 1)))
16:08:39.805 T:9196   DEBUG: DatabaseUtils::GetSortFieldList: unknown field 30
16:08:39.825 T:9196   DEBUG: CVideoDatabase::RunQuery took 1 ms for 102 items query: select * from episode_view  WHERE (episode_view.idShow = 400) AND (((episode_view.playCount IS NULL OR episode_view.playCount < 1)))
16:08:39.825 T:9196   DEBUG: DatabaseUtils::GetSortFieldList: unknown field 30
16:08:39.835 T:9196   DEBUG: CVideoDatabase::RunQuery took 2 ms for 119 items query: select * from episode_view  WHERE (episode_view.idShow = 32) AND (((episode_view.playCount IS NULL OR episode_view.playCount < 1)))
16:08:39.835 T:9196   DEBUG: DatabaseUtils::GetSortFieldList: unknown field 30
16:08:39.844 T:9196   DEBUG: CVideoDatabase::RunQuery took 2 ms for 194 items query: select * from episode_view  WHERE (episode_view.idShow = 342) AND (((episode_view.playCount IS NULL OR episode_view.playCount < 1)))
16:08:39.844 T:9196   DEBUG: DatabaseUtils::GetSortFieldList: unknown field 30
16:08:39.856 T:9196   DEBUG: CVideoDatabase::RunQuery took 1 ms for 109 items query: select * from episode_view  WHERE (episode_view.idShow = 135) AND (((episode_view.playCount IS NULL OR episode_view.playCount < 1)))
16:08:39.856 T:9196   DEBUG: DatabaseUtils::GetSortFieldList: unknown field 30
16:08:39.864 T:9196   DEBUG: CVideoDatabase::RunQuery took 1 ms for 38 items query: select * from episode_view  WHERE (episode_view.idShow = 44) AND (((episode_view.playCount IS NULL OR episode_view.playCount < 1)))
16:08:39.864 T:9196   DEBUG: DatabaseUtils::GetSortFieldList: unknown field 30
16:08:39.883 T:9196   DEBUG: CVideoDatabase::RunQuery took 1 ms for 102 items query: select * from episode_view  WHERE (episode_view.idShow = 338) AND (((episode_view.playCount IS NULL OR episode_view.playCount < 1)))
16:08:39.883 T:9196   DEBUG: DatabaseUtils::GetSortFieldList: unknown field 30
16:08:39.896 T:9196   DEBUG: CVideoDatabase::RunQuery took 5 ms for 582 items query: select * from episode_view  WHERE (episode_view.idShow = 265) AND (((episode_view.playCount IS NULL OR episode_view.playCount < 1)))
16:08:39.896 T:9196   DEBUG: DatabaseUtils::GetSortFieldList: unknown field 30
16:08:39.911 T:9196   DEBUG: CVideoDatabase::RunQuery took 1 ms for 41 items query: select * from episode_view  WHERE (episode_view.idShow = 77) AND (((episode_view.playCount IS NULL OR episode_view.playCount < 1)))
16:08:39.911 T:9196   DEBUG: DatabaseUtils::GetSortFieldList: unknown field 30
16:08:39.921 T:9196   DEBUG: CVideoDatabase::RunQuery took 2 ms for 260 items query: select * from episode_view  WHERE (episode_view.idShow = 361) AND (((episode_view.playCount IS NULL OR episode_view.playCount < 1)))
16:08:39.921 T:9196   DEBUG: DatabaseUtils::GetSortFieldList: unknown field 30
16:08:39.930 T:9196   DEBUG: CMusicDatabase::GetAlbumsByWhere query: SELECT albumview.*, albumartistview.* FROM albumview JOIN albumartistview ON albumartistview.idalbum = albumview.idalbum  WHERE albumview.strReleaseType = 'album'
16:08:39.938 T:9196   DEBUG: CMusicDatabase::GetAlbumsByWhere - query took 8 ms
16:08:39.957 T:9196   DEBUG: CFavourites::Load - no system favourites found, skipping
16:08:39.957 T:9196   DEBUG: Library Data Provider: Total time needed for all queries: 0:00:02.760000
16:08:40.931 T:15068   DEBUG: ------ Window Deinit (Custom_StartExit.xml) ------
16:08:40.947 T:15068 WARNING: CApplication::Initialize - startup.xml taints init process
16:08:40.952 T:15068   DEBUG: ContextMenuManager: addon menus reloaded.
16:08:40.952 T:15068    INFO: removing tempfiles
16:08:40.953 T:15068   DEBUG: ADDON: Starting service addons.
16:08:40.962 T:15068  NOTICE: initialize done
16:08:40.962 T:13000   DEBUG: Thread LanguageInvoker start, auto delete: false
16:08:40.962 T:15068  NOTICE: Running the application...
16:08:40.962 T:13000    INFO: initializing python engine.
16:08:40.962 T:8640   DEBUG: Thread LanguageInvoker start, auto delete: false
16:08:40.962 T:15068   DEBUG: no profile autoexec.py (C:\Users\flyp1\AppData\Roaming\Kodi\userdata\autoexec.py) found, skipping
16:08:40.962 T:13000   DEBUG: CPythonInvoker(5, C:\Users\flyp1\AppData\Roaming\Kodi\addons\script.common.plugin.cache\resources\lib\entry_point.py): start processing
16:08:40.962 T:8640    INFO: initializing python engine.
16:08:40.962 T:8640   DEBUG: CPythonInvoker(6, C:\Users\flyp1\AppData\Roaming\Kodi\addons\script.paragontv\service.py): start processing
16:08:40.980 T:13000   DEBUG: -->Python Interpreter Initialized<--
16:08:40.980 T:13000   DEBUG: CPythonInvoker(5, C:\Users\flyp1\AppData\Roaming\Kodi\addons\script.common.plugin.cache\resources\lib\entry_point.py): the source file to load is "C:\Users\flyp1\AppData\Roaming\Kodi\addons\script.common.plugin.cache\resources\lib\entry_point.py"
16:08:40.980 T:13000   DEBUG: CPythonInvoker(5, C:\Users\flyp1\AppData\Roaming\Kodi\addons\script.common.plugin.cache\resources\lib\entry_point.py): setting the Python path to C:\Users\flyp1\AppData\Roaming\Kodi\addons\script.common.plugin.cache\resources\lib;C:\Program Files (x86)\Kodi\system\python\DLLs;C:\Program Files (x86)\Kodi\system\python\Lib;C:\Program Files (x86)\Kodi\python27.zip;C:\Program Files (x86)\Kodi\system\python\lib\plat-win;C:\Program Files (x86)\Kodi\system\python\lib\lib-tk;C:\Program Files (x86)\Kodi;C:\Program Files (x86)\Kodi\system\python;C:\Program Files (x86)\Kodi\system\python\lib\site-packages
16:08:40.980 T:13000   DEBUG: CPythonInvoker(5, C:\Users\flyp1\AppData\Roaming\Kodi\addons\script.common.plugin.cache\resources\lib\entry_point.py): entering source directory C:\Users\flyp1\AppData\Roaming\Kodi\addons\script.common.plugin.cache\resources\lib
16:08:40.985 T:13000   DEBUG: CPythonInvoker(5, C:\Users\flyp1\AppData\Roaming\Kodi\addons\script.common.plugin.cache\resources\lib\entry_point.py): instantiating addon using automatically obtained id of "script.common.plugin.cache" dependent on version 2.24.0 of the xbmc.python api
16:08:41.007 T:8640   DEBUG: -->Python Interpreter Initialized<--
16:08:41.007 T:8640   DEBUG: CPythonInvoker(6, C:\Users\flyp1\AppData\Roaming\Kodi\addons\script.paragontv\service.py): the source file to load is "C:\Users\flyp1\AppData\Roaming\Kodi\addons\script.paragontv\service.py"
16:08:41.007 T:8640   DEBUG: CPythonInvoker(6, C:\Users\flyp1\AppData\Roaming\Kodi\addons\script.paragontv\service.py): setting the Python path to C:\Users\flyp1\AppData\Roaming\Kodi\addons\script.paragontv;C:\Program Files (x86)\Kodi\addons\script.module.pil\lib;C:\Program Files (x86)\Kodi\system\python\DLLs;C:\Program Files (x86)\Kodi\system\python\Lib;C:\Program Files (x86)\Kodi\python27.zip;C:\Program Files (x86)\Kodi\system\python\lib\plat-win;C:\Program Files (x86)\Kodi\system\python\lib\lib-tk;C:\Program Files (x86)\Kodi;C:\Program Files (x86)\Kodi\system\python;C:\Program Files (x86)\Kodi\system\python\lib\site-packages
16:08:41.007 T:8640   DEBUG: CPythonInvoker(6, C:\Users\flyp1\AppData\Roaming\Kodi\addons\script.paragontv\service.py): entering source directory C:\Users\flyp1\AppData\Roaming\Kodi\addons\script.paragontv
16:08:41.008 T:8640   DEBUG: CPythonInvoker(6, C:\Users\flyp1\AppData\Roaming\Kodi\addons\script.paragontv\service.py): instantiating addon using automatically obtained id of "script.paragontv" dependent on version 2.14.0 of the xbmc.python api
16:08:41.045 T:4932   DEBUG: [StorageClient-2.6.3] Service loaded, starting server ...
16:08:41.045 T:8640   DEBUG: script.paragontv-Paragon TV-Paragon TV Service Started
16:08:41.045 T:8640   DEBUG: script.paragontv-Paragon TV-Version: 2.4.4
16:08:41.046 T:9492   DEBUG: script.paragontv-Paragon TV-Settings monitor started
16:08:41.046 T:8640   DEBUG: script.paragontv-Paragon TV-Starting Maintenance Timer Service
16:08:41.046 T:8640   DEBUG: script.paragontv-Paragon TV-Starting Startup Timer Service
16:08:41.046 T:8640   DEBUG: script.paragontv-Paragon TV-Starting Shutdown Scheduler Service
16:08:41.046 T:8640  NOTICE: script.paragontv-Paragon TV-Starting Preset System Timer Service
16:08:41.048 T:17012   DEBUG: Thread LanguageInvoker start, auto delete: false
16:08:41.048 T:17012    INFO: initializing python engine.
16:08:41.048 T:11256   DEBUG: Thread LanguageInvoker start, auto delete: false
16:08:41.048 T:17012   DEBUG: CPythonInvoker(7, C:\Users\flyp1\AppData\Roaming\Kodi\addons\script.paragontv\resources\lib\ptv_maintenance_timer.py): start processing
16:08:41.048 T:11256    INFO: initializing python engine.
16:08:41.048 T:11256   DEBUG: CPythonInvoker(8, C:\Users\flyp1\AppData\Roaming\Kodi\addons\script.paragontv\resources\lib\ptv_startup_timer.py): start processing
16:08:41.048 T:13808   DEBUG: Thread LanguageInvoker start, auto delete: false
16:08:41.048 T:13808    INFO: initializing python engine.
16:08:41.048 T:13808   DEBUG: CPythonInvoker(9, C:\Users\flyp1\AppData\Roaming\Kodi\addons\script.paragontv\resources\lib\ptv_shutdown_timer.py): start processing
16:08:41.048 T:14816   DEBUG: Thread LanguageInvoker start, auto delete: false
16:08:41.048 T:14816    INFO: initializing python engine.
16:08:41.048 T:14816   DEBUG: CPythonInvoker(10, C:\Users\flyp1\AppData\Roaming\Kodi\addons\script.paragontv\resources\lib\ptv_preset_timer.py): start processing
16:08:41.077 T:17012   DEBUG: -->Python Interpreter Initialized<--
16:08:41.077 T:17012   DEBUG: CPythonInvoker(7, C:\Users\flyp1\AppData\Roaming\Kodi\addons\script.paragontv\resources\lib\ptv_maintenance_timer.py): the source file to load is "C:\Users\flyp1\AppData\Roaming\Kodi\addons\script.paragontv\resources\lib\ptv_maintenance_timer.py"
16:08:41.077 T:17012 WARNING: CPythonInvoker(7): Script invoked without an addon. Adding all addon modules installed to python path as fallback. This behaviour will be removed in future version.
16:08:41.081 T:17012   DEBUG: CPythonInvoker(7, C:\Users\flyp1\AppData\Roaming\Kodi\addons\script.paragontv\resources\lib\ptv_maintenance_timer.py): setting the Python path to C:\Users\flyp1\AppData\Roaming\Kodi\addons\script.paragontv\resources\lib;C:\Program Files (x86)\Kodi\addons\script.module.pil\lib;C:\Users\flyp1\AppData\Roaming\Kodi\addons\script.module.pyfscache\lib;C:\Users\flyp1\AppData\Roaming\Kodi\addons\script.common.plugin.cache\resources\lib\storage_server\;C:\Users\flyp1\AppData\Roaming\Kodi\addons\script.module.beautifulsoup\lib;C:\Users\flyp1\AppData\Roaming\Kodi\addons\script.module.simplejson\lib;C:\Users\flyp1\AppData\Roaming\Kodi\addons\script.module.buggalo\lib;C:\Users\flyp1\AppData\Roaming\Kodi\addons\script.module.feedparser\lib;C:\Users\flyp1\AppData\Roaming\Kodi\addons\script.module.addon.common\lib;C:\Users\flyp1\AppData\Roaming\Kodi\addons\script.module.myconnpy\lib;C:\Users\flyp1\AppData\Roaming\Kodi\addons\script.module.metahandler\lib;C:\Users\flyp1\AppData\Roaming\Kodi\addons\script.module.certifi\lib;C:\Users\flyp1\AppData\Roaming\Kodi\addons\script.module.chardet\lib;C:\Users\flyp1\AppData\Roaming\Kodi\addons\script.module.idna\lib;C:\Users\flyp1\AppData\Roaming\Kodi\addons\script.module.urllib3\lib;C:\Users\flyp1\AppData\Roaming\Kodi\addons\script.module.requests\lib;C:\Users\flyp1\AppData\Roaming\Kodi\addons\script.module.parsedom\lib;C:\Users\flyp1\AppData\Roaming\Kodi\addons\script.module.simple.downloader\lib;C:\Users\flyp1\AppData\Roaming\Kodi\addons\script.module.t0mm0.common\lib;C:\Users\flyp1\AppData\Roaming\Kodi\addons\script.module.urlresolver\lib;C:\Users\flyp1\AppData\Roaming\Kodi\addons\script.module.addon.signals\lib;C:\Users\flyp1\AppData\Roaming\Kodi\addons\script.module.youtube.dl\lib;C:\Users\flyp1\AppData\Roaming\Kodi\addons\script.module.autocompletion\lib;C:\Users\flyp1\AppData\Roaming\Kodi\addons\script.module.kodi65\lib;C:\Users\flyp1\AppData\Roaming\Kodi\addons\script.module.routing\lib;C:\Users\flyp1\AppData\Roaming\Kodi\addons\script.module.backports.functools_lru_cache\lib;C:\Users\flyp1\AppData\Roaming\Kodi\addons\script.module.six\lib;C:\Users\flyp1\AppData\Roaming\Kodi\addons\script.module.dateutil\lib;C:\Users\flyp1\AppData\Roaming\Kodi\addons\script.module.arrow\lib;C:\Users\flyp1\AppData\Roaming\Kodi\addons\script.module.musicbrainz\lib;C:\Users\flyp1\AppData\Roaming\Kodi\addons\script.module.simplecache\lib;C:\Users\flyp1\AppData\Roaming\Kodi\addons\script.module.thetvdb\lib;C:\Users\flyp1\AppData\Roaming\Kodi\addons\script.module.metadatautils\lib;C:\Users\flyp1\AppData\Roaming\Kodi\addons\script.module.unidecode\lib;C:\Users\flyp1\AppData\Roaming\Kodi\addons\script.module.future\libs;C:\Users\flyp1\AppData\Roaming\Kodi\addons\script.module.simpleplugin3\libs;C:\Program Files (x86)\Kodi\system\python\DLLs;C:\Program Files (x86)\Kodi\system\python\Lib;C:\Program Files (x86)\Kodi\python27.zip;C:\Program Files (x86)\Kodi\system\python\lib\plat-win;C:\Program Files (x86)\Kodi\system\python\lib\lib-tk;C:\Program Files (x86)\Kodi;C:\Program Files (x86)\Kodi\system\python;C:\Program Files (x86)\Kodi\system\python\lib\site-packages
16:08:41.082 T:17012   DEBUG: CPythonInvoker(7, C:\Users\flyp1\AppData\Roaming\Kodi\addons\script.paragontv\resources\lib\ptv_maintenance_timer.py): entering source directory C:\Users\flyp1\AppData\Roaming\Kodi\addons\script.paragontv\resources\lib
16:08:41.169 T:11256   DEBUG: -->Python Interpreter Initialized<--
16:08:41.169 T:11256   DEBUG: CPythonInvoker(8, C:\Users\flyp1\AppData\Roaming\Kodi\addons\script.paragontv\resources\lib\ptv_startup_timer.py): the source file to load is "C:\Users\flyp1\AppData\Roaming\Kodi\addons\script.paragontv\resources\lib\ptv_startup_timer.py"
16:08:41.169 T:11256 WARNING: CPythonInvoker(8): Script invoked without an addon. Adding all addon modules installed to python path as fallback. This behaviour will be removed in future version.
16:08:41.173 T:13808   DEBUG: -->Python Interpreter Initialized<--
16:08:41.173 T:13808   DEBUG: CPythonInvoker(9, C:\Users\flyp1\AppData\Roaming\Kodi\addons\script.paragontv\resources\lib\ptv_shutdown_timer.py): the source file to load is "C:\Users\flyp1\AppData\Roaming\Kodi\addons\script.paragontv\resources\lib\ptv_shutdown_timer.py"
