12:32:45.448 T:140243022833408   DEBUG: RunQuery took 4 ms for 262 items query: select * from episode_view  WHERE (episode_view.idShow = 927) AND (((episode_view.playCount IS NULL OR episode_view.playCount < 1)))
12:32:45.448 T:140243022833408   DEBUG: DatabaseUtils::GetSortFieldList: unknown field 30
12:32:45.456 T:140243022833408   DEBUG: RunQuery took 0 ms for 40 items query: select * from episode_view  WHERE (episode_view.idShow = 781) AND (((episode_view.playCount IS NULL OR episode_view.playCount < 1)))
12:32:45.456 T:140243022833408   DEBUG: DatabaseUtils::GetSortFieldList: unknown field 30
12:32:45.465 T:140243022833408   DEBUG: RunQuery took 4 ms for 226 items query: select * from episode_view  WHERE (episode_view.idShow = 788) AND (((episode_view.playCount IS NULL OR episode_view.playCount < 1)))
12:32:45.465 T:140243022833408   DEBUG: DatabaseUtils::GetSortFieldList: unknown field 30
12:32:45.473 T:140243022833408   DEBUG: RunQuery took 0 ms for 114 items query: select * from episode_view  WHERE (episode_view.idShow = 1212) AND (((episode_view.playCount IS NULL OR episode_view.playCount < 1)))
12:32:45.473 T:140243022833408   DEBUG: DatabaseUtils::GetSortFieldList: unknown field 30
12:32:45.479 T:140243022833408   DEBUG: RunQuery took 1 ms for 94 items query: select * from episode_view  WHERE (episode_view.idShow = 743) AND (((episode_view.playCount IS NULL OR episode_view.playCount < 1)))
12:32:45.479 T:140243022833408   DEBUG: DatabaseUtils::GetSortFieldList: unknown field 30
12:32:45.492 T:140243022833408   DEBUG: RunQuery took 1 ms for 55 items query: select * from episode_view  WHERE (episode_view.idShow = 1010) AND (((episode_view.playCount IS NULL OR episode_view.playCount < 1)))
12:32:45.492 T:140243022833408   DEBUG: DatabaseUtils::GetSortFieldList: unknown field 30
12:32:45.494 T:140241344128768   DEBUG: CWebServer[8080]: request received for /jsonrpc
12:32:45.498 T:140243022833408   DEBUG: Previous line repeats 1 times.
12:32:45.498 T:140243022833408   DEBUG: RunQuery took 0 ms for 2 items query: select * from episode_view  WHERE (episode_view.idShow = 739) AND (((episode_view.playCount IS NULL OR episode_view.playCount < 1)))
12:32:45.498 T:140243022833408   DEBUG: DatabaseUtils::GetSortFieldList: unknown field 30
12:32:45.503 T:140243022833408   DEBUG: RunQuery took 1 ms for 55 items query: select * from episode_view  WHERE (episode_view.idShow = 837) AND (((episode_view.playCount IS NULL OR episode_view.playCount < 1)))
12:32:45.503 T:140243022833408   DEBUG: DatabaseUtils::GetSortFieldList: unknown field 30
12:32:45.509 T:140243022833408   DEBUG: RunQuery took 0 ms for 106 items query: select * from episode_view  WHERE (episode_view.idShow = 1215) AND (((episode_view.playCount IS NULL OR episode_view.playCount < 1)))
12:32:45.509 T:140243022833408   DEBUG: DatabaseUtils::GetSortFieldList: unknown field 30
12:32:45.515 T:140243022833408   DEBUG: RunQuery took 0 ms for 11 items query: select * from episode_view  WHERE (episode_view.idShow = 796) AND (((episode_view.playCount IS NULL OR episode_view.playCount < 1)))
12:32:45.515 T:140243022833408   DEBUG: DatabaseUtils::GetSortFieldList: unknown field 30
12:32:45.519 T:140243022833408   DEBUG: RunQuery took 0 ms for 38 items query: select * from episode_view  WHERE (episode_view.idShow = 832) AND (((episode_view.playCount IS NULL OR episode_view.playCount < 1)))
12:32:45.519 T:140243022833408   DEBUG: DatabaseUtils::GetSortFieldList: unknown field 30
12:32:45.524 T:140243022833408   DEBUG: GetAlbumsByWhere query: SELECT albumview.*, albumartistview.* FROM albumview JOIN albumartistview ON albumartistview.idalbum = albumview.idalbum  WHERE albumview.strReleaseType = 'album'
12:32:45.525 T:140243022833408   DEBUG: GetAlbumsByWhere - query took 1 ms
12:32:45.538 T:140243022833408   DEBUG: CFavourites::Load - no system favourites found, skipping
12:32:45.626 T:140243022833408   DEBUG: RunQuery took 86 ms for 473 items query: SELECT * FROM tvshow_view  WHERE ((CASE WHEN COALESCE(tvshow_view.totalCount - tvshow_view.watchedcount, 0) > 0 THEN 0 ELSE 1 END  < 1))
12:32:45.759 T:140243022833408   DEBUG: RunQuery took 1 ms for 56 items query: select * from episode_view  WHERE (episode_view.idShow = 911) AND (((episode_view.playCount IS NULL OR episode_view.playCount < 1)) AND ((episode_view.playCount IS NULL OR episode_view.playCount < 1)))
12:32:45.759 T:140243022833408   DEBUG: DatabaseUtils::GetSortFieldList: unknown field 30
12:32:45.765 T:140243022833408   DEBUG: RunQuery took 1 ms for 89 items query: select * from episode_view  WHERE (episode_view.idShow = 821) AND (((episode_view.playCount IS NULL OR episode_view.playCount < 1)) AND ((episode_view.playCount IS NULL OR episode_view.playCount < 1)))
12:32:45.765 T:140243022833408   DEBUG: DatabaseUtils::GetSortFieldList: unknown field 30
12:32:45.777 T:140243022833408   DEBUG: RunQuery took 5 ms for 282 items query: select * from episode_view  WHERE (episode_view.idShow = 1024) AND (((episode_view.playCount IS NULL OR episode_view.playCount < 1)) AND ((episode_view.playCount IS NULL OR episode_view.playCount < 1)))
12:32:45.777 T:140243022833408   DEBUG: DatabaseUtils::GetSortFieldList: unknown field 30
12:32:45.786 T:140243022833408   DEBUG: RunQuery took 1 ms for 179 items query: select * from episode_view  WHERE (episode_view.idShow = 996) AND (((episode_view.playCount IS NULL OR episode_view.playCount < 1)) AND ((episode_view.playCount IS NULL OR episode_view.playCount < 1)))
12:32:45.786 T:140243022833408   DEBUG: DatabaseUtils::GetSortFieldList: unknown field 30
12:32:45.793 T:140243022833408   DEBUG: RunQuery took 0 ms for 19 items query: select * from episode_view  WHERE (episode_view.idShow = 986) AND (((episode_view.playCount IS NULL OR episode_view.playCount < 1)) AND ((episode_view.playCount IS NULL OR episode_view.playCount < 1)))
12:32:45.793 T:140243022833408   DEBUG: DatabaseUtils::GetSortFieldList: unknown field 30
12:32:45.801 T:140243022833408   DEBUG: RunQuery took 3 ms for 126 items query: select * from episode_view  WHERE (episode_view.idShow = 1116) AND (((episode_view.playCount IS NULL OR episode_view.playCount < 1)) AND ((episode_view.playCount IS NULL OR episode_view.playCount < 1)))
12:32:45.801 T:140243022833408   DEBUG: DatabaseUtils::GetSortFieldList: unknown field 30
12:32:45.812 T:140243022833408   DEBUG: RunQuery took 4 ms for 217 items query: select * from episode_view  WHERE (episode_view.idShow = 1147) AND (((episode_view.playCount IS NULL OR episode_view.playCount < 1)) AND ((episode_view.playCount IS NULL OR episode_view.playCount < 1)))
12:32:45.812 T:140243022833408   DEBUG: DatabaseUtils::GetSortFieldList: unknown field 30
12:32:45.820 T:140243022833408   DEBUG: RunQuery took 0 ms for 2 items query: select * from episode_view  WHERE (episode_view.idShow = 739) AND (((episode_view.playCount IS NULL OR episode_view.playCount < 1)) AND ((episode_view.playCount IS NULL OR episode_view.playCount < 1)))
12:32:45.820 T:140243022833408   DEBUG: DatabaseUtils::GetSortFieldList: unknown field 30
12:32:45.829 T:140243022833408   DEBUG: RunQuery took 4 ms for 200 items query: select * from episode_view  WHERE (episode_view.idShow = 1044) AND (((episode_view.playCount IS NULL OR episode_view.playCount < 1)) AND ((episode_view.playCount IS NULL OR episode_view.playCount < 1)))
12:32:45.829 T:140243022833408   DEBUG: DatabaseUtils::GetSortFieldList: unknown field 30
12:32:45.835 T:140243022833408   DEBUG: Library Data Provider: Total time needed for all queries: 0:00:02.325146
12:32:46.492 T:140242258474752   DEBUG: CWebServer[8080]: request received for /jsonrpc
12:32:47.806 T:140244021758080   DEBUG: Previous line repeats 5 times.
12:32:47.806 T:140244021758080   DEBUG: ------ Window Deinit (Custom_StartExit.xml) ------
12:32:47.807 T:140244021758080 WARNING: CApplication::Initialize - startup.xml taints init process
12:32:47.808 T:140244021758080   DEBUG: ContextMenuManager: addon menus reloaded.
12:32:47.808 T:140244021758080    INFO: removing tempfiles
12:32:47.808 T:140244021758080   DEBUG: ADDON: Starting service addons.
12:32:47.811 T:140242258474752   DEBUG: Thread LanguageInvoker start, auto delete: false
12:32:47.811 T:140242258474752   DEBUG: Previous line repeats 1 times.
12:32:47.811 T:140242258474752    INFO: initializing python engine.
12:32:47.811 T:140242258474752   DEBUG: CPythonInvoker(7, /usr/share/kodi/addons/service.libreelec.settings/service.py): start processing
12:32:47.811 T:140241344128768    INFO: initializing python engine.
12:32:47.811 T:140241344128768   DEBUG: CPythonInvoker(8, /storage/.kodi/addons/script.common.plugin.cache/resources/lib/entry_point.py): start processing
12:32:47.811 T:140241931323136   DEBUG: Thread LanguageInvoker start, auto delete: false
12:32:47.811 T:140241931323136    INFO: initializing python engine.
12:32:47.811 T:140241931323136   DEBUG: CPythonInvoker(9, /storage/.kodi/addons/script.service.alarmclock/default.py): start processing
12:32:47.811 T:140241922930432   DEBUG: Thread LanguageInvoker start, auto delete: false
12:32:47.811 T:140244021758080  NOTICE: initialize done
12:32:47.811 T:140241922930432    INFO: initializing python engine.
12:32:47.811 T:140244021758080  NOTICE: Running the application...
12:32:47.811 T:140241922930432   DEBUG: CPythonInvoker(10, /storage/.kodi/addons/script.paragontv/service.py): start processing
12:32:47.811 T:140244021758080   DEBUG: no profile autoexec.py (/storage/.kodi/userdata/autoexec.py) found, skipping
12:32:47.832 T:140242258474752   DEBUG: -->Python Interpreter Initialized<--
12:32:47.832 T:140242258474752   DEBUG: CPythonInvoker(7, /usr/share/kodi/addons/service.libreelec.settings/service.py): the source file to load is "/usr/share/kodi/addons/service.libreelec.settings/service.py"
12:32:47.832 T:140241931323136   DEBUG: -->Python Interpreter Initialized<--
12:32:47.832 T:140241931323136   DEBUG: CPythonInvoker(9, /storage/.kodi/addons/script.service.alarmclock/default.py): the source file to load is "/storage/.kodi/addons/script.service.alarmclock/default.py"
12:32:47.832 T:140241922930432   DEBUG: -->Python Interpreter Initialized<--
12:32:47.832 T:140241922930432   DEBUG: CPythonInvoker(10, /storage/.kodi/addons/script.paragontv/service.py): the source file to load is "/storage/.kodi/addons/script.paragontv/service.py"
12:32:47.832 T:140242258474752   DEBUG: CPythonInvoker(7, /usr/share/kodi/addons/service.libreelec.settings/service.py): setting the Python path to /usr/share/kodi/addons/service.libreelec.settings:/usr/lib/python27.zip:/usr/lib/python2.7:/usr/lib/python2.7/plat-linux2:/usr/lib/python2.7/lib-tk:/usr/lib/python2.7/lib-old:/usr/lib/python2.7/lib-dynload:/usr/lib/python2.7/site-packages:/usr/lib/python2.7/site-packages/gtk-2.0
12:32:47.832 T:140242258474752   DEBUG: CPythonInvoker(7, /usr/share/kodi/addons/service.libreelec.settings/service.py): entering source directory /usr/share/kodi/addons/service.libreelec.settings
12:32:47.832 T:140242258474752   DEBUG: CPythonInvoker(7, /usr/share/kodi/addons/service.libreelec.settings/service.py): instantiating addon using automatically obtained id of "service.libreelec.settings" dependent on version 2.1.0 of the xbmc.python api
12:32:47.833 T:140241922930432   DEBUG: CPythonInvoker(10, /storage/.kodi/addons/script.paragontv/service.py): setting the Python path to /storage/.kodi/addons/script.paragontv:/usr/share/kodi/addons/script.module.pil/lib:/usr/lib/python27.zip:/usr/lib/python2.7:/usr/lib/python2.7/plat-linux2:/usr/lib/python2.7/lib-tk:/usr/lib/python2.7/lib-old:/usr/lib/python2.7/lib-dynload:/usr/lib/python2.7/site-packages:/usr/lib/python2.7/site-packages/gtk-2.0
12:32:47.833 T:140241922930432   DEBUG: CPythonInvoker(10, /storage/.kodi/addons/script.paragontv/service.py): entering source directory /storage/.kodi/addons/script.paragontv
12:32:47.838 T:140241922930432   DEBUG: CPythonInvoker(10, /storage/.kodi/addons/script.paragontv/service.py): instantiating addon using automatically obtained id of "script.paragontv" dependent on version 2.14.0 of the xbmc.python api
12:32:47.842 T:140241931323136   DEBUG: CPythonInvoker(9, /storage/.kodi/addons/script.service.alarmclock/default.py): setting the Python path to /storage/.kodi/addons/script.service.alarmclock:/usr/lib/python27.zip:/usr/lib/python2.7:/usr/lib/python2.7/plat-linux2:/usr/lib/python2.7/lib-tk:/usr/lib/python2.7/lib-old:/usr/lib/python2.7/lib-dynload:/usr/lib/python2.7/site-packages:/usr/lib/python2.7/site-packages/gtk-2.0
12:32:47.842 T:140241931323136   DEBUG: CPythonInvoker(9, /storage/.kodi/addons/script.service.alarmclock/default.py): entering source directory /storage/.kodi/addons/script.service.alarmclock
12:32:47.850 T:140241931323136   DEBUG: CPythonInvoker(9, /storage/.kodi/addons/script.service.alarmclock/default.py): instantiating addon using automatically obtained id of "script.service.alarmclock" dependent on version 2.1.0 of the xbmc.python api
12:32:47.867 T:140242258474752   DEBUG: ## LibreELEC Addon ## 8.2.0
12:32:47.868 T:140241344128768   DEBUG: -->Python Interpreter Initialized<--
12:32:47.868 T:140241344128768   DEBUG: CPythonInvoker(8, /storage/.kodi/addons/script.common.plugin.cache/resources/lib/entry_point.py): the source file to load is "/storage/.kodi/addons/script.common.plugin.cache/resources/lib/entry_point.py"
12:32:47.868 T:140241344128768   DEBUG: CPythonInvoker(8, /storage/.kodi/addons/script.common.plugin.cache/resources/lib/entry_point.py): setting the Python path to /storage/.kodi/addons/script.common.plugin.cache/resources/lib:/usr/lib/python27.zip:/usr/lib/python2.7:/usr/lib/python2.7/plat-linux2:/usr/lib/python2.7/lib-tk:/usr/lib/python2.7/lib-old:/usr/lib/python2.7/lib-dynload:/usr/lib/python2.7/site-packages:/usr/lib/python2.7/site-packages/gtk-2.0
12:32:47.868 T:140241344128768   DEBUG: CPythonInvoker(8, /storage/.kodi/addons/script.common.plugin.cache/resources/lib/entry_point.py): entering source directory /storage/.kodi/addons/script.common.plugin.cache/resources/lib
12:32:47.868 T:140241344128768   DEBUG: CPythonInvoker(8, /storage/.kodi/addons/script.common.plugin.cache/resources/lib/entry_point.py): instantiating addon using automatically obtained id of "script.common.plugin.cache" dependent on version 2.24.0 of the xbmc.python api
12:32:47.880 T:140241922930432   DEBUG: script.paragontv-Paragon TV-Paragon TV Service Started
12:32:47.880 T:140241922930432   DEBUG: script.paragontv-Paragon TV-Version: 2.4.4
12:32:47.904 T:140241318950656   DEBUG: script.paragontv-Paragon TV-Settings monitor started
12:32:47.905 T:140241931323136   DEBUG: events fetched: []
12:32:47.905 T:140241931323136   DEBUG: Starting alarm clock..
12:32:47.906 T:140241922930432   DEBUG: script.paragontv-Paragon TV-Starting Maintenance Timer Service
12:32:47.907 T:140241310557952   DEBUG: Thread LanguageInvoker start, auto delete: false
12:32:47.907 T:140241310557952    INFO: initializing python engine.
12:32:47.907 T:140241310557952   DEBUG: CPythonInvoker(11, /storage/.kodi/addons/script.paragontv/resources/lib/ptv_maintenance_timer.py): start processing
12:32:47.908 T:140241922930432   DEBUG: script.paragontv-Paragon TV-Starting Startup Timer Service
12:32:47.922 T:140241922930432   DEBUG: script.paragontv-Paragon TV-Starting Shutdown Scheduler Service
12:32:47.923 T:140241922930432  NOTICE: script.paragontv-Paragon TV-Starting Preset System Timer Service
12:32:47.923 T:140241302165248   DEBUG: Thread LanguageInvoker start, auto delete: false
12:32:47.923 T:140241302165248    INFO: initializing python engine.
12:32:47.923 T:140241302165248   DEBUG: CPythonInvoker(12, /storage/.kodi/addons/script.paragontv/resources/lib/ptv_startup_timer.py): start processing
12:32:47.923 T:140241218303744   DEBUG: Thread LanguageInvoker start, auto delete: false
12:32:47.923 T:140241218303744    INFO: initializing python engine.
12:32:47.923 T:140241218303744   DEBUG: CPythonInvoker(13, /storage/.kodi/addons/script.paragontv/resources/lib/ptv_shutdown_timer.py): start processing
12:32:47.923 T:140241209911040   DEBUG: Thread LanguageInvoker start, auto delete: false
12:32:47.923 T:140241209911040    INFO: initializing python engine.
12:32:47.923 T:140241209911040   DEBUG: CPythonInvoker(14, /storage/.kodi/addons/script.paragontv/resources/lib/ptv_preset_timer.py): start processing
12:32:47.963 T:140241335736064   DEBUG: [StorageClient-2.6.1] Service loaded, starting server ...
12:32:47.964 T:140241310557952   DEBUG: -->Python Interpreter Initialized<--
12:32:47.964 T:140241310557952   DEBUG: CPythonInvoker(11, /storage/.kodi/addons/script.paragontv/resources/lib/ptv_maintenance_timer.py): the source file to load is "/storage/.kodi/addons/script.paragontv/resources/lib/ptv_maintenance_timer.py"
12:32:47.964 T:140241310557952 WARNING: CPythonInvoker(11): Script invoked without an addon. Adding all addon modules installed to python path as fallback. This behaviour will be removed in future version.
12:32:47.966 T:140241302165248   DEBUG: -->Python Interpreter Initialized<--
12:32:47.966 T:140241302165248   DEBUG: CPythonInvoker(12, /storage/.kodi/addons/script.paragontv/resources/lib/ptv_startup_timer.py): the source file to load is "/storage/.kodi/addons/script.paragontv/resources/lib/ptv_startup_timer.py"
12:32:47.966 T:140241302165248 WARNING: CPythonInvoker(12): Script invoked without an addon. Adding all addon modules installed to python path as fallback. This behaviour will be removed in future version.
12:32:47.983 T:140241310557952   DEBUG: CPythonInvoker(11, /storage/.kodi/addons/script.paragontv/resources/lib/ptv_maintenance_timer.py): setting the Python path to /storage/.kodi/addons/script.paragontv/resources/lib:/usr/share/kodi/addons/script.module.pil/lib:/storage/.kodi/addons/script.module.simplejson/lib:/storage/.kodi/addons/script.module.autocompletion/lib:/storage/.kodi/addons/script.module.certifi/lib:/storage/.kodi/addons/script.module.chardet/lib:/storage/.kodi/addons/script.module.idna/lib:/storage/.kodi/addons/script.module.urllib3/lib:/storage/.kodi/addons/script.module.requests/lib:/storage/.kodi/addons/script.module.addon.signals/lib:/storage/.kodi/addons/script.module.youtube.dl/lib:/storage/.kodi/addons/script.module.kodi65/lib:/storage/.kodi/addons/script.module.routing/lib:/storage/.kodi/addons/script.module.backports.functools_lru_cache/lib:/storage/.kodi/addons/script.module.six/lib:/storage/.kodi/addons/script.module.dateutil/lib:/storage/.kodi/addons/script.module.arrow/lib:/storage/.kodi/addons/script.module.beautifulsoup/lib:/storage/.kodi/addons/script.module.musicbrainz/lib:/storage/.kodi/addons/script.module.simplecache/lib:/storage/.kodi/addons/script.module.thetvdb/lib:/storage/.kodi/addons/script.module.metadatautils/lib:/storage/.kodi/addons/script.module.unidecode/lib:/storage/.kodi/addons/script.common.plugin.cache/resources/lib/storage_server/:/storage/.kodi/addons/script.module.future/libs:/storage/.kodi/addons/plugin.video.youtube/resources/lib/:/storage/.kodi/addons/script.module.buggalo/lib:/storage/.kodi/addons/script.module.feedparser/lib:/storage/.kodi/addons/script.module.addon.common/lib:/storage/.kodi/addons/script.module.myconnpy/lib:/storage/.kodi/addons/script.module.metahandler/lib:/storage/.kodi/addons/script.module.pyfscache/lib:/storage/.kodi/addons/script.module.parsedom/lib:/storage/.kodi/addons/script.module.simple.downloader/lib:/storage/.kodi/addons/script.module.t0mm0.common/lib:/storage/.kodi/addons/script.module.urlresolver/lib:/storage/.kodi/addons/script.module.simpleplugin3/libs:/usr/lib/python27.zip:/usr/lib/python2.7:/usr/lib/python2.7/plat-linux2:/usr/lib/python2.7/lib-tk:/usr/lib/python2.7/lib-old:/usr/lib/python2.7/lib-dynload:/usr/lib/python2.7/site-packages:/usr/lib/python2.7/site-packages/gtk-2.0
12:32:47.983 T:140241310557952   DEBUG: CPythonInvoker(11, /storage/.kodi/addons/script.paragontv/resources/lib/ptv_maintenance_timer.py): entering source directory /storage/.kodi/addons/script.paragontv/resources/lib
12:32:47.985 T:140241302165248   DEBUG: CPythonInvoker(12, /storage/.kodi/addons/script.paragontv/resources/lib/ptv_startup_timer.py): setting the Python path to /storage/.kodi/addons/script.paragontv/resources/lib:/usr/share/kodi/addons/script.module.pil/lib:/storage/.kodi/addons/script.module.simplejson/lib:/storage/.kodi/addons/script.module.autocompletion/lib:/storage/.kodi/addons/script.module.certifi/lib:/storage/.kodi/addons/script.module.chardet/lib:/storage/.kodi/addons/script.module.idna/lib:/storage/.kodi/addons/script.module.urllib3/lib:/storage/.kodi/addons/script.module.requests/lib:/storage/.kodi/addons/script.module.addon.signals/lib:/storage/.kodi/addons/script.module.youtube.dl/lib:/storage/.kodi/addons/script.module.kodi65/lib:/storage/.kodi/addons/script.module.routing/lib:/storage/.kodi/addons/script.module.backports.functools_lru_cache/lib:/storage/.kodi/addons/script.module.six/lib:/storage/.kodi/addons/script.module.dateutil/lib:/storage/.kodi/addons/script.module.arrow/lib:/storage/.kodi/addons/script.module.beautifulsoup/lib:/storage/.kodi/addons/script.module.musicbrainz/lib:/storage/.kodi/addons/script.module.simplecache/lib:/storage/.kodi/addons/script.module.thetvdb/lib:/storage/.kodi/addons/script.module.metadatautils/lib:/storage/.kodi/addons/script.module.unidecode/lib:/storage/.kodi/addons/script.common.plugin.cache/resources/lib/storage_server/:/storage/.kodi/addons/script.module.future/libs:/storage/.kodi/addons/plugin.video.youtube/resources/lib/:/storage/.kodi/addons/script.module.buggalo/lib:/storage/.kodi/addons/script.module.feedparser/lib:/storage/.kodi/addons/script.module.addon.common/lib:/storage/.kodi/addons/script.module.myconnpy/lib:/storage/.kodi/addons/script.module.metahandler/lib:/storage/.kodi/addons/script.module.pyfscache/lib:/storage/.kodi/addons/script.module.parsedom/lib:/storage/.kodi/addons/script.module.simple.downloader/lib:/storage/.kodi/addons/script.module.t0mm0.common/lib:/storage/.kodi/addons/script.module.urlresolver/lib:/storage/.kodi/addons/script.module.simpleplugin3/libs:/usr/lib/python27.zip:/usr/lib/python2.7:/usr/lib/python2.7/plat-linux2:/usr/lib/python2.7/lib-tk:/usr/lib/python2.7/lib-old:/usr/lib/python2.7/lib-dynload:/usr/lib/python2.7/site-packages:/usr/lib/python2.7/site-packages/gtk-2.0
12:32:47.985 T:140241302165248   DEBUG: CPythonInvoker(12, /storage/.kodi/addons/script.paragontv/resources/lib/ptv_startup_timer.py): entering source directory /storage/.kodi/addons/script.paragontv/resources/lib
12:32:47.993 T:140241218303744   DEBUG: -->Python Interpreter Initialized<--
12:32:47.993 T:140241218303744   DEBUG: CPythonInvoker(13, /storage/.kodi/addons/script.paragontv/resources/lib/ptv_shutdown_timer.py): the source file to load is "/storage/.kodi/addons/script.paragontv/resources/lib/ptv_shutdown_timer.py"
12:32:47.993 T:140241218303744 WARNING: CPythonInvoker(13): Script invoked without an addon. Adding all addon modules installed to python path as fallback. This behaviour will be removed in future version.
12:32:47.995 T:140241310557952   ERROR: [PTV Maintenance Timer] Starting PTV Maintenance Timer
12:32:47.995 T:140241302165248   ERROR: [PTV Startup Timer] Starting PTV Startup Timer
12:32:47.995 T:140241209911040   DEBUG: -->Python Interpreter Initialized<--
12:32:47.995 T:140241209911040   DEBUG: CPythonInvoker(14, /storage/.kodi/addons/script.paragontv/resources/lib/ptv_preset_timer.py): the source file to load is "/storage/.kodi/addons/script.paragontv/resources/lib/ptv_preset_timer.py"
12:32:47.995 T:140241209911040 WARNING: CPythonInvoker(14): Script invoked without an addon. Adding all addon modules installed to python path as fallback. This behaviour will be removed in future version.
12:32:48.006 T:140244021758080   DEBUG: Activating window ID: 10000
12:32:48.006 T:140244021758080   DEBUG: ------ Window Deinit (Startup.xml) ------
12:32:48.006 T:140244021758080   DEBUG: ------ Window Init (Home.xml) ------
12:32:48.007 T:140244021758080    INFO: Loading skin file: Home.xml, load type: KEEP_IN_MEMORY
12:32:48.007 T:140244021758080 WARNING: Skin has invalid include:
12:32:48.008 T:140244021758080 WARNING: Previous line repeats 7 times.
12:32:48.008 T:140244021758080 WARNING: Skin has invalid include: HomeWidgets_Lists
12:32:48.008 T:140244021758080 WARNING: Skin has invalid include:
12:32:48.008 T:140244021758080 WARNING: Skin has invalid include: HomeWidgets_Lists
12:32:48.008 T:140244021758080 WARNING: Skin has invalid include:
12:32:48.008 T:140244021758080 WARNING: Skin has invalid include: HomeWidgets_Lists
12:32:48.008 T:140244021758080 WARNING: Skin has invalid include: HomeWidgets_ContentInfo
12:32:48.008 T:140244021758080 WARNING: Skin has invalid include: TopHomeMenu
12:32:48.008 T:140244021758080 WARNING: Skin has invalid include:
12:32:48.008 T:140244021758080 WARNING: Skin has invalid include: HomeWidgets_Lists
12:32:48.008 T:140244021758080 WARNING: Skin has invalid include: HomeWidgets_ContentInfo
12:32:48.008 T:140244021758080 WARNING: Skin has invalid include: TopHomeMenu
12:32:48.020 T:140241209911040   DEBUG: CPythonInvoker(14, /storage/.kodi/addons/script.paragontv/resources/lib/ptv_preset_timer.py): setting the Python path to /storage/.kodi/addons/script.paragontv/resources/lib:/usr/share/kodi/addons/script.module.pil/lib:/storage/.kodi/addons/script.module.simplejson/lib:/storage/.kodi/addons/script.module.autocompletion/lib:/storage/.kodi/addons/script.module.certifi/lib:/storage/.kodi/addons/script.module.chardet/lib:/storage/.kodi/addons/script.module.idna/lib:/storage/.kodi/addons/script.module.urllib3/lib:/storage/.kodi/addons/script.module.requests/lib:/storage/.kodi/addons/script.module.addon.signals/lib:/storage/.kodi/addons/script.module.youtube.dl/lib:/storage/.kodi/addons/script.module.kodi65/lib:/storage/.kodi/addons/script.module.routing/lib:/storage/.kodi/addons/script.module.backports.functools_lru_cache/lib:/storage/.kodi/addons/script.module.six/lib:/storage/.kodi/addons/script.module.dateutil/lib:/storage/.kodi/addons/script.module.arrow/lib:/storage/.kodi/addons/script.module.beautifulsoup/lib:/storage/.kodi/addons/script.module.musicbrainz/lib:/storage/.kodi/addons/script.module.simplecache/lib:/storage/.kodi/addons/script.module.thetvdb/lib:/storage/.kodi/addons/script.module.metadatautils/lib:/storage/.kodi/addons/script.module.unidecode/lib:/storage/.kodi/addons/script.common.plugin.cache/resources/lib/storage_server/:/storage/.kodi/addons/script.module.future/libs:/storage/.kodi/addons/plugin.video.youtube/resources/lib/:/storage/.kodi/addons/script.module.buggalo/lib:/storage/.kodi/addons/script.module.feedparser/lib:/storage/.kodi/addons/script.module.addon.common/lib:/storage/.kodi/addons/script.module.myconnpy/lib:/storage/.kodi/addons/script.module.metahandler/lib:/storage/.kodi/addons/script.module.pyfscache/lib:/storage/.kodi/addons/script.module.parsedom/lib:/storage/.kodi/addons/script.module.simple.downloader/lib:/storage/.kodi/addons/script.module.t0mm0.common/lib:/storage/.kodi/addons/script.module.urlresolver/lib:/storage/.kodi/addons/script.module.simpleplugin3/libs:/usr/lib/python27.zip:/usr/lib/python2.7:/usr/lib/python2.7/plat-linux2:/usr/lib/python2.7/lib-tk:/usr/lib/python2.7/lib-old:/usr/lib/python2.7/lib-dynload:/usr/lib/python2.7/site-packages:/usr/lib/python2.7/site-packages/gtk-2.0
12:32:48.020 T:140241209911040   DEBUG: CPythonInvoker(14, /storage/.kodi/addons/script.paragontv/resources/lib/ptv_preset_timer.py): entering source directory /storage/.kodi/addons/script.paragontv/resources/lib
12:32:48.025 T:140241201518336   DEBUG: Thread Timer start, auto delete: false
12:32:48.027 T:140244021758080   DEBUG: started alarm with name: clear
12:32:48.027 T:140244002825984   DEBUG: CRecentlyAddedJob::UpdateMusic() - Running RecentlyAdded home screen update
12:32:48.027 T:140244021758080   DEBUG: ------ Window Init (DialogNotification.xml) ------
12:32:48.028 T:140241193125632   DEBUG: Thread LanguageInvoker start, auto delete: false
12:32:48.028 T:140241193125632    INFO: initializing python engine.
12:32:48.028 T:140241193125632   DEBUG: CPythonInvoker(15, /storage/.kodi/addons/script.skinshortcuts/default.py): start processing
12:32:48.031 T:140244002825984   DEBUG: GetRecentlyAddedAlbumSongs() query: SELECT songview.*, songartistview.* FROM (SELECT idAlbum FROM album ORDER BY idAlbum DESC LIMIT 10) AS recentalbums JOIN songview ON songview.idAlbum = recentalbums.idAlbum JOIN songartistview ON songview.idSong = songartistview.idSong ORDER BY songview.idAlbum DESC, songview.idSong, songartistview.idRole, songartistview.iOrder
12:32:48.041 T:140244002825984   DEBUG: GetRecentlyAddedAlbums query: SELECT albumview.*, albumartistview.* FROM (SELECT idAlbum FROM album WHERE strAlbum != '' ORDER BY idAlbum DESC LIMIT 10) AS recentalbums JOIN albumview ON albumview.idAlbum = recentalbums.idAlbum JOIN albumartistview ON albumview.idAlbum = albumartistview.idAlbum ORDER BY albumview.idAlbum desc, albumartistview.iOrder
12:32:48.083 T:140241218303744   DEBUG: CPythonInvoker(13, /storage/.kodi/addons/script.paragontv/resources/lib/ptv_shutdown_timer.py): setting the Python path to /storage/.kodi/addons/script.paragontv/resources/lib:/usr/share/kodi/addons/script.module.pil/lib:/storage/.kodi/addons/script.module.simplejson/lib:/storage/.kodi/addons/script.module.autocompletion/lib:/storage/.kodi/addons/script.module.certifi/lib:/storage/.kodi/addons/script.module.chardet/lib:/storage/.kodi/addons/script.module.idna/lib:/storage/.kodi/addons/script.module.urllib3/lib:/storage/.kodi/addons/script.module.requests/lib:/storage/.kodi/addons/script.module.addon.signals/lib:/storage/.kodi/addons/script.module.youtube.dl/lib:/storage/.kodi/addons/script.module.kodi65/lib:/storage/.kodi/addons/script.module.routing/lib:/storage/.kodi/addons/script.module.backports.functools_lru_cache/lib:/storage/.kodi/addons/script.module.six/lib:/storage/.kodi/addons/script.module.dateutil/lib:/storage/.kodi/addons/script.module.arrow/lib:/storage/.kodi/addons/script.module.beautifulsoup/lib:/storage/.kodi/addons/script.module.musicbrainz/lib:/storage/.kodi/addons/script.module.simplecache/lib:/storage/.kodi/addons/script.module.thetvdb/lib:/storage/.kodi/addons/script.module.metadatautils/lib:/storage/.kodi/addons/script.module.unidecode/lib:/storage/.kodi/addons/script.common.plugin.cache/resources/lib/storage_server/:/storage/.kodi/addons/script.module.future/libs:/storage/.kodi/addons/plugin.video.youtube/resources/lib/:/storage/.kodi/addons/script.module.buggalo/lib:/storage/.kodi/addons/script.module.feedparser/lib:/storage/.kodi/addons/script.module.addon.common/lib:/storage/.kodi/addons/script.module.myconnpy/lib:/storage/.kodi/addons/script.module.metahandler/lib:/storage/.kodi/addons/script.module.pyfscache/lib:/storage/.kodi/addons/script.module.parsedom/lib:/storage/.kodi/addons/script.module.simple.downloader/lib:/storage/.kodi/addons/script.module.t0mm0.common/lib:/storage/.kodi/addons/script.module.urlresolver/lib:/storage/.kodi/addons/script.module.simpleplugin3/libs:/usr/lib/python27.zip:/usr/lib/python2.7:/usr/lib/python2.7/plat-linux2:/usr/lib/python2.7/lib-tk:/usr/lib/python2.7/lib-old:/usr/lib/python2.7/lib-dynload:/usr/lib/python2.7/site-packages:/usr/lib/python2.7/site-packages/gtk-2.0
12:32:48.083 T:140241218303744   DEBUG: CPythonInvoker(13, /storage/.kodi/addons/script.paragontv/resources/lib/ptv_shutdown_timer.py): entering source directory /storage/.kodi/addons/script.paragontv/resources/lib
12:32:48.153 T:140241218303744   ERROR: [PTV Shutdown Timer] Starting PTV Shutdown Timer
12:32:48.159 T:140244021758080   DEBUG: ------ Window Init (Custom_Overlay.xml) ------
12:32:48.159 T:140244021758080    INFO: Loading skin file: Custom_Overlay.xml, load type: KEEP_IN_MEMORY
12:32:48.165 T:140241218303744   ERROR: [PTV Shutdown Timer] Checking schedule 'Bedtime'
12:32:48.165 T:140241218303744   ERROR: [PTV Shutdown Timer] Current time: 12:32
12:32:48.165 T:140241218303744   ERROR: [PTV Shutdown Timer] Shutdown time: 0:15
12:32:48.165 T:140241218303744   ERROR: [PTV Shutdown Timer] Minutes from midnight - Current: 752, Shutdown: 15
12:32:48.165 T:140241218303744   ERROR: [PTV Shutdown Timer] Time match (within window): False
12:32:48.165 T:140241218303744   ERROR: [PTV Shutdown Timer] Current day index: 3
12:32:48.165 T:140241218303744   ERROR: [PTV Shutdown Timer] Day match: False
12:32:48.165 T:140241218303744   ERROR: [PTV Shutdown Timer] Shutdown should trigger: False (Action: 1)
12:32:48.165 T:140241218303744   ERROR: [PTV Shutdown Timer] Checking schedule 'Late Night'
12:32:48.165 T:140241218303744   ERROR: [PTV Shutdown Timer] Current time: 12:32
12:32:48.165 T:140241218303744   ERROR: [PTV Shutdown Timer] Shutdown time: 3:30
12:32:48.165 T:140241218303744   ERROR: [PTV Shutdown Timer] Minutes from midnight - Current: 752, Shutdown: 210
12:32:48.165 T:140241218303744   ERROR: [PTV Shutdown Timer] Time match (within window): False
12:32:48.165 T:140241218303744   ERROR: [PTV Shutdown Timer] Current day index: 3
12:32:48.165 T:140241218303744   ERROR: [PTV Shutdown Timer] Day match: True
12:32:48.165 T:140241218303744   ERROR: [PTV Shutdown Timer] Shutdown should trigger: False (Action: 1)
12:32:48.173 T:140244021758080   DEBUG: ------ Window Init (Custom_RSS.xml) ------
12:32:48.173 T:140244021758080    INFO: Loading skin file: Custom_RSS.xml, load type: KEEP_IN_MEMORY
12:32:48.174 T:140244021758080   DEBUG: ------ Window Init (Custom_Refresh.xml) ------
12:32:48.174 T:140244021758080    INFO: Loading skin file: Custom_Refresh.xml, load type: KEEP_IN_MEMORY
12:32:48.174 T:140244002825984   DEBUG: CRecentlyAddedJob::UpdateVideos() - Running RecentlyAdded home screen update
12:32:48.178 T:140241209911040  NOTICE: [PTV Preset Timer] PTV Preset Refresh Timer (9-Phase Consolidated System) initialized
12:32:48.178 T:140241209911040  NOTICE: [PTV Preset Timer] Starting PTV Preset Refresh Timer (9-Phase Consolidated System)
12:32:48.199 T:140244002825984   DEBUG: RunQuery took 22 ms for 10 items query: select * from movie_view  ORDER BY dateAdded desc, idMovie desc LIMIT 10
12:32:48.241 T:140244021758080   DEBUG: ------ Window Deinit (Custom_Refresh.xml) ------
12:32:48.241 T:140241193125632   DEBUG: -->Python Interpreter Initialized<--
12:32:48.241 T:140241193125632   DEBUG: CPythonInvoker(15, /storage/.kodi/addons/script.skinshortcuts/default.py): the source file to load is "/storage/.kodi/addons/script.skinshortcuts/default.py"
12:32:48.242 T:140241193125632   DEBUG: CPythonInvoker(15, /storage/.kodi/addons/script.skinshortcuts/default.py): setting the Python path to /storage/.kodi/addons/script.skinshortcuts:/storage/.kodi/addons/script.module.simplejson/lib:/storage/.kodi/addons/script.module.unidecode/lib:/usr/lib/python27.zip:/usr/lib/python2.7:/usr/lib/python2.7/plat-linux2:/usr/lib/python2.7/lib-tk:/usr/lib/python2.7/lib-old:/usr/lib/python2.7/lib-dynload:/usr/lib/python2.7/site-packages:/usr/lib/python2.7/site-packages/gtk-2.0
12:32:48.242 T:140241193125632   DEBUG: CPythonInvoker(15, /storage/.kodi/addons/script.skinshortcuts/default.py): entering source directory /storage/.kodi/addons/script.skinshortcuts
12:32:48.242 T:140241193125632   DEBUG: CPythonInvoker(15, /storage/.kodi/addons/script.skinshortcuts/default.py): instantiating addon using automatically obtained id of "script.skinshortcuts" dependent on version 2.20.0 of the xbmc.python api
12:32:48.260 T:140241209911040  NOTICE: [PTV Preset Timer] DEBUG: Today is Thursday (weekday=3)
12:32:48.260 T:140241209911040  NOTICE: [PTV Preset Timer] DEBUG: Setting name: ThursdayPreset
12:32:48.260 T:140241209911040  NOTICE: [PTV Preset Timer] DEBUG: Raw preset value: '2' (int: 2)
12:32:48.260 T:140241209911040  NOTICE: [PTV Preset Timer] DEBUG: Available presets: ['Alpha', 'Omega', 'Delta', 'Epsilon', 'Gamma', 'Sigma', 'Omicron', 'Theta', 'Lambda']
12:32:48.260 T:140241209911040  NOTICE: [PTV Preset Timer] Today's preset for Thursday: Omega (index=1)
12:32:48.317 T:140241193125632    INFO: CPythonInvoker(15, /storage/.kodi/addons/script.skinshortcuts/default.py): script successfully run
12:32:48.324 T:140241201518336   DEBUG: Thread Timer 140241201518336 terminating
12:32:48.325 T:140241174222592   DEBUG: Thread Timer start, auto delete: false
12:32:48.327 T:140241174222592   DEBUG: Thread Timer 140241174222592 terminating
12:32:48.327 T:140241201518336   DEBUG: Thread Timer start, auto delete: false
12:32:48.331 T:140244021758080   DEBUG: LogindUPowerSyscall - Received unknown signal NameAcquired
12:32:48.351 T:140241193125632    INFO: Python script stopped
12:32:48.351 T:140241193125632   DEBUG: Thread LanguageInvoker 140241193125632 terminating
12:32:48.374 T:140241193125632   DEBUG: Skin Helper Service --> Started Background worker...
12:32:48.410 T:140241193125632   DEBUG: CFavourites::Load - no system favourites found, skipping
12:32:48.448 T:140241193125632   DEBUG: RunQuery took 20 ms for 229 items query: select * from movie_view  JOIN sets ON movie_view.idSet = sets.idSet ORDER BY sets.idSet
12:32:48.501 T:140241193125632   DEBUG: RunQuery took 3 ms for 8 items query: select * from movie_view  JOIN sets ON movie_view.idSet = sets.idSet WHERE sets.idSet=113 ORDER BY sets.idSet
12:32:48.506 T:140241174222592   DEBUG: CWebServer[8080]: request received for /jsonrpc
12:32:48.508 T:140241193125632   DEBUG: Previous line repeats 1 times.
12:32:48.508 T:140241193125632   DEBUG: RunQuery took 4 ms for 8 items query: select * from movie_view  WHERE movie_view.idSet = 113
12:32:48.518 T:140241193125632   DEBUG: RunQuery took 3 ms for 1 items query: select * from movie_view  JOIN sets ON movie_view.idSet = sets.idSet WHERE sets.idSet=114 ORDER BY sets.idSet
12:32:48.522 T:140241193125632   DEBUG: RunQuery took 3 ms for 1 items query: select * from movie_view  WHERE movie_view.idSet = 114
12:32:48.532 T:140241193125632   DEBUG: RunQuery took 3 ms for 1 items query: select * from movie_view  JOIN sets ON movie_view.idSet = sets.idSet WHERE sets.idSet=115 ORDER BY sets.idSet
12:32:48.536 T:140241193125632   DEBUG: RunQuery took 2 ms for 1 items query: select * from movie_view  WHERE movie_view.idSet = 115
12:32:48.546 T:140241193125632   DEBUG: RunQuery took 6 ms for 1 items query: select * from movie_view  JOIN sets ON movie_view.idSet = sets.idSet WHERE sets.idSet=116 ORDER BY sets.idSet
12:32:48.553 T:140241193125632   DEBUG: RunQuery took 3 ms for 1 items query: select * from movie_view  WHERE movie_view.idSet = 116
12:32:48.563 T:140241193125632   DEBUG: RunQuery took 6 ms for 2 items query: select * from movie_view  JOIN sets ON movie_view.idSet = sets.idSet WHERE sets.idSet=117 ORDER BY sets.idSet
12:32:48.570 T:140241193125632   DEBUG: RunQuery took 3 ms for 2 items query: select * from movie_view  WHERE movie_view.idSet = 117
12:32:48.581 T:140241193125632   DEBUG: RunQuery took 3 ms for 1 items query: select * from movie_view  JOIN sets ON movie_view.idSet = sets.idSet WHERE sets.idSet=118 ORDER BY sets.idSet
12:32:48.586 T:140241193125632   DEBUG: RunQuery took 2 ms for 1 items query: select * from movie_view  WHERE movie_view.idSet = 118
12:32:48.595 T:140241193125632   DEBUG: RunQuery took 5 ms for 1 items query: select * from movie_view  JOIN sets ON movie_view.idSet = sets.idSet WHERE sets.idSet=119 ORDER BY sets.idSet
12:32:48.600 T:140241193125632   DEBUG: RunQuery took 3 ms for 1 items query: select * from movie_view  WHERE movie_view.idSet = 119
12:32:48.612 T:140241193125632   DEBUG: RunQuery took 5 ms for 2 items query: select * from movie_view  JOIN sets ON movie_view.idSet = sets.idSet WHERE sets.idSet=120 ORDER BY sets.idSet
12:32:48.614 T:140244002825984   DEBUG: RunQuery took 409 ms for 10 items query: select * from episode_view  ORDER BY dateAdded desc, idEpisode desc LIMIT 10
12:32:48.618 T:140241193125632   DEBUG: RunQuery took 3 ms for 2 items query: select * from movie_view  WHERE movie_view.idSet = 120
12:32:48.621 T:140244002825984   DEBUG: RunQuery took 1 ms for 0 items query: select * from musicvideo_view  ORDER BY dateAdded desc, idMVideo desc LIMIT 10
12:32:48.622 T:140244002825984   DEBUG: CRecentlyAddedJob::UpdateTotal() - Running RecentlyAdded home screen update
12:32:48.624 T:140244002825984   DEBUG: GetArtistsByWhere query: SELECT COUNT(DISTINCT artistview.idArtist) FROM artistview  WHERE (EXISTS (SELECT 1 FROM album_artist WHERE album_artist.idArtist = artistview.idArtist)) AND (artistview.strArtist != '')
12:32:48.627 T:140241193125632   DEBUG: RunQuery took 4 ms for 2 items query: select * from movie_view  JOIN sets ON movie_view.idSet = sets.idSet WHERE sets.idSet=121 ORDER BY sets.idSet
12:32:48.635 T:140241193125632   DEBUG: RunQuery took 3 ms for 2 items query: select * from movie_view  WHERE movie_view.idSet = 121
12:32:48.648 T:140241193125632   DEBUG: RunQuery took 6 ms for 2 items query: select * from movie_view  JOIN sets ON movie_view.idSet = sets.idSet WHERE sets.idSet=122 ORDER BY sets.idSet
12:32:48.654 T:140241193125632   DEBUG: RunQuery took 3 ms for 2 items query: select * from movie_view  WHERE movie_view.idSet = 122
12:32:48.666 T:140241193125632   DEBUG: RunQuery took 5 ms for 2 items query: select * from movie_view  JOIN sets ON movie_view.idSet = sets.idSet WHERE sets.idSet=123 ORDER BY sets.idSet
12:32:48.673 T:140241193125632   DEBUG: RunQuery took 3 ms for 2 items query: select * from movie_view  WHERE movie_view.idSet = 123
12:32:48.687 T:140241193125632   DEBUG: RunQuery took 4 ms for 1 items query: select * from movie_view  JOIN sets ON movie_view.idSet = sets.idSet WHERE sets.idSet=124 ORDER BY sets.idSet
12:32:48.694 T:140241193125632   DEBUG: RunQuery took 5 ms for 1 items query: select * from movie_view  WHERE movie_view.idSet = 124
12:32:48.706 T:140241193125632   DEBUG: RunQuery took 4 ms for 3 items query: select * from movie_view  JOIN sets ON movie_view.idSet = sets.idSet WHERE sets.idSet=125 ORDER BY sets.idSet
12:32:48.715 T:140241193125632   DEBUG: RunQuery took 5 ms for 3 items query: select * from movie_view  WHERE movie_view.idSet = 125
12:32:48.731 T:140241193125632   DEBUG: RunQuery took 5 ms for 2 items query: select * from movie_view  JOIN sets ON movie_view.idSet = sets.idSet WHERE sets.idSet=126 ORDER BY sets.idSet
12:32:48.737 T:140241193125632   DEBUG: RunQuery took 3 ms for 2 items query: select * from movie_view  WHERE movie_view.idSet = 126
12:32:48.751 T:140241193125632   DEBUG: RunQuery took 5 ms for 4 items query: select * from movie_view  JOIN sets ON movie_view.idSet = sets.idSet WHERE sets.idSet=127 ORDER BY sets.idSet
12:32:48.758 T:140241193125632   DEBUG: RunQuery took 4 ms for 4 items query: select * from movie_view  WHERE movie_view.idSet = 127
12:32:48.772 T:140241193125632   DEBUG: RunQuery took 4 ms for 2 items query: select * from movie_view  JOIN sets ON movie_view.idSet = sets.idSet WHERE sets.idSet=128 ORDER BY sets.idSet
12:32:48.782 T:140241193125632   DEBUG: RunQuery took 4 ms for 2 items query: select * from movie_view  WHERE movie_view.idSet = 128
12:32:48.793 T:140241193125632   DEBUG: RunQuery took 6 ms for 2 items query: select * from movie_view  JOIN sets ON movie_view.idSet = sets.idSet WHERE sets.idSet=129 ORDER BY sets.idSet
12:32:48.801 T:140241193125632   DEBUG: RunQuery took 4 ms for 2 items query: select * from movie_view  WHERE movie_view.idSet = 129
12:32:48.815 T:140241193125632   DEBUG: RunQuery took 5 ms for 2 items query: select * from movie_view  JOIN sets ON movie_view.idSet = sets.idSet WHERE sets.idSet=130 ORDER BY sets.idSet
12:32:48.822 T:140241193125632   DEBUG: RunQuery took 3 ms for 2 items query: select * from movie_view  WHERE movie_view.idSet = 130
12:32:48.829 T:140241201518336   DEBUG: Thread Timer 140241201518336 terminating
12:32:48.835 T:140241193125632   DEBUG: RunQuery took 4 ms for 2 items query: select * from movie_view  JOIN sets ON movie_view.idSet = sets.idSet WHERE sets.idSet=131 ORDER BY sets.idSet
12:32:48.842 T:140241193125632   DEBUG: RunQuery took 4 ms for 2 items query: select * from movie_view  WHERE movie_view.idSet = 131
12:32:48.853 T:140241193125632   DEBUG: RunQuery took 4 ms for 1 items query: select * from movie_view  JOIN sets ON movie_view.idSet = sets.idSet WHERE sets.idSet=132 ORDER BY sets.idSet
12:32:48.862 T:140241193125632   DEBUG: RunQuery took 5 ms for 1 items query: select * from movie_view  WHERE movie_view.idSet = 132
12:32:48.874 T:140241193125632   DEBUG: RunQuery took 6 ms for 4 items query: select * from movie_view  JOIN sets ON movie_view.idSet = sets.idSet WHERE sets.idSet=133 ORDER BY sets.idSet
12:32:48.885 T:140241193125632   DEBUG: RunQuery took 4 ms for 4 items query: select * from movie_view  WHERE movie_view.idSet = 133
12:32:48.896 T:140241201518336   DEBUG: CWebServer[8080]: request received for /jsonrpc
12:32:48.901 T:140241193125632   DEBUG: Previous line repeats 1 times.
12:32:48.901 T:140241193125632   DEBUG: RunQuery took 4 ms for 5 items query: select * from movie_view  JOIN sets ON movie_view.idSet = sets.idSet WHERE sets.idSet=135 ORDER BY sets.idSet
12:32:48.908 T:140241193125632   DEBUG: RunQuery took 3 ms for 5 items query: select * from movie_view  WHERE movie_view.idSet = 135
12:32:48.923 T:140241193125632   DEBUG: RunQuery took 4 ms for 2 items query: select * from movie_view  JOIN sets ON movie_view.idSet = sets.idSet WHERE sets.idSet=136 ORDER BY sets.idSet
12:32:48.933 T:140241193125632   DEBUG: RunQuery took 4 ms for 2 items query: select * from movie_view  WHERE movie_view.idSet = 136
12:32:48.945 T:140241193125632   DEBUG: RunQuery took 5 ms for 1 items query: select * from movie_view  JOIN sets ON movie_view.idSet = sets.idSet WHERE sets.idSet=137 ORDER BY sets.idSet
12:32:48.952 T:140241193125632   DEBUG: RunQuery took 3 ms for 1 items query: select * from movie_view  WHERE movie_view.idSet = 137
12:32:48.964 T:140241193125632   DEBUG: RunQuery took 5 ms for 1 items query: select * from movie_view  JOIN sets ON movie_view.idSet = sets.idSet WHERE sets.idSet=138 ORDER BY sets.idSet
12:32:48.970 T:140241193125632   DEBUG: RunQuery took 3 ms for 1 items query: select * from movie_view  WHERE movie_view.idSet = 138
12:32:48.983 T:140241193125632   DEBUG: RunQuery took 5 ms for 3 items query: select * from movie_view  JOIN sets ON movie_view.idSet = sets.idSet WHERE sets.idSet=139 ORDER BY sets.idSet
12:32:48.991 T:140241193125632   DEBUG: RunQuery took 4 ms for 3 items query: select * from movie_view  WHERE movie_view.idSet = 139
12:32:49.005 T:140241193125632   DEBUG: RunQuery took 5 ms for 4 items query: select * from movie_view  JOIN sets ON movie_view.idSet = sets.idSet WHERE sets.idSet=140 ORDER BY sets.idSet
12:32:49.016 T:140241193125632   DEBUG: RunQuery took 4 ms for 4 items query: select * from movie_view  WHERE movie_view.idSet = 140
12:32:49.027 T:140241193125632   DEBUG: RunQuery took 5 ms for 1 items query: select * from movie_view  JOIN sets ON movie_view.idSet = sets.idSet WHERE sets.idSet=141 ORDER BY sets.idSet
12:32:49.035 T:140241193125632   DEBUG: RunQuery took 3 ms for 1 items query: select * from movie_view  WHERE movie_view.idSet = 141
12:32:49.048 T:140241193125632   DEBUG: RunQuery took 6 ms for 1 items query: select * from movie_view  JOIN sets ON movie_view.idSet = sets.idSet WHERE sets.idSet=142 ORDER BY sets.idSet
12:32:49.055 T:140241193125632   DEBUG: RunQuery took 3 ms for 1 items query: select * from movie_view  WHERE movie_view.idSet = 142
12:32:49.067 T:140241193125632   DEBUG: RunQuery took 4 ms for 2 items query: select * from movie_view  JOIN sets ON movie_view.idSet = sets.idSet WHERE sets.idSet=143 ORDER BY sets.idSet
12:32:49.074 T:140241193125632   DEBUG: RunQuery took 4 ms for 2 items query: select * from movie_view  WHERE movie_view.idSet = 143
12:32:49.085 T:140241193125632   DEBUG: RunQuery took 4 ms for 4 items query: select * from movie_view  JOIN sets ON movie_view.idSet = sets.idSet WHERE sets.idSet=144 ORDER BY sets.idSet
12:32:49.094 T:140241193125632   DEBUG: RunQuery took 5 ms for 4 items query: select * from movie_view  WHERE movie_view.idSet = 144
12:32:49.102 T:140241193125632   DEBUG: RunQuery took 3 ms for 2 items query: select * from movie_view  JOIN sets ON movie_view.idSet = sets.idSet WHERE sets.idSet=145 ORDER BY sets.idSet
12:32:49.108 T:140241193125632   DEBUG: RunQuery took 3 ms for 2 items query: select * from movie_view  WHERE movie_view.idSet = 145
12:32:49.117 T:140241193125632   DEBUG: RunQuery took 3 ms for 1 items query: select * from movie_view  JOIN sets ON movie_view.idSet = sets.idSet WHERE sets.idSet=146 ORDER BY sets.idSet
12:32:49.122 T:140241193125632   DEBUG: RunQuery took 2 ms for 1 items query: select * from movie_view  WHERE movie_view.idSet = 146
12:32:49.135 T:140241193125632   DEBUG: RunQuery took 5 ms for 2 items query: select * from movie_view  JOIN sets ON movie_view.idSet = sets.idSet WHERE sets.idSet=147 ORDER BY sets.idSet
12:32:49.142 T:140241193125632   DEBUG: RunQuery took 3 ms for 2 items query: select * from movie_view  WHERE movie_view.idSet = 147
12:32:49.151 T:140241193125632   DEBUG: RunQuery took 3 ms for 1 items query: select * from movie_view  JOIN sets ON movie_view.idSet = sets.idSet WHERE sets.idSet=148 ORDER BY sets.idSet
12:32:49.156 T:140241193125632   DEBUG: RunQuery took 2 ms for 1 items query: select * from movie_view  WHERE movie_view.idSet = 148
12:32:49.168 T:140241193125632   DEBUG: RunQuery took 4 ms for 4 items query: select * from movie_view  JOIN sets ON movie_view.idSet = sets.idSet WHERE sets.idSet=149 ORDER BY sets.idSet
12:32:49.174 T:140241193125632   DEBUG: RunQuery took 4 ms for 4 items query: select * from movie_view  WHERE movie_view.idSet = 149
