15:39:51.509 T:139943231162112   DEBUG: RunQuery took 0 ms for 2 items query: select * from movie_view  WHERE movie_view.idSet = 155
15:39:51.513 T:139943231162112   DEBUG: RunQuery took 0 ms for 7 items query: select * from movie_view  JOIN sets ON movie_view.idSet = sets.idSet WHERE sets.idSet=157 ORDER BY sets.idSet
15:39:51.516 T:139945085646592   DEBUG: RunQuery took 6 ms for 179 items query: select * from episode_view  WHERE (episode_view.idShow = 996) AND (((episode_view.playCount IS NULL OR episode_view.playCount < 1)) AND ((episode_view.playCount IS NULL OR episode_view.playCount < 1)))
15:39:51.516 T:139945085646592   DEBUG: DatabaseUtils::GetSortFieldList: unknown field 30
15:39:51.517 T:139943231162112   DEBUG: RunQuery took 1 ms for 7 items query: select * from movie_view  WHERE movie_view.idSet = 157
15:39:51.523 T:139943231162112   DEBUG: RunQuery took 0 ms for 1 items query: select * from movie_view  JOIN sets ON movie_view.idSet = sets.idSet WHERE sets.idSet=158 ORDER BY sets.idSet
15:39:51.527 T:139943231162112   DEBUG: RunQuery took 0 ms for 1 items query: select * from movie_view  WHERE movie_view.idSet = 158
15:39:51.532 T:139943231162112   DEBUG: RunQuery took 0 ms for 2 items query: select * from movie_view  JOIN sets ON movie_view.idSet = sets.idSet WHERE sets.idSet=159 ORDER BY sets.idSet
15:39:51.532 T:139945085646592   DEBUG: RunQuery took 2 ms for 2 items query: select * from episode_view  WHERE (episode_view.idShow = 739) AND (((episode_view.playCount IS NULL OR episode_view.playCount < 1)) AND ((episode_view.playCount IS NULL OR episode_view.playCount < 1)))
15:39:51.532 T:139945085646592   DEBUG: DatabaseUtils::GetSortFieldList: unknown field 30
15:39:51.536 T:139943231162112   DEBUG: RunQuery took 1 ms for 2 items query: select * from movie_view  WHERE movie_view.idSet = 159
15:39:51.540 T:139943231162112   DEBUG: RunQuery took 0 ms for 1 items query: select * from movie_view  JOIN sets ON movie_view.idSet = sets.idSet WHERE sets.idSet=160 ORDER BY sets.idSet
15:39:51.542 T:139945085646592   DEBUG: RunQuery took 3 ms for 89 items query: select * from episode_view  WHERE (episode_view.idShow = 821) AND (((episode_view.playCount IS NULL OR episode_view.playCount < 1)) AND ((episode_view.playCount IS NULL OR episode_view.playCount < 1)))
15:39:51.542 T:139945085646592   DEBUG: DatabaseUtils::GetSortFieldList: unknown field 30
15:39:51.543 T:139943231162112   DEBUG: RunQuery took 0 ms for 1 items query: select * from movie_view  WHERE movie_view.idSet = 160
15:39:51.548 T:139943231162112   DEBUG: RunQuery took 0 ms for 1 items query: select * from movie_view  JOIN sets ON movie_view.idSet = sets.idSet WHERE sets.idSet=161 ORDER BY sets.idSet
15:39:51.552 T:139945085646592   DEBUG: Library Data Provider: Total time needed for all queries: 0:00:06.130454
15:39:51.552 T:139943231162112   DEBUG: RunQuery took 0 ms for 1 items query: select * from movie_view  WHERE movie_view.idSet = 161
15:39:51.557 T:139943231162112   DEBUG: RunQuery took 0 ms for 3 items query: select * from movie_view  JOIN sets ON movie_view.idSet = sets.idSet WHERE sets.idSet=162 ORDER BY sets.idSet
15:39:51.560 T:139943231162112   DEBUG: RunQuery took 0 ms for 3 items query: select * from movie_view  WHERE movie_view.idSet = 162
15:39:51.565 T:139943231162112   DEBUG: RunQuery took 0 ms for 1 items query: select * from movie_view  JOIN sets ON movie_view.idSet = sets.idSet WHERE sets.idSet=163 ORDER BY sets.idSet
15:39:51.568 T:139943231162112   DEBUG: RunQuery took 0 ms for 1 items query: select * from movie_view  WHERE movie_view.idSet = 163
15:39:51.572 T:139943231162112   DEBUG: RunQuery took 0 ms for 1 items query: select * from movie_view  JOIN sets ON movie_view.idSet = sets.idSet WHERE sets.idSet=164 ORDER BY sets.idSet
15:39:51.575 T:139943231162112   DEBUG: RunQuery took 0 ms for 1 items query: select * from movie_view  WHERE movie_view.idSet = 164
15:39:51.579 T:139943231162112   DEBUG: RunQuery took 0 ms for 4 items query: select * from movie_view  JOIN sets ON movie_view.idSet = sets.idSet WHERE sets.idSet=165 ORDER BY sets.idSet
15:39:51.582 T:139943231162112   DEBUG: RunQuery took 0 ms for 4 items query: select * from movie_view  WHERE movie_view.idSet = 165
15:39:51.587 T:139943231162112   DEBUG: RunQuery took 0 ms for 1 items query: select * from movie_view  JOIN sets ON movie_view.idSet = sets.idSet WHERE sets.idSet=166 ORDER BY sets.idSet
15:39:51.590 T:139943231162112   DEBUG: RunQuery took 0 ms for 1 items query: select * from movie_view  WHERE movie_view.idSet = 166
15:39:51.598 T:139943231162112   DEBUG: RunQuery took 4 ms for 4 items query: select * from movie_view  JOIN sets ON movie_view.idSet = sets.idSet WHERE sets.idSet=167 ORDER BY sets.idSet
15:39:51.603 T:139943231162112   DEBUG: RunQuery took 2 ms for 4 items query: select * from movie_view  WHERE movie_view.idSet = 167
15:39:51.607 T:139943231162112   DEBUG: RunQuery took 0 ms for 1 items query: select * from movie_view  JOIN sets ON movie_view.idSet = sets.idSet WHERE sets.idSet=168 ORDER BY sets.idSet
15:39:51.609 T:139943231162112   DEBUG: RunQuery took 1 ms for 1 items query: select * from movie_view  WHERE movie_view.idSet = 168
15:39:51.614 T:139943231162112   DEBUG: RunQuery took 0 ms for 1 items query: select * from movie_view  JOIN sets ON movie_view.idSet = sets.idSet WHERE sets.idSet=170 ORDER BY sets.idSet
15:39:51.617 T:139943231162112   DEBUG: RunQuery took 0 ms for 1 items query: select * from movie_view  WHERE movie_view.idSet = 170
15:39:51.621 T:139943231162112   DEBUG: RunQuery took 0 ms for 2 items query: select * from movie_view  JOIN sets ON movie_view.idSet = sets.idSet WHERE sets.idSet=171 ORDER BY sets.idSet
15:39:51.624 T:139943231162112   DEBUG: RunQuery took 0 ms for 2 items query: select * from movie_view  WHERE movie_view.idSet = 171
15:39:51.629 T:139943231162112   DEBUG: RunQuery took 0 ms for 1 items query: select * from movie_view  JOIN sets ON movie_view.idSet = sets.idSet WHERE sets.idSet=172 ORDER BY sets.idSet
15:39:51.632 T:139943231162112   DEBUG: RunQuery took 0 ms for 1 items query: select * from movie_view  WHERE movie_view.idSet = 172
15:39:51.636 T:139943231162112   DEBUG: RunQuery took 0 ms for 2 items query: select * from movie_view  JOIN sets ON movie_view.idSet = sets.idSet WHERE sets.idSet=173 ORDER BY sets.idSet
15:39:51.638 T:139943231162112   DEBUG: RunQuery took 0 ms for 2 items query: select * from movie_view  WHERE movie_view.idSet = 173
15:39:51.642 T:139943231162112   DEBUG: RunQuery took 0 ms for 1 items query: select * from movie_view  JOIN sets ON movie_view.idSet = sets.idSet WHERE sets.idSet=175 ORDER BY sets.idSet
15:39:51.644 T:139943231162112   DEBUG: RunQuery took 1 ms for 1 items query: select * from movie_view  WHERE movie_view.idSet = 175
15:39:51.650 T:139943231162112   DEBUG: RunQuery took 0 ms for 7 items query: select * from movie_view  JOIN sets ON movie_view.idSet = sets.idSet WHERE sets.idSet=176 ORDER BY sets.idSet
15:39:51.654 T:139943231162112   DEBUG: RunQuery took 1 ms for 7 items query: select * from movie_view  WHERE movie_view.idSet = 176
15:39:51.660 T:139943231162112   DEBUG: RunQuery took 0 ms for 1 items query: select * from movie_view  JOIN sets ON movie_view.idSet = sets.idSet WHERE sets.idSet=177 ORDER BY sets.idSet
15:39:51.663 T:139943231162112   DEBUG: RunQuery took 0 ms for 1 items query: select * from movie_view  WHERE movie_view.idSet = 177
15:39:51.668 T:139943231162112   DEBUG: RunQuery took 0 ms for 1 items query: select * from movie_view  JOIN sets ON movie_view.idSet = sets.idSet WHERE sets.idSet=178 ORDER BY sets.idSet
15:39:51.670 T:139943231162112   DEBUG: RunQuery took 0 ms for 1 items query: select * from movie_view  WHERE movie_view.idSet = 178
15:39:51.674 T:139943231162112   DEBUG: RunQuery took 0 ms for 1 items query: select * from movie_view  JOIN sets ON movie_view.idSet = sets.idSet WHERE sets.idSet=179 ORDER BY sets.idSet
15:39:51.676 T:139943231162112   DEBUG: RunQuery took 1 ms for 1 items query: select * from movie_view  WHERE movie_view.idSet = 179
15:39:51.681 T:139943231162112   DEBUG: RunQuery took 0 ms for 1 items query: select * from movie_view  JOIN sets ON movie_view.idSet = sets.idSet WHERE sets.idSet=180 ORDER BY sets.idSet
15:39:51.684 T:139943231162112   DEBUG: RunQuery took 0 ms for 1 items query: select * from movie_view  WHERE movie_view.idSet = 180
15:39:51.689 T:139943231162112   DEBUG: RunQuery took 0 ms for 2 items query: select * from movie_view  JOIN sets ON movie_view.idSet = sets.idSet WHERE sets.idSet=181 ORDER BY sets.idSet
15:39:51.692 T:139943231162112   DEBUG: RunQuery took 0 ms for 2 items query: select * from movie_view  WHERE movie_view.idSet = 181
15:39:51.697 T:139943231162112   DEBUG: RunQuery took 0 ms for 3 items query: select * from movie_view  JOIN sets ON movie_view.idSet = sets.idSet WHERE sets.idSet=182 ORDER BY sets.idSet
15:39:51.700 T:139943231162112   DEBUG: RunQuery took 0 ms for 3 items query: select * from movie_view  WHERE movie_view.idSet = 182
15:39:51.704 T:139943231162112   DEBUG: RunQuery took 0 ms for 2 items query: select * from movie_view  JOIN sets ON movie_view.idSet = sets.idSet WHERE sets.idSet=184 ORDER BY sets.idSet
15:39:51.707 T:139943231162112   DEBUG: RunQuery took 0 ms for 2 items query: select * from movie_view  WHERE movie_view.idSet = 184
15:39:51.711 T:139943231162112   DEBUG: RunQuery took 0 ms for 1 items query: select * from movie_view  JOIN sets ON movie_view.idSet = sets.idSet WHERE sets.idSet=185 ORDER BY sets.idSet
15:39:51.714 T:139943231162112   DEBUG: RunQuery took 0 ms for 1 items query: select * from movie_view  WHERE movie_view.idSet = 185
15:39:51.719 T:139943231162112   DEBUG: RunQuery took 0 ms for 4 items query: select * from movie_view  JOIN sets ON movie_view.idSet = sets.idSet WHERE sets.idSet=186 ORDER BY sets.idSet
15:39:51.722 T:139943231162112   DEBUG: RunQuery took 1 ms for 4 items query: select * from movie_view  WHERE movie_view.idSet = 186
15:39:51.728 T:139943231162112   DEBUG: RunQuery took 0 ms for 3 items query: select * from movie_view  JOIN sets ON movie_view.idSet = sets.idSet WHERE sets.idSet=187 ORDER BY sets.idSet
15:39:51.731 T:139943231162112   DEBUG: RunQuery took 0 ms for 3 items query: select * from movie_view  WHERE movie_view.idSet = 187
15:39:51.736 T:139943231162112   DEBUG: RunQuery took 0 ms for 1 items query: select * from movie_view  JOIN sets ON movie_view.idSet = sets.idSet WHERE sets.idSet=188 ORDER BY sets.idSet
15:39:51.738 T:139943231162112   DEBUG: RunQuery took 0 ms for 1 items query: select * from movie_view  WHERE movie_view.idSet = 188
15:39:51.742 T:139943231162112   DEBUG: RunQuery took 0 ms for 1 items query: select * from movie_view  JOIN sets ON movie_view.idSet = sets.idSet WHERE sets.idSet=189 ORDER BY sets.idSet
15:39:51.744 T:139943231162112   DEBUG: RunQuery took 1 ms for 1 items query: select * from movie_view  WHERE movie_view.idSet = 189
15:39:51.749 T:139943231162112   DEBUG: RunQuery took 1 ms for 2 items query: select * from movie_view  JOIN sets ON movie_view.idSet = sets.idSet WHERE sets.idSet=190 ORDER BY sets.idSet
15:39:51.753 T:139943231162112   DEBUG: RunQuery took 0 ms for 2 items query: select * from movie_view  WHERE movie_view.idSet = 190
15:39:51.758 T:139943231162112   DEBUG: RunQuery took 0 ms for 5 items query: select * from movie_view  JOIN sets ON movie_view.idSet = sets.idSet WHERE sets.idSet=191 ORDER BY sets.idSet
15:39:51.761 T:139943231162112   DEBUG: RunQuery took 0 ms for 5 items query: select * from movie_view  WHERE movie_view.idSet = 191
15:39:51.766 T:139943231162112   DEBUG: RunQuery took 0 ms for 2 items query: select * from movie_view  JOIN sets ON movie_view.idSet = sets.idSet WHERE sets.idSet=192 ORDER BY sets.idSet
15:39:51.769 T:139943231162112   DEBUG: RunQuery took 0 ms for 2 items query: select * from movie_view  WHERE movie_view.idSet = 192
15:39:51.773 T:139943231162112   DEBUG: RunQuery took 0 ms for 2 items query: select * from movie_view  JOIN sets ON movie_view.idSet = sets.idSet WHERE sets.idSet=193 ORDER BY sets.idSet
15:39:51.776 T:139943231162112   DEBUG: RunQuery took 0 ms for 2 items query: select * from movie_view  WHERE movie_view.idSet = 193
15:39:51.780 T:139943231162112   DEBUG: RunQuery took 0 ms for 1 items query: select * from movie_view  JOIN sets ON movie_view.idSet = sets.idSet WHERE sets.idSet=194 ORDER BY sets.idSet
15:39:51.783 T:139943231162112   DEBUG: RunQuery took 1 ms for 1 items query: select * from movie_view  WHERE movie_view.idSet = 194
15:39:51.788 T:139943231162112   DEBUG: RunQuery took 1 ms for 2 items query: select * from movie_view  JOIN sets ON movie_view.idSet = sets.idSet WHERE sets.idSet=195 ORDER BY sets.idSet
15:39:51.792 T:139943231162112   DEBUG: RunQuery took 0 ms for 2 items query: select * from movie_view  WHERE movie_view.idSet = 195
15:39:51.797 T:139943231162112   DEBUG: RunQuery took 1 ms for 3 items query: select * from movie_view  JOIN sets ON movie_view.idSet = sets.idSet WHERE sets.idSet=196 ORDER BY sets.idSet
15:39:51.800 T:139943231162112   DEBUG: RunQuery took 0 ms for 3 items query: select * from movie_view  WHERE movie_view.idSet = 196
15:39:51.804 T:139943231162112   DEBUG: RunQuery took 0 ms for 1 items query: select * from movie_view  JOIN sets ON movie_view.idSet = sets.idSet WHERE sets.idSet=197 ORDER BY sets.idSet
15:39:51.807 T:139943231162112   DEBUG: RunQuery took 0 ms for 1 items query: select * from movie_view  WHERE movie_view.idSet = 197
15:39:51.811 T:139943231162112   DEBUG: RunQuery took 1 ms for 2 items query: select * from movie_view  JOIN sets ON movie_view.idSet = sets.idSet WHERE sets.idSet=198 ORDER BY sets.idSet
15:39:51.814 T:139943231162112   DEBUG: RunQuery took 0 ms for 2 items query: select * from movie_view  WHERE movie_view.idSet = 198
15:39:51.819 T:139943231162112   DEBUG: RunQuery took 1 ms for 3 items query: select * from movie_view  JOIN sets ON movie_view.idSet = sets.idSet WHERE sets.idSet=199 ORDER BY sets.idSet
15:39:51.822 T:139943231162112   DEBUG: RunQuery took 0 ms for 3 items query: select * from movie_view  WHERE movie_view.idSet = 199
15:39:51.828 T:139943231162112   DEBUG: RunQuery took 0 ms for 3 items query: select * from movie_view  JOIN sets ON movie_view.idSet = sets.idSet WHERE sets.idSet=200 ORDER BY sets.idSet
15:39:51.832 T:139943231162112   DEBUG: RunQuery took 1 ms for 3 items query: select * from movie_view  WHERE movie_view.idSet = 200
15:39:51.837 T:139943231162112   DEBUG: RunQuery took 0 ms for 1 items query: select * from movie_view  JOIN sets ON movie_view.idSet = sets.idSet WHERE sets.idSet=201 ORDER BY sets.idSet
15:39:51.840 T:139943231162112   DEBUG: RunQuery took 0 ms for 1 items query: select * from movie_view  WHERE movie_view.idSet = 201
15:39:51.844 T:139943231162112   DEBUG: RunQuery took 0 ms for 1 items query: select * from movie_view  JOIN sets ON movie_view.idSet = sets.idSet WHERE sets.idSet=202 ORDER BY sets.idSet
15:39:51.847 T:139943231162112   DEBUG: RunQuery took 0 ms for 1 items query: select * from movie_view  WHERE movie_view.idSet = 202
15:39:51.852 T:139943231162112   DEBUG: RunQuery took 0 ms for 1 items query: select * from movie_view  JOIN sets ON movie_view.idSet = sets.idSet WHERE sets.idSet=203 ORDER BY sets.idSet
15:39:51.855 T:139943231162112   DEBUG: RunQuery took 0 ms for 1 items query: select * from movie_view  WHERE movie_view.idSet = 203
15:39:51.859 T:139943231162112   DEBUG: RunQuery took 1 ms for 3 items query: select * from movie_view  JOIN sets ON movie_view.idSet = sets.idSet WHERE sets.idSet=204 ORDER BY sets.idSet
15:39:51.863 T:139943231162112   DEBUG: RunQuery took 0 ms for 3 items query: select * from movie_view  WHERE movie_view.idSet = 204
15:39:51.867 T:139943231162112   DEBUG: RunQuery took 1 ms for 3 items query: select * from movie_view  JOIN sets ON movie_view.idSet = sets.idSet WHERE sets.idSet=205 ORDER BY sets.idSet
15:39:51.871 T:139943231162112   DEBUG: RunQuery took 0 ms for 3 items query: select * from movie_view  WHERE movie_view.idSet = 205
15:39:51.875 T:139943231162112   DEBUG: RunQuery took 0 ms for 1 items query: select * from movie_view  JOIN sets ON movie_view.idSet = sets.idSet WHERE sets.idSet=206 ORDER BY sets.idSet
15:39:51.877 T:139943231162112   DEBUG: RunQuery took 1 ms for 1 items query: select * from movie_view  WHERE movie_view.idSet = 206
15:39:51.882 T:139943231162112   DEBUG: RunQuery took 0 ms for 2 items query: select * from movie_view  JOIN sets ON movie_view.idSet = sets.idSet WHERE sets.idSet=207 ORDER BY sets.idSet
15:39:51.885 T:139943231162112   DEBUG: RunQuery took 1 ms for 2 items query: select * from movie_view  WHERE movie_view.idSet = 207
15:39:51.890 T:139943231162112   DEBUG: RunQuery took 0 ms for 1 items query: select * from movie_view  JOIN sets ON movie_view.idSet = sets.idSet WHERE sets.idSet=208 ORDER BY sets.idSet
15:39:51.893 T:139943231162112   DEBUG: RunQuery took 0 ms for 1 items query: select * from movie_view  WHERE movie_view.idSet = 208
15:39:51.901 T:139943231162112   DEBUG: RunQuery took 3 ms for 5 items query: select * from movie_view  JOIN sets ON movie_view.idSet = sets.idSet WHERE sets.idSet=209 ORDER BY sets.idSet
15:39:51.906 T:139943231162112   DEBUG: RunQuery took 2 ms for 5 items query: select * from movie_view  WHERE movie_view.idSet = 209
15:39:51.911 T:139943231162112   DEBUG: RunQuery took 0 ms for 3 items query: select * from movie_view  JOIN sets ON movie_view.idSet = sets.idSet WHERE sets.idSet=210 ORDER BY sets.idSet
15:39:51.914 T:139943231162112   DEBUG: RunQuery took 0 ms for 3 items query: select * from movie_view  WHERE movie_view.idSet = 210
15:39:51.919 T:139943231162112   DEBUG: RunQuery took 0 ms for 2 items query: select * from movie_view  JOIN sets ON movie_view.idSet = sets.idSet WHERE sets.idSet=211 ORDER BY sets.idSet
15:39:51.922 T:139943231162112   DEBUG: RunQuery took 0 ms for 2 items query: select * from movie_view  WHERE movie_view.idSet = 211
15:39:51.927 T:139943231162112   DEBUG: RunQuery took 0 ms for 1 items query: select * from movie_view  JOIN sets ON movie_view.idSet = sets.idSet WHERE sets.idSet=212 ORDER BY sets.idSet
15:39:51.930 T:139943231162112   DEBUG: RunQuery took 0 ms for 1 items query: select * from movie_view  WHERE movie_view.idSet = 212
15:39:51.935 T:139943231162112   DEBUG: RunQuery took 0 ms for 2 items query: select * from movie_view  JOIN sets ON movie_view.idSet = sets.idSet WHERE sets.idSet=213 ORDER BY sets.idSet
15:39:51.937 T:139943231162112   DEBUG: RunQuery took 0 ms for 2 items query: select * from movie_view  WHERE movie_view.idSet = 213
15:39:51.941 T:139943231162112   DEBUG: RunQuery took 0 ms for 1 items query: select * from movie_view  JOIN sets ON movie_view.idSet = sets.idSet WHERE sets.idSet=214 ORDER BY sets.idSet
15:39:51.944 T:139943231162112   DEBUG: RunQuery took 0 ms for 1 items query: select * from movie_view  WHERE movie_view.idSet = 214
15:39:51.949 T:139943231162112   DEBUG: RunQuery took 0 ms for 5 items query: select * from movie_view  JOIN sets ON movie_view.idSet = sets.idSet WHERE sets.idSet=215 ORDER BY sets.idSet
15:39:51.952 T:139943231162112   DEBUG: RunQuery took 1 ms for 5 items query: select * from movie_view  WHERE movie_view.idSet = 215
15:39:51.958 T:139943231162112   DEBUG: RunQuery took 0 ms for 3 items query: select * from movie_view  JOIN sets ON movie_view.idSet = sets.idSet WHERE sets.idSet=216 ORDER BY sets.idSet
15:39:51.961 T:139943231162112   DEBUG: RunQuery took 0 ms for 3 items query: select * from movie_view  WHERE movie_view.idSet = 216
15:39:51.966 T:139943231162112   DEBUG: RunQuery took 0 ms for 1 items query: select * from movie_view  JOIN sets ON movie_view.idSet = sets.idSet WHERE sets.idSet=217 ORDER BY sets.idSet
15:39:51.969 T:139943231162112   DEBUG: RunQuery took 0 ms for 1 items query: select * from movie_view  WHERE movie_view.idSet = 217
15:39:51.973 T:139943231162112   DEBUG: RunQuery took 0 ms for 1 items query: select * from movie_view  JOIN sets ON movie_view.idSet = sets.idSet WHERE sets.idSet=218 ORDER BY sets.idSet
15:39:51.976 T:139943231162112   DEBUG: RunQuery took 0 ms for 1 items query: select * from movie_view  WHERE movie_view.idSet = 218
15:39:51.980 T:139943231162112   DEBUG: RunQuery took 0 ms for 1 items query: select * from movie_view  JOIN sets ON movie_view.idSet = sets.idSet WHERE sets.idSet=219 ORDER BY sets.idSet
15:39:51.983 T:139943231162112   DEBUG: RunQuery took 0 ms for 1 items query: select * from movie_view  WHERE movie_view.idSet = 219
15:39:51.987 T:139943231162112   DEBUG: RunQuery took 0 ms for 1 items query: select * from movie_view  JOIN sets ON movie_view.idSet = sets.idSet WHERE sets.idSet=220 ORDER BY sets.idSet
15:39:51.991 T:139943231162112   DEBUG: RunQuery took 0 ms for 1 items query: select * from movie_view  WHERE movie_view.idSet = 220
15:39:51.995 T:139943231162112   DEBUG: RunQuery took 0 ms for 1 items query: select * from movie_view  JOIN sets ON movie_view.idSet = sets.idSet WHERE sets.idSet=221 ORDER BY sets.idSet
15:39:51.998 T:139943231162112   DEBUG: RunQuery took 0 ms for 1 items query: select * from movie_view  WHERE movie_view.idSet = 221
15:39:52.002 T:139943231162112   DEBUG: RunQuery took 0 ms for 1 items query: select * from movie_view  JOIN sets ON movie_view.idSet = sets.idSet WHERE sets.idSet=222 ORDER BY sets.idSet
15:39:52.005 T:139943231162112   DEBUG: RunQuery took 0 ms for 1 items query: select * from movie_view  WHERE movie_view.idSet = 222
15:39:52.009 T:139943231162112   DEBUG: RunQuery took 0 ms for 1 items query: select * from movie_view  JOIN sets ON movie_view.idSet = sets.idSet WHERE sets.idSet=223 ORDER BY sets.idSet
15:39:52.011 T:139943231162112   DEBUG: RunQuery took 1 ms for 1 items query: select * from movie_view  WHERE movie_view.idSet = 223
15:39:52.017 T:139943231162112   DEBUG: RunQuery took 0 ms for 2 items query: select * from movie_view  JOIN sets ON movie_view.idSet = sets.idSet WHERE sets.idSet=224 ORDER BY sets.idSet
15:39:52.019 T:139943231162112   DEBUG: RunQuery took 0 ms for 2 items query: select * from movie_view  WHERE movie_view.idSet = 224
15:39:52.024 T:139943231162112   DEBUG: RunQuery took 0 ms for 2 items query: select * from movie_view  JOIN sets ON movie_view.idSet = sets.idSet WHERE sets.idSet=225 ORDER BY sets.idSet
15:39:52.027 T:139943231162112   DEBUG: RunQuery took 0 ms for 2 items query: select * from movie_view  WHERE movie_view.idSet = 225
15:39:52.032 T:139943231162112   DEBUG: RunQuery took 0 ms for 3 items query: select * from movie_view  JOIN sets ON movie_view.idSet = sets.idSet WHERE sets.idSet=226 ORDER BY sets.idSet
15:39:52.035 T:139943231162112   DEBUG: RunQuery took 0 ms for 3 items query: select * from movie_view  WHERE movie_view.idSet = 226
15:39:52.039 T:139943231162112   DEBUG: RunQuery took 0 ms for 1 items query: select * from movie_view  JOIN sets ON movie_view.idSet = sets.idSet WHERE sets.idSet=227 ORDER BY sets.idSet
15:39:52.041 T:139943231162112   DEBUG: RunQuery took 1 ms for 1 items query: select * from movie_view  WHERE movie_view.idSet = 227
15:39:52.046 T:139943231162112   DEBUG: RunQuery took 0 ms for 1 items query: select * from movie_view  JOIN sets ON movie_view.idSet = sets.idSet WHERE sets.idSet=228 ORDER BY sets.idSet
15:39:52.049 T:139943231162112   DEBUG: RunQuery took 0 ms for 1 items query: select * from movie_view  WHERE movie_view.idSet = 228
15:39:52.053 T:139943231162112   DEBUG: RunQuery took 0 ms for 1 items query: select * from movie_view  JOIN sets ON movie_view.idSet = sets.idSet WHERE sets.idSet=229 ORDER BY sets.idSet
15:39:52.056 T:139943231162112   DEBUG: RunQuery took 0 ms for 1 items query: select * from movie_view  WHERE movie_view.idSet = 229
15:39:52.081 T:139943231162112   DEBUG: Skin Helper Service --> Ended Background worker...
15:39:52.567 T:139943413786368    INFO: ## LibreELEC Addon ## system::set_hostname ## office
15:39:52.567 T:139943413786368    INFO: ## LibreELEC Addon ## system::set_keyboard_layout ## us,us -model pc105
15:39:52.619 T:139943231162112   DEBUG: CWebServer[8080]: request received for /jsonrpc
15:39:52.625 T:139943413786368   DEBUG: Previous line repeats 2 times.
15:39:52.625 T:139943413786368    INFO: ## LibreELEC Addon ## system::updateThread ## Started
15:39:52.625 T:139943413786368    INFO: ## LibreELEC Addon ## system::set_auto_update ## manual
15:39:52.627 T:139944093792000   DEBUG: CWebServer[8080]: request received for /jsonrpc
15:39:52.642 T:139943231162112    INFO: ## LibreELEC Addon ## _service_::run ## WAITING:
15:39:52.645 T:139943208593152    INFO: ## LibreELEC Addon ## xdbus Monitor started. ##
15:39:53.033 T:139944114513664   DEBUG: CWebServer[8080]: request received for /jsonrpc
15:39:53.791 T:139943261222656   DEBUG: Previous line repeats 1 times.
15:39:53.791 T:139943261222656  NOTICE: [PTV Preset Timer] DEBUG: Today is Thursday (weekday=3)
15:39:53.791 T:139943261222656  NOTICE: [PTV Preset Timer] DEBUG: Setting name: ThursdayPreset
15:39:53.791 T:139943261222656  NOTICE: [PTV Preset Timer] DEBUG: Raw preset value: '2' (int: 2)
15:39:53.791 T:139943261222656  NOTICE: [PTV Preset Timer] DEBUG: Available presets: ['Alpha', 'Omega', 'Delta', 'Epsilon', 'Gamma', 'Sigma', 'Omicron', 'Theta', 'Lambda']
15:39:53.791 T:139943261222656  NOTICE: [PTV Preset Timer] Today's preset for Thursday: Omega (index=1)
15:39:54.628 T:139943439488768   DEBUG: CWebServer[8080]: request received for /jsonrpc
15:39:58.183 T:139946411292800   DEBUG: Previous line repeats 11 times.
15:39:58.183 T:139946411292800   DEBUG: ------ Window Deinit (DialogNotification.xml) ------
15:39:58.638 T:139944093792000   DEBUG: CWebServer[8080]: request received for /jsonrpc
15:40:00.476 T:139943269615360   DEBUG: Previous line repeats 5 times.
15:40:00.476 T:139943269615360   ERROR: [PTV Shutdown Timer] Checking schedule 'Bedtime'
15:40:00.476 T:139943269615360   ERROR: [PTV Shutdown Timer] Current time: 15:40
15:40:00.476 T:139943269615360   ERROR: [PTV Shutdown Timer] Shutdown time: 0:15
15:40:00.476 T:139943269615360   ERROR: [PTV Shutdown Timer] Minutes from midnight - Current: 940, Shutdown: 15
15:40:00.476 T:139943269615360   ERROR: [PTV Shutdown Timer] Time match (within window): False
15:40:00.476 T:139943269615360   ERROR: [PTV Shutdown Timer] Current day index: 3
15:40:00.476 T:139943269615360   ERROR: [PTV Shutdown Timer] Day match: False
15:40:00.476 T:139943269615360   ERROR: [PTV Shutdown Timer] Shutdown should trigger: False (Action: 1)
15:40:00.476 T:139943269615360   ERROR: [PTV Shutdown Timer] Checking schedule 'Late Night'
15:40:00.476 T:139943269615360   ERROR: [PTV Shutdown Timer] Current time: 15:40
15:40:00.476 T:139943269615360   ERROR: [PTV Shutdown Timer] Shutdown time: 3:30
15:40:00.476 T:139943269615360   ERROR: [PTV Shutdown Timer] Minutes from midnight - Current: 940, Shutdown: 210
15:40:00.477 T:139943269615360   ERROR: [PTV Shutdown Timer] Time match (within window): False
15:40:00.477 T:139943269615360   ERROR: [PTV Shutdown Timer] Current day index: 3
15:40:00.477 T:139943269615360   ERROR: [PTV Shutdown Timer] Day match: True
15:40:00.477 T:139943269615360   ERROR: [PTV Shutdown Timer] Shutdown should trigger: False (Action: 1)
15:40:00.642 T:139944093792000   DEBUG: CWebServer[8080]: request received for /jsonrpc
15:40:02.833 T:139946411292800   DEBUG: Previous line repeats 9 times.
15:40:02.833 T:139946411292800   DEBUG: Keyboard: scancode: 0x6f, sym: 0x0111, unicode: 0x0000, modifier: 0x0
15:40:02.833 T:139946411292800   DEBUG: OnKey: up (0xf080) pressed, action is Up
15:40:02.950 T:139946411292800   DEBUG: Keyboard: scancode: 0x6f, sym: 0x0111, unicode: 0x0000, modifier: 0x0
15:40:03.089 T:139944093792000   DEBUG: CWebServer[8080]: request received for /jsonrpc
15:40:03.148 T:139946411292800   DEBUG: Previous line repeats 1 times.
15:40:03.148 T:139946411292800   DEBUG: Keyboard: scancode: 0x6f, sym: 0x0111, unicode: 0x0000, modifier: 0x0
15:40:03.148 T:139946411292800   DEBUG: OnKey: up (0xf080) pressed, action is Up
15:40:03.284 T:139946411292800   DEBUG: Keyboard: scancode: 0x6f, sym: 0x0111, unicode: 0x0000, modifier: 0x0
15:40:03.794 T:139943261222656  NOTICE: [PTV Preset Timer] DEBUG: Today is Thursday (weekday=3)
15:40:03.794 T:139943261222656  NOTICE: [PTV Preset Timer] DEBUG: Setting name: ThursdayPreset
15:40:03.794 T:139943261222656  NOTICE: [PTV Preset Timer] DEBUG: Raw preset value: '2' (int: 2)
15:40:03.794 T:139943261222656  NOTICE: [PTV Preset Timer] DEBUG: Available presets: ['Alpha', 'Omega', 'Delta', 'Epsilon', 'Gamma', 'Sigma', 'Omicron', 'Theta', 'Lambda']
15:40:03.794 T:139943261222656  NOTICE: [PTV Preset Timer] Today's preset for Thursday: Omega (index=1)
15:40:04.411 T:139946411292800   DEBUG: Keyboard: scancode: 0x74, sym: 0x0112, unicode: 0x0000, modifier: 0x0
15:40:04.411 T:139946411292800   DEBUG: OnKey: down (0xf081) pressed, action is Down
15:40:04.651 T:139946411292800   DEBUG: Keyboard: scancode: 0x74, sym: 0x0112, unicode: 0x0000, modifier: 0x0
15:40:04.660 T:139943439488768   DEBUG: CWebServer[8080]: request received for /jsonrpc
15:40:04.951 T:139946411292800   DEBUG: Previous line repeats 3 times.
15:40:04.951 T:139946411292800   DEBUG: Keyboard: scancode: 0x8c, sym: 0x1005ff71, unicode: 0x0000, modifier: 0x0
15:40:04.951 T:139946411292800   DEBUG: GetActionCode: Trying Hardy keycode for 0xf200
15:40:04.951 T:139946411292800   DEBUG: Previous line repeats 1 times.
15:40:04.951 T:139946411292800   DEBUG: OnKey: 0 (0xf200, obc-61697) pressed, action is select
15:40:04.951 T:139946411292800   DEBUG: Activating window ID: 10004
15:40:05.099 T:139943439488768   DEBUG: CWebServer[8080]: request received for /jsonrpc
15:40:05.216 T:139946411292800   DEBUG: Previous line repeats 1 times.
15:40:05.216 T:139946411292800   DEBUG: ------ Window Deinit (Home.xml) ------
15:40:05.217 T:139946411292800   DEBUG: ------ Window Init (Settings.xml) ------
15:40:05.217 T:139946411292800    INFO: Loading skin file: Settings.xml, load type: KEEP_IN_MEMORY
15:40:05.220 T:139946411292800 WARNING: Skin has invalid include: MainWindowMouseButtons
15:40:05.220 T:139946411292800 WARNING: Skin has invalid include: BehindDialogFadeOut
15:40:05.220 T:139946411292800 WARNING: Skin has invalid include: CommonWindowHeader
15:40:05.238 T:139946411292800   DEBUG: Keyboard: scancode: 0x8c, sym: 0x1005ff71, unicode: 0x0000, modifier: 0x0
15:40:05.481 T:139946411292800   DEBUG: ------ Window Deinit (Custom_RSS.xml) ------
15:40:06.115 T:139946411292800   DEBUG: Keyboard: scancode: 0x74, sym: 0x0112, unicode: 0x0000, modifier: 0x0
15:40:06.116 T:139946411292800   DEBUG: OnKey: down (0xf081) pressed, action is Down
15:40:06.215 T:139946411292800   DEBUG: Keyboard: scancode: 0x74, sym: 0x0112, unicode: 0x0000, modifier: 0x0
15:40:06.464 T:139946411292800   DEBUG: Previous line repeats 1 times.
15:40:06.464 T:139946411292800   DEBUG: OnKey: down (0xf081) pressed, action is Down
15:40:06.582 T:139946411292800   DEBUG: Keyboard: scancode: 0x74, sym: 0x0112, unicode: 0x0000, modifier: 0x0
15:40:06.667 T:139943439488768   DEBUG: CWebServer[8080]: request received for /jsonrpc
15:40:06.681 T:139946411292800   DEBUG: Previous line repeats 1 times.
15:40:06.682 T:139946411292800   DEBUG: Keyboard: scancode: 0x74, sym: 0x0112, unicode: 0x0000, modifier: 0x0
15:40:06.682 T:139946411292800   DEBUG: OnKey: down (0xf081) pressed, action is Down
15:40:06.687 T:139943439488768   DEBUG: CWebServer[8080]: request received for /jsonrpc
15:40:06.715 T:139946411292800   DEBUG: Previous line repeats 1 times.
15:40:06.715 T:139946411292800   DEBUG: Keyboard: scancode: 0x74, sym: 0x0112, unicode: 0x0000, modifier: 0x0
15:40:07.108 T:139943439488768   DEBUG: CWebServer[8080]: request received for /jsonrpc
15:40:07.298 T:139946411292800   DEBUG: Previous line repeats 1 times.
15:40:07.298 T:139946411292800   DEBUG: Keyboard: scancode: 0x8c, sym: 0x1005ff71, unicode: 0x0000, modifier: 0x0
15:40:07.298 T:139946411292800   DEBUG: GetActionCode: Trying Hardy keycode for 0xf200
15:40:07.298 T:139946411292800   DEBUG: Previous line repeats 1 times.
15:40:07.298 T:139946411292800   DEBUG: OnKey: 0 (0xf200, obc-61697) pressed, action is select
15:40:07.298 T:139946411292800   DEBUG: Activating window ID: 10040
15:40:07.547 T:139946411292800   DEBUG: ------ Window Deinit (Settings.xml) ------
15:40:07.559 T:139946411292800   DEBUG: ------ Window Init (AddonBrowser.xml) ------
15:40:07.559 T:139946411292800    INFO: Loading skin file: AddonBrowser.xml, load type: KEEP_IN_MEMORY
15:40:07.564 T:139946411292800 WARNING: Skin has invalid include: ParagonView
15:40:07.564 T:139946411292800 WARNING: Skin has invalid include: ThumbnailsView
15:40:07.564 T:139946411292800 WARNING: Skin has invalid include: ThumbnailsView_Addons
15:40:07.565 T:139946411292800 WARNING: Skin has invalid include: ListView_Arrows
15:40:07.588 T:139946411292800   DEBUG: CDirectoryProvider[plugin://script.skin.helper.service/?action=alphabet&reload=]: refreshing..
15:40:07.588 T:139946411292800   DEBUG: Previous line repeats 1 times.
15:40:07.588 T:139946411292800   DEBUG: CGUIMediaWindow::GetDirectory (addons://)
15:40:07.588 T:139946411292800   DEBUG:   ParentPath = []
15:40:07.589 T:139944462907136   DEBUG: StartScript - calling plugin Skin Helper Service('plugin://script.skin.helper.service/','1','?action=alphabet&reload=')
15:40:07.589 T:139943439488768   DEBUG: Thread LanguageInvoker start, auto delete: false
15:40:07.589 T:139943439488768    INFO: initializing python engine.
15:40:07.589 T:139943439488768   DEBUG: CPythonInvoker(16, /storage/.kodi/addons/script.skin.helper.service/plugin.py): start processing
15:40:07.595 T:139943439488768   DEBUG: -->Python Interpreter Initialized<--
15:40:07.595 T:139943439488768   DEBUG: CPythonInvoker(16, /storage/.kodi/addons/script.skin.helper.service/plugin.py): the source file to load is "/storage/.kodi/addons/script.skin.helper.service/plugin.py"
15:40:07.601 T:139946411292800   DEBUG: CAddonMgr::GetAvailableUpdates took 12 ms
15:40:07.602 T:139946392360704   DEBUG: StartScript - calling plugin Skin Helper Service('plugin://script.skin.helper.service/','2','?action=alphabet&reload=')
15:40:07.602 T:139944093792000   DEBUG: Thread LanguageInvoker start, auto delete: false
15:40:07.602 T:139944093792000    INFO: initializing python engine.
15:40:07.602 T:139944093792000   DEBUG: CPythonInvoker(17, /storage/.kodi/addons/script.skin.helper.service/plugin.py): start processing
15:40:07.603 T:139943439488768   DEBUG: CPythonInvoker(16, /storage/.kodi/addons/script.skin.helper.service/plugin.py): setting the Python path to /storage/.kodi/addons/script.skin.helper.service:/storage/.kodi/addons/script.module.arrow/lib:/storage/.kodi/addons/script.module.backports.functools_lru_cache/lib:/storage/.kodi/addons/script.module.beautifulsoup/lib:/storage/.kodi/addons/script.module.certifi/lib:/storage/.kodi/addons/script.module.chardet/lib:/storage/.kodi/addons/script.module.dateutil/lib:/storage/.kodi/addons/script.module.idna/lib:/storage/.kodi/addons/script.module.metadatautils/lib:/storage/.kodi/addons/script.module.musicbrainz/lib:/storage/.kodi/addons/script.module.requests/lib:/storage/.kodi/addons/script.module.simplecache/lib:/storage/.kodi/addons/script.module.simplejson/lib:/storage/.kodi/addons/script.module.six/lib:/storage/.kodi/addons/script.module.thetvdb/lib:/storage/.kodi/addons/script.module.urllib3/lib:/usr/lib/python27.zip:/usr/lib/python2.7:/usr/lib/python2.7/plat-linux2:/usr/lib/python2.7/lib-tk:/usr/lib/python2.7/lib-old:/usr/lib/python2.7/lib-dynload:/usr/lib/python2.7/site-packages:/usr/lib/python2.7/site-packages/gtk-2.0
15:40:07.603 T:139943439488768   DEBUG: CPythonInvoker(16, /storage/.kodi/addons/script.skin.helper.service/plugin.py): entering source directory /storage/.kodi/addons/script.skin.helper.service
15:40:07.603 T:139943439488768   DEBUG: CPythonInvoker(16, /storage/.kodi/addons/script.skin.helper.service/plugin.py): instantiating addon using automatically obtained id of "script.skin.helper.service" dependent on version 2.13.0 of the xbmc.python api
15:40:07.603 T:139943218833152   DEBUG: Thread BackgroundLoader start, auto delete: false
15:40:07.603 T:139946411292800   DEBUG: Keyboard: scancode: 0x8c, sym: 0x1005ff71, unicode: 0x0000, modifier: 0x0
15:40:07.606 T:139943218833152   DEBUG: Thread BackgroundLoader 139943218833152 terminating
15:40:07.607 T:139946411292800   DEBUG: CDirectoryProvider[plugin://script.skin.helper.service/?action=alphabet&reload=5]: refreshing..
15:40:07.607 T:139943218833152   DEBUG: Previous line repeats 1 times.
15:40:07.607 T:139943218833152   DEBUG: Thread JobWorker start, auto delete: true
15:40:07.607 T:139943218833152   DEBUG: StartScript - calling plugin Skin Helper Service('plugin://script.skin.helper.service/','3','?action=alphabet&reload=5')
15:40:07.607 T:139943195969280   DEBUG: Thread LanguageInvoker start, auto delete: false
15:40:07.607 T:139943195969280    INFO: initializing python engine.
15:40:07.607 T:139943195969280   DEBUG: CPythonInvoker(18, /storage/.kodi/addons/script.skin.helper.service/plugin.py): start processing
15:40:07.739 T:139943439488768   DEBUG: Skin Helper Simplecache --> Initialized
15:40:07.739 T:139943439488768   DEBUG: Skin Helper Service --> plugin called with parameters: {u'action': u'alphabet'}
15:40:07.746 T:139943195969280   DEBUG: -->Python Interpreter Initialized<--
15:40:07.746 T:139943195969280   DEBUG: CPythonInvoker(18, /storage/.kodi/addons/script.skin.helper.service/plugin.py): the source file to load is "/storage/.kodi/addons/script.skin.helper.service/plugin.py"
15:40:07.752 T:139943195969280   DEBUG: CPythonInvoker(18, /storage/.kodi/addons/script.skin.helper.service/plugin.py): setting the Python path to /storage/.kodi/addons/script.skin.helper.service:/storage/.kodi/addons/script.module.arrow/lib:/storage/.kodi/addons/script.module.backports.functools_lru_cache/lib:/storage/.kodi/addons/script.module.beautifulsoup/lib:/storage/.kodi/addons/script.module.certifi/lib:/storage/.kodi/addons/script.module.chardet/lib:/storage/.kodi/addons/script.module.dateutil/lib:/storage/.kodi/addons/script.module.idna/lib:/storage/.kodi/addons/script.module.metadatautils/lib:/storage/.kodi/addons/script.module.musicbrainz/lib:/storage/.kodi/addons/script.module.requests/lib:/storage/.kodi/addons/script.module.simplecache/lib:/storage/.kodi/addons/script.module.simplejson/lib:/storage/.kodi/addons/script.module.six/lib:/storage/.kodi/addons/script.module.thetvdb/lib:/storage/.kodi/addons/script.module.urllib3/lib:/usr/lib/python27.zip:/usr/lib/python2.7:/usr/lib/python2.7/plat-linux2:/usr/lib/python2.7/lib-tk:/usr/lib/python2.7/lib-old:/usr/lib/python2.7/lib-dynload:/usr/lib/python2.7/site-packages:/usr/lib/python2.7/site-packages/gtk-2.0
15:40:07.752 T:139943195969280   DEBUG: CPythonInvoker(18, /storage/.kodi/addons/script.skin.helper.service/plugin.py): entering source directory /storage/.kodi/addons/script.skin.helper.service
15:40:07.752 T:139944093792000   DEBUG: -->Python Interpreter Initialized<--
15:40:07.752 T:139944093792000   DEBUG: CPythonInvoker(17, /storage/.kodi/addons/script.skin.helper.service/plugin.py): the source file to load is "/storage/.kodi/addons/script.skin.helper.service/plugin.py"
15:40:07.752 T:139944093792000   DEBUG: CPythonInvoker(17, /storage/.kodi/addons/script.skin.helper.service/plugin.py): setting the Python path to /storage/.kodi/addons/script.skin.helper.service:/storage/.kodi/addons/script.module.arrow/lib:/storage/.kodi/addons/script.module.backports.functools_lru_cache/lib:/storage/.kodi/addons/script.module.beautifulsoup/lib:/storage/.kodi/addons/script.module.certifi/lib:/storage/.kodi/addons/script.module.chardet/lib:/storage/.kodi/addons/script.module.dateutil/lib:/storage/.kodi/addons/script.module.idna/lib:/storage/.kodi/addons/script.module.metadatautils/lib:/storage/.kodi/addons/script.module.musicbrainz/lib:/storage/.kodi/addons/script.module.requests/lib:/storage/.kodi/addons/script.module.simplecache/lib:/storage/.kodi/addons/script.module.simplejson/lib:/storage/.kodi/addons/script.module.six/lib:/storage/.kodi/addons/script.module.thetvdb/lib:/storage/.kodi/addons/script.module.urllib3/lib:/usr/lib/python27.zip:/usr/lib/python2.7:/usr/lib/python2.7/plat-linux2:/usr/lib/python2.7/lib-tk:/usr/lib/python2.7/lib-old:/usr/lib/python2.7/lib-dynload:/usr/lib/python2.7/site-packages:/usr/lib/python2.7/site-packages/gtk-2.0
15:40:07.753 T:139944093792000   DEBUG: CPythonInvoker(17, /storage/.kodi/addons/script.skin.helper.service/plugin.py): entering source directory /storage/.kodi/addons/script.skin.helper.service
15:40:07.753 T:139944093792000   DEBUG: CPythonInvoker(17, /storage/.kodi/addons/script.skin.helper.service/plugin.py): instantiating addon using automatically obtained id of "script.skin.helper.service" dependent on version 2.13.0 of the xbmc.python api
15:40:07.767 T:139943195969280   DEBUG: CPythonInvoker(18, /storage/.kodi/addons/script.skin.helper.service/plugin.py): instantiating addon using automatically obtained id of "script.skin.helper.service" dependent on version 2.13.0 of the xbmc.python api
15:40:07.780 T:139943439488768   DEBUG: Skin Helper Simplecache --> Closed
15:40:07.780 T:139943439488768    INFO: CPythonInvoker(16, /storage/.kodi/addons/script.skin.helper.service/plugin.py): script successfully run
15:40:07.786 T:139943439488768    INFO: Python script stopped
15:40:07.786 T:139943439488768   DEBUG: Thread LanguageInvoker 139943439488768 terminating
15:40:07.786 T:139944462907136   DEBUG: StartScript - calling plugin Skin Helper Service('plugin://script.skin.helper.service/','4','?action=alphabet&reload=5')
15:40:07.786 T:139943439488768   DEBUG: Thread LanguageInvoker start, auto delete: false
15:40:07.786 T:139943439488768    INFO: initializing python engine.
15:40:07.786 T:139943439488768   DEBUG: CPythonInvoker(19, /storage/.kodi/addons/script.skin.helper.service/plugin.py): start processing
15:40:07.917 T:139944093792000   DEBUG: Skin Helper Simplecache --> Initialized
15:40:07.919 T:139944093792000   DEBUG: Skin Helper Service --> plugin called with parameters: {u'action': u'alphabet'}
15:40:08.034 T:139943195969280   DEBUG: Skin Helper Simplecache --> Initialized
15:40:08.034 T:139943195969280   DEBUG: Skin Helper Service --> plugin called with parameters: {u'action': u'alphabet', u'reload': u'5'}
15:40:08.035 T:139943439488768   DEBUG: -->Python Interpreter Initialized<--
15:40:08.035 T:139943439488768   DEBUG: CPythonInvoker(19, /storage/.kodi/addons/script.skin.helper.service/plugin.py): the source file to load is "/storage/.kodi/addons/script.skin.helper.service/plugin.py"
15:40:08.036 T:139943439488768   DEBUG: CPythonInvoker(19, /storage/.kodi/addons/script.skin.helper.service/plugin.py): setting the Python path to /storage/.kodi/addons/script.skin.helper.service:/storage/.kodi/addons/script.module.arrow/lib:/storage/.kodi/addons/script.module.backports.functools_lru_cache/lib:/storage/.kodi/addons/script.module.beautifulsoup/lib:/storage/.kodi/addons/script.module.certifi/lib:/storage/.kodi/addons/script.module.chardet/lib:/storage/.kodi/addons/script.module.dateutil/lib:/storage/.kodi/addons/script.module.idna/lib:/storage/.kodi/addons/script.module.metadatautils/lib:/storage/.kodi/addons/script.module.musicbrainz/lib:/storage/.kodi/addons/script.module.requests/lib:/storage/.kodi/addons/script.module.simplecache/lib:/storage/.kodi/addons/script.module.simplejson/lib:/storage/.kodi/addons/script.module.six/lib:/storage/.kodi/addons/script.module.thetvdb/lib:/storage/.kodi/addons/script.module.urllib3/lib:/usr/lib/python27.zip:/usr/lib/python2.7:/usr/lib/python2.7/plat-linux2:/usr/lib/python2.7/lib-tk:/usr/lib/python2.7/lib-old:/usr/lib/python2.7/lib-dynload:/usr/lib/python2.7/site-packages:/usr/lib/python2.7/site-packages/gtk-2.0
15:40:08.036 T:139943439488768   DEBUG: CPythonInvoker(19, /storage/.kodi/addons/script.skin.helper.service/plugin.py): entering source directory /storage/.kodi/addons/script.skin.helper.service
15:40:08.036 T:139943439488768   DEBUG: CPythonInvoker(19, /storage/.kodi/addons/script.skin.helper.service/plugin.py): instantiating addon using automatically obtained id of "script.skin.helper.service" dependent on version 2.13.0 of the xbmc.python api
15:40:08.216 T:139943439488768   DEBUG: Skin Helper Simplecache --> Initialized
15:40:08.216 T:139943439488768   DEBUG: Skin Helper Service --> plugin called with parameters: {u'action': u'alphabet', u'reload': u'5'}
15:40:08.247 T:139943195969280   DEBUG: Skin Helper Simplecache --> Closed
15:40:08.248 T:139943195969280   DEBUG: Previous line repeats 1 times.
15:40:08.248 T:139943195969280    INFO: CPythonInvoker(18, /storage/.kodi/addons/script.skin.helper.service/plugin.py): script successfully run
15:40:08.253 T:139943195969280    INFO: Python script stopped
15:40:08.253 T:139943195969280   DEBUG: Thread LanguageInvoker 139943195969280 terminating
15:40:08.253 T:139944093792000    INFO: CPythonInvoker(17, /storage/.kodi/addons/script.skin.helper.service/plugin.py): script successfully run
15:40:08.257 T:139944093792000    INFO: Python script stopped
15:40:08.257 T:139944093792000   DEBUG: Thread LanguageInvoker 139944093792000 terminating
15:40:08.349 T:139943439488768   DEBUG: Skin Helper Simplecache --> Closed
15:40:08.350 T:139943439488768    INFO: CPythonInvoker(19, /storage/.kodi/addons/script.skin.helper.service/plugin.py): script successfully run
15:40:08.368 T:139943439488768    INFO: Python script stopped
15:40:08.368 T:139943439488768   DEBUG: Thread LanguageInvoker 139943439488768 terminating
15:40:08.479 T:139946411292800   DEBUG: Keyboard: scancode: 0x8c, sym: 0x1005ff71, unicode: 0x0000, modifier: 0x0
15:40:08.479 T:139946411292800   DEBUG: OnKey: 0 (0xf200, obc-61697) pressed, action is select
15:40:08.480 T:139946411292800   DEBUG: CGUIMediaWindow::GetDirectory (addons://user/)
15:40:08.480 T:139946411292800   DEBUG:   ParentPath = [addons://]
15:40:08.506 T:139946392360704   DEBUG: [Warning] CGUITextureManager::GetTexturePath: could not find texture 'DefaultAddonInfoProvider.png'
15:40:08.507 T:139946392360704   DEBUG: [Warning] CGUITextureManager::GetTexturePath: could not find texture 'DefaultAddonLookAndFeel.png'
15:40:08.508 T:139946392360704   DEBUG: [Warning] CGUITextureManager::GetTexturePath: could not find texture 'DefaultGameAddons.png'
15:40:08.509 T:139946392360704   DEBUG: [Warning] CGUITextureManager::GetTexturePath: could not find texture 'DefaultAddonPeripheral.png'
15:40:08.510 T:139946392360704   DEBUG: [Warning] CGUITextureManager::GetTexturePath: could not find texture 'DefaultAddonWeather.png'
15:40:08.510 T:139946392360704   DEBUG: [Warning] CGUITextureManager::GetTexturePath: could not find texture 'DefaultAddonRepository.png'
15:40:08.511 T:139946392360704   DEBUG: [Warning] CGUITextureManager::GetTexturePath: could not find texture 'DefaultAddonWebSkin.png'
15:40:08.511 T:139946392360704   DEBUG: [Warning] CGUITextureManager::GetTexturePath: could not find texture 'DefaultAddonService.png'
15:40:08.511 T:139946392360704   DEBUG: [Warning] CGUITextureManager::GetTexturePath: could not find texture 'DefaultAddonAudioEncoder.png'
15:40:08.512 T:139946392360704   DEBUG: [Warning] CGUITextureManager::GetTexturePath: could not find texture 'DefaultAddonContextItem.png'
15:40:08.512 T:139946392360704   DEBUG: [Warning] CGUITextureManager::GetTexturePath: could not find texture 'DefaultAddonVideo.png'
15:40:08.512 T:139946392360704   DEBUG: [Warning] CGUITextureManager::GetTexturePath: could not find texture 'DefaultAddonMusic.png'
15:40:08.513 T:139946392360704   DEBUG: [Warning] CGUITextureManager::GetTexturePath: could not find texture 'DefaultAddonProgram.png'
15:40:08.518 T:139943186003712   DEBUG: Thread BackgroundLoader start, auto delete: false
15:40:08.520 T:139946411292800   DEBUG: CDirectoryProvider[plugin://script.skin.helper.service/?action=alphabet&reload=14]: refreshing..
15:40:08.521 T:139943218833152   DEBUG: Previous line repeats 1 times.
15:40:08.521 T:139943218833152   DEBUG: StartScript - calling plugin Skin Helper Service('plugin://script.skin.helper.service/','5','?action=alphabet&reload=14')
15:40:08.521 T:139946392360704   DEBUG: StartScript - calling plugin Skin Helper Service('plugin://script.skin.helper.service/','6','?action=alphabet&reload=14')
15:40:08.525 T:139943195969280   DEBUG: Thread LanguageInvoker start, auto delete: false
15:40:08.525 T:139943195969280   DEBUG: Previous line repeats 1 times.
15:40:08.525 T:139943195969280    INFO: initializing python engine.
15:40:08.525 T:139943195969280    INFO: Previous line repeats 1 times.
15:40:08.525 T:139943195969280   DEBUG: CPythonInvoker(21, /storage/.kodi/addons/script.skin.helper.service/plugin.py): start processing
15:40:08.525 T:139943169218304   DEBUG: CPythonInvoker(20, /storage/.kodi/addons/script.skin.helper.service/plugin.py): start processing
15:40:08.529 T:139943186003712   DEBUG: Thread BackgroundLoader 139943186003712 terminating
15:40:08.546 T:139946411292800   DEBUG: Keyboard: scancode: 0x8c, sym: 0x1005ff71, unicode: 0x0000, modifier: 0x0
15:40:08.552 T:139943195969280   DEBUG: -->Python Interpreter Initialized<--
15:40:08.552 T:139943195969280   DEBUG: CPythonInvoker(21, /storage/.kodi/addons/script.skin.helper.service/plugin.py): the source file to load is "/storage/.kodi/addons/script.skin.helper.service/plugin.py"
