13:13:47.558 T:140591100061824   DEBUG: CGUIMediaWindow::GetDirectory (addons://user/)
13:13:47.558 T:140591100061824   DEBUG:   ParentPath = [addons://]
13:13:47.567 T:140589815281408   DEBUG: [Warning] CGUITextureManager::GetTexturePath: could not find texture 'DefaultAddonInfoProvider.png'
13:13:47.567 T:140589815281408   DEBUG: [Warning] CGUITextureManager::GetTexturePath: could not find texture 'DefaultAddonLookAndFeel.png'
13:13:47.567 T:140589815281408   DEBUG: [Warning] CGUITextureManager::GetTexturePath: could not find texture 'DefaultGameAddons.png'
13:13:47.568 T:140589815281408   DEBUG: [Warning] CGUITextureManager::GetTexturePath: could not find texture 'DefaultAddonPeripheral.png'
13:13:47.568 T:140589815281408   DEBUG: [Warning] CGUITextureManager::GetTexturePath: could not find texture 'DefaultAddonWeather.png'
13:13:47.568 T:140589815281408   DEBUG: [Warning] CGUITextureManager::GetTexturePath: could not find texture 'DefaultAddonRepository.png'
13:13:47.568 T:140589815281408   DEBUG: [Warning] CGUITextureManager::GetTexturePath: could not find texture 'DefaultAddonWebSkin.png'
13:13:47.568 T:140589815281408   DEBUG: [Warning] CGUITextureManager::GetTexturePath: could not find texture 'DefaultAddonService.png'
13:13:47.568 T:140589815281408   DEBUG: [Warning] CGUITextureManager::GetTexturePath: could not find texture 'DefaultAddonAudioEncoder.png'
13:13:47.568 T:140589815281408   DEBUG: [Warning] CGUITextureManager::GetTexturePath: could not find texture 'DefaultAddonContextItem.png'
13:13:47.568 T:140589815281408   DEBUG: [Warning] CGUITextureManager::GetTexturePath: could not find texture 'DefaultAddonVideo.png'
13:13:47.568 T:140589815281408   DEBUG: [Warning] CGUITextureManager::GetTexturePath: could not find texture 'DefaultAddonMusic.png'
13:13:47.568 T:140589815281408   DEBUG: [Warning] CGUITextureManager::GetTexturePath: could not find texture 'DefaultAddonProgram.png'
13:13:47.570 T:140588212840192   DEBUG: Thread BackgroundLoader start, auto delete: false
13:13:47.571 T:140591100061824   DEBUG: CDirectoryProvider[plugin://script.skin.helper.service/?action=alphabet&reload=14]: refreshing..
13:13:47.571 T:140589026760448   DEBUG: Previous line repeats 1 times.
13:13:47.571 T:140589026760448   DEBUG: StartScript - calling plugin Skin Helper Service('plugin://script.skin.helper.service/','5','?action=alphabet&reload=14')
13:13:47.571 T:140591081129728   DEBUG: StartScript - calling plugin Skin Helper Service('plugin://script.skin.helper.service/','6','?action=alphabet&reload=14')
13:13:47.571 T:140588640892672   DEBUG: Thread LanguageInvoker start, auto delete: false
13:13:47.571 T:140588640892672    INFO: initializing python engine.
13:13:47.571 T:140588640892672   DEBUG: CPythonInvoker(20, /storage/.kodi/addons/script.skin.helper.service/plugin.py): start processing
13:13:47.572 T:140588204447488   DEBUG: Thread LanguageInvoker start, auto delete: false
13:13:47.572 T:140588204447488    INFO: initializing python engine.
13:13:47.572 T:140588204447488   DEBUG: CPythonInvoker(21, /storage/.kodi/addons/script.skin.helper.service/plugin.py): start processing
13:13:47.574 T:140588212840192   DEBUG: Thread BackgroundLoader 140588212840192 terminating
13:13:47.579 T:140588640892672   DEBUG: -->Python Interpreter Initialized<--
13:13:47.579 T:140588640892672   DEBUG: CPythonInvoker(20, /storage/.kodi/addons/script.skin.helper.service/plugin.py): the source file to load is "/storage/.kodi/addons/script.skin.helper.service/plugin.py"
13:13:47.579 T:140588640892672   DEBUG: CPythonInvoker(20, /storage/.kodi/addons/script.skin.helper.service/plugin.py): setting the Python path to /storage/.kodi/addons/script.skin.helper.service:/storage/.kodi/addons/script.module.arrow/lib:/storage/.kodi/addons/script.module.backports.functools_lru_cache/lib:/storage/.kodi/addons/script.module.beautifulsoup/lib:/storage/.kodi/addons/script.module.certifi/lib:/storage/.kodi/addons/script.module.chardet/lib:/storage/.kodi/addons/script.module.dateutil/lib:/storage/.kodi/addons/script.module.idna/lib:/storage/.kodi/addons/script.module.metadatautils/lib:/storage/.kodi/addons/script.module.musicbrainz/lib:/storage/.kodi/addons/script.module.requests/lib:/storage/.kodi/addons/script.module.simplecache/lib:/storage/.kodi/addons/script.module.simplejson/lib:/storage/.kodi/addons/script.module.six/lib:/storage/.kodi/addons/script.module.thetvdb/lib:/storage/.kodi/addons/script.module.urllib3/lib:/usr/lib/python27.zip:/usr/lib/python2.7:/usr/lib/python2.7/plat-linux2:/usr/lib/python2.7/lib-tk:/usr/lib/python2.7/lib-old:/usr/lib/python2.7/lib-dynload:/usr/lib/python2.7/site-packages:/usr/lib/python2.7/site-packages/gtk-2.0
13:13:47.579 T:140588640892672   DEBUG: CPythonInvoker(20, /storage/.kodi/addons/script.skin.helper.service/plugin.py): entering source directory /storage/.kodi/addons/script.skin.helper.service
13:13:47.586 T:140588640892672   DEBUG: CPythonInvoker(20, /storage/.kodi/addons/script.skin.helper.service/plugin.py): instantiating addon using automatically obtained id of "script.skin.helper.service" dependent on version 2.13.0 of the xbmc.python api
13:13:47.725 T:140588204447488   DEBUG: -->Python Interpreter Initialized<--
13:13:47.725 T:140588204447488   DEBUG: CPythonInvoker(21, /storage/.kodi/addons/script.skin.helper.service/plugin.py): the source file to load is "/storage/.kodi/addons/script.skin.helper.service/plugin.py"
13:13:47.725 T:140588204447488   DEBUG: CPythonInvoker(21, /storage/.kodi/addons/script.skin.helper.service/plugin.py): setting the Python path to /storage/.kodi/addons/script.skin.helper.service:/storage/.kodi/addons/script.module.arrow/lib:/storage/.kodi/addons/script.module.backports.functools_lru_cache/lib:/storage/.kodi/addons/script.module.beautifulsoup/lib:/storage/.kodi/addons/script.module.certifi/lib:/storage/.kodi/addons/script.module.chardet/lib:/storage/.kodi/addons/script.module.dateutil/lib:/storage/.kodi/addons/script.module.idna/lib:/storage/.kodi/addons/script.module.metadatautils/lib:/storage/.kodi/addons/script.module.musicbrainz/lib:/storage/.kodi/addons/script.module.requests/lib:/storage/.kodi/addons/script.module.simplecache/lib:/storage/.kodi/addons/script.module.simplejson/lib:/storage/.kodi/addons/script.module.six/lib:/storage/.kodi/addons/script.module.thetvdb/lib:/storage/.kodi/addons/script.module.urllib3/lib:/usr/lib/python27.zip:/usr/lib/python2.7:/usr/lib/python2.7/plat-linux2:/usr/lib/python2.7/lib-tk:/usr/lib/python2.7/lib-old:/usr/lib/python2.7/lib-dynload:/usr/lib/python2.7/site-packages:/usr/lib/python2.7/site-packages/gtk-2.0
13:13:47.725 T:140588204447488   DEBUG: CPythonInvoker(21, /storage/.kodi/addons/script.skin.helper.service/plugin.py): entering source directory /storage/.kodi/addons/script.skin.helper.service
13:13:47.725 T:140588204447488   DEBUG: CPythonInvoker(21, /storage/.kodi/addons/script.skin.helper.service/plugin.py): instantiating addon using automatically obtained id of "script.skin.helper.service" dependent on version 2.13.0 of the xbmc.python api
13:13:47.742 T:140588640892672   DEBUG: Skin Helper Simplecache --> Initialized
13:13:47.742 T:140588640892672   DEBUG: Skin Helper Service --> plugin called with parameters: {u'action': u'alphabet', u'reload': u'14'}
13:13:47.850 T:140588992440064   DEBUG: CWebServer[8080]: request received for /jsonrpc?GetActivePlayers
13:13:47.856 T:140588204447488   DEBUG: Skin Helper Simplecache --> Initialized
13:13:47.856 T:140588204447488   DEBUG: Skin Helper Service --> plugin called with parameters: {u'action': u'alphabet', u'reload': u'14'}
13:13:47.863 T:140588640892672   DEBUG: Skin Helper Simplecache --> Closed
13:13:47.863 T:140588640892672    INFO: CPythonInvoker(20, /storage/.kodi/addons/script.skin.helper.service/plugin.py): script successfully run
13:13:47.868 T:140588640892672    INFO: Python script stopped
13:13:47.868 T:140588640892672   DEBUG: Thread LanguageInvoker 140588640892672 terminating
13:13:47.879 T:140588204447488   DEBUG: Skin Helper Simplecache --> Closed
13:13:47.880 T:140588204447488    INFO: CPythonInvoker(21, /storage/.kodi/addons/script.skin.helper.service/plugin.py): script successfully run
13:13:47.884 T:140588204447488    INFO: Python script stopped
13:13:47.884 T:140588204447488   DEBUG: Thread LanguageInvoker 140588204447488 terminating
13:13:48.235 T:140588640892672   DEBUG: CWebServer[8080]: request received for /jsonrpc
13:13:48.844 T:140588992440064   DEBUG: Previous line repeats 3 times.
13:13:48.844 T:140588992440064   DEBUG: CWebServer[8080]: request received for /jsonrpc?GetActivePlayers
13:13:48.892 T:140588640892672   DEBUG: CWebServer[8080]: request received for /jsonrpc
13:13:49.479 T:140588389209856   DEBUG: Previous line repeats 1 times.
13:13:49.479 T:140588389209856  NOTICE: [PTV Preset Timer] DEBUG: Today is Thursday (weekday=3)
13:13:49.479 T:140588389209856  NOTICE: [PTV Preset Timer] DEBUG: Setting name: ThursdayPreset
13:13:49.479 T:140588389209856  NOTICE: [PTV Preset Timer] DEBUG: Raw preset value: '2' (int: 2)
13:13:49.479 T:140588389209856  NOTICE: [PTV Preset Timer] DEBUG: Available presets: ['Alpha', 'Omega', 'Delta', 'Epsilon', 'Gamma', 'Sigma', 'Omicron', 'Theta', 'Lambda']
13:13:49.479 T:140588389209856  NOTICE: [PTV Preset Timer] Today's preset for Thursday: Omega (index=1)
13:13:49.611 T:140588992440064   DEBUG: CWebServer[8080]: request received for /jsonrpc?simpleJsonRequest
13:13:49.847 T:140588992440064   DEBUG: CWebServer[8080]: request received for /jsonrpc?GetActivePlayers
13:13:50.019 T:140588992440064   DEBUG: CWebServer[8080]: request received for /jsonrpc?simpleJsonRequest
13:13:50.242 T:140588170876672   DEBUG: Previous line repeats 1 times.
13:13:50.242 T:140588170876672   DEBUG: CWebServer[8080]: request received for /jsonrpc
13:13:50.343 T:140588992440064   DEBUG: Previous line repeats 3 times.
13:13:50.343 T:140588992440064   DEBUG: CWebServer[8080]: request received for /jsonrpc?simpleJsonRequest
13:13:50.838 T:140588992440064   DEBUG: Previous line repeats 2 times.
13:13:50.838 T:140588992440064   DEBUG: CWebServer[8080]: request received for /jsonrpc?GetActivePlayers
13:13:50.896 T:140588640892672   DEBUG: CWebServer[8080]: request received for /jsonrpc
13:13:51.842 T:140588992440064   DEBUG: Previous line repeats 1 times.
13:13:51.842 T:140588992440064   DEBUG: CWebServer[8080]: request received for /jsonrpc?GetActivePlayers
13:13:51.905 T:140588992440064   DEBUG: CWebServer[8080]: request received for /jsonrpc?simpleJsonRequest
13:13:52.253 T:140588640892672   DEBUG: CWebServer[8080]: request received for /jsonrpc
13:13:52.505 T:140588992440064   DEBUG: Previous line repeats 3 times.
13:13:52.505 T:140588992440064   DEBUG: CWebServer[8080]: request received for /jsonrpc?simpleJsonRequest
13:13:52.511 T:140591100061824   DEBUG: CGUIMediaWindow::GetDirectory (addons://user/xbmc.addon.executable)
13:13:52.511 T:140591100061824   DEBUG:   ParentPath = [addons://user/]
13:13:52.562 T:140589815281408   DEBUG: CAddonMgr::GetAvailableUpdates took 27 ms
13:13:52.564 T:140588640892672   DEBUG: Thread BackgroundLoader start, auto delete: false
13:13:52.567 T:140588640892672   DEBUG: Thread BackgroundLoader 140588640892672 terminating
13:13:52.567 T:140591100061824   DEBUG: CDirectoryProvider[plugin://script.skin.helper.service/?action=alphabet&reload=6]: refreshing..
13:13:52.567 T:140589026760448   DEBUG: Previous line repeats 1 times.
13:13:52.567 T:140589026760448   DEBUG: StartScript - calling plugin Skin Helper Service('plugin://script.skin.helper.service/','7','?action=alphabet&reload=6')
13:13:52.567 T:140591081129728   DEBUG: StartScript - calling plugin Skin Helper Service('plugin://script.skin.helper.service/','8','?action=alphabet&reload=6')
13:13:52.567 T:140588123989760   DEBUG: Thread LanguageInvoker start, auto delete: false
13:13:52.567 T:140588123989760    INFO: initializing python engine.
13:13:52.567 T:140588123989760   DEBUG: CPythonInvoker(23, /storage/.kodi/addons/script.skin.helper.service/plugin.py): start processing
13:13:52.568 T:140588132382464   DEBUG: Thread LanguageInvoker start, auto delete: false
13:13:52.569 T:140588132382464    INFO: initializing python engine.
13:13:52.569 T:140588132382464   DEBUG: CPythonInvoker(22, /storage/.kodi/addons/script.skin.helper.service/plugin.py): start processing
13:13:52.574 T:140588123989760   DEBUG: -->Python Interpreter Initialized<--
13:13:52.574 T:140588123989760   DEBUG: CPythonInvoker(23, /storage/.kodi/addons/script.skin.helper.service/plugin.py): the source file to load is "/storage/.kodi/addons/script.skin.helper.service/plugin.py"
13:13:52.575 T:140588123989760   DEBUG: CPythonInvoker(23, /storage/.kodi/addons/script.skin.helper.service/plugin.py): setting the Python path to /storage/.kodi/addons/script.skin.helper.service:/storage/.kodi/addons/script.module.arrow/lib:/storage/.kodi/addons/script.module.backports.functools_lru_cache/lib:/storage/.kodi/addons/script.module.beautifulsoup/lib:/storage/.kodi/addons/script.module.certifi/lib:/storage/.kodi/addons/script.module.chardet/lib:/storage/.kodi/addons/script.module.dateutil/lib:/storage/.kodi/addons/script.module.idna/lib:/storage/.kodi/addons/script.module.metadatautils/lib:/storage/.kodi/addons/script.module.musicbrainz/lib:/storage/.kodi/addons/script.module.requests/lib:/storage/.kodi/addons/script.module.simplecache/lib:/storage/.kodi/addons/script.module.simplejson/lib:/storage/.kodi/addons/script.module.six/lib:/storage/.kodi/addons/script.module.thetvdb/lib:/storage/.kodi/addons/script.module.urllib3/lib:/usr/lib/python27.zip:/usr/lib/python2.7:/usr/lib/python2.7/plat-linux2:/usr/lib/python2.7/lib-tk:/usr/lib/python2.7/lib-old:/usr/lib/python2.7/lib-dynload:/usr/lib/python2.7/site-packages:/usr/lib/python2.7/site-packages/gtk-2.0
13:13:52.575 T:140588123989760   DEBUG: CPythonInvoker(23, /storage/.kodi/addons/script.skin.helper.service/plugin.py): entering source directory /storage/.kodi/addons/script.skin.helper.service
13:13:52.575 T:140588123989760   DEBUG: CPythonInvoker(23, /storage/.kodi/addons/script.skin.helper.service/plugin.py): instantiating addon using automatically obtained id of "script.skin.helper.service" dependent on version 2.13.0 of the xbmc.python api
13:13:52.714 T:140588123989760   DEBUG: Skin Helper Simplecache --> Initialized
13:13:52.714 T:140588123989760   DEBUG: Skin Helper Service --> plugin called with parameters: {u'action': u'alphabet', u'reload': u'6'}
13:13:52.717 T:140588132382464   DEBUG: -->Python Interpreter Initialized<--
13:13:52.717 T:140588132382464   DEBUG: CPythonInvoker(22, /storage/.kodi/addons/script.skin.helper.service/plugin.py): the source file to load is "/storage/.kodi/addons/script.skin.helper.service/plugin.py"
13:13:52.717 T:140588132382464   DEBUG: CPythonInvoker(22, /storage/.kodi/addons/script.skin.helper.service/plugin.py): setting the Python path to /storage/.kodi/addons/script.skin.helper.service:/storage/.kodi/addons/script.module.arrow/lib:/storage/.kodi/addons/script.module.backports.functools_lru_cache/lib:/storage/.kodi/addons/script.module.beautifulsoup/lib:/storage/.kodi/addons/script.module.certifi/lib:/storage/.kodi/addons/script.module.chardet/lib:/storage/.kodi/addons/script.module.dateutil/lib:/storage/.kodi/addons/script.module.idna/lib:/storage/.kodi/addons/script.module.metadatautils/lib:/storage/.kodi/addons/script.module.musicbrainz/lib:/storage/.kodi/addons/script.module.requests/lib:/storage/.kodi/addons/script.module.simplecache/lib:/storage/.kodi/addons/script.module.simplejson/lib:/storage/.kodi/addons/script.module.six/lib:/storage/.kodi/addons/script.module.thetvdb/lib:/storage/.kodi/addons/script.module.urllib3/lib:/usr/lib/python27.zip:/usr/lib/python2.7:/usr/lib/python2.7/plat-linux2:/usr/lib/python2.7/lib-tk:/usr/lib/python2.7/lib-old:/usr/lib/python2.7/lib-dynload:/usr/lib/python2.7/site-packages:/usr/lib/python2.7/site-packages/gtk-2.0
13:13:52.717 T:140588132382464   DEBUG: CPythonInvoker(22, /storage/.kodi/addons/script.skin.helper.service/plugin.py): entering source directory /storage/.kodi/addons/script.skin.helper.service
13:13:52.717 T:140588132382464   DEBUG: CPythonInvoker(22, /storage/.kodi/addons/script.skin.helper.service/plugin.py): instantiating addon using automatically obtained id of "script.skin.helper.service" dependent on version 2.13.0 of the xbmc.python api
13:13:52.849 T:140588992440064   DEBUG: CWebServer[8080]: request received for /jsonrpc?GetActivePlayers
13:13:52.849 T:140588132382464   DEBUG: Skin Helper Simplecache --> Initialized
13:13:52.849 T:140588132382464   DEBUG: Skin Helper Service --> plugin called with parameters: {u'action': u'alphabet', u'reload': u'6'}
13:13:52.881 T:140588132382464   DEBUG: Skin Helper Simplecache --> Closed
13:13:52.881 T:140588132382464    INFO: CPythonInvoker(22, /storage/.kodi/addons/script.skin.helper.service/plugin.py): script successfully run
13:13:52.890 T:140588132382464    INFO: Python script stopped
13:13:52.890 T:140588132382464   DEBUG: Thread LanguageInvoker 140588132382464 terminating
13:13:52.899 T:140588132382464   DEBUG: CWebServer[8080]: request received for /jsonrpc
13:13:52.976 T:140588123989760   DEBUG: Previous line repeats 1 times.
13:13:52.976 T:140588123989760   DEBUG: Skin Helper Simplecache --> Closed
13:13:52.976 T:140588123989760    INFO: CPythonInvoker(23, /storage/.kodi/addons/script.skin.helper.service/plugin.py): script successfully run
13:13:52.995 T:140588123989760    INFO: Python script stopped
13:13:52.996 T:140588123989760   DEBUG: Thread LanguageInvoker 140588123989760 terminating
13:13:53.386 T:140588992440064   DEBUG: CWebServer[8080]: request received for /jsonrpc?simpleJsonRequest
13:13:53.841 T:140588992440064   DEBUG: Previous line repeats 2 times.
13:13:53.841 T:140588992440064   DEBUG: CWebServer[8080]: request received for /jsonrpc?GetActivePlayers
13:13:53.925 T:140588992440064   DEBUG: CWebServer[8080]: request received for /jsonrpc?simpleJsonRequest
13:13:54.263 T:140588123989760   DEBUG: CWebServer[8080]: request received for /jsonrpc
13:13:54.796 T:140588992440064   DEBUG: Previous line repeats 3 times.
13:13:54.796 T:140588992440064   DEBUG: CWebServer[8080]: request received for /jsonrpc?simpleJsonRequest
13:13:54.808 T:140591100061824   DEBUG: ------ Window Init (DialogAddonInfo.xml) ------
13:13:54.808 T:140591100061824    INFO: Loading skin file: DialogAddonInfo.xml, load type: KEEP_IN_MEMORY
13:13:54.839 T:140591100061824   DEBUG: [Warning] CGUITextureManager::GetTexturePath: could not find texture 'buttons/catbullet_nf.png'
13:13:54.845 T:140588992440064   DEBUG: Previous line repeats 1 times.
13:13:54.845 T:140588992440064   DEBUG: CWebServer[8080]: request received for /jsonrpc?GetActivePlayers
13:13:54.900 T:140591100061824   DEBUG: [Warning] CGUITextureManager::GetTexturePath: could not find texture 'video_overlay.png'
13:13:54.902 T:140588123989760   DEBUG: Previous line repeats 1 times.
13:13:54.902 T:140588123989760   DEBUG: CWebServer[8080]: request received for /jsonrpc
13:13:55.839 T:140588992440064   DEBUG: Previous line repeats 1 times.
13:13:55.839 T:140588992440064   DEBUG: CWebServer[8080]: request received for /jsonrpc?GetActivePlayers
13:13:56.011 T:140588992440064   DEBUG: CWebServer[8080]: request received for /jsonrpc?simpleJsonRequest
13:13:56.051 T:140591100061824   DEBUG: ------ Window Init (DialogAddonSettings.xml) ------
13:13:56.051 T:140591100061824    INFO: Loading skin file: DialogAddonSettings.xml, load type: KEEP_IN_MEMORY
13:13:56.058 T:140591100061824 WARNING: Label Formating: $VAR[SettingsCategoryHeadLabels] is not defined
13:13:56.078 T:140591100061824   DEBUG: [Warning] CGUITextureManager::GetTexturePath: could not find texture 'buttons/radio_button_off_nf.png'
13:13:56.272 T:140588123989760   DEBUG: Previous line repeats 2 times.
13:13:56.272 T:140588123989760   DEBUG: CWebServer[8080]: request received for /jsonrpc
13:13:56.464 T:140588397602560   DEBUG: Previous line repeats 3 times.
13:13:56.464 T:140588397602560   ERROR: [PTV Shutdown Timer] Checking schedule 'Bedtime'
13:13:56.464 T:140588397602560   ERROR: [PTV Shutdown Timer] Current time: 13:13
13:13:56.464 T:140588397602560   ERROR: [PTV Shutdown Timer] Shutdown time: 0:15
13:13:56.464 T:140588397602560   ERROR: [PTV Shutdown Timer] Minutes from midnight - Current: 793, Shutdown: 15
13:13:56.464 T:140588397602560   ERROR: [PTV Shutdown Timer] Time match (within window): False
13:13:56.465 T:140588397602560   ERROR: [PTV Shutdown Timer] Current day index: 3
13:13:56.465 T:140588397602560   ERROR: [PTV Shutdown Timer] Day match: False
13:13:56.465 T:140588397602560   ERROR: [PTV Shutdown Timer] Shutdown should trigger: False (Action: 1)
13:13:56.465 T:140588397602560   ERROR: [PTV Shutdown Timer] Checking schedule 'Late Night'
13:13:56.465 T:140588397602560   ERROR: [PTV Shutdown Timer] Current time: 13:13
13:13:56.465 T:140588397602560   ERROR: [PTV Shutdown Timer] Shutdown time: 3:30
13:13:56.465 T:140588397602560   ERROR: [PTV Shutdown Timer] Minutes from midnight - Current: 793, Shutdown: 210
13:13:56.465 T:140588397602560   ERROR: [PTV Shutdown Timer] Time match (within window): False
13:13:56.465 T:140588397602560   ERROR: [PTV Shutdown Timer] Current day index: 3
13:13:56.465 T:140588397602560   ERROR: [PTV Shutdown Timer] Day match: True
13:13:56.465 T:140588397602560   ERROR: [PTV Shutdown Timer] Shutdown should trigger: False (Action: 1)
13:13:56.847 T:140588992440064   DEBUG: CWebServer[8080]: request received for /jsonrpc?GetActivePlayers
13:13:56.905 T:140588123989760   DEBUG: CWebServer[8080]: request received for /jsonrpc
13:13:57.838 T:140588992440064   DEBUG: Previous line repeats 1 times.
13:13:57.838 T:140588992440064   DEBUG: CWebServer[8080]: request received for /jsonrpc?GetActivePlayers
13:13:58.013 T:140588992440064   DEBUG: CWebServer[8080]: request received for /jsonrpc?simpleJsonRequest
13:13:58.298 T:140588123989760   DEBUG: CWebServer[8080]: request received for /jsonrpc
13:13:58.411 T:140588992440064   DEBUG: Previous line repeats 3 times.
13:13:58.411 T:140588992440064   DEBUG: CWebServer[8080]: request received for /jsonrpc?simpleJsonRequest
13:13:58.681 T:140591100061824   DEBUG: Previous line repeats 1 times.
13:13:58.681 T:140591100061824   DEBUG: [Warning] CGUITextureManager::GetTexturePath: could not find texture 'buttons/radio_button_off_nf.png'
13:13:58.846 T:140588992440064   DEBUG: CWebServer[8080]: request received for /jsonrpc?GetActivePlayers
13:13:58.909 T:140588123989760   DEBUG: CWebServer[8080]: request received for /jsonrpc
13:13:59.167 T:140588992440064   DEBUG: Previous line repeats 1 times.
13:13:59.167 T:140588992440064   DEBUG: CWebServer[8080]: request received for /jsonrpc?simpleJsonRequest
13:13:59.204 T:140591100061824   DEBUG: [Warning] CGUITextureManager::GetTexturePath: could not find texture 'buttons/radio_button_off_nf.png'
13:13:59.428 T:140588992440064   DEBUG: Previous line repeats 1 times.
13:13:59.428 T:140588992440064   DEBUG: CWebServer[8080]: request received for /jsonrpc?simpleJsonRequest
13:13:59.464 T:140591100061824   DEBUG: [Warning] CGUITextureManager::GetTexturePath: could not find texture 'buttons/radio_button_off_nf.png'
13:13:59.480 T:140588389209856  NOTICE: [PTV Preset Timer] DEBUG: Today is Thursday (weekday=3)
13:13:59.480 T:140588389209856  NOTICE: [PTV Preset Timer] DEBUG: Setting name: ThursdayPreset
13:13:59.480 T:140588389209856  NOTICE: [PTV Preset Timer] DEBUG: Raw preset value: '2' (int: 2)
13:13:59.481 T:140588389209856  NOTICE: [PTV Preset Timer] DEBUG: Available presets: ['Alpha', 'Omega', 'Delta', 'Epsilon', 'Gamma', 'Sigma', 'Omicron', 'Theta', 'Lambda']
13:13:59.481 T:140588389209856  NOTICE: [PTV Preset Timer] Today's preset for Thursday: Omega (index=1)
13:13:59.772 T:140588992440064   DEBUG: CWebServer[8080]: request received for /jsonrpc?simpleJsonRequest
13:13:59.785 T:140591100061824   DEBUG: [Warning] CGUITextureManager::GetTexturePath: could not find texture 'buttons/radio_button_off_nf.png'
13:13:59.852 T:140588992440064   DEBUG: Previous line repeats 2 times.
13:13:59.853 T:140588992440064   DEBUG: CWebServer[8080]: request received for /jsonrpc?GetActivePlayers
13:13:59.968 T:140588992440064   DEBUG: CWebServer[8080]: request received for /jsonrpc?simpleJsonRequest
13:13:59.976 T:140591100061824   DEBUG: [Warning] CGUITextureManager::GetTexturePath: could not find texture 'buttons/radio_button_off_nf.png'
13:14:00.305 T:140588212840192   DEBUG: CWebServer[8080]: request received for /jsonrpc
13:14:00.616 T:140588992440064   DEBUG: Previous line repeats 3 times.
13:14:00.616 T:140588992440064   DEBUG: CWebServer[8080]: request received for /jsonrpc?simpleJsonRequest
13:14:00.848 T:140588992440064   DEBUG: CWebServer[8080]: request received for /jsonrpc?GetActivePlayers
13:14:00.914 T:140588212840192   DEBUG: CWebServer[8080]: request received for /jsonrpc
13:14:01.124 T:140588992440064   DEBUG: Previous line repeats 1 times.
13:14:01.124 T:140588992440064   DEBUG: CWebServer[8080]: request received for /jsonrpc?simpleJsonRequest
13:14:01.842 T:140588992440064   DEBUG: Previous line repeats 1 times.
13:14:01.842 T:140588992440064   DEBUG: CWebServer[8080]: request received for /jsonrpc?GetActivePlayers
13:14:01.866 T:140588992440064   DEBUG: CWebServer[8080]: request received for /jsonrpc?simpleJsonRequest
13:14:02.315 T:140588212840192   DEBUG: CWebServer[8080]: request received for /jsonrpc
13:14:02.365 T:140588992440064   DEBUG: Previous line repeats 3 times.
13:14:02.365 T:140588992440064   DEBUG: CWebServer[8080]: request received for /jsonrpc?simpleJsonRequest
13:14:02.845 T:140588992440064   DEBUG: CWebServer[8080]: request received for /jsonrpc?GetActivePlayers
13:14:02.917 T:140588212840192   DEBUG: CWebServer[8080]: request received for /jsonrpc
13:14:03.093 T:140588992440064   DEBUG: Previous line repeats 1 times.
13:14:03.093 T:140588992440064   DEBUG: CWebServer[8080]: request received for /jsonrpc?simpleJsonRequest
13:14:03.101 T:140588212840192   DEBUG: Thread LanguageInvoker start, auto delete: false
13:14:03.101 T:140588212840192    INFO: initializing python engine.
13:14:03.101 T:140588212840192   DEBUG: CPythonInvoker(24, /storage/.kodi/addons/script.paragontv/resources/lib/nfo_renamer_television.py): start processing
13:14:03.115 T:140588212840192   DEBUG: -->Python Interpreter Initialized<--
13:14:03.115 T:140588212840192   DEBUG: CPythonInvoker(24, /storage/.kodi/addons/script.paragontv/resources/lib/nfo_renamer_television.py): the source file to load is "/storage/.kodi/addons/script.paragontv/resources/lib/nfo_renamer_television.py"
13:14:03.115 T:140588212840192 WARNING: CPythonInvoker(24): Script invoked without an addon. Adding all addon modules installed to python path as fallback. This behaviour will be removed in future version.
13:14:03.120 T:140588212840192   DEBUG: CPythonInvoker(24, /storage/.kodi/addons/script.paragontv/resources/lib/nfo_renamer_television.py): setting the Python path to /storage/.kodi/addons/script.paragontv/resources/lib:/usr/share/kodi/addons/script.module.pil/lib:/storage/.kodi/addons/script.module.simplejson/lib:/storage/.kodi/addons/script.module.autocompletion/lib:/storage/.kodi/addons/script.module.certifi/lib:/storage/.kodi/addons/script.module.chardet/lib:/storage/.kodi/addons/script.module.idna/lib:/storage/.kodi/addons/script.module.urllib3/lib:/storage/.kodi/addons/script.module.requests/lib:/storage/.kodi/addons/script.module.addon.signals/lib:/storage/.kodi/addons/script.module.youtube.dl/lib:/storage/.kodi/addons/script.module.kodi65/lib:/storage/.kodi/addons/script.module.routing/lib:/storage/.kodi/addons/script.module.backports.functools_lru_cache/lib:/storage/.kodi/addons/script.module.six/lib:/storage/.kodi/addons/script.module.dateutil/lib:/storage/.kodi/addons/script.module.arrow/lib:/storage/.kodi/addons/script.module.beautifulsoup/lib:/storage/.kodi/addons/script.module.musicbrainz/lib:/storage/.kodi/addons/script.module.simplecache/lib:/storage/.kodi/addons/script.module.thetvdb/lib:/storage/.kodi/addons/script.module.metadatautils/lib:/storage/.kodi/addons/script.module.unidecode/lib:/storage/.kodi/addons/script.common.plugin.cache/resources/lib/storage_server/:/storage/.kodi/addons/script.module.future/libs:/storage/.kodi/addons/plugin.video.youtube/resources/lib/:/storage/.kodi/addons/script.module.buggalo/lib:/storage/.kodi/addons/script.module.feedparser/lib:/storage/.kodi/addons/script.module.addon.common/lib:/storage/.kodi/addons/script.module.myconnpy/lib:/storage/.kodi/addons/script.module.metahandler/lib:/storage/.kodi/addons/script.module.pyfscache/lib:/storage/.kodi/addons/script.module.parsedom/lib:/storage/.kodi/addons/script.module.simple.downloader/lib:/storage/.kodi/addons/script.module.t0mm0.common/lib:/storage/.kodi/addons/script.module.urlresolver/lib:/storage/.kodi/addons/script.module.simpleplugin3/libs:/usr/lib/python27.zip:/usr/lib/python2.7:/usr/lib/python2.7/plat-linux2:/usr/lib/python2.7/lib-tk:/usr/lib/python2.7/lib-old:/usr/lib/python2.7/lib-dynload:/usr/lib/python2.7/site-packages:/usr/lib/python2.7/site-packages/gtk-2.0
13:14:03.120 T:140588212840192   DEBUG: CPythonInvoker(24, /storage/.kodi/addons/script.paragontv/resources/lib/nfo_renamer_television.py): entering source directory /storage/.kodi/addons/script.paragontv/resources/lib
13:14:03.166 T:140588212840192   DEBUG: DialogProgress::Open called
13:14:03.166 T:140588212840192   DEBUG: ------ Window Init (DialogConfirm.xml) ------
13:14:03.166 T:140588212840192    INFO: Loading skin file: DialogConfirm.xml, load type: KEEP_IN_MEMORY
13:14:03.167 T:140588212840192 WARNING: Skin has invalid include: dialogeffect
13:14:03.167 T:140588212840192 WARNING: Skin has invalid include: DialogBackgroundCommons
13:14:03.170 T:140588212840192 WARNING: Previous line repeats 1 times.
13:14:03.170 T:140588212840192   ERROR: Control 11 in window 10101 has been asked to focus, but it can't
13:14:03.170 T:140588212840192   DEBUG: SECTION:LoadDLL(libnfs.so.8)
13:14:03.170 T:140588212840192   DEBUG: Loading: libnfs.so.8
13:14:03.203 T:140588212840192   DEBUG: NFS: Context for 10.0.0.39/mnt/user/TELEVISION not open - get a new context.
13:14:03.235 T:140588212840192   DEBUG: NFS: Connected to server 10.0.0.39 and export /mnt/user/TELEVISION
13:14:03.236 T:140588212840192   DEBUG: NFS: chunks: r/w 1048576/1048576
13:14:03.843 T:140588992440064   DEBUG: CWebServer[8080]: request received for /jsonrpc?GetActivePlayers
13:14:04.327 T:140588123989760   DEBUG: CWebServer[8080]: request received for /jsonrpc
13:14:04.844 T:140588992440064   DEBUG: Previous line repeats 3 times.
13:14:04.844 T:140588992440064   DEBUG: CWebServer[8080]: request received for /jsonrpc?GetActivePlayers
13:14:04.921 T:140588123989760   DEBUG: CWebServer[8080]: request received for /jsonrpc
13:14:05.847 T:140588992440064   DEBUG: Previous line repeats 1 times.
13:14:05.847 T:140588992440064   DEBUG: CWebServer[8080]: request received for /jsonrpc?GetActivePlayers
13:14:06.337 T:140588123989760   DEBUG: CWebServer[8080]: request received for /jsonrpc
13:14:06.466 T:140588397602560   DEBUG: Previous line repeats 3 times.
13:14:06.466 T:140588397602560   ERROR: [PTV Shutdown Timer] Checking schedule 'Bedtime'
13:14:06.466 T:140588397602560   ERROR: [PTV Shutdown Timer] Current time: 13:14
13:14:06.466 T:140588397602560   ERROR: [PTV Shutdown Timer] Shutdown time: 0:15
13:14:06.467 T:140588397602560   ERROR: [PTV Shutdown Timer] Minutes from midnight - Current: 794, Shutdown: 15
13:14:06.467 T:140588397602560   ERROR: [PTV Shutdown Timer] Time match (within window): False
13:14:06.467 T:140588397602560   ERROR: [PTV Shutdown Timer] Current day index: 3
13:14:06.467 T:140588397602560   ERROR: [PTV Shutdown Timer] Day match: False
13:14:06.467 T:140588397602560   ERROR: [PTV Shutdown Timer] Shutdown should trigger: False (Action: 1)
13:14:06.467 T:140588397602560   ERROR: [PTV Shutdown Timer] Checking schedule 'Late Night'
13:14:06.467 T:140588397602560   ERROR: [PTV Shutdown Timer] Current time: 13:14
13:14:06.467 T:140588397602560   ERROR: [PTV Shutdown Timer] Shutdown time: 3:30
13:14:06.467 T:140588397602560   ERROR: [PTV Shutdown Timer] Minutes from midnight - Current: 794, Shutdown: 210
13:14:06.467 T:140588397602560   ERROR: [PTV Shutdown Timer] Time match (within window): False
13:14:06.467 T:140588397602560   ERROR: [PTV Shutdown Timer] Current day index: 3
13:14:06.467 T:140588397602560   ERROR: [PTV Shutdown Timer] Day match: True
13:14:06.467 T:140588397602560   ERROR: [PTV Shutdown Timer] Shutdown should trigger: False (Action: 1)
13:14:06.851 T:140588992440064   DEBUG: CWebServer[8080]: request received for /jsonrpc?GetActivePlayers
13:14:06.925 T:140588123989760   DEBUG: CWebServer[8080]: request received for /jsonrpc
13:14:07.852 T:140588992440064   DEBUG: Previous line repeats 1 times.
13:14:07.852 T:140588992440064   DEBUG: CWebServer[8080]: request received for /jsonrpc?GetActivePlayers
13:14:08.347 T:140588123989760   DEBUG: CWebServer[8080]: request received for /jsonrpc
13:14:08.855 T:140588992440064   DEBUG: Previous line repeats 3 times.
13:14:08.855 T:140588992440064   DEBUG: CWebServer[8080]: request received for /jsonrpc?GetActivePlayers
13:14:08.931 T:140588123989760   DEBUG: CWebServer[8080]: request received for /jsonrpc
13:14:09.482 T:140588389209856   DEBUG: Previous line repeats 1 times.
13:14:09.482 T:140588389209856  NOTICE: [PTV Preset Timer] DEBUG: Today is Thursday (weekday=3)
13:14:09.482 T:140588389209856  NOTICE: [PTV Preset Timer] DEBUG: Setting name: ThursdayPreset
13:14:09.482 T:140588389209856  NOTICE: [PTV Preset Timer] DEBUG: Raw preset value: '2' (int: 2)
13:14:09.482 T:140588389209856  NOTICE: [PTV Preset Timer] DEBUG: Available presets: ['Alpha', 'Omega', 'Delta', 'Epsilon', 'Gamma', 'Sigma', 'Omicron', 'Theta', 'Lambda']
13:14:09.482 T:140588389209856  NOTICE: [PTV Preset Timer] Today's preset for Thursday: Omega (index=1)
13:14:09.853 T:140588992440064   DEBUG: CWebServer[8080]: request received for /jsonrpc?GetActivePlayers
13:14:10.358 T:140588123989760   DEBUG: CWebServer[8080]: request received for /jsonrpc
13:14:10.837 T:140588992440064   DEBUG: Previous line repeats 3 times.
13:14:10.837 T:140588992440064   DEBUG: CWebServer[8080]: request received for /jsonrpc?GetActivePlayers
13:14:10.935 T:140588123989760   DEBUG: CWebServer[8080]: request received for /jsonrpc
13:14:11.852 T:140588992440064   DEBUG: Previous line repeats 1 times.
13:14:11.852 T:140588992440064   DEBUG: CWebServer[8080]: request received for /jsonrpc?GetActivePlayers
13:14:12.376 T:140588196054784   DEBUG: CWebServer[8080]: request received for /jsonrpc
13:14:12.853 T:140588992440064   DEBUG: Previous line repeats 3 times.
13:14:12.853 T:140588992440064   DEBUG: CWebServer[8080]: request received for /jsonrpc?GetActivePlayers
13:14:12.940 T:140588196054784   DEBUG: CWebServer[8080]: request received for /jsonrpc
13:14:13.840 T:140588992440064   DEBUG: Previous line repeats 1 times.
13:14:13.840 T:140588992440064   DEBUG: CWebServer[8080]: request received for /jsonrpc?GetActivePlayers
13:14:14.388 T:140588196054784   DEBUG: CWebServer[8080]: request received for /jsonrpc
13:14:14.840 T:140588992440064   DEBUG: Previous line repeats 3 times.
13:14:14.841 T:140588992440064   DEBUG: CWebServer[8080]: request received for /jsonrpc?GetActivePlayers
13:14:14.944 T:140588196054784   DEBUG: CWebServer[8080]: request received for /jsonrpc
13:14:15.839 T:140588992440064   DEBUG: Previous line repeats 1 times.
13:14:15.839 T:140588992440064   DEBUG: CWebServer[8080]: request received for /jsonrpc?GetActivePlayers
13:14:16.400 T:140588196054784   DEBUG: CWebServer[8080]: request received for /jsonrpc
13:14:16.469 T:140588397602560   DEBUG: Previous line repeats 3 times.
13:14:16.469 T:140588397602560   ERROR: [PTV Shutdown Timer] Checking schedule 'Bedtime'
13:14:16.469 T:140588397602560   ERROR: [PTV Shutdown Timer] Current time: 13:14
13:14:16.469 T:140588397602560   ERROR: [PTV Shutdown Timer] Shutdown time: 0:15
13:14:16.469 T:140588397602560   ERROR: [PTV Shutdown Timer] Minutes from midnight - Current: 794, Shutdown: 15
13:14:16.469 T:140588397602560   ERROR: [PTV Shutdown Timer] Time match (within window): False
13:14:16.469 T:140588397602560   ERROR: [PTV Shutdown Timer] Current day index: 3
13:14:16.469 T:140588397602560   ERROR: [PTV Shutdown Timer] Day match: False
13:14:16.469 T:140588397602560   ERROR: [PTV Shutdown Timer] Shutdown should trigger: False (Action: 1)
13:14:16.469 T:140588397602560   ERROR: [PTV Shutdown Timer] Checking schedule 'Late Night'
13:14:16.469 T:140588397602560   ERROR: [PTV Shutdown Timer] Current time: 13:14
13:14:16.469 T:140588397602560   ERROR: [PTV Shutdown Timer] Shutdown time: 3:30
13:14:16.469 T:140588397602560   ERROR: [PTV Shutdown Timer] Minutes from midnight - Current: 794, Shutdown: 210
13:14:16.469 T:140588397602560   ERROR: [PTV Shutdown Timer] Time match (within window): False
13:14:16.469 T:140588397602560   ERROR: [PTV Shutdown Timer] Current day index: 3
13:14:16.469 T:140588397602560   ERROR: [PTV Shutdown Timer] Day match: True
13:14:16.469 T:140588397602560   ERROR: [PTV Shutdown Timer] Shutdown should trigger: False (Action: 1)
13:14:16.841 T:140588992440064   DEBUG: CWebServer[8080]: request received for /jsonrpc?GetActivePlayers
13:14:16.948 T:140588196054784   DEBUG: CWebServer[8080]: request received for /jsonrpc
13:14:17.840 T:140588992440064   DEBUG: Previous line repeats 1 times.
13:14:17.840 T:140588992440064   DEBUG: CWebServer[8080]: request received for /jsonrpc?GetActivePlayers
13:14:18.410 T:140588196054784   DEBUG: CWebServer[8080]: request received for /jsonrpc
13:14:18.854 T:140588992440064   DEBUG: Previous line repeats 3 times.
13:14:18.854 T:140588992440064   DEBUG: CWebServer[8080]: request received for /jsonrpc?GetActivePlayers
13:14:18.958 T:140588196054784   DEBUG: CWebServer[8080]: request received for /jsonrpc
13:14:19.485 T:140588389209856   DEBUG: Previous line repeats 1 times.
13:14:19.485 T:140588389209856  NOTICE: [PTV Preset Timer] DEBUG: Today is Thursday (weekday=3)
13:14:19.485 T:140588389209856  NOTICE: [PTV Preset Timer] DEBUG: Setting name: ThursdayPreset
13:14:19.485 T:140588389209856  NOTICE: [PTV Preset Timer] DEBUG: Raw preset value: '2' (int: 2)
13:14:19.485 T:140588389209856  NOTICE: [PTV Preset Timer] DEBUG: Available presets: ['Alpha', 'Omega', 'Delta', 'Epsilon', 'Gamma', 'Sigma', 'Omicron', 'Theta', 'Lambda']
13:14:19.485 T:140588389209856  NOTICE: [PTV Preset Timer] Today's preset for Thursday: Omega (index=1)
13:14:19.840 T:140588992440064   DEBUG: CWebServer[8080]: request received for /jsonrpc?GetActivePlayers
13:14:20.417 T:140588123989760   DEBUG: CWebServer[8080]: request received for /jsonrpc
13:14:20.841 T:140588992440064   DEBUG: Previous line repeats 3 times.
13:14:20.841 T:140588992440064   DEBUG: CWebServer[8080]: request received for /jsonrpc?GetActivePlayers
13:14:20.961 T:140588123989760   DEBUG: CWebServer[8080]: request received for /jsonrpc
13:14:21.845 T:140588992440064   DEBUG: Previous line repeats 1 times.
13:14:21.845 T:140588992440064   DEBUG: CWebServer[8080]: request received for /jsonrpc?GetActivePlayers
13:14:22.426 T:140588123989760   DEBUG: CWebServer[8080]: request received for /jsonrpc
13:14:22.838 T:140588992440064   DEBUG: Previous line repeats 3 times.
13:14:22.838 T:140588992440064   DEBUG: CWebServer[8080]: request received for /jsonrpc?GetActivePlayers
13:14:22.964 T:140588140775168   DEBUG: CWebServer[8080]: request received for /jsonrpc
13:14:23.844 T:140588992440064   DEBUG: Previous line repeats 1 times.
13:14:23.844 T:140588992440064   DEBUG: CWebServer[8080]: request received for /jsonrpc?GetActivePlayers
13:14:24.432 T:140588622014208   DEBUG: CWebServer[8080]: request received for /jsonrpc
13:14:24.843 T:140588992440064   DEBUG: Previous line repeats 3 times.
13:14:24.843 T:140588992440064   DEBUG: CWebServer[8080]: request received for /jsonrpc?GetActivePlayers
13:14:24.900 T:140591081129728   DEBUG: Thread JobWorker 140591081129728 terminating (autodelete)
13:14:24.900 T:140589026760448   DEBUG: Thread JobWorker 140589026760448 terminating (autodelete)
13:14:24.916 T:140589815281408   DEBUG: Thread JobWorker 140589815281408 terminating (autodelete)
13:14:24.967 T:140589815281408   DEBUG: CWebServer[8080]: request received for /jsonrpc
13:14:25.839 T:140588992440064   DEBUG: Previous line repeats 1 times.
13:14:25.839 T:140588992440064   DEBUG: CWebServer[8080]: request received for /jsonrpc?GetActivePlayers
13:14:26.443 T:140589815281408   DEBUG: CWebServer[8080]: request received for /jsonrpc
13:14:26.471 T:140588397602560   DEBUG: Previous line repeats 3 times.
13:14:26.471 T:140588397602560   ERROR: [PTV Shutdown Timer] Checking schedule 'Bedtime'
13:14:26.471 T:140588397602560   ERROR: [PTV Shutdown Timer] Current time: 13:14
13:14:26.471 T:140588397602560   ERROR: [PTV Shutdown Timer] Shutdown time: 0:15
13:14:26.471 T:140588397602560   ERROR: [PTV Shutdown Timer] Minutes from midnight - Current: 794, Shutdown: 15
13:14:26.471 T:140588397602560   ERROR: [PTV Shutdown Timer] Time match (within window): False
13:14:26.471 T:140588397602560   ERROR: [PTV Shutdown Timer] Current day index: 3
13:14:26.471 T:140588397602560   ERROR: [PTV Shutdown Timer] Day match: False
13:14:26.471 T:140588397602560   ERROR: [PTV Shutdown Timer] Shutdown should trigger: False (Action: 1)
13:14:26.471 T:140588397602560   ERROR: [PTV Shutdown Timer] Checking schedule 'Late Night'
13:14:26.471 T:140588397602560   ERROR: [PTV Shutdown Timer] Current time: 13:14
13:14:26.471 T:140588397602560   ERROR: [PTV Shutdown Timer] Shutdown time: 3:30
13:14:26.471 T:140588397602560   ERROR: [PTV Shutdown Timer] Minutes from midnight - Current: 794, Shutdown: 210
13:14:26.471 T:140588397602560   ERROR: [PTV Shutdown Timer] Time match (within window): False
13:14:26.471 T:140588397602560   ERROR: [PTV Shutdown Timer] Current day index: 3
13:14:26.471 T:140588397602560   ERROR: [PTV Shutdown Timer] Day match: True
13:14:26.471 T:140588397602560   ERROR: [PTV Shutdown Timer] Shutdown should trigger: False (Action: 1)
13:14:26.841 T:140588992440064   DEBUG: CWebServer[8080]: request received for /jsonrpc?GetActivePlayers
13:14:26.972 T:140589815281408   DEBUG: CWebServer[8080]: request received for /jsonrpc
13:14:27.853 T:140588992440064   DEBUG: Previous line repeats 1 times.
13:14:27.853 T:140588992440064   DEBUG: CWebServer[8080]: request received for /jsonrpc?GetActivePlayers
13:14:28.455 T:140589815281408   DEBUG: CWebServer[8080]: request received for /jsonrpc
13:14:28.842 T:140588992440064   DEBUG: Previous line repeats 3 times.
13:14:28.842 T:140588992440064   DEBUG: CWebServer[8080]: request received for /jsonrpc?GetActivePlayers
13:14:28.975 T:140591081129728   DEBUG: CWebServer[8080]: request received for /jsonrpc
13:14:29.487 T:140588389209856   DEBUG: Previous line repeats 1 times.
13:14:29.487 T:140588389209856  NOTICE: [PTV Preset Timer] DEBUG: Today is Thursday (weekday=3)
13:14:29.487 T:140588389209856  NOTICE: [PTV Preset Timer] DEBUG: Setting name: ThursdayPreset
13:14:29.487 T:140588389209856  NOTICE: [PTV Preset Timer] DEBUG: Raw preset value: '2' (int: 2)
13:14:29.487 T:140588389209856  NOTICE: [PTV Preset Timer] DEBUG: Available presets: ['Alpha', 'Omega', 'Delta', 'Epsilon', 'Gamma', 'Sigma', 'Omicron', 'Theta', 'Lambda']
13:14:29.487 T:140588389209856  NOTICE: [PTV Preset Timer] Today's preset for Thursday: Omega (index=1)
13:14:29.847 T:140588992440064   DEBUG: CWebServer[8080]: request received for /jsonrpc?GetActivePlayers
13:14:30.462 T:140591081129728   DEBUG: CWebServer[8080]: request received for /jsonrpc
13:14:30.844 T:140588992440064   DEBUG: Previous line repeats 3 times.
13:14:30.844 T:140588992440064   DEBUG: CWebServer[8080]: request received for /jsonrpc?GetActivePlayers
13:14:30.978 T:140589026760448   DEBUG: CWebServer[8080]: request received for /jsonrpc
13:14:31.848 T:140588992440064   DEBUG: Previous line repeats 1 times.
13:14:31.848 T:140588992440064   DEBUG: CWebServer[8080]: request received for /jsonrpc?GetActivePlayers
13:14:32.472 T:140589026760448   DEBUG: CWebServer[8080]: request received for /jsonrpc
13:14:32.850 T:140588992440064   DEBUG: Previous line repeats 3 times.
13:14:32.850 T:140588992440064   DEBUG: CWebServer[8080]: request received for /jsonrpc?GetActivePlayers
13:14:32.982 T:140589815281408   DEBUG: CWebServer[8080]: request received for /jsonrpc
13:14:33.840 T:140588992440064   DEBUG: Previous line repeats 1 times.
13:14:33.840 T:140588992440064   DEBUG: CWebServer[8080]: request received for /jsonrpc?GetActivePlayers
13:14:34.481 T:140589815281408   DEBUG: CWebServer[8080]: request received for /jsonrpc
13:14:34.843 T:140588992440064   DEBUG: Previous line repeats 3 times.
13:14:34.844 T:140588992440064   DEBUG: CWebServer[8080]: request received for /jsonrpc?GetActivePlayers
13:14:34.986 T:140589815281408   DEBUG: CWebServer[8080]: request received for /jsonrpc
13:14:35.842 T:140588992440064   DEBUG: Previous line repeats 1 times.
13:14:35.842 T:140588992440064   DEBUG: CWebServer[8080]: request received for /jsonrpc?GetActivePlayers
13:14:36.472 T:140588397602560   ERROR: [PTV Shutdown Timer] Checking schedule 'Bedtime'
13:14:36.472 T:140588397602560   ERROR: [PTV Shutdown Timer] Current time: 13:14
13:14:36.472 T:140588397602560   ERROR: [PTV Shutdown Timer] Shutdown time: 0:15
13:14:36.472 T:140588397602560   ERROR: [PTV Shutdown Timer] Minutes from midnight - Current: 794, Shutdown: 15
13:14:36.472 T:140588397602560   ERROR: [PTV Shutdown Timer] Time match (within window): False
13:14:36.472 T:140588397602560   ERROR: [PTV Shutdown Timer] Current day index: 3
13:14:36.472 T:140588397602560   ERROR: [PTV Shutdown Timer] Day match: False
13:14:36.472 T:140588397602560   ERROR: [PTV Shutdown Timer] Shutdown should trigger: False (Action: 1)
13:14:36.472 T:140588397602560   ERROR: [PTV Shutdown Timer] Checking schedule 'Late Night'
13:14:36.472 T:140588397602560   ERROR: [PTV Shutdown Timer] Current time: 13:14
13:14:36.472 T:140588397602560   ERROR: [PTV Shutdown Timer] Shutdown time: 3:30
13:14:36.472 T:140588397602560   ERROR: [PTV Shutdown Timer] Minutes from midnight - Current: 794, Shutdown: 210
13:14:36.472 T:140588397602560   ERROR: [PTV Shutdown Timer] Time match (within window): False
13:14:36.472 T:140588397602560   ERROR: [PTV Shutdown Timer] Current day index: 3
13:14:36.472 T:140588397602560   ERROR: [PTV Shutdown Timer] Day match: True
13:14:36.472 T:140588397602560   ERROR: [PTV Shutdown Timer] Shutdown should trigger: False (Action: 1)
13:14:36.494 T:140589815281408   DEBUG: CWebServer[8080]: request received for /jsonrpc
13:14:36.844 T:140588992440064   DEBUG: Previous line repeats 3 times.
13:14:36.844 T:140588992440064   DEBUG: CWebServer[8080]: request received for /jsonrpc?GetActivePlayers
13:14:36.990 T:140589815281408   DEBUG: CWebServer[8080]: request received for /jsonrpc
13:14:37.844 T:140588992440064   DEBUG: Previous line repeats 1 times.
13:14:37.844 T:140588992440064   DEBUG: CWebServer[8080]: request received for /jsonrpc?GetActivePlayers
13:14:38.502 T:140589815281408   DEBUG: CWebServer[8080]: request received for /jsonrpc
13:14:38.845 T:140588992440064   DEBUG: Previous line repeats 3 times.
13:14:38.845 T:140588992440064   DEBUG: CWebServer[8080]: request received for /jsonrpc?GetActivePlayers
13:14:38.996 T:140589815281408   DEBUG: CWebServer[8080]: request received for /jsonrpc
13:14:39.488 T:140588389209856   DEBUG: Previous line repeats 1 times.
13:14:39.488 T:140588389209856  NOTICE: [PTV Preset Timer] DEBUG: Today is Thursday (weekday=3)
13:14:39.488 T:140588389209856  NOTICE: [PTV Preset Timer] DEBUG: Setting name: ThursdayPreset
13:14:39.489 T:140588389209856  NOTICE: [PTV Preset Timer] DEBUG: Raw preset value: '2' (int: 2)
13:14:39.489 T:140588389209856  NOTICE: [PTV Preset Timer] DEBUG: Available presets: ['Alpha', 'Omega', 'Delta', 'Epsilon', 'Gamma', 'Sigma', 'Omicron', 'Theta', 'Lambda']
13:14:39.489 T:140588389209856  NOTICE: [PTV Preset Timer] Today's preset for Thursday: Omega (index=1)
13:14:39.848 T:140588992440064   DEBUG: CWebServer[8080]: request received for /jsonrpc?GetActivePlayers
13:14:40.512 T:140589815281408   DEBUG: CWebServer[8080]: request received for /jsonrpc
13:14:40.846 T:140588992440064   DEBUG: Previous line repeats 3 times.
13:14:40.846 T:140588992440064   DEBUG: CWebServer[8080]: request received for /jsonrpc?GetActivePlayers
13:14:40.999 T:140589815281408   DEBUG: CWebServer[8080]: request received for /jsonrpc
13:14:41.841 T:140588992440064   DEBUG: Previous line repeats 1 times.
13:14:41.841 T:140588992440064   DEBUG: CWebServer[8080]: request received for /jsonrpc?GetActivePlayers
13:14:42.532 T:140590083700480   DEBUG: CWebServer[8080]: request received for /jsonrpc
13:14:42.839 T:140588992440064   DEBUG: Previous line repeats 3 times.
13:14:42.839 T:140588992440064   DEBUG: CWebServer[8080]: request received for /jsonrpc?GetActivePlayers
13:14:43.005 T:140590083700480   DEBUG: CWebServer[8080]: request received for /jsonrpc
13:14:43.841 T:140588992440064   DEBUG: Previous line repeats 1 times.
13:14:43.841 T:140588992440064   DEBUG: CWebServer[8080]: request received for /jsonrpc?GetActivePlayers
13:14:44.541 T:140590083700480   DEBUG: CWebServer[8080]: request received for /jsonrpc
13:14:44.842 T:140588992440064   DEBUG: Previous line repeats 3 times.
13:14:44.842 T:140588992440064   DEBUG: CWebServer[8080]: request received for /jsonrpc?GetActivePlayers
13:14:45.009 T:140590083700480   DEBUG: CWebServer[8080]: request received for /jsonrpc
13:14:45.854 T:140588992440064   DEBUG: Previous line repeats 1 times.
